1 : 1
1 : 0.150839 0.849161
2 : 1
2 : 0.000198102 0.999802
3 : 1
3 : 0.00189127 0.998109
4 : 1
4 : 1.75021e-06 0.999998
5 : 0
5 : 0.73313 0.26687
6 : 0
6 : 0.949215 0.050785
7 : 0
7 : 1.0 1.13163e-11
8 : 0
8 : 0.999905 9.5238e-05
9 : 0
9 : 1.0 2.86974e-07
10 : 0
10 : 0.999986 1.40451e-05
11 : 0
11 : 1.0 1.39314e-07
12 : 1
12 : 0.00741783 0.992582
13 : 0
13 : 0.997159 0.00284086
14 : 0
14 : 0.999975 2.49492e-05
15 : 0
15 : 0.999659 0.000340627
16 : 0
16 : 0.999927 7.33269e-05
17 : 1
17 : 0.0024445 0.997555
18 : 1
18 : 0.00651385 0.993486
19 : 0
19 : 0.994497 0.00550263
20 : 0
20 : 1.0 2.88669e-07
21 : 1
21 : 0.00160056 0.998399
22 : 0
22 : 0.999847 0.000152633
23 : 1
23 : 1.05466e-05 0.999989
24 : 1
24 : 0.0106854 0.989315
25 : 0
25 : 0.974134 0.0258659
26 : 1
26 : 0.00255551 0.997445
27 : 1
27 : 0.0536468 0.946353
28 : 0
28 : 1.0 2.66872e-17
29 : 1
29 : 0.000723665 0.999276
30 : 0
30 : 0.999992 7.67864e-06
31 : 1
31 : 0.00550233 0.994498
32 : 1
32 : 0.0894575 0.910542
33 : 1
33 : 0.000669052 0.999331
34 : 0
34 : 0.999993 6.57265e-06
35 : 0
35 : 0.99996 3.958e-05
36 : 0
36 : 0.999979 2.06016e-05
37 : 0
37 : 1.0 1.51425e-08
38 : 0
38 : 0.986573 0.0134275
39 : 0
39 : 0.991469 0.00853136
40 : 0
40 : 1.0 1.82358e-07
41 : 0
41 : 0.985303 0.0146969
42 : 1
42 : 0.463817 0.536183
43 : 1
43 : 1.85271e-06 0.999998
44 : 1
44 : 0.0014645 0.998535
45 : 0
45 : 0.967964 0.0320357
46 : 1
46 : 9.40672e-08 1.0
47 : 0
47 : 0.999729 0.000271406
48 : 1
48 : 2.38517e-05 0.999976
49 : 1
49 : 4.83413e-07 1.0
50 : 1
50 : 0.00410781 0.995892
51 : 0
51 : 0.999979 2.14528e-05
52 : 0
52 : 1.0 1.66213e-07
53 : 0
53 : 0.923216 0.0767844
54 : 0
54 : 0.999919 8.14764e-05
55 : 1
55 : 0.355771 0.644229
56 : 0
56 : 0.599915 0.400085
57 : 1
57 : 3.96408e-06 0.999996
58 : 0
58 : 1.0 2.66279e-11
59 : 0
59 : 0.959847 0.0401526
60 : 1
60 : 0.00515414 0.994846
61 : 0
61 : 0.997904 0.00209562
62 : 1
62 : 0.49467 0.50533
63 : 0
63 : 0.874467 0.125533
64 : 1
64 : 0.00137063 0.998629
65 : 1
65 : 1.73958e-10 1.0
66 : 0
66 : 0.932825 0.0671747
67 : 1
67 : 0.0451938 0.954806
68 : 0
68 : 1.0 2.84548e-10
69 : 1
69 : 5.24668e-10 1.0
70 : 1
70 : 0.000259858 0.99974
71 : 1
71 : 0.250149 0.749851
72 : 1
72 : 6.48092e-05 0.999935
73 : 1
73 : 0.000144636 0.999855
74 : 1
74 : 1.11403e-06 0.999999
75 : 0
75 : 0.999982 1.8358e-05
76 : 0
76 : 0.989306 0.0106937
77 : 0
77 : 0.938693 0.0613067
78 : 1
78 : 0.00557515 0.994425
79 : 1
79 : 0.257908 0.742092
80 : 0
80 : 0.999342 0.000658167
81 : 0
81 : 0.965615 0.0343851
82 : 0
82 : 0.999996 3.61249e-06
83 : 1
83 : 0.000197329 0.999803
84 : 0
84 : 0.860314 0.139686
85 : 1
85 : 5.3138e-06 0.999995
86 : 1
86 : 3.74198e-07 1.0
87 : 1
87 : 0.00375995 0.99624
88 : 1
88 : 3.93562e-05 0.999961
89 : 0
89 : 1.0 5.54514e-08
90 : 0
90 : 0.969768 0.0302324
91 : 0
91 : 0.846675 0.153325
92 : 0
92 : 0.996865 0.00313539
93 : 0
93 : 1.0 7.88924e-08
94 : 1
94 : 6.57568e-07 0.999999
95 : 1
95 : 1.17237e-09 1.0
96 : 0
96 : 0.992176 0.00782407
97 : 1
97 : 0.310736 0.689264
98 : 1
98 : 9.17107e-08 1.0
99 : 0
99 : 0.999938 6.21403e-05
100 : 0
100 : 0.99317 0.0068299
101 : 0
101 : 0.999463 0.000537264
102 : 1
102 : 5.24875e-05 0.999947
103 : 0
103 : 0.993864 0.00613637
104 : 0
104 : 0.815651 0.184349
105 : 0
105 : 0.999185 0.000814918
106 : 0
106 : 0.987065 0.012935
107 : 0
107 : 0.793365 0.206635
108 : 1
108 : 0.122722 0.877278
109 : 0
109 : 0.611769 0.388231
110 : 1
110 : 4.31697e-08 1.0
111 : 1
111 : 0.000789705 0.99921
112 : 1
112 : 0.000224128 0.999776
113 : 1
113 : 0.138544 0.861456
114 : 0
114 : 0.99941 0.00059022
115 : 0
115 : 0.989261 0.0107391
116 : 0
116 : 1.0 2.06451e-09
117 : 0
117 : 0.999913 8.7322e-05
118 : 1
118 : 0.464109 0.535891
119 : 0
119 : 0.985412 0.0145884
120 : 0
120 : 0.999501 0.000499502
121 : 1
121 : 0.155637 0.844363
122 : 0
122 : 1.0 2.37668e-08
123 : 0
123 : 0.702341 0.297659
124 : 0
124 : 1.0 5.65619e-09
125 : 0
125 : 0.943759 0.0562407
126 : 0
126 : 0.999935 6.54271e-05
127 : 0
127 : 0.882598 0.117402
128 : 0
128 : 0.997859 0.0021414
129 : 0
129 : 0.956697 0.0433026
130 : 0
130 : 0.999988 1.20071e-05
131 : 1
131 : 1.24798e-06 0.999999
132 : 1
132 : 3.70151e-06 0.999996
133 : 0
133 : 0.999769 0.000231204
134 : 1
134 : 0.13041 0.86959
135 : 0
135 : 0.999722 0.000278055
136 : 1
136 : 0.013231 0.986769
137 : 1
137 : 0.00367019 0.99633
138 : 0
138 : 0.998085 0.00191496
139 : 0
139 : 0.99137 0.00863
140 : 0
140 : 0.999989 1.07399e-05
141 : 0
141 : 1.0 2.53946e-07
142 : 0
142 : 0.991788 0.00821196
143 : 1
143 : 5.79487e-07 0.999999
144 : 0
144 : 0.998343 0.00165701
145 : 0
145 : 0.999912 8.79119e-05
146 : 1
146 : 1.70815e-06 0.999998
147 : 0
147 : 0.685397 0.314603
148 : 0
148 : 0.881252 0.118748
149 : 0
149 : 0.999902 9.77647e-05
150 : 0
150 : 0.99937 0.000630268
151 : 1
151 : 0.00227628 0.997724
152 : 0
152 : 0.987815 0.0121846
153 : 0
153 : 0.999989 1.08511e-05
154 : 0
154 : 0.999986 1.36315e-05
155 : 1
155 : 8.40096e-06 0.999992
156 : 0
156 : 0.999999 1.17829e-06
157 : 0
157 : 0.999638 0.000362392
158 : 1
158 : 2.4485e-08 1.0
159 : 1
159 : 0.000767057 0.999233
160 : 0
160 : 0.579405 0.420595
161 : 0
161 : 0.951161 0.0488393
162 : 1
162 : 0.0202713 0.979729
163 : 0
163 : 1.0 1.27361e-08
164 : 1
164 : 6.2861e-07 0.999999
165 : 0
165 : 0.996422 0.00357842
166 : 0
166 : 0.998011 0.00198872
167 : 0
167 : 0.995155 0.0048452
168 : 0
168 : 1.0 2.88199e-07
169 : 0
169 : 0.999937 6.32212e-05
170 : 1
170 : 0.00375465 0.996245
171 : 0
171 : 0.9998 0.000200115
172 : 1
172 : 0.148913 0.851087
173 : 0
173 : 0.977948 0.0220523
174 : 0
174 : 1.0 9.83924e-11
175 : 1
175 : 2.25138e-13 1.0
176 : 1
176 : 1.42522e-05 0.999986
177 : 1
177 : 0.0315658 0.968434
178 : 1
178 : 0.431595 0.568405
179 : 0
179 : 0.982588 0.0174116
180 : 0
180 : 0.9998 0.000199854
181 : 1
181 : 1.24935e-06 0.999999
182 : 1
182 : 3.7223e-05 0.999963
183 : 1
183 : 0.0178978 0.982102
184 : 1
184 : 0.00938388 0.990616
185 : 0
185 : 0.973167 0.0268327
186 : 1
186 : 0.46224 0.53776
187 : 0
187 : 1.0 2.28939e-10
188 : 0
188 : 1.0 9.93664e-08
189 : 0
189 : 0.999967 3.32198e-05
190 : 1
190 : 0.00251884 0.997481
191 : 0
191 : 1.0 2.23086e-09
192 : 1
192 : 0.0147311 0.985269
193 : 0
193 : 0.996508 0.00349204
194 : 0
194 : 0.99896 0.00103973
195 : 1
195 : 7.70476e-07 0.999999
196 : 0
196 : 0.993862 0.00613792
197 : 1
197 : 0.00722737 0.992773
198 : 0
198 : 1.0 7.77399e-08
199 : 1
199 : 9.58e-08 1.0
200 : 1
200 : 0.000531048 0.999469
201 : 1
201 : 1.44049e-07 1.0
202 : 0
202 : 0.884127 0.115872
203 : 1
203 : 0.000656807 0.999343
204 : 1
204 : 7.0479e-06 0.999993
205 : 0
205 : 0.99999 9.91732e-06
206 : 1
206 : 0.0190974 0.980903
207 : 0
207 : 0.9776 0.0224001
208 : 0
208 : 0.713101 0.286899
209 : 0
209 : 0.976934 0.0230662
210 : 0
210 : 0.83458 0.16542
211 : 1
211 : 0.00204241 0.997958
212 : 1
212 : 0.18801 0.81199
213 : 0
213 : 0.951608 0.0483924
214 : 1
214 : 0.00048894 0.999511
215 : 1
215 : 3.4226e-05 0.999966
216 : 0
216 : 0.999992 8.28371e-06
217 : 1
217 : 2.95377e-08 1.0
218 : 0
218 : 1.0 1.31499e-08
219 : 1
219 : 0.00139144 0.998609
220 : 1
220 : 0.000779247 0.999221
221 : 0
221 : 0.997778 0.00222191
222 : 1
222 : 6.62445e-07 0.999999
223 : 1
223 : 0.00484226 0.995158
224 : 0
224 : 1.0 2.68996e-11
225 : 0
225 : 0.998436 0.0015643
226 : 1
226 : 6.82971e-05 0.999932
227 : 0
227 : 0.924156 0.0758439
228 : 1
228 : 0.336144 0.663856
229 : 1
229 : 0.0057106 0.994289
230 : 0
230 : 0.999993 7.15687e-06
231 : 1
231 : 3.23536e-06 0.999997
232 : 0
232 : 0.990059 0.00994114
233 : 0
233 : 0.912804 0.0871963
234 : 0
234 : 0.984603 0.0153968
235 : 1
235 : 1.59585e-05 0.999984
236 : 1
236 : 7.47154e-05 0.999925
237 : 0
237 : 0.999985 1.48585e-05
238 : 1
238 : 5.40667e-05 0.999946
239 : 0
239 : 0.99901 0.000990197
240 : 0
240 : 0.999462 0.00053806
241 : 1
241 : 7.81962e-05 0.999922
242 : 1
242 : 2.11684e-07 1.0
243 : 0
243 : 0.999807 0.000193049
244 : 1
244 : 0.0080125 0.991987
245 : 1
245 : 1.03997e-05 0.99999
246 : 0
246 : 0.977981 0.0220193
247 : 1
247 : 2.09152e-07 1.0
248 : 0
248 : 1.0 1.11143e-09
249 : 0
249 : 0.995667 0.00433294
250 : 1
250 : 1.21161e-08 1.0
251 : 1
251 : 4.31775e-07 1.0
252 : 0
252 : 0.99804 0.00195958
253 : 1
253 : 4.04156e-05 0.99996
254 : 1
254 : 0.165887 0.834113
255 : 1
255 : 0.484041 0.515959
256 : 0
256 : 0.99998 1.96246e-05
257 : 1
257 : 0.000371925 0.999628
258 : 1
258 : 0.0014141 0.998586
259 : 0
259 : 0.997824 0.00217561
260 : 0
260 : 0.999997 3.39648e-06
261 : 0
261 : 1.0 2.46308e-08
262 : 1
262 : 0.00010415 0.999896
263 : 0
263 : 0.999989 1.14763e-05
264 : 0
264 : 0.999249 0.000751523
265 : 1
265 : 0.00403588 0.995964
266 : 0
266 : 0.998992 0.00100769
267 : 0
267 : 1.0 2.68997e-11
268 : 0
268 : 1.0 2.0798e-09
269 : 1
269 : 0.0016079 0.998392
270 : 1
270 : 2.76194e-06 0.999997
271 : 1
271 : 3.8509e-05 0.999961
272 : 0
272 : 0.99988 0.000120057
273 : 1
273 : 1.27138e-05 0.999987
274 : 0
274 : 0.999647 0.000353472
275 : 1
275 : 0.309494 0.690506
276 : 1
276 : 0.02338 0.97662
277 : 1
277 : 0.0172841 0.982716
278 : 1
278 : 0.000326142 0.999674
279 : 0
279 : 0.999879 0.00012065
280 : 0
280 : 0.727235 0.272765
281 : 0
281 : 0.577457 0.422543
282 : 1
282 : 0.387488 0.612512
283 : 1
283 : 0.436142 0.563858
284 : 1
284 : 0.000319646 0.99968
285 : 0
285 : 0.99996 3.95558e-05
286 : 1
286 : 0.051298 0.948702
287 : 0
287 : 0.654497 0.345503
288 : 0
288 : 0.983121 0.0168791
289 : 1
289 : 5.05176e-07 1.0
290 : 0
290 : 0.999502 0.000497529
291 : 0
291 : 0.999537 0.00046323
292 : 0
292 : 0.740991 0.259009
293 : 1
293 : 2.6919e-05 0.999973
294 : 1
294 : 1.11792e-05 0.999989
295 : 0
295 : 0.999956 4.3802e-05
296 : 1
296 : 5.17478e-08 1.0
297 : 1
297 : 1.23079e-12 1.0
298 : 1
298 : 3.86708e-06 0.999996
299 : 1
299 : 0.0009149 0.999085
300 : 0
300 : 0.999999 1.52062e-06
301 : 0
301 : 0.998349 0.00165101
302 : 0
302 : 0.999999 7.32062e-07
303 : 0
303 : 1.0 4.09118e-07
304 : 0
304 : 1.0 7.56226e-08
305 : 0
305 : 0.630867 0.369133
306 : 1
306 : 1.32709e-06 0.999999
307 : 1
307 : 0.000720725 0.999279
308 : 0
308 : 0.993208 0.00679159
309 : 0
309 : 0.998744 0.00125562
310 : 0
310 : 0.991518 0.00848189
311 : 0
311 : 0.99526 0.00474048
312 : 0
312 : 0.682629 0.317371
313 : 0
313 : 0.758826 0.241174
314 : 1
314 : 3.61349e-06 0.999996
315 : 0
315 : 0.999498 0.000502317
316 : 1
316 : 0.000534645 0.999465
317 : 0
317 : 0.592524 0.407476
318 : 0
318 : 0.999981 1.94844e-05
319 : 1
319 : 0.421434 0.578566
320 : 0
320 : 0.99855 0.0014504
321 : 0
321 : 0.999971 2.87631e-05
322 : 1
322 : 1.79225e-06 0.999998
323 : 0
323 : 0.999723 0.000277281
324 : 0
324 : 0.999979 2.09538e-05
325 : 1
325 : 0.00311333 0.996887
326 : 1
326 : 0.000129301 0.999871
327 : 1
327 : 0.000461264 0.999539
328 : 1
328 : 0.447506 0.552494
329 : 0
329 : 0.999993 7.2696e-06
330 : 1
330 : 0.0256046 0.974395
331 : 0
331 : 0.998408 0.00159156
332 : 0
332 : 0.907396 0.0926039
333 : 0
333 : 0.703124 0.296876
334 : 0
334 : 0.997429 0.00257101
335 : 0
335 : 0.995817 0.00418296
336 : 0
336 : 0.995507 0.00449316
337 : 1
337 : 1.26868e-06 0.999999
338 : 0
338 : 0.999999 1.49016e-06
339 : 1
339 : 9.90415e-05 0.999901
340 : 1
340 : 0.0109938 0.989006
341 : 0
341 : 0.999968 3.18206e-05
342 : 1
342 : 0.244482 0.755518
343 : 0
343 : 0.616542 0.383458
344 : 0
344 : 0.806536 0.193464
345 : 0
345 : 0.998398 0.00160171
346 : 1
346 : 0.000190999 0.999809
347 : 0
347 : 0.999992 8.21986e-06
348 : 0
348 : 0.934432 0.0655684
349 : 1
349 : 0.00232452 0.997675
350 : 1
350 : 0.00119736 0.998803
351 : 0
351 : 0.996225 0.00377459
352 : 1
352 : 2.55662e-05 0.999974
353 : 1
353 : 6.90281e-06 0.999993
354 : 1
354 : 0.247381 0.752619
355 : 1
355 : 1.64876e-05 0.999984
356 : 1
356 : 0.0211523 0.978848
357 : 0
357 : 1.0 2.19928e-07
358 : 1
358 : 1.25929e-08 1.0
359 : 0
359 : 0.941821 0.0581795
360 : 0
360 : 1.0 1.73059e-09
361 : 1
361 : 0.0512064 0.948794
362 : 1
362 : 0.417775 0.582225
363 : 1
363 : 1.37058e-08 1.0
364 : 0
364 : 0.999882 0.000117898
365 : 1
365 : 0.00164549 0.998354
366 : 0
366 : 0.894481 0.105519
367 : 0
367 : 0.866892 0.133108
368 : 0
368 : 0.86813 0.13187
369 : 1
369 : 0.000358694 0.999641
370 : 1
370 : 0.00199219 0.998008
371 : 1
371 : 0.000346392 0.999654
372 : 0
372 : 0.999999 1.03143e-06
373 : 1
373 : 8.70618e-06 0.999991
374 : 1
374 : 0.426544 0.573456
375 : 1
375 : 0.000680655 0.999319
376 : 0
376 : 0.999766 0.000234184
377 : 1
377 : 0.000964303 0.999036
378 : 0
378 : 0.999999 9.43304e-07
379 : 1
379 : 6.65435e-09 1.0
380 : 1
380 : 0.263091 0.736909
381 : 1
381 : 0.00926839 0.990732
382 : 0
382 : 0.999993 6.61538e-06
383 : 1
383 : 8.48114e-11 1.0
384 : 1
384 : 4.66082e-12 1.0
385 : 1
385 : 1.35616e-05 0.999986
386 : 0
386 : 0.999999 1.08582e-06
387 : 1
387 : 0.00287074 0.997129
388 : 1
388 : 0.108336 0.891664
389 : 1
389 : 0.00176633 0.998234
390 : 1
390 : 0.00386397 0.996136
391 : 0
391 : 0.999993 6.63627e-06
392 : 0
392 : 0.800418 0.199582
393 : 0
393 : 0.973508 0.026492
394 : 1
394 : 1.06629e-09 1.0
395 : 0
395 : 0.77773 0.22227
396 : 1
396 : 0.00107347 0.998927
397 : 0
397 : 0.995229 0.00477048
398 : 0
398 : 0.989711 0.0102892
399 : 1
399 : 3.27664e-06 0.999997
400 : 1
400 : 0.00318577 0.996814
401 : 1
401 : 0.00889617 0.991104
402 : 0
402 : 0.880586 0.119414
403 : 1
403 : 1.18235e-05 0.999988
404 : 0
404 : 1.0 1.06707e-14
405 : 0
405 : 0.998938 0.00106243
406 : 0
406 : 0.996849 0.00315061
407 : 0
407 : 0.990713 0.0092873
408 : 1
408 : 0.000635369 0.999365
409 : 0
409 : 1.0 9.57764e-14
410 : 0
410 : 1.0 1.57262e-09
411 : 1
411 : 0.125411 0.874589
412 : 1
412 : 1.28226e-06 0.999999
413 : 1
413 : 2.09281e-08 1.0
414 : 0
414 : 1.0 3.94972e-08
415 : 1
415 : 0.00302379 0.996976
416 : 0
416 : 1.0 3.24076e-08
417 : 1
417 : 0.0258067 0.974193
418 : 1
418 : 0.00513315 0.994867
419 : 1
419 : 0.0431008 0.956899
420 : 1
420 : 0.0097166 0.990283
421 : 0
421 : 0.852708 0.147292
422 : 1
422 : 0.00236131 0.997639
423 : 1
423 : 0.00794714 0.992053
424 : 1
424 : 1.0263e-06 0.999999
425 : 1
425 : 0.0398612 0.960139
426 : 1
426 : 0.0155089 0.984491
427 : 0
427 : 0.98557 0.0144299
428 : 0
428 : 0.942281 0.0577188
429 : 0
429 : 0.964144 0.0358561
430 : 1
430 : 1.08705e-06 0.999999
431 : 1
431 : 0.0421193 0.957881
432 : 0
432 : 0.985222 0.0147785
433 : 1
433 : 4.49528e-06 0.999996
434 : 1
434 : 4.47579e-06 0.999996
435 : 1
435 : 1.22114e-05 0.999988
436 : 1
436 : 0.00581261 0.994187
437 : 0
437 : 0.9216 0.0784
438 : 0
438 : 0.996533 0.00346704
439 : 1
439 : 0.00277747 0.997222
440 : 0
440 : 0.995119 0.00488148
441 : 0
441 : 0.965406 0.0345938
442 : 0
442 : 0.985827 0.0141733
443 : 1
443 : 9.66085e-10 1.0
444 : 0
444 : 0.832839 0.167161
445 : 0
445 : 0.969186 0.0308141
446 : 1
446 : 0.00336178 0.996638
447 : 0
447 : 0.999971 2.93929e-05
448 : 0
448 : 0.999983 1.73062e-05
449 : 0
449 : 0.559693 0.440307
450 : 1
450 : 5.74716e-12 1.0
451 : 0
451 : 0.998618 0.00138203
452 : 0
452 : 0.996669 0.00333074
453 : 1
453 : 5.12184e-05 0.999949
454 : 0
454 : 1.0 6.46397e-10
455 : 0
455 : 0.712735 0.287265
456 : 1
456 : 0.0102024 0.989798
457 : 0
457 : 0.926363 0.0736374
458 : 0
458 : 0.999993 6.8224e-06
459 : 0
459 : 0.999931 6.85457e-05
460 : 0
460 : 0.683213 0.316787
461 : 1
461 : 4.36065e-05 0.999956
462 : 0
462 : 0.999857 0.000142836
463 : 1
463 : 0.179048 0.820952
464 : 0
464 : 0.775252 0.224748
465 : 0
465 : 0.992534 0.00746622
466 : 1
466 : 0.00172803 0.998272
467 : 1
467 : 0.000350911 0.999649
468 : 0
468 : 1.0 4.5341e-08
469 : 0
469 : 0.995783 0.00421696
470 : 1
470 : 5.05676e-06 0.999995
471 : 0
471 : 0.999985 1.4936e-05
472 : 1
472 : 0.000621115 0.999379
473 : 1
473 : 3.39179e-05 0.999966
474 : 0
474 : 0.579825 0.420176
475 : 1
475 : 0.000162551 0.999837
476 : 1
476 : 0.00947699 0.990523
477 : 0
477 : 0.91648 0.0835196
478 : 0
478 : 0.999991 9.44713e-06
479 : 1
479 : 0.107071 0.892929
480 : 0
480 : 0.91018 0.0898199
481 : 1
481 : 0.0303466 0.969653
482 : 1
482 : 0.000101488 0.999898
483 : 1
483 : 0.299189 0.700811
484 : 0
484 : 0.996151 0.00384908
485 : 1
485 : 0.00305275 0.996947
486 : 1
486 : 0.000576527 0.999423
487 : 1
487 : 0.252678 0.747322
488 : 1
488 : 0.0545008 0.945499
489 : 1
489 : 0.0853402 0.91466
490 : 1
490 : 1.50104e-10 1.0
491 : 0
491 : 0.978459 0.0215411
492 : 0
492 : 0.983616 0.0163842
493 : 0
493 : 0.999983 1.68263e-05
494 : 0
494 : 0.999999 6.15979e-07
495 : 0
495 : 0.994865 0.00513463
496 : 1
496 : 0.0145186 0.985481
497 : 1
497 : 0.00327998 0.99672
498 : 1
498 : 0.00238996 0.99761
499 : 0
499 : 0.983752 0.0162484
500 : 1
500 : 0.428171 0.571829
501 : 1
501 : 7.81356e-06 0.999992
502 : 0
502 : 1.0 7.68874e-09
503 : 1
503 : 3.71268e-08 1.0
504 : 0
504 : 0.999823 0.000177285
505 : 0
505 : 0.999998 2.04822e-06
506 : 0
506 : 0.952959 0.0470412
507 : 1
507 : 0.00601443 0.993986
508 : 1
508 : 1.79933e-05 0.999982
509 : 0
509 : 0.522608 0.477392
510 : 1
510 : 0.00144356 0.998556
511 : 1
511 : 0.00113974 0.99886
512 : 0
512 : 1.0 1.7692e-09
513 : 1
513 : 3.9413e-09 1.0
514 : 1
514 : 0.0178668 0.982133
515 : 1
515 : 0.0269413 0.973059
516 : 1
516 : 0.0458809 0.954119
517 : 1
517 : 1.86038e-10 1.0
518 : 1
518 : 0.00611759 0.993882
519 : 0
519 : 0.999996 3.858e-06
520 : 0
520 : 1.0 7.95123e-09
521 : 1
521 : 0.0282804 0.97172
522 : 0
522 : 0.995336 0.00466454
523 : 1
523 : 1.17135e-09 1.0
524 : 1
524 : 0.000122845 0.999877
525 : 0
525 : 0.991959 0.00804135
526 : 0
526 : 0.992634 0.00736612
527 : 1
527 : 0.0169938 0.983006
528 : 1
528 : 1.66474e-10 1.0
529 : 1
529 : 0.01341 0.98659
530 : 0
530 : 0.999999 7.90207e-07
531 : 0
531 : 0.987195 0.0128048
532 : 1
532 : 4.32048e-06 0.999996
533 : 0
533 : 0.976296 0.023704
534 : 1
534 : 0.00141663 0.998583
535 : 0
535 : 0.99828 0.00172042
536 : 0
536 : 0.997432 0.00256789
537 : 0
537 : 0.996506 0.00349372
538 : 0
538 : 0.999906 9.39863e-05
539 : 0
539 : 0.941668 0.0583322
540 : 1
540 : 1.905e-15 1.0
541 : 0
541 : 0.653446 0.346554
542 : 1
542 : 1.10545e-09 1.0
543 : 0
543 : 0.999983 1.69223e-05
544 : 1
544 : 0.000179041 0.999821
545 : 1
545 : 0.00037719 0.999623
546 : 1
546 : 0.449272 0.550728
547 : 1
547 : 0.0242832 0.975717
548 : 0
548 : 0.999366 0.000634126
549 : 1
549 : 0.00459857 0.995401
550 : 0
550 : 0.999616 0.00038368
551 : 0
551 : 0.97976 0.0202403
552 : 1
552 : 7.63333e-05 0.999924
553 : 1
553 : 0.00514241 0.994858
554 : 1
554 : 0.0165278 0.983472
555 : 1
555 : 5.85628e-11 1.0
556 : 0
556 : 0.999883 0.000117184
557 : 1
557 : 0.000131739 0.999868
558 : 0
558 : 0.97521 0.0247902
559 : 1
559 : 1.63358e-08 1.0
560 : 1
560 : 0.0156537 0.984346
561 : 0
561 : 0.999922 7.79738e-05
562 : 0
562 : 0.999978 2.21156e-05
563 : 0
563 : 0.516303 0.483697
564 : 0
564 : 0.999991 8.91877e-06
565 : 1
565 : 0.012504 0.987496
566 : 1
566 : 0.00245951 0.99754
567 : 1
567 : 0.0303559 0.969644
568 : 0
568 : 0.997627 0.00237281
569 : 0
569 : 0.999981 1.90253e-05
570 : 0
570 : 0.999939 6.10412e-05
571 : 1
571 : 0.104701 0.895299
572 : 1
572 : 4.29805e-07 1.0
573 : 0
573 : 0.998958 0.00104233
574 : 1
574 : 0.0187003 0.9813
575 : 1
575 : 0.18654 0.81346
576 : 1
576 : 0.4807 0.5193
577 : 0
577 : 0.699541 0.300459
578 : 0
578 : 0.998191 0.00180907
579 : 0
579 : 1.0 2.05403e-07
580 : 1
580 : 0.0194929 0.980507
581 : 1
581 : 2.60187e-10 1.0
582 : 1
582 : 0.000190694 0.999809
583 : 0
583 : 0.989 0.0109998
584 : 1
584 : 0.00821402 0.991786
585 : 1
585 : 3.31206e-05 0.999967
586 : 0
586 : 0.999959 4.08553e-05
587 : 0
587 : 0.923384 0.076616
588 : 1
588 : 0.176907 0.823093
589 : 0
589 : 0.989801 0.0101991
590 : 0
590 : 0.792603 0.207397
591 : 1
591 : 5.61256e-06 0.999994
592 : 1
592 : 0.208625 0.791375
593 : 1
593 : 0.0447563 0.955244
594 : 0
594 : 0.514712 0.485288
595 : 1
595 : 1.55508e-05 0.999984
596 : 1
596 : 0.0300422 0.969958
597 : 0
597 : 0.999091 0.000909474
598 : 0
598 : 0.996497 0.00350341
599 : 0
599 : 1.0 5.13104e-11
600 : 1
600 : 0.0196721 0.980328
601 : 1
601 : 0.000261391 0.999739
602 : 0
602 : 0.991996 0.00800417
603 : 0
603 : 0.999499 0.00050129
604 : 1
604 : 0.116308 0.883692
605 : 0
605 : 1.0 5.78463e-16
606 : 0
606 : 0.99739 0.0026098
607 : 0
607 : 0.733863 0.266137
608 : 1
608 : 0.00151025 0.99849
609 : 0
609 : 0.995756 0.0042444
610 : 0
610 : 0.998887 0.00111284
611 : 0
611 : 1.0 2.47778e-07
612 : 1
612 : 1.11563e-06 0.999999
613 : 0
613 : 0.999931 6.94257e-05
614 : 1
614 : 0.482292 0.517708
615 : 0
615 : 0.999985 1.49236e-05
616 : 1
616 : 0.000732537 0.999267
617 : 1
617 : 5.99261e-05 0.99994
618 : 0
618 : 0.995481 0.00451886
619 : 1
619 : 0.00275854 0.997241
620 : 0
620 : 0.908903 0.0910971
621 : 0
621 : 0.999869 0.000131407
622 : 0
622 : 1.0 1.35445e-07
623 : 0
623 : 0.999996 3.95755e-06
624 : 0
624 : 1.0 5.16317e-13
625 : 1
625 : 0.137555 0.862445
626 : 1
626 : 0.000340476 0.99966
627 : 0
627 : 1.0 3.37256e-07
628 : 0
628 : 0.999592 0.000408135
629 : 1
629 : 0.0194874 0.980513
630 : 1
630 : 7.5212e-05 0.999925
631 : 1
631 : 0.000487042 0.999513
632 : 1
632 : 1.97033e-06 0.999998
633 : 1
633 : 8.0722e-06 0.999992
634 : 0
634 : 0.999998 2.05326e-06
635 : 1
635 : 0.000184664 0.999815
636 : 1
636 : 0.0287846 0.971215
637 : 1
637 : 3.78653e-05 0.999962
638 : 0
638 : 1.0 3.1461e-11
639 : 0
639 : 0.994568 0.00543154
640 : 0
640 : 0.990012 0.00998843
641 : 1
641 : 0.367406 0.632594
642 : 0
642 : 0.995949 0.00405069
643 : 1
643 : 0.00038113 0.999619
644 : 1
644 : 0.000441312 0.999559
645 : 0
645 : 0.984309 0.0156911
646 : 1
646 : 0.0159395 0.984061
647 : 0
647 : 0.982209 0.0177914
648 : 0
648 : 0.999892 0.000108033
649 : 1
649 : 0.0463399 0.95366
650 : 1
650 : 1.82579e-08 1.0
651 : 1
651 : 4.95311e-05 0.99995
652 : 1
652 : 9.41723e-09 1.0
653 : 0
653 : 0.99968 0.000320307
654 : 1
654 : 6.26204e-05 0.999937
655 : 0
655 : 0.999574 0.000425906
656 : 1
656 : 0.00911831 0.990882
657 : 1
657 : 2.19856e-13 1.0
658 : 0
658 : 0.69785 0.30215
659 : 0
659 : 0.981755 0.0182453
660 : 0
660 : 0.972541 0.0274587
661 : 1
661 : 0.000135898 0.999864
662 : 0
662 : 1.0 7.23708e-10
663 : 0
663 : 1.0 1.19097e-07
664 : 1
664 : 0.00780559 0.992194
665 : 0
665 : 0.955803 0.0441969
666 : 0
666 : 0.997243 0.00275707
667 : 1
667 : 5.57314e-05 0.999944
668 : 1
668 : 0.000281049 0.999719
669 : 1
669 : 1.30025e-08 1.0
670 : 1
670 : 0.0421133 0.957887
671 : 0
671 : 1.0 1.42914e-09
672 : 0
672 : 0.877436 0.122564
673 : 0
673 : 0.999982 1.85148e-05
674 : 1
674 : 0.00937219 0.990628
675 : 0
675 : 0.997512 0.00248789
676 : 0
676 : 0.999998 1.66148e-06
677 : 0
677 : 0.8647 0.1353
678 : 0
678 : 0.994299 0.00570111
679 : 1
679 : 0.00210221 0.997898
680 : 0
680 : 0.999993 6.6322e-06
681 : 1
681 : 0.365937 0.634063
682 : 0
682 : 0.999977 2.30188e-05
683 : 1
683 : 0.169513 0.830487
684 : 1
684 : 0.0095803 0.99042
685 : 1
685 : 0.119958 0.880042
686 : 0
686 : 0.939537 0.0604632
687 : 0
687 : 0.713611 0.286389
688 : 1
688 : 0.00033945 0.999661
689 : 0
689 : 0.992658 0.00734207
690 : 0
690 : 0.992935 0.00706468
691 : 1
691 : 0.00563388 0.994366
692 : 1
692 : 0.00470199 0.995298
693 : 1
693 : 0.0049132 0.995087
694 : 0
694 : 0.999612 0.000387706
695 : 1
695 : 3.18556e-06 0.999997
696 : 0
696 : 0.999967 3.25142e-05
697 : 0
697 : 0.998016 0.00198438
698 : 0
698 : 0.999999 1.16023e-06
699 : 0
699 : 0.999377 0.000622915
700 : 1
700 : 0.199761 0.800239
701 : 0
701 : 0.999923 7.72792e-05
702 : 0
702 : 0.999935 6.48711e-05
703 : 0
703 : 0.999999 1.02642e-06
704 : 0
704 : 0.999972 2.84015e-05
705 : 0
705 : 0.974874 0.0251262
706 : 1
706 : 0.00291692 0.997083
707 : 1
707 : 0.0360633 0.963937
708 : 1
708 : 6.84353e-07 0.999999
709 : 1
709 : 0.00266549 0.997335
710 : 1
710 : 0.0031259 0.996874
711 : 0
711 : 0.9211 0.0788995
712 : 1
712 : 2.57851e-14 1.0
713 : 1
713 : 0.000158113 0.999842
714 : 0
714 : 0.992645 0.00735488
715 : 1
715 : 6.09723e-09 1.0
716 : 0
716 : 0.99026 0.00974014
717 : 0
717 : 0.999358 0.000641604
718 : 1
718 : 7.48175e-10 1.0
719 : 1
719 : 3.9259e-05 0.999961
720 : 0
720 : 1.0 3.61408e-09
721 : 0
721 : 0.969043 0.0309569
722 : 0
722 : 0.999996 3.63462e-06
723 : 1
723 : 0.000136891 0.999863
724 : 0
724 : 0.95534 0.0446604
725 : 1
725 : 9.32138e-11 1.0
726 : 0
726 : 1.0 2.47703e-07
727 : 1
727 : 2.57864e-06 0.999997
728 : 0
728 : 0.999915 8.49026e-05
729 : 0
729 : 1.0 4.23417e-07
730 : 1
730 : 0.000635757 0.999364
731 : 1
731 : 6.80998e-06 0.999993
732 : 0
732 : 0.995043 0.00495663
733 : 0
733 : 0.99998 2.03657e-05
734 : 0
734 : 1.0 3.03101e-08
735 : 1
735 : 1.54237e-05 0.999985
736 : 1
736 : 6.11162e-05 0.999939
737 : 0
737 : 1.0 1.22962e-18
738 : 1
738 : 5.45009e-07 0.999999
739 : 0
739 : 1.0 9.2185e-08
740 : 0
740 : 0.999528 0.000472474
741 : 1
741 : 0.147478 0.852522
742 : 1
742 : 0.0144449 0.985555
743 : 0
743 : 0.997832 0.00216824
744 : 0
744 : 0.961143 0.0388567
745 : 1
745 : 1.9844e-16 1.0
746 : 1
746 : 5.72229e-05 0.999943
747 : 1
747 : 0.0667344 0.933266
748 : 0
748 : 0.999108 0.000891992
749 : 1
749 : 1.43559e-06 0.999999
750 : 1
750 : 0.0100516 0.989948
751 : 0
751 : 0.999686 0.000313678
752 : 1
752 : 1.03568e-06 0.999999
753 : 1
753 : 0.125612 0.874388
754 : 0
754 : 0.981513 0.0184869
755 : 0
755 : 1.0 7.19416e-10
756 : 0
756 : 1.0 4.16401e-07
757 : 1
757 : 2.57935e-07 1.0
758 : 0
758 : 1.0 2.25409e-08
759 : 0
759 : 0.995754 0.00424579
760 : 1
760 : 0.0234085 0.976591
761 : 1
761 : 0.000140065 0.99986
762 : 0
762 : 0.993407 0.00659301
763 : 0
763 : 0.948535 0.051465
764 : 0
764 : 0.999983 1.71048e-05
765 : 1
765 : 1.55509e-06 0.999998
766 : 1
766 : 2.79896e-06 0.999997
767 : 1
767 : 4.06871e-08 1.0
768 : 0
768 : 0.99979 0.000209883
769 : 1
769 : 0.253535 0.746465
770 : 1
770 : 0.356764 0.643236
771 : 0
771 : 0.971077 0.0289232
772 : 0
772 : 0.543812 0.456188
773 : 0
773 : 0.989038 0.0109621
774 : 1
774 : 0.00597043 0.99403
775 : 0
775 : 0.999207 0.000792667
776 : 0
776 : 0.999853 0.000147009
777 : 1
777 : 5.58137e-07 0.999999
778 : 1
778 : 0.00675692 0.993243
779 : 1
779 : 1.0772e-13 1.0
780 : 1
780 : 1.02613e-05 0.99999
781 : 1
781 : 0.00310526 0.996895
782 : 1
782 : 0.00644556 0.993554
783 : 1
783 : 0.000222138 0.999778
784 : 1
784 : 8.89515e-06 0.999991
785 : 0
785 : 0.999982 1.78512e-05
786 : 0
786 : 0.791509 0.208491
787 : 0
787 : 1.0 3.69866e-09
788 : 0
788 : 0.99563 0.00436989
789 : 1
789 : 0.0100516 0.989948
790 : 1
790 : 1.03411e-05 0.99999
791 : 1
791 : 7.17866e-11 1.0
792 : 1
792 : 1.98802e-09 1.0
793 : 1
793 : 0.131266 0.868734
794 : 1
794 : 0.00526346 0.994737
795 : 0
795 : 0.999764 0.000236169
796 : 0
796 : 0.681381 0.318619
797 : 1
797 : 0.00962688 0.990373
798 : 1
798 : 0.464309 0.535691
799 : 0
799 : 0.999974 2.57745e-05
800 : 1
800 : 6.17774e-07 0.999999
801 : 0
801 : 0.999397 0.000603072
802 : 1
802 : 0.0425759 0.957424
803 : 0
803 : 0.974638 0.0253625
804 : 0
804 : 1.0 1.51917e-11
805 : 1
805 : 0.00669343 0.993307
806 : 1
806 : 0.000375478 0.999624
807 : 1
807 : 9.09328e-08 1.0
808 : 1
808 : 0.00659415 0.993406
809 : 1
809 : 0.0668996 0.9331
810 : 1
810 : 0.00114807 0.998852
811 : 0
811 : 0.968428 0.031572
812 : 1
812 : 3.80143e-05 0.999962
813 : 0
813 : 0.999777 0.000222527
814 : 1
814 : 0.00251986 0.99748
815 : 1
815 : 0.000415234 0.999585
816 : 1
816 : 0.00209299 0.997907
817 : 1
817 : 0.000223687 0.999776
818 : 0
818 : 0.999696 0.000303631
819 : 0
819 : 0.998837 0.00116343
820 : 1
820 : 0.00934364 0.990656
821 : 1
821 : 1.61945e-05 0.999984
822 : 0
822 : 0.991567 0.00843253
823 : 1
823 : 6.82636e-06 0.999993
824 : 0
824 : 1.0 8.62523e-15
825 : 0
825 : 1.0 7.57551e-08
826 : 1
826 : 2.04912e-06 0.999998
827 : 0
827 : 0.999991 8.52879e-06
828 : 1
828 : 0.000170067 0.99983
829 : 1
829 : 0.00150337 0.998497
830 : 1
830 : 0.23866 0.76134
831 : 0
831 : 1.0 2.3047e-07
832 : 1
832 : 6.75533e-07 0.999999
833 : 1
833 : 2.16908e-07 1.0
834 : 1
834 : 0.146815 0.853185
835 : 1
835 : 7.84081e-09 1.0
836 : 0
836 : 1.0 6.18678e-09
837 : 1
837 : 5.62335e-05 0.999944
838 : 0
838 : 0.999624 0.000375731
839 : 1
839 : 0.00205606 0.997944
840 : 0
840 : 1.0 1.22395e-07
841 : 0
841 : 0.99959 0.000410248
842 : 1
842 : 1.5016e-05 0.999985
843 : 1
843 : 0.12113 0.87887
844 : 1
844 : 0.00034301 0.999657
845 : 1
845 : 1.08979e-05 0.999989
846 : 1
846 : 0.000235006 0.999765
847 : 1
847 : 0.0161551 0.983845
848 : 1
848 : 7.37843e-05 0.999926
849 : 0
849 : 0.999996 3.53692e-06
850 : 0
850 : 0.999986 1.44811e-05
851 : 1
851 : 0.0501656 0.949834
852 : 0
852 : 0.998996 0.00100439
853 : 1
853 : 0.100273 0.899727
854 : 1
854 : 7.85404e-05 0.999922
855 : 0
855 : 0.883933 0.116067
856 : 0
856 : 0.999665 0.000335317
857 : 1
857 : 0.0020636 0.997936
858 : 1
858 : 0.0555904 0.94441
859 : 0
859 : 0.999371 0.000629463
860 : 1
860 : 0.400619 0.599381
861 : 1
861 : 0.000563108 0.999437
862 : 0
862 : 0.995493 0.00450677
863 : 1
863 : 0.000660863 0.999339
864 : 1
864 : 4.74943e-05 0.999952
865 : 1
865 : 0.016358 0.983642
866 : 1
866 : 0.000352713 0.999647
867 : 0
867 : 0.999998 2.25745e-06
868 : 1
868 : 0.016929 0.983071
869 : 0
869 : 0.870241 0.129759
870 : 1
870 : 6.78347e-08 1.0
871 : 1
871 : 0.000131233 0.999869
872 : 0
872 : 0.978981 0.0210187
873 : 1
873 : 0.420791 0.579209
874 : 1
874 : 0.00277426 0.997226
875 : 0
875 : 0.997736 0.0022639
876 : 1
876 : 1.55861e-10 1.0
877 : 0
877 : 0.99994 6.02282e-05
878 : 0
878 : 0.953702 0.0462977
879 : 1
879 : 0.0430404 0.95696
880 : 0
880 : 0.999957 4.29268e-05
881 : 0
881 : 0.518219 0.481781
882 : 1
882 : 3.78651e-11 1.0
883 : 1
883 : 9.52496e-05 0.999905
884 : 1
884 : 0.00205244 0.997948
885 : 0
885 : 0.995967 0.0040333
886 : 0
886 : 0.999929 7.08741e-05
887 : 1
887 : 2.79055e-08 1.0
888 : 0
888 : 0.989303 0.010697
889 : 0
889 : 1.0 9.56616e-09
890 : 1
890 : 0.0434139 0.956586
891 : 0
891 : 0.980371 0.0196292
892 : 0
892 : 0.661298 0.338702
893 : 1
893 : 0.0971512 0.902849
894 : 0
894 : 0.99596 0.00403983
895 : 0
895 : 0.999502 0.000498248
896 : 0
896 : 0.995209 0.00479058
897 : 0
897 : 0.985882 0.0141184
898 : 0
898 : 1.0 3.03225e-10
899 : 1
899 : 0.011027 0.988973
900 : 1
900 : 0.3563 0.6437
901 : 1
901 : 0.000149159 0.999851
902 : 1
902 : 0.020641 0.979359
903 : 1
903 : 5.18414e-05 0.999948
904 : 1
904 : 0.000138629 0.999861
905 : 1
905 : 0.000188961 0.999811
906 : 0
906 : 1.0 2.16708e-10
907 : 1
907 : 0.000179301 0.999821
908 : 1
908 : 1.29465e-08 1.0
909 : 0
909 : 0.999898 0.000101524
910 : 0
910 : 1.0 1.47291e-07
911 : 0
911 : 0.998362 0.00163845
912 : 1
912 : 0.00507276 0.994927
913 : 1
913 : 0.0134385 0.986561
914 : 1
914 : 0.0539577 0.946042
915 : 1
915 : 0.185976 0.814024
916 : 1
916 : 9.89941e-06 0.99999
917 : 0
917 : 0.99996 3.98766e-05
918 : 1
918 : 1.08575e-06 0.999999
919 : 0
919 : 0.978993 0.0210066
920 : 0
920 : 1.0 1.33095e-09
921 : 0
921 : 0.764273 0.235727
922 : 1
922 : 0.020435 0.979565
923 : 1
923 : 5.38306e-15 1.0
924 : 1
924 : 0.000650988 0.999349
925 : 0
925 : 0.999999 9.83104e-07
926 : 0
926 : 0.999999 6.00674e-07
927 : 0
927 : 1.0 2.32729e-12
928 : 0
928 : 0.997046 0.00295363
929 : 0
929 : 0.999995 4.64038e-06
930 : 1
930 : 1.52094e-07 1.0
931 : 0
931 : 0.999654 0.000346086
932 : 1
932 : 0.0310517 0.968948
933 : 0
933 : 1.0 9.23933e-08
934 : 1
934 : 0.383567 0.616433
935 : 0
935 : 0.981017 0.0189825
936 : 1
936 : 0.344 0.656
937 : 0
937 : 0.998667 0.0013326
938 : 0
938 : 1.0 5.2976e-09
939 : 1
939 : 0.365044 0.634956
940 : 1
940 : 1.46978e-14 1.0
941 : 0
941 : 0.999999 8.88154e-07
942 : 0
942 : 0.999949 5.0701e-05
943 : 0
943 : 0.998814 0.00118567
944 : 1
944 : 0.0146418 0.985358
945 : 1
945 : 0.113173 0.886827
946 : 0
946 : 0.963594 0.0364056
947 : 0
947 : 0.999998 2.08037e-06
948 : 0
948 : 0.999906 9.36682e-05
949 : 1
949 : 3.35342e-05 0.999967
950 : 1
950 : 3.74638e-07 1.0
951 : 0
951 : 0.996639 0.00336136
952 : 0
952 : 0.999993 7.2134e-06
953 : 1
953 : 4.05456e-06 0.999996
954 : 1
954 : 0.227255 0.772745
955 : 1
955 : 3.10868e-05 0.999969
956 : 0
956 : 0.98645 0.0135501
957 : 0
957 : 0.716034 0.283966
958 : 1
958 : 2.30753e-05 0.999977
959 : 0
959 : 0.871929 0.128071
960 : 1
960 : 0.00229781 0.997702
961 : 0
961 : 0.999999 1.02048e-06
962 : 0
962 : 0.999969 3.11976e-05
963 : 1
963 : 1.64799e-05 0.999983
964 : 0
964 : 0.996334 0.00366584
965 : 0
965 : 1.0 1.82426e-11
966 : 1
966 : 0.000330618 0.999669
967 : 0
967 : 0.999936 6.36024e-05
968 : 0
968 : 0.999596 0.000403832
969 : 1
969 : 0.263525 0.736475
970 : 1
970 : 3.83965e-08 1.0
971 : 1
971 : 1.09436e-05 0.999989
972 : 0
972 : 0.999585 0.000415377
973 : 1
973 : 0.243299 0.756701
974 : 1
974 : 6.53252e-08 1.0
975 : 0
975 : 0.822087 0.177913
976 : 1
976 : 0.000882385 0.999118
977 : 0
977 : 0.977468 0.022532
978 : 0
978 : 1.0 7.87354e-11
979 : 1
979 : 0.0325726 0.967427
980 : 1
980 : 9.03342e-08 1.0
981 : 1
981 : 0.000231214 0.999769
982 : 0
982 : 0.8762 0.1238
983 : 1
983 : 4.51391e-06 0.999996
984 : 1
984 : 2.71995e-05 0.999973
985 : 0
985 : 0.999994 6.43008e-06
986 : 0
986 : 0.999333 0.000666906
987 : 0
987 : 0.999642 0.000357518
988 : 1
988 : 0.000739511 0.99926
989 : 1
989 : 0.000370515 0.999629
990 : 0
990 : 0.999878 0.000121605
991 : 0
991 : 0.99911 0.000889957
992 : 1
992 : 0.115786 0.884214
993 : 1
993 : 2.89923e-05 0.999971
994 : 0
994 : 0.999994 6.16029e-06
995 : 1
995 : 0.000380702 0.999619
996 : 0
996 : 1.0 7.3249e-10
997 : 1
997 : 0.0375791 0.962421
998 : 1
998 : 0.00155146 0.998449
999 : 0
999 : 0.982366 0.0176342
1000 : 1
1000 : 8.6251e-06 0.999991
1001 : 1
1001 : 0.072031 0.927969
1002 : 1
1002 : 0.00352615 0.996474
1003 : 1
1003 : 0.00150705 0.998493
1004 : 1
1004 : 2.88522e-06 0.999997
1005 : 0
1005 : 1.0 8.74264e-16
1006 : 1
1006 : 0.000141446 0.999859
1007 : 1
1007 : 0.0027801 0.99722
1008 : 0
1008 : 0.999983 1.70683e-05
1009 : 1
1009 : 0.0343261 0.965674
1010 : 1
1010 : 4.91528e-05 0.999951
1011 : 0
1011 : 0.995442 0.00455837
1012 : 1
1012 : 0.0209002 0.9791
1013 : 0
1013 : 0.998819 0.00118101
1014 : 1
1014 : 1.20683e-08 1.0
1015 : 0
1015 : 0.999995 5.33259e-06
1016 : 1
1016 : 0.0790456 0.920954
1017 : 0
1017 : 0.98493 0.0150705
1018 : 1
1018 : 1.87688e-05 0.999981
1019 : 1
1019 : 1.88815e-07 1.0
1020 : 0
1020 : 0.999892 0.000107929
1021 : 1
1021 : 0.286641 0.713359
1022 : 1
1022 : 0.429004 0.570996
1023 : 0
1023 : 0.998819 0.00118104
1024 : 1
1024 : 3.03659e-05 0.99997
1025 : 1
1025 : 0.0187838 0.981216
1026 : 0
1026 : 0.998201 0.00179856
1027 : 0
1027 : 0.99966 0.00033952
1028 : 1
1028 : 0.263252 0.736748
1029 : 0
1029 : 0.992006 0.00799407
1030 : 1
1030 : 0.00019958 0.9998
1031 : 0
1031 : 0.626903 0.373097
1032 : 0
1032 : 0.593454 0.406546
1033 : 0
1033 : 0.999844 0.000156335
1034 : 1
1034 : 0.00955189 0.990448
1035 : 0
1035 : 1.0 1.4252e-12
1036 : 0
1036 : 0.99817 0.00183011
1037 : 1
1037 : 0.00393454 0.996065
1038 : 1
1038 : 0.0408974 0.959103
1039 : 0
1039 : 1.0 8.85247e-12
1040 : 1
1040 : 4.96076e-09 1.0
1041 : 0
1041 : 0.97516 0.0248398
1042 : 0
1042 : 0.999009 0.000990803
1043 : 0
1043 : 0.999997 3.08806e-06
1044 : 1
1044 : 0.0285361 0.971464
1045 : 0
1045 : 0.995015 0.00498527
1046 : 0
1046 : 0.944269 0.0557314
1047 : 0
1047 : 0.99996 3.99768e-05
1048 : 1
1048 : 5.12681e-05 0.999949
1049 : 0
1049 : 0.998198 0.0018024
1050 : 0
1050 : 0.954708 0.0452925
1051 : 1
1051 : 0.0195613 0.980439
1052 : 1
1052 : 0.00285552 0.997144
1053 : 1
1053 : 0.100973 0.899027
1054 : 1
1054 : 0.399166 0.600834
1055 : 0
1055 : 0.591064 0.408936
1056 : 1
1056 : 0.00089508 0.999105
1057 : 1
1057 : 0.0523485 0.947651
1058 : 1
1058 : 0.118106 0.881894
1059 : 0
1059 : 0.931694 0.0683056
1060 : 0
1060 : 0.99888 0.00112033
1061 : 0
1061 : 1.0 3.04062e-11
1062 : 1
1062 : 0.229647 0.770353
1063 : 0
1063 : 0.905054 0.0949457
1064 : 1
1064 : 0.471448 0.528552
1065 : 0
1065 : 1.0 5.0915e-07
1066 : 1
1066 : 2.5669e-05 0.999974
1067 : 1
1067 : 0.485613 0.514387
1068 : 1
1068 : 0.000130245 0.99987
1069 : 0
1069 : 0.997638 0.00236235
1070 : 1
1070 : 3.86171e-07 1.0
1071 : 0
1071 : 0.999999 1.36297e-06
1072 : 1
1072 : 0.0166852 0.983315
1073 : 0
1073 : 1.0 3.3509e-07
1074 : 1
1074 : 4.75469e-10 1.0
1075 : 1
1075 : 0.000268825 0.999731
1076 : 0
1076 : 0.999975 2.49489e-05
1077 : 0
1077 : 0.999997 3.33986e-06
1078 : 0
1078 : 0.952484 0.0475156
1079 : 1
1079 : 0.00246915 0.997531
1080 : 1
1080 : 0.000836932 0.999163
1081 : 1
1081 : 0.00741114 0.992589
1082 : 1
1082 : 2.55077e-08 1.0
1083 : 1
1083 : 3.92623e-12 1.0
1084 : 0
1084 : 0.999987 1.29113e-05
1085 : 1
1085 : 0.101231 0.898769
1086 : 1
1086 : 1.99193e-09 1.0
1087 : 0
1087 : 0.905067 0.094933
1088 : 0
1088 : 1.0 2.53656e-08
1089 : 1
1089 : 6.58659e-08 1.0
1090 : 0
1090 : 0.9999 0.000100362
1091 : 1
1091 : 3.17761e-05 0.999968
1092 : 0
1092 : 0.996112 0.00388794
1093 : 1
1093 : 5.6325e-05 0.999944
1094 : 0
1094 : 0.995217 0.00478264
1095 : 1
1095 : 0.0124402 0.98756
1096 : 1
1096 : 0.00129631 0.998704
1097 : 0
1097 : 0.99859 0.00141007
1098 : 0
1098 : 1.0 1.99955e-09
1099 : 0
1099 : 0.999999 1.31798e-06
1100 : 1
1100 : 0.0270316 0.972968
1101 : 1
1101 : 0.0214239 0.978576
1102 : 1
1102 : 0.00137833 0.998622
1103 : 0
1103 : 0.999996 3.52886e-06
1104 : 1
1104 : 0.341162 0.658838
1105 : 1
1105 : 0.0324376 0.967562
1106 : 0
1106 : 0.994414 0.00558625
1107 : 0
1107 : 1.0 2.53621e-08
1108 : 1
1108 : 0.21557 0.78443
1109 : 0
1109 : 0.839015 0.160985
1110 : 0
1110 : 0.999941 5.85085e-05
1111 : 0
1111 : 1.0 4.32748e-08
1112 : 0
1112 : 0.999992 7.68388e-06
1113 : 0
1113 : 0.999204 0.000795707
1114 : 1
1114 : 0.0511042 0.948896
1115 : 1
1115 : 0.00245643 0.997544
1116 : 1
1116 : 0.00959365 0.990406
1117 : 0
1117 : 0.995459 0.00454126
1118 : 0
1118 : 0.998422 0.00157769
1119 : 0
1119 : 0.999998 1.61427e-06
1120 : 1
1120 : 0.00727891 0.992721
1121 : 1
1121 : 5.41861e-05 0.999946
1122 : 1
1122 : 0.00344229 0.996558
1123 : 0
1123 : 0.999987 1.31006e-05
1124 : 1
1124 : 0.0074672 0.992533
1125 : 0
1125 : 0.99967 0.000329721
1126 : 0
1126 : 0.996544 0.00345622
1127 : 0
1127 : 1.0 1.01357e-07
1128 : 0
1128 : 0.789033 0.210967
1129 : 0
1129 : 0.634553 0.365447
1130 : 1
1130 : 0.0259591 0.974041
1131 : 1
1131 : 0.0172289 0.982771
1132 : 0
1132 : 0.750933 0.249067
1133 : 0
1133 : 1.0 4.67293e-08
1134 : 0
1134 : 1.0 1.94579e-07
1135 : 0
1135 : 0.997946 0.00205396
1136 : 1
1136 : 0.0190409 0.980959
1137 : 0
1137 : 0.865788 0.134212
1138 : 0
1138 : 0.615751 0.384249
1139 : 1
1139 : 0.000331421 0.999669
1140 : 0
1140 : 0.996142 0.00385812
1141 : 0
1141 : 0.703936 0.296064
1142 : 0
1142 : 0.999966 3.38636e-05
1143 : 0
1143 : 0.963491 0.0365092
1144 : 1
1144 : 8.53854e-05 0.999915
1145 : 1
1145 : 2.68818e-08 1.0
1146 : 1
1146 : 8.11997e-08 1.0
1147 : 1
1147 : 3.36647e-12 1.0
1148 : 0
1148 : 1.0 4.16231e-09
1149 : 1
1149 : 1.60322e-08 1.0
1150 : 0
1150 : 0.999927 7.27398e-05
1151 : 1
1151 : 1.3671e-05 0.999986
1152 : 0
1152 : 0.999998 1.68342e-06
1153 : 0
1153 : 1.0 1.86002e-10
1154 : 1
1154 : 0.334954 0.665046
1155 : 1
1155 : 0.266006 0.733994
1156 : 0
1156 : 0.99989 0.000109906
1157 : 0
1157 : 0.698347 0.301653
1158 : 1
1158 : 4.39415e-10 1.0
1159 : 0
1159 : 0.999999 5.47159e-07
1160 : 0
1160 : 0.99996 4.00998e-05
1161 : 1
1161 : 0.00758736 0.992413
1162 : 1
1162 : 0.00128211 0.998718
1163 : 0
1163 : 0.999892 0.000108352
1164 : 0
1164 : 1.0 3.28134e-07
1165 : 1
1165 : 0.00016652 0.999833
1166 : 1
1166 : 0.0026959 0.997304
1167 : 1
1167 : 2.87754e-06 0.999997
1168 : 0
1168 : 0.999922 7.77152e-05
1169 : 0
1169 : 0.629772 0.370228
1170 : 1
1170 : 0.00264882 0.997351
1171 : 1
1171 : 0.000570761 0.999429
1172 : 1
1172 : 0.0032531 0.996747
1173 : 1
1173 : 0.00109191 0.998908
1174 : 1
1174 : 0.05088 0.94912
1175 : 1
1175 : 4.70703e-10 1.0
1176 : 0
1176 : 0.999987 1.34068e-05
1177 : 0
1177 : 0.999859 0.00014104
1178 : 1
1178 : 0.201107 0.798893
1179 : 1
1179 : 2.02395e-05 0.99998
1180 : 1
1180 : 1.73162e-10 1.0
1181 : 1
1181 : 0.0466005 0.953399
1182 : 1
1182 : 1.96016e-10 1.0
1183 : 1
1183 : 0.0441663 0.955834
1184 : 1
1184 : 2.95477e-07 1.0
1185 : 0
1185 : 0.999976 2.41967e-05
1186 : 1
1186 : 8.54644e-06 0.999991
1187 : 0
1187 : 0.99126 0.00874024
1188 : 0
1188 : 0.998549 0.0014506
1189 : 1
1189 : 2.85122e-07 1.0
1190 : 0
1190 : 0.869337 0.130663
1191 : 1
1191 : 2.80332e-05 0.999972
1192 : 0
1192 : 0.999895 0.000104617
1193 : 0
1193 : 1.0 1.20861e-08
1194 : 0
1194 : 0.996166 0.00383358
1195 : 1
1195 : 0.000410055 0.99959
1196 : 1
1196 : 0.0192493 0.980751
1197 : 1
1197 : 0.000751874 0.999248
1198 : 0
1198 : 0.999993 6.79971e-06
1199 : 0
1199 : 0.51394 0.48606
1200 : 1
1200 : 0.0104953 0.989505
1201 : 1
1201 : 1.14832e-06 0.999999
1202 : 0
1202 : 0.985705 0.0142948
1203 : 1
1203 : 0.294429 0.705571
1204 : 1
1204 : 0.246662 0.753338
1205 : 1
1205 : 1.17705e-06 0.999999
1206 : 1
1206 : 0.182042 0.817958
1207 : 1
1207 : 0.0874607 0.912539
1208 : 0
1208 : 0.999962 3.76101e-05
1209 : 0
1209 : 0.999999 1.33232e-06
1210 : 0
1210 : 0.559989 0.440011
1211 : 1
1211 : 1.24746e-06 0.999999
1212 : 0
1212 : 0.904825 0.0951747
1213 : 0
1213 : 0.999989 1.0623e-05
1214 : 1
1214 : 0.00111636 0.998884
1215 : 0
1215 : 0.600683 0.399317
1216 : 1
1216 : 1.11032e-05 0.999989
1217 : 1
1217 : 0.0698162 0.930184
1218 : 0
1218 : 0.931593 0.0684068
1219 : 1
1219 : 0.146923 0.853077
1220 : 0
1220 : 0.999987 1.27707e-05
1221 : 1
1221 : 0.0796088 0.920391
1222 : 0
1222 : 0.975583 0.0244167
1223 : 1
1223 : 0.00110122 0.998899
1224 : 1
1224 : 0.000104825 0.999895
1225 : 0
1225 : 0.993898 0.00610155
1226 : 0
1226 : 1.0 6.14242e-09
1227 : 1
1227 : 2.68491e-07 1.0
1228 : 0
1228 : 0.999944 5.64208e-05
1229 : 0
1229 : 0.987663 0.012337
1230 : 0
1230 : 0.999484 0.000516353
1231 : 0
1231 : 0.969283 0.0307174
1232 : 1
1232 : 0.00091972 0.99908
1233 : 0
1233 : 1.0 8.02277e-09
1234 : 0
1234 : 0.908079 0.0919213
1235 : 1
1235 : 1.60801e-08 1.0
1236 : 1
1236 : 5.65941e-09 1.0
1237 : 1
1237 : 5.5988e-08 1.0
1238 : 0
1238 : 0.952426 0.0475735
1239 : 1
1239 : 0.000626805 0.999373
1240 : 0
1240 : 0.996142 0.00385788
1241 : 1
1241 : 0.000195913 0.999804
1242 : 1
1242 : 4.12228e-14 1.0
1243 : 1
1243 : 0.00104922 0.998951
1244 : 0
1244 : 0.999997 2.96412e-06
1245 : 1
1245 : 0.00574344 0.994257
1246 : 0
1246 : 0.999457 0.000543244
1247 : 0
1247 : 0.671158 0.328842
1248 : 1
1248 : 0.0278215 0.972179
1249 : 0
1249 : 0.999562 0.000437516
1250 : 1
1250 : 4.21339e-06 0.999996
1251 : 1
1251 : 0.000859314 0.999141
1252 : 0
1252 : 0.999977 2.288e-05
1253 : 1
1253 : 0.129794 0.870206
1254 : 0
1254 : 1.0 2.60905e-08
1255 : 0
1255 : 0.985907 0.0140934
1256 : 0
1256 : 0.991544 0.00845642
1257 : 1
1257 : 0.000328179 0.999672
1258 : 1
1258 : 0.499809 0.500191
1259 : 0
1259 : 0.999969 3.06629e-05
1260 : 0
1260 : 0.999902 9.75475e-05
1261 : 1
1261 : 1.51358e-07 1.0
1262 : 0
1262 : 0.997021 0.00297946
1263 : 1
1263 : 0.000169081 0.999831
1264 : 1
1264 : 0.397855 0.602145
1265 : 0
1265 : 0.999899 0.000101325
1266 : 0
1266 : 0.998026 0.00197432
1267 : 1
1267 : 0.00127361 0.998726
1268 : 0
1268 : 0.989633 0.0103666
1269 : 1
1269 : 0.00247675 0.997523
1270 : 0
1270 : 0.999999 6.09773e-07
1271 : 1
1271 : 3.37659e-11 1.0
1272 : 1
1272 : 3.19779e-05 0.999968
1273 : 1
1273 : 3.29772e-06 0.999997
1274 : 0
1274 : 0.999617 0.000383546
1275 : 0
1275 : 0.74353 0.25647
1276 : 1
1276 : 0.00290968 0.99709
1277 : 0
1277 : 1.0 7.16803e-10
1278 : 0
1278 : 0.819832 0.180168
1279 : 1
1279 : 0.00136178 0.998638
1280 : 1
1280 : 0.0229431 0.977057
1281 : 0
1281 : 0.994496 0.00550369
1282 : 0
1282 : 0.831675 0.168325
1283 : 0
1283 : 0.99997 3.03249e-05
1284 : 1
1284 : 0.00960482 0.990395
1285 : 0
1285 : 1.0 9.59878e-12
1286 : 0
1286 : 0.802009 0.197991
1287 : 1
1287 : 0.010273 0.989727
1288 : 0
1288 : 0.997003 0.00299691
1289 : 1
1289 : 0.0257033 0.974297
1290 : 1
1290 : 0.185097 0.814903
1291 : 0
1291 : 0.51444 0.48556
1292 : 0
1292 : 0.961212 0.0387882
1293 : 0
1293 : 0.999314 0.000686319
1294 : 1
1294 : 0.000514622 0.999485
1295 : 1
1295 : 0.0093443 0.990656
1296 : 0
1296 : 0.999998 1.90502e-06
1297 : 0
1297 : 0.796953 0.203047
1298 : 0
1298 : 1.0 1.39123e-09
1299 : 0
1299 : 1.0 1.02763e-09
1300 : 0
1300 : 0.999496 0.000503937
1301 : 1
1301 : 1.91976e-08 1.0
1302 : 0
1302 : 0.999999 1.4445e-06
1303 : 1
1303 : 0.00287842 0.997122
1304 : 0
1304 : 0.691849 0.308151
1305 : 0
1305 : 0.875604 0.124396
1306 : 1
1306 : 6.31123e-10 1.0
1307 : 0
1307 : 0.999929 7.10839e-05
1308 : 0
1308 : 0.850403 0.149597
1309 : 0
1309 : 0.574488 0.425512
1310 : 0
1310 : 0.999869 0.000130651
1311 : 1
1311 : 0.0221637 0.977836
1312 : 1
1312 : 0.000554638 0.999445
1313 : 0
1313 : 0.999676 0.000323746
1314 : 1
1314 : 0.000778016 0.999222
1315 : 1
1315 : 0.000428204 0.999572
1316 : 0
1316 : 1.0 1.54109e-08
1317 : 0
1317 : 0.852437 0.147563
1318 : 1
1318 : 0.244616 0.755384
1319 : 0
1319 : 0.996208 0.003792
1320 : 0
1320 : 0.525803 0.474197
1321 : 0
1321 : 0.999759 0.000240864
1322 : 0
1322 : 0.919565 0.0804348
1323 : 0
1323 : 0.99925 0.000749751
1324 : 0
1324 : 0.999999 1.26217e-06
1325 : 0
1325 : 0.998609 0.00139129
1326 : 0
1326 : 0.989434 0.0105665
1327 : 1
1327 : 0.00217105 0.997829
1328 : 1
1328 : 0.00144189 0.998558
1329 : 1
1329 : 0.00123515 0.998765
1330 : 1
1330 : 0.388681 0.611319
1331 : 0
1331 : 0.643788 0.356212
1332 : 1
1332 : 1.20658e-05 0.999988
1333 : 1
1333 : 0.296447 0.703553
1334 : 1
1334 : 0.162553 0.837447
1335 : 1
1335 : 0.0615034 0.938497
1336 : 0
1336 : 0.754358 0.245642
1337 : 1
1337 : 0.327772 0.672228
1338 : 0
1338 : 0.992739 0.00726109
1339 : 0
1339 : 1.0 3.18927e-09
1340 : 1
1340 : 0.00277977 0.99722
1341 : 0
1341 : 0.948641 0.0513591
1342 : 1
1342 : 0.000183835 0.999816
1343 : 1
1343 : 0.223278 0.776722
1344 : 1
1344 : 0.00539677 0.994603
1345 : 0
1345 : 0.999084 0.000915738
1346 : 0
1346 : 0.999125 0.000874878
1347 : 0
1347 : 0.999998 2.22947e-06
1348 : 0
1348 : 1.0 1.55824e-11
1349 : 1
1349 : 0.043959 0.956041
1350 : 1
1350 : 0.000354838 0.999645
1351 : 1
1351 : 2.50773e-06 0.999997
1352 : 1
1352 : 0.265206 0.734794
1353 : 1
1353 : 1.04077e-07 1.0
1354 : 0
1354 : 0.99928 0.000719856
1355 : 0
1355 : 0.999876 0.000123975
1356 : 1
1356 : 1.77831e-05 0.999982
1357 : 1
1357 : 0.0110284 0.988972
1358 : 0
1358 : 0.997373 0.00262729
1359 : 0
1359 : 0.994879 0.00512074
1360 : 1
1360 : 9.86782e-05 0.999901
1361 : 0
1361 : 0.977837 0.0221626
1362 : 0
1362 : 0.999988 1.19893e-05
1363 : 0
1363 : 0.999767 0.000232522
1364 : 0
1364 : 0.776005 0.223995
1365 : 1
1365 : 0.00711008 0.99289
1366 : 1
1366 : 0.0663813 0.933619
1367 : 1
1367 : 0.0440363 0.955964
1368 : 0
1368 : 0.991915 0.00808517
1369 : 1
1369 : 5.38342e-05 0.999946
1370 : 0
1370 : 0.999858 0.000141545
1371 : 0
1371 : 0.991374 0.00862587
1372 : 1
1372 : 6.04671e-08 1.0
1373 : 1
1373 : 1.05786e-06 0.999999
1374 : 1
1374 : 0.00173605 0.998264
1375 : 1
1375 : 0.380212 0.619788
1376 : 1
1376 : 0.00127348 0.998726
1377 : 1
1377 : 7.5565e-12 1.0
1378 : 1
1378 : 0.0160054 0.983995
1379 : 0
1379 : 0.999992 7.98496e-06
1380 : 0
1380 : 0.999056 0.00094419
1381 : 1
1381 : 0.000373741 0.999626
1382 : 1
1382 : 2.16383e-06 0.999998
1383 : 0
1383 : 0.941001 0.0589992
1384 : 1
1384 : 0.0023272 0.997673
1385 : 1
1385 : 5.74721e-06 0.999994
1386 : 1
1386 : 0.000285732 0.999714
1387 : 1
1387 : 3.55623e-10 1.0
1388 : 0
1388 : 0.827654 0.172346
1389 : 1
1389 : 0.00160904 0.998391
1390 : 0
1390 : 0.995038 0.00496242
1391 : 0
1391 : 0.999325 0.000674879
1392 : 0
1392 : 0.891957 0.108043
1393 : 1
1393 : 0.0657992 0.934201
1394 : 0
1394 : 1.0 1.27307e-08
1395 : 0
1395 : 0.776403 0.223597
1396 : 0
1396 : 0.999347 0.000653251
1397 : 0
1397 : 0.99833 0.00166964
1398 : 0
1398 : 0.997966 0.00203377
1399 : 1
1399 : 8.50797e-12 1.0
1400 : 1
1400 : 0.000642398 0.999358
1401 : 1
1401 : 8.70345e-06 0.999991
1402 : 1
1402 : 0.000323077 0.999677
1403 : 0
1403 : 0.997154 0.00284583
1404 : 1
1404 : 0.00161493 0.998385
1405 : 1
1405 : 7.96042e-05 0.99992
1406 : 0
1406 : 0.99871 0.00129012
1407 : 0
1407 : 0.999436 0.000563576
1408 : 1
1408 : 0.00446077 0.995539
1409 : 1
1409 : 1.06595e-05 0.999989
1410 : 0
1410 : 0.649592 0.350408
1411 : 0
1411 : 0.898911 0.101089
1412 : 0
1412 : 0.585704 0.414295
1413 : 1
1413 : 0.00835047 0.99165
1414 : 1
1414 : 0.0346644 0.965336
1415 : 0
1415 : 0.999577 0.000422901
1416 : 0
1416 : 0.999982 1.84369e-05
1417 : 0
1417 : 0.999999 5.75991e-07
1418 : 0
1418 : 1.0 3.12364e-09
1419 : 0
1419 : 0.999997 2.78266e-06
1420 : 0
1420 : 0.998424 0.00157633
1421 : 1
1421 : 0.000377771 0.999622
1422 : 0
1422 : 0.836152 0.163848
1423 : 1
1423 : 0.362409 0.637591
1424 : 1
1424 : 0.000295787 0.999704
1425 : 0
1425 : 0.999999 6.49265e-07
1426 : 0
1426 : 0.981264 0.0187363
1427 : 1
1427 : 8.4566e-06 0.999992
1428 : 1
1428 : 0.00181196 0.998188
1429 : 1
1429 : 2.51494e-11 1.0
1430 : 1
1430 : 4.50236e-06 0.999996
1431 : 1
1431 : 6.22841e-06 0.999994
1432 : 1
1432 : 1.32236e-10 1.0
1433 : 0
1433 : 0.996527 0.00347338
1434 : 1
1434 : 2.18933e-05 0.999978
1435 : 1
1435 : 0.00770756 0.992292
1436 : 1
1436 : 0.000824392 0.999176
1437 : 1
1437 : 2.5585e-11 1.0
1438 : 0
1438 : 0.998659 0.00134068
1439 : 0
1439 : 0.977977 0.0220226
1440 : 0
1440 : 0.806045 0.193955
1441 : 0
1441 : 1.0 2.14283e-09
1442 : 1
1442 : 0.0496981 0.950302
1443 : 1
1443 : 0.0135082 0.986492
1444 : 1
1444 : 0.00407579 0.995924
1445 : 1
1445 : 5.17191e-05 0.999948
1446 : 0
1446 : 0.99999 1.04664e-05
1447 : 0
1447 : 0.986217 0.0137835
1448 : 1
1448 : 0.00161544 0.998385
1449 : 1
1449 : 3.28989e-09 1.0
1450 : 0
1450 : 0.999952 4.7852e-05
1451 : 0
1451 : 0.999607 0.000392626
1452 : 0
1452 : 0.838748 0.161252
1453 : 0
1453 : 0.999442 0.000557589
1454 : 1
1454 : 0.254999 0.745001
1455 : 0
1455 : 0.99998 2.04594e-05
1456 : 1
1456 : 0.136121 0.863879
1457 : 1
1457 : 0.000911441 0.999089
1458 : 0
1458 : 0.999948 5.21837e-05
1459 : 0
1459 : 0.999922 7.76633e-05
1460 : 0
1460 : 0.999709 0.00029128
1461 : 0
1461 : 0.9558 0.0442004
1462 : 1
1462 : 0.236158 0.763842
1463 : 0
1463 : 0.999598 0.000401745
1464 : 0
1464 : 0.956259 0.0437405
1465 : 0
1465 : 0.999881 0.000119365
1466 : 0
1466 : 0.977579 0.0224211
1467 : 0
1467 : 0.988899 0.0111011
1468 : 1
1468 : 0.0116695 0.98833
1469 : 1
1469 : 4.64968e-08 1.0
1470 : 1
1470 : 0.000197463 0.999803
1471 : 1
1471 : 9.00862e-08 1.0
1472 : 0
1472 : 0.996275 0.00372455
1473 : 0
1473 : 0.999999 1.40812e-06
1474 : 0
1474 : 0.999991 9.29197e-06
1475 : 0
1475 : 0.999998 1.92653e-06
1476 : 1
1476 : 0.0230453 0.976955
1477 : 1
1477 : 0.00243003 0.99757
1478 : 0
1478 : 1.0 5.36697e-09
1479 : 1
1479 : 0.0789586 0.921041
1480 : 0
1480 : 1.0 3.56814e-07
1481 : 1
1481 : 1.78043e-06 0.999998
1482 : 1
1482 : 0.00294268 0.997057
1483 : 1
1483 : 0.00656574 0.993434
1484 : 0
1484 : 0.999997 3.07201e-06
1485 : 0
1485 : 0.997926 0.00207381
1486 : 1
1486 : 0.00205266 0.997947
1487 : 1
1487 : 2.83614e-05 0.999972
1488 : 0
1488 : 1.0 3.09019e-08
1489 : 0
1489 : 0.999921 7.88036e-05
1490 : 1
1490 : 0.00415959 0.99584
1491 : 0
1491 : 0.9999 9.95516e-05
1492 : 1
1492 : 0.00180768 0.998192
1493 : 1
1493 : 3.94632e-06 0.999996
1494 : 1
1494 : 0.103877 0.896123
1495 : 1
1495 : 0.000469816 0.99953
1496 : 1
1496 : 0.00114313 0.998857
1497 : 1
1497 : 0.0748842 0.925116
1498 : 1
1498 : 3.16991e-06 0.999997
1499 : 0
1499 : 0.999999 7.23958e-07
1500 : 0
1500 : 0.99996 4.02067e-05
1501 : 1
1501 : 0.0527979 0.947202
1502 : 0
1502 : 1.0 3.20465e-09
1503 : 0
1503 : 0.999999 7.10548e-07
1504 : 1
1504 : 0.000327074 0.999673
1505 : 0
1505 : 0.999996 3.50681e-06
1506 : 1
1506 : 0.00297566 0.997024
1507 : 0
1507 : 0.937633 0.0623671
1508 : 1
1508 : 6.35379e-07 0.999999
1509 : 1
1509 : 6.06366e-09 1.0
1510 : 0
1510 : 0.998625 0.00137536
1511 : 0
1511 : 0.984045 0.0159552
1512 : 1
1512 : 0.000515256 0.999485
1513 : 1
1513 : 0.0251102 0.97489
1514 : 0
1514 : 0.918637 0.0813633
1515 : 0
1515 : 0.874682 0.125317
1516 : 1
1516 : 5.65819e-11 1.0
1517 : 0
1517 : 0.845389 0.154611
1518 : 0
1518 : 1.0 4.786e-12
1519 : 0
1519 : 0.989819 0.0101809
1520 : 1
1520 : 0.493654 0.506346
1521 : 1
1521 : 0.000842372 0.999158
1522 : 0
1522 : 1.0 3.82244e-07
1523 : 0
1523 : 0.99996 4.02054e-05
1524 : 0
1524 : 0.999566 0.000434412
1525 : 1
1525 : 0.000243612 0.999756
1526 : 1
1526 : 7.49105e-06 0.999992
1527 : 1
1527 : 0.33128 0.66872
1528 : 0
1528 : 0.999999 5.7778e-07
1529 : 1
1529 : 2.2293e-05 0.999978
1530 : 0
1530 : 0.748787 0.251213
1531 : 1
1531 : 0.00190212 0.998098
1532 : 0
1532 : 0.992653 0.00734669
1533 : 1
1533 : 0.0607462 0.939254
1534 : 1
1534 : 0.00218054 0.997819
1535 : 0
1535 : 0.999599 0.000400787
1536 : 1
1536 : 9.51094e-10 1.0
1537 : 0
1537 : 0.957744 0.0422561
1538 : 1
1538 : 7.37617e-07 0.999999
1539 : 0
1539 : 0.969308 0.0306917
1540 : 0
1540 : 1.0 6.55411e-16
1541 : 1
1541 : 0.000262521 0.999738
1542 : 1
1542 : 0.00248789 0.997512
1543 : 1
1543 : 0.00163262 0.998367
1544 : 1
1544 : 0.000300985 0.999699
1545 : 0
1545 : 0.99981 0.000189665
1546 : 1
1546 : 0.285284 0.714716
1547 : 1
1547 : 0.0193008 0.980699
1548 : 0
1548 : 0.972675 0.0273254
1549 : 1
1549 : 5.4703e-08 1.0
1550 : 0
1550 : 0.999635 0.000364754
1551 : 0
1551 : 1.0 1.20743e-07
1552 : 0
1552 : 0.996605 0.00339466
1553 : 1
1553 : 0.000431091 0.999569
1554 : 1
1554 : 4.49437e-15 1.0
1555 : 0
1555 : 0.996997 0.00300274
1556 : 1
1556 : 0.00066399 0.999336
1557 : 1
1557 : 0.380036 0.619964
1558 : 0
1558 : 0.999734 0.000266285
1559 : 0
1559 : 1.0 7.53934e-12
1560 : 1
1560 : 0.115051 0.884949
1561 : 0
1561 : 0.99985 0.000150157
1562 : 0
1562 : 0.653589 0.346411
1563 : 1
1563 : 0.00015082 0.999849
1564 : 1
1564 : 0.000544637 0.999455
1565 : 1
1565 : 0.00233004 0.99767
1566 : 1
1566 : 0.0637218 0.936278
1567 : 0
1567 : 0.999982 1.77183e-05
1568 : 1
1568 : 0.00475991 0.99524
1569 : 1
1569 : 0.00719759 0.992802
1570 : 0
1570 : 0.999979 2.06345e-05
1571 : 0
1571 : 0.999011 0.000988859
1572 : 0
1572 : 0.999839 0.000161461
1573 : 1
1573 : 0.00434614 0.995654
1574 : 0
1574 : 0.997053 0.00294667
1575 : 1
1575 : 1.04763e-12 1.0
1576 : 1
1576 : 0.214937 0.785063
1577 : 1
1577 : 6.9446e-06 0.999993
1578 : 0
1578 : 0.993972 0.00602783
1579 : 0
1579 : 0.999738 0.000262141
1580 : 1
1580 : 0.00131071 0.998689
1581 : 1
1581 : 1.24031e-08 1.0
1582 : 1
1582 : 0.393487 0.606513
1583 : 0
1583 : 0.999919 8.13348e-05
1584 : 0
1584 : 0.999998 1.54854e-06
1585 : 0
1585 : 0.892621 0.107379
1586 : 0
1586 : 0.999992 8.35454e-06
1587 : 0
1587 : 0.674712 0.325288
1588 : 0
1588 : 1.0 5.66172e-08
1589 : 0
1589 : 0.999969 3.13974e-05
1590 : 1
1590 : 4.39109e-07 1.0
1591 : 1
1591 : 6.93377e-06 0.999993
1592 : 0
1592 : 0.994311 0.00568897
1593 : 0
1593 : 0.997488 0.00251171
1594 : 0
1594 : 0.952146 0.0478541
1595 : 1
1595 : 0.0353243 0.964676
1596 : 0
1596 : 0.999827 0.000172583
1597 : 0
1597 : 0.998636 0.00136352
1598 : 1
1598 : 0.0101659 0.989834
1599 : 1
1599 : 0.00222186 0.997778
1600 : 1
1600 : 2.3137e-13 1.0
1601 : 0
1601 : 0.99998 2.02078e-05
1602 : 1
1602 : 0.00590185 0.994098
1603 : 1
1603 : 5.0355e-06 0.999995
1604 : 0
1604 : 0.999934 6.57655e-05
1605 : 0
1605 : 0.9023 0.0977003
1606 : 0
1606 : 0.999997 2.53651e-06
1607 : 0
1607 : 1.0 9.35489e-11
1608 : 1
1608 : 0.0117182 0.988282
1609 : 1
1609 : 0.35392 0.64608
1610 : 1
1610 : 0.0151637 0.984836
1611 : 0
1611 : 0.999988 1.17853e-05
1612 : 1
1612 : 0.0188425 0.981158
1613 : 0
1613 : 1.0 2.31552e-13
1614 : 0
1614 : 0.999579 0.000420941
1615 : 0
1615 : 0.999999 1.36115e-06
1616 : 1
1616 : 0.000734934 0.999265
1617 : 1
1617 : 7.18141e-07 0.999999
1618 : 0
1618 : 0.932176 0.0678244
1619 : 1
1619 : 0.405136 0.594864
1620 : 1
1620 : 0.00013313 0.999867
1621 : 1
1621 : 0.00217797 0.997822
1622 : 1
1622 : 0.298239 0.701761
1623 : 0
1623 : 0.861246 0.138754
1624 : 0
1624 : 0.886271 0.113729
1625 : 0
1625 : 0.670472 0.329528
1626 : 0
1626 : 1.0 1.25587e-15
1627 : 0
1627 : 0.992528 0.00747197
1628 : 1
1628 : 0.00127967 0.99872
1629 : 1
1629 : 1.60474e-05 0.999984
1630 : 1
1630 : 0.000337419 0.999663
1631 : 1
1631 : 0.0122381 0.987762
1632 : 1
1632 : 0.00036927 0.999631
1633 : 1
1633 : 0.00321949 0.99678
1634 : 0
1634 : 0.884994 0.115006
1635 : 1
1635 : 7.32135e-06 0.999993
1636 : 1
1636 : 1.45452e-05 0.999985
1637 : 1
1637 : 7.54578e-05 0.999925
1638 : 0
1638 : 0.794975 0.205025
1639 : 1
1639 : 0.0318396 0.96816
1640 : 0
1640 : 0.999549 0.000450926
1641 : 0
1641 : 0.999994 5.57516e-06
1642 : 1
1642 : 0.0014142 0.998586
1643 : 1
1643 : 0.000817168 0.999183
1644 : 1
1644 : 0.0452456 0.954754
1645 : 1
1645 : 8.41286e-05 0.999916
1646 : 0
1646 : 0.976184 0.0238156
1647 : 0
1647 : 0.999979 2.13971e-05
1648 : 0
1648 : 0.999999 7.21581e-07
1649 : 1
1649 : 0.0143472 0.985653
1650 : 0
1650 : 0.853083 0.146917
1651 : 0
1651 : 0.902301 0.0976985
1652 : 0
1652 : 0.984963 0.0150375
1653 : 1
1653 : 0.000780436 0.99922
1654 : 1
1654 : 0.00449975 0.9955
1655 : 1
1655 : 0.0627815 0.937219
1656 : 0
1656 : 0.999588 0.00041182
1657 : 0
1657 : 0.999999 1.52967e-06
1658 : 1
1658 : 0.00264248 0.997358
1659 : 1
1659 : 0.00554743 0.994453
1660 : 0
1660 : 0.712152 0.287848
1661 : 0
1661 : 0.986181 0.0138193
1662 : 1
1662 : 3.12699e-06 0.999997
1663 : 1
1663 : 0.19862 0.80138
1664 : 0
1664 : 1.0 1.46395e-10
1665 : 0
1665 : 0.990853 0.00914677
1666 : 0
1666 : 1.0 4.75098e-07
1667 : 1
1667 : 0.000311957 0.999688
1668 : 0
1668 : 0.990248 0.00975222
1669 : 1
1669 : 0.00105382 0.998946
1670 : 0
1670 : 0.996985 0.00301498
1671 : 0
1671 : 1.0 4.23354e-07
1672 : 1
1672 : 0.0161316 0.983868
1673 : 0
1673 : 0.999847 0.000152764
1674 : 0
1674 : 0.99608 0.00392043
1675 : 0
1675 : 0.990197 0.00980338
1676 : 1
1676 : 0.00014937 0.999851
1677 : 1
1677 : 0.0414948 0.958505
1678 : 0
1678 : 0.917643 0.0823571
1679 : 0
1679 : 1.0 4.83867e-08
1680 : 1
1680 : 0.309362 0.690638
1681 : 0
1681 : 0.997226 0.00277405
1682 : 1
1682 : 8.8324e-08 1.0
1683 : 0
1683 : 0.999983 1.65808e-05
1684 : 0
1684 : 0.999992 7.91626e-06
1685 : 1
1685 : 0.168946 0.831054
1686 : 0
1686 : 0.998452 0.00154798
1687 : 1
1687 : 5.67517e-07 0.999999
1688 : 1
1688 : 0.0188754 0.981125
1689 : 0
1689 : 0.999238 0.000761891
1690 : 1
1690 : 7.14184e-05 0.999929
1691 : 1
1691 : 2.69775e-05 0.999973
1692 : 1
1692 : 0.00380107 0.996199
1693 : 1
1693 : 7.40095e-07 0.999999
1694 : 0
1694 : 0.997013 0.00298674
1695 : 0
1695 : 0.931167 0.0688333
1696 : 1
1696 : 2.22186e-06 0.999998
1697 : 0
1697 : 0.957833 0.0421665
1698 : 0
1698 : 0.99938 0.000620069
1699 : 1
1699 : 0.00898945 0.991011
1700 : 0
1700 : 0.999872 0.000128086
1701 : 1
1701 : 1.00379e-05 0.99999
1702 : 1
1702 : 0.074707 0.925293
1703 : 0
1703 : 0.943683 0.0563166
1704 : 1
1704 : 3.71627e-08 1.0
1705 : 1
1705 : 5.15362e-06 0.999995
1706 : 1
1706 : 0.000583224 0.999417
1707 : 0
1707 : 0.9033 0.0966996
1708 : 1
1708 : 0.422752 0.577248
1709 : 0
1709 : 0.964077 0.0359228
1710 : 0
1710 : 0.999914 8.55428e-05
1711 : 1
1711 : 0.000136477 0.999864
1712 : 0
1712 : 0.967735 0.0322648
1713 : 0
1713 : 0.999998 1.5911e-06
1714 : 0
1714 : 0.99338 0.00661964
1715 : 0
1715 : 0.786012 0.213988
1716 : 1
1716 : 0.0736937 0.926306
1717 : 1
1717 : 0.000213994 0.999786
1718 : 0
1718 : 1.0 7.61837e-13
1719 : 1
1719 : 0.000235473 0.999765
1720 : 1
1720 : 0.0302853 0.969715
1721 : 0
1721 : 0.999199 0.000801126
1722 : 1
1722 : 2.92496e-07 1.0
1723 : 0
1723 : 0.999967 3.2974e-05
1724 : 0
1724 : 0.676651 0.323349
1725 : 1
1725 : 4.11109e-09 1.0
1726 : 1
1726 : 0.0674329 0.932567
1727 : 1
1727 : 0.010627 0.989373
1728 : 0
1728 : 0.976113 0.0238873
1729 : 0
1729 : 0.999977 2.25495e-05
1730 : 1
1730 : 0.00142934 0.998571
1731 : 0
1731 : 0.999645 0.00035537
1732 : 1
1732 : 1.20173e-08 1.0
1733 : 1
1733 : 3.5764e-09 1.0
1734 : 0
1734 : 0.999977 2.3496e-05
1735 : 0
1735 : 0.999966 3.43671e-05
1736 : 0
1736 : 0.999883 0.000117345
1737 : 1
1737 : 0.0241269 0.975873
1738 : 0
1738 : 1.0 9.41904e-11
1739 : 1
1739 : 0.194994 0.805006
1740 : 0
1740 : 0.999716 0.00028394
1741 : 1
1741 : 0.00400966 0.99599
1742 : 1
1742 : 3.39339e-06 0.999997
1743 : 1
1743 : 0.0761776 0.923822
1744 : 1
1744 : 0.00300902 0.996991
1745 : 0
1745 : 0.998285 0.00171505
1746 : 1
1746 : 1.27009e-07 1.0
1747 : 0
1747 : 0.999138 0.000862247
1748 : 0
1748 : 0.885808 0.114192
1749 : 0
1749 : 0.999892 0.000107578
1750 : 0
1750 : 1.0 3.72731e-09
1751 : 1
1751 : 5.2571e-05 0.999947
1752 : 1
1752 : 0.0553131 0.944687
1753 : 1
1753 : 0.0368394 0.963161
1754 : 1
1754 : 9.21669e-05 0.999908
1755 : 1
1755 : 0.000108505 0.999892
1756 : 0
1756 : 0.998097 0.00190275
1757 : 0
1757 : 0.935496 0.0645038
1758 : 1
1758 : 6.78283e-05 0.999932
1759 : 1
1759 : 4.21282e-07 1.0
1760 : 0
1760 : 1.0 5.48388e-11
1761 : 0
1761 : 0.991548 0.0084517
1762 : 1
1762 : 0.00403193 0.995968
1763 : 0
1763 : 0.999994 6.32932e-06
1764 : 1
1764 : 2.2691e-06 0.999998
1765 : 0
1765 : 0.999935 6.51486e-05
1766 : 1
1766 : 0.0796052 0.920395
1767 : 1
1767 : 3.94489e-06 0.999996
1768 : 1
1768 : 0.00505606 0.994944
1769 : 1
1769 : 5.39358e-06 0.999995
1770 : 0
1770 : 0.519315 0.480685
1771 : 1
1771 : 0.000226094 0.999774
1772 : 1
1772 : 3.18229e-06 0.999997
1773 : 1
1773 : 6.64668e-06 0.999993
1774 : 0
1774 : 1.0 3.37419e-09
1775 : 0
1775 : 0.73975 0.26025
1776 : 1
1776 : 3.79863e-07 1.0
1777 : 0
1777 : 0.83093 0.169071
1778 : 0
1778 : 0.845746 0.154254
1779 : 0
1779 : 0.999344 0.00065631
1780 : 0
1780 : 0.996599 0.00340114
1781 : 1
1781 : 3.60484e-09 1.0
1782 : 1
1782 : 0.00171689 0.998283
1783 : 0
1783 : 0.999993 6.73854e-06
1784 : 1
1784 : 0.00170081 0.998299
1785 : 0
1785 : 0.999187 0.000812855
1786 : 0
1786 : 0.985977 0.0140232
1787 : 1
1787 : 3.30612e-10 1.0
1788 : 0
1788 : 0.952298 0.0477025
1789 : 1
1789 : 0.0120204 0.98798
1790 : 0
1790 : 0.999943 5.67906e-05
1791 : 0
1791 : 0.996435 0.00356475
1792 : 0
1792 : 0.999998 1.83225e-06
1793 : 0
1793 : 0.99549 0.00451018
1794 : 1
1794 : 3.10304e-05 0.999969
1795 : 0
1795 : 0.990482 0.00951834
1796 : 0
1796 : 0.999954 4.58138e-05
1797 : 1
1797 : 8.4425e-09 1.0
1798 : 0
1798 : 0.548828 0.451172
1799 : 0
1799 : 0.988733 0.0112666
1800 : 1
1800 : 5.79227e-08 1.0
1801 : 1
1801 : 0.124813 0.875187
1802 : 1
1802 : 0.241974 0.758026
1803 : 1
1803 : 0.000166585 0.999833
1804 : 0
1804 : 0.999999 5.71016e-07
1805 : 0
1805 : 0.999998 1.54029e-06
1806 : 0
1806 : 0.998916 0.00108384
1807 : 1
1807 : 0.178962 0.821038
1808 : 0
1808 : 0.999883 0.000117109
1809 : 1
1809 : 1.49958e-08 1.0
1810 : 1
1810 : 0.000784759 0.999215
1811 : 1
1811 : 0.00103817 0.998962
1812 : 1
1812 : 1.16e-05 0.999988
1813 : 1
1813 : 1.86533e-07 1.0
1814 : 1
1814 : 8.24197e-08 1.0
1815 : 0
1815 : 0.863305 0.136695
1816 : 1
1816 : 0.000333026 0.999667
1817 : 1
1817 : 3.28812e-07 1.0
1818 : 1
1818 : 0.00973018 0.99027
1819 : 0
1819 : 0.996761 0.00323873
1820 : 0
1820 : 0.999752 0.000247551
1821 : 1
1821 : 5.39205e-08 1.0
1822 : 0
1822 : 0.998914 0.00108615
1823 : 0
1823 : 0.996146 0.00385371
1824 : 0
1824 : 0.992177 0.00782336
1825 : 1
1825 : 4.40474e-06 0.999996
1826 : 0
1826 : 0.991434 0.00856612
1827 : 0
1827 : 1.0 1.72416e-07
1828 : 0
1828 : 0.999012 0.000988475
1829 : 1
1829 : 1.58145e-06 0.999998
1830 : 0
1830 : 0.998681 0.00131909
1831 : 1
1831 : 4.01685e-12 1.0
1832 : 0
1832 : 0.626665 0.373335
1833 : 0
1833 : 0.999622 0.000378148
1834 : 0
1834 : 0.999421 0.000578991
1835 : 0
1835 : 0.993054 0.00694616
1836 : 0
1836 : 0.999488 0.000512007
1837 : 1
1837 : 0.0266326 0.973367
1838 : 1
1838 : 5.80522e-07 0.999999
1839 : 0
1839 : 0.856316 0.143684
1840 : 1
1840 : 3.02671e-08 1.0
1841 : 1
1841 : 1.63216e-06 0.999998
1842 : 1
1842 : 0.00244764 0.997552
1843 : 1
1843 : 0.184403 0.815597
1844 : 0
1844 : 0.999797 0.000203493
1845 : 0
1845 : 0.999456 0.000543698
1846 : 1
1846 : 0.000498946 0.999501
1847 : 0
1847 : 1.0 5.38233e-11
1848 : 1
1848 : 0.00645756 0.993542
1849 : 0
1849 : 0.990271 0.00972899
1850 : 0
1850 : 0.994998 0.00500244
1851 : 1
1851 : 0.019128 0.980872
1852 : 1
1852 : 0.00535346 0.994647
1853 : 1
1853 : 9.06121e-05 0.999909
1854 : 0
1854 : 0.999606 0.0003943
1855 : 1
1855 : 1.408e-05 0.999986
1856 : 1
1856 : 0.000175454 0.999825
1857 : 0
1857 : 1.0 2.56742e-07
1858 : 0
1858 : 0.885498 0.114502
1859 : 1
1859 : 0.165471 0.834529
1860 : 0
1860 : 0.972647 0.0273526
1861 : 0
1861 : 0.964212 0.0357883
1862 : 0
1862 : 1.0 1.10674e-10
1863 : 1
1863 : 0.386092 0.613908
1864 : 0
1864 : 1.0 3.22654e-07
1865 : 1
1865 : 0.000111449 0.999889
1866 : 0
1866 : 0.965308 0.034692
1867 : 0
1867 : 0.539951 0.460049
1868 : 0
1868 : 1.0 1.20435e-12
1869 : 0
1869 : 0.872726 0.127274
1870 : 0
1870 : 0.999938 6.17132e-05
1871 : 1
1871 : 0.0720165 0.927983
1872 : 1
1872 : 0.000177075 0.999823
1873 : 1
1873 : 0.0893814 0.910619
1874 : 1
1874 : 3.55953e-08 1.0
1875 : 0
1875 : 0.935579 0.064421
1876 : 1
1876 : 0.025496 0.974504
1877 : 0
1877 : 0.887595 0.112405
1878 : 1
1878 : 4.27841e-05 0.999957
1879 : 0
1879 : 0.999987 1.27885e-05
1880 : 0
1880 : 1.0 3.14707e-10
1881 : 1
1881 : 1.69822e-05 0.999983
1882 : 0
1882 : 0.940938 0.0590621
1883 : 0
1883 : 0.996086 0.00391358
1884 : 1
1884 : 0.0834427 0.916557
1885 : 0
1885 : 0.992794 0.00720595
1886 : 0
1886 : 0.999891 0.000108779
1887 : 1
1887 : 0.485844 0.514156
1888 : 1
1888 : 1.36439e-05 0.999986
1889 : 0
1889 : 0.993973 0.00602735
1890 : 0
1890 : 0.822016 0.177984
1891 : 1
1891 : 0.486323 0.513677
1892 : 1
1892 : 0.466537 0.533463
1893 : 0
1893 : 0.997693 0.00230673
1894 : 0
1894 : 0.999117 0.000883462
1895 : 1
1895 : 0.0066262 0.993374
1896 : 0
1896 : 0.998393 0.00160736
1897 : 0
1897 : 0.920438 0.0795617
1898 : 0
1898 : 0.871386 0.128614
1899 : 0
1899 : 0.993869 0.00613051
1900 : 0
1900 : 0.999016 0.000983998
1901 : 0
1901 : 0.931241 0.0687594
1902 : 0
1902 : 0.61135 0.38865
1903 : 1
1903 : 1.63206e-07 1.0
1904 : 1
1904 : 3.98699e-05 0.99996
1905 : 1
1905 : 2.43473e-08 1.0
1906 : 0
1906 : 0.980343 0.0196566
1907 : 0
1907 : 0.999978 2.19656e-05
1908 : 1
1908 : 5.98073e-06 0.999994
1909 : 1
1909 : 2.10251e-08 1.0
1910 : 1
1910 : 0.0294594 0.970541
1911 : 1
1911 : 0.0262861 0.973714
1912 : 1
1912 : 0.00573045 0.99427
1913 : 0
1913 : 0.994985 0.00501473
1914 : 1
1914 : 2.28605e-05 0.999977
1915 : 1
1915 : 5.08371e-05 0.999949
1916 : 1
1916 : 3.10601e-05 0.999969
1917 : 1
1917 : 0.000292099 0.999708
1918 : 1
1918 : 0.0088121 0.991188
1919 : 0
1919 : 0.999352 0.00064755
1920 : 0
1920 : 0.999968 3.14871e-05
1921 : 0
1921 : 0.99715 0.00284982
1922 : 1
1922 : 0.0498062 0.950194
1923 : 1
1923 : 0.430932 0.569068
1924 : 1
1924 : 0.000284858 0.999715
1925 : 1
1925 : 4.94013e-07 1.0
1926 : 1
1926 : 0.0066168 0.993383
1927 : 0
1927 : 1.0 7.68061e-09
1928 : 1
1928 : 3.56671e-06 0.999996
1929 : 0
1929 : 0.997618 0.00238166
1930 : 0
1930 : 0.997842 0.00215802
1931 : 1
1931 : 2.19819e-06 0.999998
1932 : 0
1932 : 0.925978 0.0740221
1933 : 0
1933 : 0.798143 0.201857
1934 : 0
1934 : 0.999999 7.03741e-07
1935 : 0
1935 : 0.99982 0.000179578
1936 : 1
1936 : 0.377865 0.622135
1937 : 1
1937 : 0.000314912 0.999685
1938 : 1
1938 : 1.82842e-08 1.0
1939 : 1
1939 : 0.000160495 0.999839
1940 : 0
1940 : 0.967702 0.0322982
1941 : 1
1941 : 0.000287507 0.999712
1942 : 1
1942 : 0.345333 0.654667
1943 : 0
1943 : 0.999947 5.3155e-05
1944 : 0
1944 : 0.999344 0.000655701
1945 : 0
1945 : 0.987993 0.012007
1946 : 0
1946 : 0.998397 0.00160251
1947 : 1
1947 : 6.56538e-06 0.999993
1948 : 1
1948 : 0.00237448 0.997626
1949 : 0
1949 : 0.953254 0.0467456
1950 : 1
1950 : 4.0915e-09 1.0
1951 : 0
1951 : 0.999994 5.87232e-06
1952 : 0
1952 : 0.999961 3.85546e-05
1953 : 0
1953 : 1.0 3.13636e-11
1954 : 1
1954 : 0.00324665 0.996753
1955 : 0
1955 : 0.999944 5.58143e-05
1956 : 1
1956 : 0.0199119 0.980088
1957 : 1
1957 : 2.96716e-05 0.99997
1958 : 0
1958 : 0.999965 3.47609e-05
1959 : 0
1959 : 0.999979 2.09826e-05
1960 : 0
1960 : 0.994866 0.00513349
1961 : 1
1961 : 0.450152 0.549848
1962 : 1
1962 : 0.01554 0.98446
1963 : 0
1963 : 0.999717 0.000283474
1964 : 1
1964 : 0.000109798 0.99989
1965 : 0
1965 : 1.0 4.71258e-10
1966 : 1
1966 : 0.133869 0.866131
1967 : 0
1967 : 1.0 3.72578e-07
1968 : 0
1968 : 0.947182 0.0528176
1969 : 1
1969 : 0.437896 0.562104
1970 : 1
1970 : 4.83945e-05 0.999952
1971 : 0
1971 : 1.0 4.17333e-09
1972 : 1
1972 : 0.0234591 0.976541
1973 : 0
1973 : 0.872521 0.127479
1974 : 0
1974 : 1.0 1.17932e-07
1975 : 0
1975 : 1.0 4.08627e-07
1976 : 0
1976 : 0.971972 0.0280282
1977 : 0
1977 : 0.918367 0.0816333
1978 : 1
1978 : 0.172553 0.827447
1979 : 1
1979 : 6.85524e-06 0.999993
1980 : 0
1980 : 0.81609 0.18391
1981 : 1
1981 : 0.00866028 0.99134
1982 : 0
1982 : 0.999963 3.67289e-05
1983 : 1
1983 : 8.87711e-05 0.999911
1984 : 1
1984 : 0.0100313 0.989969
1985 : 1
1985 : 0.000693746 0.999306
1986 : 1
1986 : 0.00806848 0.991931
1987 : 0
1987 : 0.99996 4.02407e-05
1988 : 0
1988 : 0.999999 1.31014e-06
1989 : 1
1989 : 1.72752e-06 0.999998
1990 : 1
1990 : 0.00335146 0.996649
1991 : 1
1991 : 0.000165913 0.999834
1992 : 0
1992 : 0.998025 0.00197483
1993 : 1
1993 : 0.194056 0.805945
1994 : 1
1994 : 0.000128279 0.999872
1995 : 0
1995 : 0.912412 0.0875881
1996 : 1
1996 : 0.00106789 0.998932
1997 : 1
1997 : 7.71075e-07 0.999999
1998 : 0
1998 : 0.996933 0.00306701
1999 : 0
1999 : 0.994994 0.00500607
2000 : 0
2000 : 0.999929 7.05332e-05
2001 : 1
2001 : 0.00445113 0.995549
2002 : 1
2002 : 3.06541e-07 1.0
2003 : 0
2003 : 0.999892 0.00010796
2004 : 1
2004 : 0.122677 0.877323
2005 : 0
2005 : 0.992218 0.00778152
2006 : 0
2006 : 0.983337 0.0166634
2007 : 1
2007 : 6.83901e-05 0.999932
2008 : 1
2008 : 0.00141833 0.998582
2009 : 1
2009 : 5.18695e-05 0.999948
2010 : 1
2010 : 1.92853e-05 0.999981
2011 : 0
2011 : 0.989404 0.0105964
2012 : 0
2012 : 0.999997 2.79774e-06
2013 : 0
2013 : 0.9931 0.0069
2014 : 0
2014 : 0.866484 0.133516
2015 : 1
2015 : 0.0343566 0.965643
2016 : 0
2016 : 0.998743 0.00125722
2017 : 0
2017 : 0.99576 0.0042402
2018 : 0
2018 : 0.999995 5.33041e-06
2019 : 0
2019 : 0.999977 2.32036e-05
2020 : 0
2020 : 0.999913 8.68533e-05
2021 : 0
2021 : 0.999999 1.38423e-06
2022 : 0
2022 : 1.0 1.49829e-08
2023 : 0
2023 : 0.996247 0.00375266
2024 : 0
2024 : 0.999989 1.12929e-05
2025 : 0
2025 : 0.999886 0.000113597
2026 : 1
2026 : 0.404143 0.595857
2027 : 1
2027 : 0.00209804 0.997902
2028 : 0
2028 : 0.996403 0.00359742
2029 : 0
2029 : 0.999739 0.000260866
2030 : 1
2030 : 0.00634652 0.993653
2031 : 0
2031 : 0.985703 0.0142971
2032 : 1
2032 : 0.332784 0.667215
2033 : 1
2033 : 0.00991834 0.990082
2034 : 0
2034 : 0.660672 0.339328
2035 : 1
2035 : 4.87463e-08 1.0
2036 : 0
2036 : 0.999489 0.000510933
2037 : 1
2037 : 0.118279 0.881721
2038 : 0
2038 : 0.999987 1.34571e-05
2039 : 1
2039 : 0.383146 0.616854
2040 : 0
2040 : 0.997016 0.00298434
2041 : 1
2041 : 0.00212023 0.99788
2042 : 1
2042 : 0.00772336 0.992277
2043 : 1
2043 : 2.50968e-05 0.999975
2044 : 0
2044 : 1.0 6.11084e-12
2045 : 1
2045 : 0.00130146 0.998699
2046 : 1
2046 : 0.00121057 0.998789
2047 : 0
2047 : 0.998251 0.00174936
2048 : 0
2048 : 0.999999 1.52896e-06
2049 : 0
2049 : 0.999998 1.89588e-06
2050 : 1
2050 : 0.00185982 0.99814
2051 : 0
2051 : 1.0 1.74155e-07
2052 : 0
2052 : 0.990372 0.00962826
2053 : 1
2053 : 0.0904693 0.909531
2054 : 1
2054 : 7.02832e-05 0.99993
2055 : 1
2055 : 0.000195754 0.999804
2056 : 0
2056 : 0.91933 0.0806701
2057 : 1
2057 : 1.56909e-05 0.999984
2058 : 0
2058 : 0.99211 0.00789015
2059 : 1
2059 : 0.00520295 0.994797
2060 : 1
2060 : 0.000369479 0.999631
2061 : 1
2061 : 0.00012407 0.999876
2062 : 1
2062 : 1.53913e-10 1.0
2063 : 1
2063 : 0.00273771 0.997262
2064 : 1
2064 : 0.000119885 0.99988
2065 : 1
2065 : 0.207384 0.792616
2066 : 0
2066 : 1.0 1.68957e-10
2067 : 1
2067 : 4.91684e-06 0.999995
2068 : 0
2068 : 0.999906 9.43193e-05
2069 : 1
2069 : 2.35524e-07 1.0
2070 : 1
2070 : 0.349453 0.650547
2071 : 0
2071 : 0.999979 2.14412e-05
2072 : 1
2072 : 0.0253397 0.97466
2073 : 1
2073 : 5.96228e-06 0.999994
2074 : 0
2074 : 0.974754 0.0252455
2075 : 0
2075 : 0.999996 4.13676e-06
2076 : 0
2076 : 0.998667 0.00133258
2077 : 1
2077 : 4.26059e-08 1.0
2078 : 1
2078 : 0.00914252 0.990857
2079 : 0
2079 : 0.65391 0.34609
2080 : 1
2080 : 0.000110239 0.99989
2081 : 1
2081 : 8.28448e-11 1.0
2082 : 0
2082 : 0.999527 0.000473287
2083 : 1
2083 : 0.00939928 0.990601
2084 : 1
2084 : 1.03524e-07 1.0
2085 : 1
2085 : 0.00166057 0.998339
2086 : 0
2086 : 0.783222 0.216778
2087 : 0
2087 : 0.998352 0.00164751
2088 : 0
2088 : 0.994348 0.00565213
2089 : 0
2089 : 0.965675 0.034325
2090 : 1
2090 : 0.0148394 0.985161
2091 : 1
2091 : 0.000539864 0.99946
2092 : 1
2092 : 2.21349e-08 1.0
2093 : 0
2093 : 1.0 1.52141e-08
2094 : 1
2094 : 5.41904e-05 0.999946
2095 : 1
2095 : 0.000110865 0.999889
2096 : 1
2096 : 0.226846 0.773154
2097 : 0
2097 : 0.719119 0.280881
2098 : 1
2098 : 0.00552283 0.994477
2099 : 1
2099 : 0.000235926 0.999764
2100 : 0
2100 : 1.0 1.53248e-07
2101 : 1
2101 : 0.000372725 0.999627
2102 : 0
2102 : 0.904003 0.0959974
2103 : 1
2103 : 7.88076e-05 0.999921
2104 : 1
2104 : 7.60322e-06 0.999992
2105 : 0
2105 : 0.714516 0.285484
2106 : 0
2106 : 0.999936 6.42357e-05
2107 : 1
2107 : 0.00285042 0.99715
2108 : 0
2108 : 0.999952 4.84688e-05
2109 : 1
2109 : 3.85185e-12 1.0
2110 : 1
2110 : 0.000474911 0.999525
2111 : 1
2111 : 1.7266e-08 1.0
2112 : 0
2112 : 0.999997 2.84883e-06
2113 : 0
2113 : 0.999866 0.000134096
2114 : 1
2114 : 6.7358e-12 1.0
2115 : 0
2115 : 0.975175 0.0248245
2116 : 0
2116 : 0.943844 0.056156
2117 : 0
2117 : 0.999953 4.66832e-05
2118 : 0
2118 : 0.990156 0.00984381
2119 : 1
2119 : 0.00040067 0.999599
2120 : 1
2120 : 2.03297e-07 1.0
2121 : 1
2121 : 0.00955492 0.990445
2122 : 1
2122 : 0.000117202 0.999883
2123 : 0
2123 : 0.904751 0.0952486
2124 : 1
2124 : 0.112535 0.887465
2125 : 0
2125 : 0.958654 0.0413457
2126 : 1
2126 : 6.23593e-05 0.999938
2127 : 0
2127 : 0.999873 0.000127396
2128 : 0
2128 : 0.999956 4.42034e-05
2129 : 1
2129 : 0.0167479 0.983252
2130 : 0
2130 : 0.928208 0.0717918
2131 : 0
2131 : 1.0 4.7461e-09
2132 : 0
2132 : 0.948583 0.0514174
2133 : 0
2133 : 1.0 5.61786e-09
2134 : 1
2134 : 1.02939e-05 0.99999
2135 : 1
2135 : 7.31551e-14 1.0
2136 : 1
2136 : 3.91067e-10 1.0
2137 : 0
2137 : 0.772277 0.227723
2138 : 1
2138 : 8.32299e-05 0.999917
2139 : 1
2139 : 0.00156174 0.998438
2140 : 1
2140 : 8.48533e-05 0.999915
2141 : 1
2141 : 0.168467 0.831533
2142 : 0
2142 : 0.54177 0.45823
2143 : 1
2143 : 0.0149778 0.985022
2144 : 0
2144 : 0.999793 0.000207154
2145 : 1
2145 : 0.0462539 0.953746
2146 : 1
2146 : 1.61953e-07 1.0
2147 : 0
2147 : 0.999914 8.56361e-05
2148 : 1
2148 : 3.00661e-05 0.99997
2149 : 0
2149 : 0.999999 1.42353e-06
2150 : 0
2150 : 0.996887 0.00311299
2151 : 1
2151 : 0.135944 0.864056
2152 : 0
2152 : 0.99786 0.00213961
2153 : 0
2153 : 0.893433 0.106567
2154 : 1
2154 : 3.87936e-06 0.999996
2155 : 1
2155 : 0.499022 0.500978
2156 : 1
2156 : 7.55061e-05 0.999924
2157 : 1
2157 : 0.00231293 0.997687
2158 : 0
2158 : 0.986317 0.0136825
2159 : 1
2159 : 0.287331 0.712669
2160 : 1
2160 : 1.835e-05 0.999982
2161 : 0
2161 : 0.997635 0.00236473
2162 : 0
2162 : 0.99944 0.00055985
2163 : 1
2163 : 0.0378584 0.962142
2164 : 0
2164 : 0.999968 3.15926e-05
2165 : 1
2165 : 0.0023257 0.997674
2166 : 0
2166 : 0.99931 0.000690199
2167 : 0
2167 : 0.72322 0.27678
2168 : 0
2168 : 0.999998 2.09174e-06
2169 : 0
2169 : 0.999854 0.000146451
2170 : 0
2170 : 0.999453 0.000547307
2171 : 1
2171 : 0.388561 0.611439
2172 : 0
2172 : 0.807348 0.192652
2173 : 1
2173 : 0.0109948 0.989005
2174 : 1
2174 : 5.15075e-06 0.999995
2175 : 1
2175 : 0.00256506 0.997435
2176 : 0
2176 : 0.988247 0.011753
2177 : 0
2177 : 0.987568 0.0124321
2178 : 0
2178 : 0.979799 0.0202009
2179 : 1
2179 : 4.65355e-07 1.0
2180 : 1
2180 : 1.3949e-07 1.0
2181 : 0
2181 : 0.989218 0.0107823
2182 : 1
2182 : 0.17878 0.82122
2183 : 0
2183 : 0.655865 0.344135
2184 : 1
2184 : 5.67616e-05 0.999943
2185 : 1
2185 : 0.00127952 0.99872
2186 : 1
2186 : 0.00071862 0.999281
2187 : 0
2187 : 1.0 1.00367e-08
2188 : 0
2188 : 0.999992 7.89939e-06
2189 : 1
2189 : 2.64092e-06 0.999997
2190 : 0
2190 : 0.997309 0.00269122
2191 : 0
2191 : 0.999918 8.21027e-05
2192 : 1
2192 : 8.47685e-07 0.999999
2193 : 0
2193 : 0.999259 0.000740929
2194 : 1
2194 : 0.0860328 0.913967
2195 : 1
2195 : 0.313945 0.686055
2196 : 1
2196 : 5.32207e-08 1.0
2197 : 1
2197 : 0.00220357 0.997796
2198 : 0
2198 : 0.998397 0.00160319
2199 : 1
2199 : 0.000632694 0.999367
2200 : 0
2200 : 1.0 2.14699e-10
2201 : 0
2201 : 0.581072 0.418928
2202 : 1
2202 : 0.000969596 0.99903
2203 : 1
2203 : 0.167222 0.832778
2204 : 0
2204 : 0.999997 3.14133e-06
2205 : 0
2205 : 0.999952 4.83304e-05
2206 : 0
2206 : 0.894665 0.105335
2207 : 0
2207 : 0.999843 0.000157338
2208 : 0
2208 : 0.99938 0.000620491
2209 : 1
2209 : 2.20479e-07 1.0
2210 : 1
2210 : 3.6011e-05 0.999964
2211 : 1
2211 : 3.11027e-09 1.0
2212 : 1
2212 : 0.000657892 0.999342
2213 : 0
2213 : 1.0 1.91779e-09
2214 : 1
2214 : 1.51686e-08 1.0
2215 : 1
2215 : 0.000389138 0.999611
2216 : 1
2216 : 0.000875283 0.999125
2217 : 1
2217 : 0.00589519 0.994105
2218 : 0
2218 : 0.999995 5.01332e-06
2219 : 0
2219 : 0.839982 0.160018
2220 : 1
2220 : 0.00645135 0.993549
2221 : 1
2221 : 1.791e-08 1.0
2222 : 1
2222 : 6.87705e-09 1.0
2223 : 1
2223 : 0.0217598 0.97824
2224 : 0
2224 : 0.814208 0.185792
2225 : 0
2225 : 0.999837 0.00016328
2226 : 1
2226 : 0.00622629 0.993774
2227 : 0
2227 : 0.940557 0.0594426
2228 : 0
2228 : 0.995118 0.00488237
2229 : 1
2229 : 0.000215956 0.999784
2230 : 0
2230 : 0.991713 0.00828696
2231 : 0
2231 : 1.0 1.30205e-11
2232 : 1
2232 : 0.00100149 0.998998
2233 : 0
2233 : 1.0 2.42532e-08
2234 : 0
2234 : 0.991227 0.00877349
2235 : 1
2235 : 0.187726 0.812274
2236 : 1
2236 : 8.44218e-06 0.999992
2237 : 1
2237 : 0.000270751 0.999729
2238 : 1
2238 : 1.39617e-05 0.999986
2239 : 0
2239 : 0.999676 0.000324276
2240 : 1
2240 : 6.73095e-07 0.999999
2241 : 1
2241 : 3.00611e-10 1.0
2242 : 0
2242 : 1.0 2.31893e-10
2243 : 0
2243 : 0.741251 0.258749
2244 : 0
2244 : 1.0 2.98844e-07
2245 : 0
2245 : 0.999936 6.39252e-05
2246 : 1
2246 : 0.00201969 0.99798
2247 : 0
2247 : 0.993663 0.00633675
2248 : 0
2248 : 0.897362 0.102638
2249 : 1
2249 : 0.00323156 0.996768
2250 : 1
2250 : 0.00671876 0.993281
2251 : 0
2251 : 1.0 4.49687e-07
2252 : 0
2252 : 0.999938 6.1584e-05
2253 : 1
2253 : 0.00163746 0.998363
2254 : 1
2254 : 0.388689 0.611311
2255 : 1
2255 : 0.331855 0.668145
2256 : 1
2256 : 0.000571437 0.999429
2257 : 0
2257 : 0.999979 2.08292e-05
2258 : 1
2258 : 0.000563683 0.999436
2259 : 0
2259 : 0.96167 0.03833
2260 : 1
2260 : 8.81654e-05 0.999912
2261 : 1
2261 : 0.0187147 0.981285
2262 : 1
2262 : 0.022374 0.977626
2263 : 1
2263 : 0.00523068 0.994769
2264 : 0
2264 : 0.950503 0.0494973
2265 : 0
2265 : 0.99659 0.00340955
2266 : 0
2266 : 1.0 5.54371e-09
2267 : 1
2267 : 0.000116114 0.999884
2268 : 0
2268 : 1.0 3.04778e-15
2269 : 0
2269 : 0.995678 0.00432177
2270 : 0
2270 : 0.999186 0.000814383
2271 : 0
2271 : 0.999306 0.000694389
2272 : 1
2272 : 0.0641636 0.935836
2273 : 0
2273 : 0.989603 0.0103973
2274 : 0
2274 : 0.999966 3.41633e-05
2275 : 1
2275 : 0.000270546 0.999729
2276 : 1
2276 : 0.00761917 0.992381
2277 : 0
2277 : 0.784489 0.215511
2278 : 0
2278 : 0.966185 0.0338145
2279 : 1
2279 : 0.000882999 0.999117
2280 : 1
2280 : 2.43587e-05 0.999976
2281 : 1
2281 : 1.47785e-06 0.999999
2282 : 0
2282 : 0.858113 0.141887
2283 : 0
2283 : 0.999984 1.60093e-05
2284 : 1
2284 : 1.58297e-05 0.999984
2285 : 1
2285 : 0.0482332 0.951767
2286 : 0
2286 : 0.957136 0.0428637
2287 : 0
2287 : 1.0 1.9485e-10
2288 : 0
2288 : 0.999996 3.89248e-06
2289 : 0
2289 : 0.999979 2.09239e-05
2290 : 0
2290 : 0.999746 0.000254191
2291 : 0
2291 : 0.971989 0.0280113
2292 : 0
2292 : 1.0 2.02878e-08
2293 : 0
2293 : 0.99997 3.01139e-05
2294 : 0
2294 : 0.995017 0.00498287
2295 : 0
2295 : 0.952002 0.0479977
2296 : 0
2296 : 0.95741 0.0425895
2297 : 0
2297 : 0.936953 0.0630473
2298 : 0
2298 : 1.0 4.77026e-09
2299 : 0
2299 : 0.996035 0.00396517
2300 : 1
2300 : 2.54052e-05 0.999975
2301 : 1
2301 : 0.112479 0.887521
2302 : 0
2302 : 0.724758 0.275242
2303 : 0
2303 : 1.0 1.39422e-07
2304 : 1
2304 : 8.95077e-06 0.999991
2305 : 1
2305 : 0.0596334 0.940367
2306 : 1
2306 : 1.77555e-12 1.0
2307 : 0
2307 : 0.999982 1.8229e-05
2308 : 0
2308 : 0.97545 0.0245496
2309 : 0
2309 : 0.997951 0.00204857
2310 : 1
2310 : 0.00240463 0.997595
2311 : 1
2311 : 2.73093e-05 0.999973
2312 : 0
2312 : 1.0 2.04077e-07
2313 : 1
2313 : 2.12162e-07 1.0
2314 : 0
2314 : 0.995032 0.00496845
2315 : 0
2315 : 0.997245 0.00275452
2316 : 1
2316 : 0.0279006 0.972099
2317 : 0
2317 : 0.835092 0.164908
2318 : 1
2318 : 3.48335e-05 0.999965
2319 : 0
2319 : 0.997966 0.00203361
2320 : 0
2320 : 0.99984 0.000160284
2321 : 0
2321 : 0.999999 8.22183e-07
2322 : 1
2322 : 0.00514587 0.994854
2323 : 0
2323 : 0.999998 2.13698e-06
2324 : 1
2324 : 0.0194102 0.98059
2325 : 0
2325 : 0.999923 7.68009e-05
2326 : 1
2326 : 0.00630035 0.9937
2327 : 1
2327 : 0.0334608 0.966539
2328 : 0
2328 : 1.0 3.77258e-08
2329 : 0
2329 : 0.999971 2.91923e-05
2330 : 0
2330 : 0.517204 0.482796
2331 : 1
2331 : 0.0126644 0.987336
2332 : 1
2332 : 0.188083 0.811917
2333 : 1
2333 : 0.300507 0.699493
2334 : 1
2334 : 4.02508e-09 1.0
2335 : 0
2335 : 1.0 1.01041e-08
2336 : 1
2336 : 1.2352e-05 0.999988
2337 : 0
2337 : 0.988755 0.0112447
2338 : 0
2338 : 0.975289 0.0247107
2339 : 1
2339 : 0.00470501 0.995295
2340 : 1
2340 : 0.000180538 0.999819
2341 : 0
2341 : 1.0 9.26281e-11
2342 : 1
2342 : 1.28897e-06 0.999999
2343 : 0
2343 : 0.999993 7.14154e-06
2344 : 0
2344 : 0.999757 0.000242641
2345 : 1
2345 : 0.351634 0.648366
2346 : 1
2346 : 0.0320551 0.967945
2347 : 1
2347 : 0.000124124 0.999876
2348 : 0
2348 : 0.952246 0.0477535
2349 : 0
2349 : 1.0 5.78078e-12
2350 : 1
2350 : 1.91483e-07 1.0
2351 : 1
2351 : 0.00167069 0.998329
2352 : 0
2352 : 0.9921 0.00789992
2353 : 0
2353 : 0.9999 9.98389e-05
2354 : 0
2354 : 1.0 1.83873e-08
2355 : 0
2355 : 0.967102 0.0328984
2356 : 0
2356 : 0.998595 0.00140467
2357 : 1
2357 : 6.83958e-08 1.0
2358 : 1
2358 : 1.76095e-06 0.999998
2359 : 1
2359 : 1.24834e-05 0.999988
2360 : 0
2360 : 1.0 2.62896e-07
2361 : 1
2361 : 0.0171146 0.982885
2362 : 1
2362 : 0.133414 0.866586
2363 : 0
2363 : 0.615894 0.384106
2364 : 0
2364 : 1.0 1.06583e-09
2365 : 1
2365 : 0.294815 0.705185
2366 : 1
2366 : 6.95516e-17 1.0
2367 : 0
2367 : 1.0 2.49253e-08
2368 : 1
2368 : 0.000346682 0.999653
2369 : 0
2369 : 1.0 8.66779e-09
2370 : 1
2370 : 0.228122 0.771878
2371 : 0
2371 : 0.999991 9.04161e-06
2372 : 1
2372 : 0.000956828 0.999043
2373 : 1
2373 : 0.00112631 0.998874
2374 : 1
2374 : 0.00275279 0.997247
2375 : 0
2375 : 0.992212 0.00778823
2376 : 1
2376 : 1.29826e-06 0.999999
2377 : 0
2377 : 0.999819 0.000180611
2378 : 1
2378 : 0.0187538 0.981246
2379 : 0
2379 : 0.993104 0.00689621
2380 : 0
2380 : 0.999656 0.000344097
2381 : 1
2381 : 4.81888e-05 0.999952
2382 : 1
2382 : 0.143699 0.856301
2383 : 1
2383 : 0.00685743 0.993143
2384 : 1
2384 : 0.0431703 0.95683
2385 : 1
2385 : 0.000378075 0.999622
2386 : 0
2386 : 0.877048 0.122952
2387 : 0
2387 : 1.0 1.52485e-10
2388 : 1
2388 : 4.43001e-05 0.999956
2389 : 1
2389 : 0.0566887 0.943311
2390 : 1
2390 : 0.385113 0.614887
2391 : 1
2391 : 1.6418e-07 1.0
2392 : 0
2392 : 0.999883 0.00011714
2393 : 0
2393 : 0.707839 0.292161
2394 : 0
2394 : 0.999993 6.56135e-06
2395 : 0
2395 : 0.995316 0.00468412
2396 : 0
2396 : 0.998337 0.00166341
2397 : 1
2397 : 0.128806 0.871194
2398 : 1
2398 : 0.0080716 0.991928
2399 : 0
2399 : 0.999992 8.05297e-06
2400 : 0
2400 : 0.994993 0.00500713
2401 : 0
2401 : 0.926906 0.0730938
2402 : 0
2402 : 0.987547 0.0124534
2403 : 1
2403 : 0.00434107 0.995659
2404 : 1
2404 : 1.82121e-07 1.0
2405 : 0
2405 : 0.99943 0.000569806
2406 : 1
2406 : 3.16949e-05 0.999968
2407 : 0
2407 : 0.999943 5.68935e-05
2408 : 0
2408 : 0.999282 0.000718037
2409 : 0
2409 : 0.999526 0.000473936
2410 : 0
2410 : 1.0 5.53075e-09
2411 : 0
2411 : 0.997842 0.00215825
2412 : 1
2412 : 1.1801e-06 0.999999
2413 : 1
2413 : 0.0333711 0.966629
2414 : 0
2414 : 0.999991 9.08798e-06
2415 : 0
2415 : 0.999806 0.000193821
2416 : 1
2416 : 0.00154214 0.998458
2417 : 0
2417 : 0.844194 0.155806
2418 : 0
2418 : 0.999921 7.92243e-05
2419 : 0
2419 : 0.852406 0.147594
2420 : 1
2420 : 0.000355504 0.999645
2421 : 0
2421 : 0.999899 0.000101326
2422 : 0
2422 : 0.671679 0.328321
2423 : 0
2423 : 0.998898 0.00110207
2424 : 0
2424 : 0.818162 0.181838
2425 : 0
2425 : 0.999999 8.12954e-07
2426 : 0
2426 : 0.999982 1.80025e-05
2427 : 0
2427 : 0.993326 0.00667354
2428 : 1
2428 : 0.361662 0.638338
2429 : 1
2429 : 0.00243982 0.99756
2430 : 1
2430 : 0.00114224 0.998858
2431 : 1
2431 : 0.000709148 0.999291
2432 : 1
2432 : 0.279346 0.720654
2433 : 1
2433 : 0.00104665 0.998953
2434 : 0
2434 : 0.996146 0.00385371
2435 : 0
2435 : 0.999591 0.000408611
2436 : 1
2436 : 0.00122572 0.998774
2437 : 1
2437 : 6.27658e-05 0.999937
2438 : 1
2438 : 0.000117086 0.999883
2439 : 0
2439 : 0.988471 0.0115292
2440 : 0
2440 : 0.999932 6.78401e-05
2441 : 1
2441 : 0.0943941 0.905606
2442 : 1
2442 : 5.88664e-07 0.999999
2443 : 0
2443 : 1.0 1.23736e-07
2444 : 1
2444 : 3.39392e-11 1.0
2445 : 0
2445 : 0.998128 0.00187169
2446 : 0
2446 : 0.975801 0.0241986
2447 : 1
2447 : 0.0502047 0.949795
2448 : 1
2448 : 0.000531044 0.999469
2449 : 0
2449 : 0.998286 0.00171395
2450 : 1
2450 : 0.067177 0.932823
2451 : 1
2451 : 0.000272008 0.999728
2452 : 0
2452 : 0.933982 0.0660182
2453 : 0
2453 : 0.999923 7.70429e-05
2454 : 0
2454 : 1.0 1.66381e-08
2455 : 1
2455 : 0.000263918 0.999736
2456 : 1
2456 : 0.00545471 0.994545
2457 : 1
2457 : 3.65666e-07 1.0
2458 : 0
2458 : 0.987253 0.0127474
2459 : 1
2459 : 0.00025913 0.999741
2460 : 0
2460 : 1.0 4.18883e-10
2461 : 1
2461 : 0.275334 0.724666
2462 : 1
2462 : 0.000490583 0.999509
2463 : 0
2463 : 0.999782 0.000217965
2464 : 0
2464 : 0.99236 0.00763975
2465 : 1
2465 : 0.440693 0.559307
2466 : 1
2466 : 0.00125344 0.998747
2467 : 1
2467 : 1.8261e-05 0.999982
2468 : 1
2468 : 0.00108102 0.998919
2469 : 1
2469 : 1.14033e-05 0.999989
2470 : 1
2470 : 4.836e-09 1.0
2471 : 1
2471 : 0.000247711 0.999752
2472 : 1
2472 : 0.160575 0.839425
2473 : 0
2473 : 0.999994 5.54622e-06
2474 : 1
2474 : 1.97496e-11 1.0
2475 : 0
2475 : 0.999982 1.81092e-05
2476 : 1
2476 : 2.68917e-06 0.999997
2477 : 0
2477 : 0.999977 2.25737e-05
2478 : 1
2478 : 0.00254373 0.997456
2479 : 0
2479 : 0.962788 0.0372125
2480 : 0
2480 : 1.0 4.25097e-11
2481 : 1
2481 : 0.00461111 0.995389
2482 : 1
2482 : 6.53166e-05 0.999935
2483 : 1
2483 : 0.00190195 0.998098
2484 : 1
2484 : 2.67248e-06 0.999997
2485 : 0
2485 : 1.0 1.12261e-07
2486 : 0
2486 : 0.99484 0.00515958
2487 : 1
2487 : 6.54634e-08 1.0
2488 : 0
2488 : 1.0 1.81113e-07
2489 : 0
2489 : 0.570988 0.429012
2490 : 1
2490 : 0.000150407 0.99985
2491 : 1
2491 : 8.78638e-08 1.0
2492 : 0
2492 : 1.0 2.03727e-10
2493 : 0
2493 : 1.0 2.79418e-08
2494 : 1
2494 : 4.77439e-06 0.999995
2495 : 0
2495 : 0.991256 0.00874358
2496 : 0
2496 : 0.986914 0.0130861
2497 : 0
2497 : 0.992027 0.00797326
2498 : 1
2498 : 3.71424e-05 0.999963
2499 : 0
2499 : 0.99994 6.02638e-05
2500 : 0
2500 : 0.852251 0.147749
2501 : 0
2501 : 1.0 8.87715e-08
2502 : 0
2502 : 0.97768 0.0223198
2503 : 0
2503 : 0.999851 0.000149431
2504 : 1
2504 : 1.40856e-05 0.999986
2505 : 1
2505 : 2.929e-05 0.999971
2506 : 1
2506 : 2.21901e-08 1.0
2507 : 1
2507 : 1.31521e-10 1.0
2508 : 0
2508 : 0.999816 0.000184432
2509 : 1
2509 : 2.93894e-08 1.0
2510 : 1
2510 : 0.00326844 0.996732
2511 : 1
2511 : 0.00121829 0.998782
2512 : 0
2512 : 0.998499 0.00150083
2513 : 0
2513 : 1.0 1.36989e-07
2514 : 1
2514 : 0.000125719 0.999874
2515 : 1
2515 : 0.0109998 0.989
2516 : 0
2516 : 0.999797 0.000203115
2517 : 0
2517 : 1.0 3.57728e-07
2518 : 1
2518 : 3.84415e-12 1.0
2519 : 0
2519 : 0.990087 0.0099129
2520 : 1
2520 : 0.000260368 0.99974
2521 : 1
2521 : 0.486741 0.513259
2522 : 1
2522 : 0.000496232 0.999504
2523 : 1
2523 : 0.0792472 0.920753
2524 : 1
2524 : 0.370134 0.629866
2525 : 1
2525 : 0.096869 0.903131
2526 : 0
2526 : 0.97866 0.0213403
2527 : 1
2527 : 0.000363171 0.999637
2528 : 0
2528 : 0.999479 0.000521497
2529 : 0
2529 : 0.6494 0.3506
2530 : 0
2530 : 0.985631 0.0143691
2531 : 0
2531 : 0.999996 3.69039e-06
2532 : 1
2532 : 1.33801e-05 0.999987
2533 : 1
2533 : 6.34613e-05 0.999937
2534 : 0
2534 : 0.999967 3.33958e-05
2535 : 0
2535 : 0.999602 0.000397724
2536 : 1
2536 : 0.0031237 0.996876
2537 : 1
2537 : 1.21097e-15 1.0
2538 : 0
2538 : 0.997482 0.0025175
2539 : 0
2539 : 0.986502 0.0134981
2540 : 0
2540 : 0.99749 0.00250961
2541 : 1
2541 : 0.000289779 0.99971
2542 : 0
2542 : 1.0 1.13334e-09
2543 : 1
2543 : 0.00124435 0.998756
2544 : 1
2544 : 0.0518098 0.94819
2545 : 0
2545 : 1.0 7.31146e-13
2546 : 1
2546 : 6.62471e-11 1.0
2547 : 1
2547 : 0.0015937 0.998406
2548 : 0
2548 : 0.985312 0.0146876
2549 : 0
2549 : 0.999946 5.4081e-05
2550 : 0
2550 : 0.999993 7.29365e-06
2551 : 0
2551 : 0.962039 0.0379615
2552 : 1
2552 : 0.0170244 0.982976
2553 : 0
2553 : 0.999999 5.9982e-07
2554 : 0
2554 : 1.0 2.27758e-09
2555 : 1
2555 : 3.34029e-11 1.0
2556 : 1
2556 : 0.0012951 0.998705
2557 : 1
2557 : 0.000933023 0.999067
2558 : 0
2558 : 1.0 1.44842e-09
2559 : 1
2559 : 1.56924e-09 1.0
2560 : 1
2560 : 9.66624e-07 0.999999
2561 : 1
2561 : 0.00123337 0.998767
2562 : 1
2562 : 6.21181e-10 1.0
2563 : 0
2563 : 0.613209 0.386791
2564 : 0
2564 : 0.964848 0.0351525
2565 : 0
2565 : 0.999999 1.03752e-06
2566 : 1
2566 : 0.0216188 0.978381
2567 : 0
2567 : 0.998407 0.0015925
2568 : 1
2568 : 0.000926894 0.999073
2569 : 1
2569 : 1.33671e-06 0.999999
2570 : 0
2570 : 0.99767 0.00233026
2571 : 0
2571 : 0.994517 0.00548273
2572 : 0
2572 : 0.999995 5.19517e-06
2573 : 1
2573 : 0.0180897 0.98191
2574 : 0
2574 : 0.999808 0.000192446
2575 : 1
2575 : 0.021076 0.978924
2576 : 0
2576 : 0.999524 0.000476107
2577 : 1
2577 : 0.0880633 0.911937
2578 : 0
2578 : 0.999747 0.000253
2579 : 1
2579 : 5.44846e-05 0.999945
2580 : 0
2580 : 0.999928 7.20252e-05
2581 : 1
2581 : 0.0161233 0.983877
2582 : 1
2582 : 0.000597214 0.999403
2583 : 1
2583 : 5.21944e-05 0.999948
2584 : 0
2584 : 0.665471 0.334529
2585 : 0
2585 : 1.0 9.38863e-10
2586 : 0
2586 : 1.0 3.66216e-11
2587 : 0
2587 : 0.999992 7.52475e-06
2588 : 0
2588 : 0.837906 0.162094
2589 : 1
2589 : 0.00348563 0.996514
2590 : 1
2590 : 5.18835e-06 0.999995
2591 : 0
2591 : 0.998876 0.00112442
2592 : 0
2592 : 0.999928 7.16782e-05
2593 : 0
2593 : 0.999624 0.000375923
2594 : 1
2594 : 0.000212099 0.999788
2595 : 1
2595 : 0.0070491 0.992951
2596 : 0
2596 : 0.999917 8.32157e-05
2597 : 0
2597 : 0.9893 0.0107004
2598 : 1
2598 : 5.2841e-07 0.999999
2599 : 1
2599 : 6.84281e-09 1.0
2600 : 1
2600 : 0.0282929 0.971707
2601 : 1
2601 : 7.26791e-06 0.999993
2602 : 1
2602 : 1.85515e-05 0.999981
2603 : 1
2603 : 0.104188 0.895812
2604 : 0
2604 : 0.805258 0.194742
2605 : 1
2605 : 0.0227768 0.977223
2606 : 1
2606 : 5.8026e-06 0.999994
2607 : 0
2607 : 0.999401 0.000599083
2608 : 1
2608 : 0.000852329 0.999148
2609 : 1
2609 : 0.000304929 0.999695
2610 : 0
2610 : 1.0 2.82011e-11
2611 : 0
2611 : 0.99973 0.000270188
2612 : 0
2612 : 0.902396 0.0976037
2613 : 1
2613 : 0.00548454 0.994515
2614 : 1
2614 : 7.22239e-08 1.0
2615 : 1
2615 : 0.46618 0.53382
2616 : 1
2616 : 0.0205947 0.979405
2617 : 1
2617 : 1.3227e-10 1.0
2618 : 1
2618 : 0.0228914 0.977109
2619 : 0
2619 : 0.999982 1.76045e-05
2620 : 0
2620 : 0.999999 7.40124e-07
2621 : 0
2621 : 0.999431 0.000569333
2622 : 0
2622 : 0.999965 3.49528e-05
2623 : 0
2623 : 0.999999 7.23323e-07
2624 : 1
2624 : 1.28297e-07 1.0
2625 : 0
2625 : 1.0 2.22341e-14
2626 : 1
2626 : 1.23077e-06 0.999999
2627 : 1
2627 : 0.00118936 0.998811
2628 : 1
2628 : 5.23113e-07 0.999999
2629 : 1
2629 : 5.61259e-06 0.999994
2630 : 0
2630 : 0.999894 0.000106065
2631 : 0
2631 : 0.736033 0.263967
2632 : 1
2632 : 0.272039 0.727961
2633 : 1
2633 : 0.0738418 0.926158
2634 : 0
2634 : 0.545451 0.45455
2635 : 0
2635 : 0.978829 0.0211712
2636 : 0
2636 : 0.999925 7.47759e-05
2637 : 0
2637 : 0.999998 1.55093e-06
2638 : 0
2638 : 0.768575 0.231425
2639 : 0
2639 : 1.0 1.22235e-07
2640 : 0
2640 : 0.999997 3.06088e-06
2641 : 1
2641 : 0.00194582 0.998054
2642 : 0
2642 : 0.896014 0.103986
2643 : 1
2643 : 9.1565e-05 0.999908
2644 : 1
2644 : 0.236732 0.763268
2645 : 1
2645 : 0.000223671 0.999776
2646 : 0
2646 : 0.999426 0.000574319
2647 : 1
2647 : 0.483467 0.516533
2648 : 0
2648 : 0.750739 0.249261
2649 : 0
2649 : 0.974781 0.0252189
2650 : 0
2650 : 0.995338 0.00466215
2651 : 1
2651 : 8.51646e-05 0.999915
2652 : 0
2652 : 0.941171 0.0588287
2653 : 0
2653 : 0.999839 0.000161324
2654 : 1
2654 : 0.231465 0.768535
2655 : 0
2655 : 0.98226 0.0177398
2656 : 1
2656 : 0.0124989 0.987501
2657 : 1
2657 : 0.0517388 0.948261
2658 : 0
2658 : 0.999853 0.000147103
2659 : 0
2659 : 0.999867 0.000132726
2660 : 0
2660 : 1.0 1.40035e-07
2661 : 1
2661 : 0.00135269 0.998647
2662 : 0
2662 : 0.99664 0.00336003
2663 : 1
2663 : 0.00016447 0.999835
2664 : 1
2664 : 0.0076228 0.992377
2665 : 0
2665 : 0.998512 0.00148756
2666 : 0
2666 : 0.999116 0.000884
2667 : 1
2667 : 0.167499 0.832501
2668 : 0
2668 : 0.631066 0.368935
2669 : 0
2669 : 0.999271 0.000729078
2670 : 0
2670 : 0.996963 0.00303684
2671 : 1
2671 : 7.02948e-06 0.999993
2672 : 0
2672 : 1.0 1.01847e-12
2673 : 1
2673 : 0.0501644 0.949836
2674 : 0
2674 : 0.999996 4.20716e-06
2675 : 0
2675 : 1.0 2.31238e-07
2676 : 0
2676 : 0.699031 0.300969
2677 : 1
2677 : 0.000148107 0.999852
2678 : 1
2678 : 0.000737577 0.999262
2679 : 1
2679 : 0.0353551 0.964645
2680 : 1
2680 : 0.00359157 0.996408
2681 : 0
2681 : 0.971765 0.0282349
2682 : 1
2682 : 4.22152e-11 1.0
2683 : 0
2683 : 0.52979 0.47021
2684 : 1
2684 : 3.09774e-05 0.999969
2685 : 0
2685 : 0.966223 0.0337769
2686 : 0
2686 : 0.999996 3.6608e-06
2687 : 1
2687 : 0.121889 0.878111
2688 : 0
2688 : 0.999298 0.000702121
2689 : 1
2689 : 0.00058016 0.99942
2690 : 0
2690 : 0.999966 3.41827e-05
2691 : 1
2691 : 0.00725423 0.992746
2692 : 1
2692 : 5.73404e-06 0.999994
2693 : 0
2693 : 1.0 2.50239e-07
2694 : 0
2694 : 0.990341 0.00965863
2695 : 0
2695 : 0.667291 0.332709
2696 : 0
2696 : 0.99983 0.000170364
2697 : 1
2697 : 4.21011e-08 1.0
2698 : 0
2698 : 0.709904 0.290096
2699 : 0
2699 : 0.996224 0.0037765
2700 : 1
2700 : 0.119004 0.880996
2701 : 0
2701 : 0.898196 0.101804
2702 : 1
2702 : 0.00146209 0.998538
2703 : 0
2703 : 0.999995 5.41187e-06
2704 : 1
2704 : 1.62821e-07 1.0
2705 : 1
2705 : 1.61547e-05 0.999984
2706 : 0
2706 : 0.972674 0.0273257
2707 : 0
2707 : 0.999332 0.000668181
2708 : 0
2708 : 0.995937 0.00406291
2709 : 1
2709 : 0.00654996 0.99345
2710 : 1
2710 : 0.00363214 0.996368
2711 : 1
2711 : 0.000968858 0.999031
2712 : 0
2712 : 0.946339 0.0536609
2713 : 1
2713 : 0.0929092 0.907091
2714 : 1
2714 : 0.0184887 0.981511
2715 : 0
2715 : 0.999863 0.00013658
2716 : 0
2716 : 0.998873 0.00112691
2717 : 1
2717 : 0.00267864 0.997321
2718 : 1
2718 : 0.00132425 0.998676
2719 : 1
2719 : 0.000191689 0.999808
2720 : 0
2720 : 0.999929 7.08639e-05
2721 : 1
2721 : 3.87409e-05 0.999961
2722 : 1
2722 : 5.19148e-05 0.999948
2723 : 0
2723 : 0.997917 0.00208278
2724 : 1
2724 : 5.15151e-05 0.999949
2725 : 0
2725 : 0.998164 0.00183558
2726 : 0
2726 : 0.999998 1.55065e-06
2727 : 0
2727 : 0.507833 0.492167
2728 : 0
2728 : 0.996969 0.00303086
2729 : 0
2729 : 0.999934 6.56629e-05
2730 : 1
2730 : 0.000681512 0.999319
2731 : 0
2731 : 0.999998 2.21688e-06
2732 : 1
2732 : 0.000338104 0.999662
2733 : 0
2733 : 0.998589 0.00141103
2734 : 0
2734 : 0.999995 5.26974e-06
2735 : 0
2735 : 0.998075 0.00192539
2736 : 0
2736 : 1.0 3.04737e-11
2737 : 1
2737 : 4.53258e-11 1.0
2738 : 1
2738 : 0.0289831 0.971017
2739 : 1
2739 : 3.64371e-05 0.999964
2740 : 1
2740 : 0.00841751 0.991582
2741 : 0
2741 : 0.999986 1.40817e-05
2742 : 0
2742 : 0.775673 0.224327
2743 : 1
2743 : 0.00218652 0.997813
2744 : 1
2744 : 0.000639289 0.999361
2745 : 1
2745 : 2.18935e-09 1.0
2746 : 0
2746 : 0.999653 0.000347117
2747 : 0
2747 : 0.55083 0.44917
2748 : 0
2748 : 0.99298 0.00702005
2749 : 0
2749 : 0.999999 1.16912e-06
2750 : 0
2750 : 0.998936 0.00106396
2751 : 1
2751 : 0.00164877 0.998351
2752 : 1
2752 : 0.000962863 0.999037
2753 : 0
2753 : 0.811352 0.188648
2754 : 0
2754 : 1.0 4.1032e-07
2755 : 1
2755 : 0.00867764 0.991322
2756 : 1
2756 : 5.72358e-10 1.0
2757 : 1
2757 : 0.000946047 0.999054
2758 : 1
2758 : 0.442317 0.557683
2759 : 0
2759 : 0.898039 0.101962
2760 : 1
2760 : 0.0171984 0.982802
2761 : 1
2761 : 0.0837658 0.916234
2762 : 0
2762 : 0.999961 3.88707e-05
2763 : 1
2763 : 0.0013587 0.998641
2764 : 1
2764 : 0.000978181 0.999022
2765 : 1
2765 : 0.301376 0.698624
2766 : 1
2766 : 1.6344e-06 0.999998
2767 : 1
2767 : 4.21857e-11 1.0
2768 : 1
2768 : 0.0184161 0.981584
2769 : 1
2769 : 0.110886 0.889114
2770 : 1
2770 : 0.000683058 0.999317
2771 : 1
2771 : 1.19731e-12 1.0
2772 : 1
2772 : 0.00587621 0.994124
2773 : 0
2773 : 0.999996 3.50324e-06
2774 : 1
2774 : 0.00304688 0.996953
2775 : 1
2775 : 0.000251795 0.999748
2776 : 1
2776 : 6.61742e-07 0.999999
2777 : 1
2777 : 2.52981e-07 1.0
2778 : 1
2778 : 0.00120198 0.998798
2779 : 1
2779 : 4.92107e-07 1.0
2780 : 0
2780 : 1.0 5.35837e-09
2781 : 0
2781 : 0.884638 0.115362
2782 : 0
2782 : 0.998822 0.00117805
2783 : 0
2783 : 0.999983 1.66854e-05
2784 : 0
2784 : 1.0 1.23667e-07
2785 : 0
2785 : 0.999995 4.58684e-06
2786 : 1
2786 : 0.00229869 0.997701
2787 : 0
2787 : 0.990764 0.00923556
2788 : 1
2788 : 4.16661e-11 1.0
2789 : 1
2789 : 0.000614117 0.999386
2790 : 1
2790 : 0.0573024 0.942698
2791 : 1
2791 : 1.45013e-05 0.999986
2792 : 1
2792 : 0.00263049 0.99737
2793 : 0
2793 : 0.999792 0.000207631
2794 : 0
2794 : 1.0 2.08868e-07
2795 : 1
2795 : 0.00103964 0.99896
2796 : 1
2796 : 2.04867e-07 1.0
2797 : 0
2797 : 0.999967 3.25871e-05
2798 : 1
2798 : 0.000481697 0.999518
2799 : 0
2799 : 0.971164 0.0288364
2800 : 1
2800 : 0.00100672 0.998993
2801 : 1
2801 : 0.00454707 0.995453
2802 : 0
2802 : 0.992541 0.00745881
2803 : 0
2803 : 0.999991 9.49426e-06
2804 : 1
2804 : 0.000466904 0.999533
2805 : 0
2805 : 1.0 3.14782e-08
2806 : 1
2806 : 0.0116809 0.988319
2807 : 0
2807 : 0.999999 1.49165e-06
2808 : 0
2808 : 0.991977 0.00802258
2809 : 0
2809 : 0.976876 0.0231237
2810 : 0
2810 : 1.0 3.57911e-13
2811 : 0
2811 : 0.982956 0.0170442
2812 : 1
2812 : 0.320216 0.679784
2813 : 1
2813 : 0.00448487 0.995515
2814 : 0
2814 : 0.999949 5.08524e-05
2815 : 0
2815 : 0.999969 3.0922e-05
2816 : 0
2816 : 0.999992 7.84153e-06
2817 : 0
2817 : 0.969612 0.0303878
2818 : 1
2818 : 0.0526904 0.94731
2819 : 0
2819 : 0.999947 5.26469e-05
2820 : 1
2820 : 5.79832e-09 1.0
2821 : 0
2821 : 0.999985 1.52526e-05
2822 : 1
2822 : 5.96725e-05 0.99994
2823 : 0
2823 : 0.97267 0.0273299
2824 : 1
2824 : 2.04319e-06 0.999998
2825 : 1
2825 : 0.157368 0.842632
2826 : 1
2826 : 8.68864e-06 0.999991
2827 : 1
2827 : 0.00437855 0.995621
2828 : 0
2828 : 1.0 1.24231e-08
2829 : 1
2829 : 0.012837 0.987163
2830 : 1
2830 : 0.00171627 0.998284
2831 : 0
2831 : 1.0 2.64017e-07
2832 : 0
2832 : 0.928512 0.0714877
2833 : 1
2833 : 9.319e-12 1.0
2834 : 1
2834 : 0.000406011 0.999594
2835 : 0
2835 : 0.99999 1.00196e-05
2836 : 0
2836 : 0.992958 0.00704202
2837 : 0
2837 : 1.0 2.37991e-07
2838 : 0
2838 : 0.999653 0.00034677
2839 : 0
2839 : 0.999995 4.50567e-06
2840 : 0
2840 : 1.0 1.82024e-07
2841 : 1
2841 : 0.00340716 0.996593
2842 : 1
2842 : 0.00115195 0.998848
2843 : 1
2843 : 4.92927e-05 0.999951
2844 : 1
2844 : 2.66091e-06 0.999997
2845 : 1
2845 : 0.00077347 0.999227
2846 : 1
2846 : 0.00674407 0.993256
2847 : 0
2847 : 0.534454 0.465546
2848 : 0
2848 : 0.999973 2.70685e-05
2849 : 0
2849 : 0.999602 0.000398424
2850 : 0
2850 : 0.999965 3.548e-05
2851 : 0
2851 : 1.0 9.37597e-10
2852 : 0
2852 : 0.999853 0.000147056
2853 : 0
2853 : 1.0 1.17267e-09
2854 : 0
2854 : 1.0 3.23699e-11
2855 : 1
2855 : 0.00284535 0.997155
2856 : 1
2856 : 3.67085e-07 1.0
2857 : 0
2857 : 0.874748 0.125252
2858 : 0
2858 : 0.773206 0.226794
2859 : 0
2859 : 0.575664 0.424336
2860 : 1
2860 : 0.000475815 0.999524
2861 : 0
2861 : 0.997161 0.0028387
2862 : 1
2862 : 0.0197504 0.98025
2863 : 0
2863 : 0.999993 7.14472e-06
2864 : 1
2864 : 3.55767e-05 0.999964
2865 : 0
2865 : 0.999723 0.000277105
2866 : 0
2866 : 0.999985 1.46862e-05
2867 : 1
2867 : 0.00211034 0.99789
2868 : 1
2868 : 0.0336418 0.966358
2869 : 0
2869 : 0.993859 0.0061415
2870 : 1
2870 : 0.0402913 0.959709
2871 : 0
2871 : 0.997463 0.00253738
2872 : 0
2872 : 0.82612 0.17388
2873 : 0
2873 : 1.0 6.79991e-12
2874 : 0
2874 : 0.999999 7.80759e-07
2875 : 1
2875 : 0.000287188 0.999713
2876 : 1
2876 : 8.16623e-07 0.999999
2877 : 1
2877 : 8.08213e-06 0.999992
2878 : 1
2878 : 4.25544e-05 0.999957
2879 : 1
2879 : 0.00026388 0.999736
2880 : 0
2880 : 0.999103 0.000897437
2881 : 1
2881 : 3.69631e-06 0.999996
2882 : 1
2882 : 0.0285322 0.971468
2883 : 0
2883 : 0.994399 0.00560109
2884 : 0
2884 : 0.999622 0.00037828
2885 : 1
2885 : 0.400975 0.599025
2886 : 0
2886 : 0.999999 1.25207e-06
2887 : 0
2887 : 0.999244 0.000756162
2888 : 0
2888 : 1.0 1.84824e-09
2889 : 1
2889 : 3.07271e-05 0.999969
2890 : 0
2890 : 1.0 2.45562e-09
2891 : 1
2891 : 8.25119e-08 1.0
2892 : 1
2892 : 7.81445e-13 1.0
2893 : 0
2893 : 0.998092 0.00190776
2894 : 0
2894 : 0.942151 0.0578485
2895 : 1
2895 : 4.86583e-07 1.0
2896 : 0
2896 : 0.916041 0.0839586
2897 : 0
2897 : 0.999999 1.32775e-06
2898 : 1
2898 : 0.00234557 0.997654
2899 : 0
2899 : 0.999053 0.000947208
2900 : 1
2900 : 5.21223e-08 1.0
2901 : 0
2901 : 0.998645 0.00135489
2902 : 1
2902 : 0.0123687 0.987631
2903 : 0
2903 : 0.999004 0.000995459
2904 : 0
2904 : 0.997398 0.00260196
2905 : 0
2905 : 0.804916 0.195084
2906 : 0
2906 : 0.999999 1.23565e-06
2907 : 1
2907 : 0.0136532 0.986347
2908 : 0
2908 : 0.999947 5.2981e-05
2909 : 0
2909 : 0.99996 4.00208e-05
2910 : 0
2910 : 0.628023 0.371977
2911 : 1
2911 : 0.000806909 0.999193
2912 : 1
2912 : 5.78865e-06 0.999994
2913 : 0
2913 : 0.999934 6.60211e-05
2914 : 0
2914 : 0.999536 0.000464449
2915 : 0
2915 : 0.99795 0.00204957
2916 : 1
2916 : 1.29728e-05 0.999987
2917 : 0
2917 : 0.99841 0.00158977
2918 : 0
2918 : 0.999669 0.000331341
2919 : 1
2919 : 0.000902329 0.999098
2920 : 1
2920 : 0.116356 0.883644
2921 : 0
2921 : 0.997077 0.00292318
2922 : 0
2922 : 0.957852 0.0421475
2923 : 1
2923 : 0.0190151 0.980985
2924 : 1
2924 : 0.223481 0.776519
2925 : 1
2925 : 1.65025e-06 0.999998
2926 : 0
2926 : 0.999992 8.34828e-06
2927 : 1
2927 : 9.96113e-05 0.9999
2928 : 1
2928 : 8.79185e-07 0.999999
2929 : 0
2929 : 0.99996 3.99428e-05
2930 : 0
2930 : 0.992499 0.00750107
2931 : 1
2931 : 8.13739e-06 0.999992
2932 : 0
2932 : 0.986122 0.0138777
2933 : 1
2933 : 0.109497 0.890503
2934 : 0
2934 : 0.738714 0.261286
2935 : 0
2935 : 1.0 2.47132e-08
2936 : 1
2936 : 0.000690176 0.99931
2937 : 1
2937 : 0.130557 0.869443
2938 : 0
2938 : 0.934546 0.0654541
2939 : 0
2939 : 0.85701 0.14299
2940 : 1
2940 : 5.59908e-07 0.999999
2941 : 0
2941 : 0.999731 0.00026933
2942 : 0
2942 : 0.999936 6.36214e-05
2943 : 1
2943 : 0.107176 0.892824
2944 : 0
2944 : 1.0 1.12538e-07
2945 : 1
2945 : 0.008866 0.991134
2946 : 1
2946 : 2.32735e-05 0.999977
2947 : 0
2947 : 1.0 4.96111e-09
2948 : 1
2948 : 0.125026 0.874974
2949 : 1
2949 : 5.91682e-05 0.999941
2950 : 1
2950 : 0.00494826 0.995052
2951 : 1
2951 : 0.00728469 0.992715
2952 : 1
2952 : 2.20863e-08 1.0
2953 : 0
2953 : 0.998876 0.00112368
2954 : 0
2954 : 0.999991 8.76593e-06
2955 : 1
2955 : 0.44944 0.55056
2956 : 0
2956 : 0.675621 0.324379
2957 : 1
2957 : 0.000365166 0.999635
2958 : 1
2958 : 0.0556539 0.944346
2959 : 0
2959 : 0.992848 0.00715177
2960 : 0
2960 : 0.999665 0.000334779
2961 : 1
2961 : 0.0295826 0.970417
2962 : 0
2962 : 1.0 1.34837e-08
2963 : 1
2963 : 4.34766e-05 0.999957
2964 : 1
2964 : 6.04682e-12 1.0
2965 : 0
2965 : 0.966324 0.033676
2966 : 0
2966 : 1.0 1.88618e-08
2967 : 0
2967 : 0.997741 0.002259
2968 : 0
2968 : 0.999856 0.000143743
2969 : 1
2969 : 0.000687436 0.999313
2970 : 0
2970 : 0.997271 0.00272871
2971 : 1
2971 : 0.000204375 0.999796
2972 : 0
2972 : 0.862021 0.137979
2973 : 1
2973 : 0.394197 0.605803
2974 : 1
2974 : 0.238729 0.761271
2975 : 1
2975 : 0.000789592 0.99921
2976 : 0
2976 : 1.0 3.02702e-07
2977 : 0
2977 : 0.639021 0.360979
2978 : 0
2978 : 0.999855 0.000144645
2979 : 1
2979 : 0.369762 0.630238
2980 : 1
2980 : 0.0335405 0.966459
2981 : 1
2981 : 0.00133294 0.998667
2982 : 1
2982 : 0.427883 0.572117
2983 : 0
2983 : 1.0 1.38659e-08
2984 : 0
2984 : 0.804964 0.195036
2985 : 0
2985 : 0.938662 0.0613384
2986 : 1
2986 : 0.00145108 0.998549
2987 : 0
2987 : 0.998468 0.00153158
2988 : 1
2988 : 6.61444e-06 0.999993
2989 : 0
2989 : 0.999915 8.47343e-05
2990 : 1
2990 : 0.000553849 0.999446
2991 : 0
2991 : 1.0 7.66162e-09
2992 : 1
2992 : 0.000191239 0.999809
2993 : 0
2993 : 0.908238 0.0917622
2994 : 0
2994 : 0.95614 0.0438598
2995 : 0
2995 : 0.999985 1.50033e-05
2996 : 1
2996 : 0.00759763 0.992402
2997 : 1
2997 : 0.107774 0.892226
2998 : 1
2998 : 9.06783e-09 1.0
2999 : 0
2999 : 0.999789 0.000210873
3000 : 1
3000 : 0.00128547 0.998715
3001 : 0
3001 : 0.993421 0.00657902
3002 : 1
3002 : 0.0121769 0.987823
3003 : 1
3003 : 0.125257 0.874743
3004 : 1
3004 : 0.166724 0.833276
3005 : 1
3005 : 0.00193645 0.998064
3006 : 1
3006 : 6.03322e-05 0.99994
3007 : 1
3007 : 0.000146261 0.999854
3008 : 0
3008 : 0.971427 0.0285726
3009 : 1
3009 : 0.00116791 0.998832
3010 : 0
3010 : 0.985929 0.0140709
3011 : 1
3011 : 0.00267392 0.997326
3012 : 1
3012 : 0.0657567 0.934243
3013 : 1
3013 : 0.0367054 0.963295
3014 : 0
3014 : 1.0 1.73186e-07
3015 : 1
3015 : 0.000944574 0.999055
3016 : 1
3016 : 9.84736e-07 0.999999
3017 : 0
3017 : 0.998442 0.00155759
3018 : 1
3018 : 0.00311478 0.996885
3019 : 1
3019 : 1.28584e-06 0.999999
3020 : 0
3020 : 0.524966 0.475034
3021 : 1
3021 : 0.366898 0.633102
3022 : 0
3022 : 0.999947 5.34264e-05
3023 : 0
3023 : 0.617609 0.382391
3024 : 1
3024 : 5.04863e-06 0.999995
3025 : 0
3025 : 1.0 8.7315e-10
3026 : 0
3026 : 0.998746 0.00125423
3027 : 0
3027 : 0.999999 1.45387e-06
3028 : 1
3028 : 1.76798e-06 0.999998
3029 : 0
3029 : 0.671843 0.328157
3030 : 0
3030 : 0.81715 0.18285
3031 : 1
3031 : 0.00547552 0.994524
3032 : 1
3032 : 4.15828e-07 1.0
3033 : 0
3033 : 0.999277 0.000723506
3034 : 0
3034 : 1.0 9.83344e-10
3035 : 0
3035 : 0.999996 3.5453e-06
3036 : 0
3036 : 1.0 1.34231e-09
3037 : 0
3037 : 0.671476 0.328524
3038 : 1
3038 : 4.95782e-06 0.999995
3039 : 1
3039 : 0.113595 0.886405
3040 : 0
3040 : 1.0 1.45572e-07
3041 : 1
3041 : 0.00467373 0.995326
3042 : 0
3042 : 1.0 1.71928e-09
3043 : 1
3043 : 0.000290122 0.99971
3044 : 0
3044 : 0.99961 0.000390521
3045 : 1
3045 : 0.00222315 0.997777
3046 : 0
3046 : 0.998694 0.00130597
3047 : 0
3047 : 0.890936 0.109064
3048 : 0
3048 : 0.834434 0.165566
3049 : 0
3049 : 0.632914 0.367086
3050 : 1
3050 : 0.0061176 0.993882
3051 : 1
3051 : 1.97357e-08 1.0
3052 : 1
3052 : 0.000186409 0.999814
3053 : 0
3053 : 0.997358 0.00264217
3054 : 1
3054 : 1.16898e-05 0.999988
3055 : 0
3055 : 0.9962 0.00379983
3056 : 0
3056 : 1.0 5.16962e-07
3057 : 1
3057 : 0.00498679 0.995013
3058 : 0
3058 : 0.999999 9.67802e-07
3059 : 1
3059 : 0.0157788 0.984221
3060 : 0
3060 : 0.994031 0.00596911
3061 : 0
3061 : 0.660548 0.339452
3062 : 0
3062 : 0.925592 0.0744081
3063 : 0
3063 : 0.999995 4.5972e-06
3064 : 1
3064 : 8.46626e-07 0.999999
3065 : 1
3065 : 9.54319e-09 1.0
3066 : 0
3066 : 0.999556 0.000444394
3067 : 0
3067 : 0.999464 0.000536106
3068 : 1
3068 : 0.0018371 0.998163
3069 : 1
3069 : 0.158062 0.841937
3070 : 0
3070 : 0.707267 0.292733
3071 : 1
3071 : 0.0233626 0.976637
3072 : 1
3072 : 0.00522145 0.994779
3073 : 0
3073 : 0.999711 0.000289079
3074 : 1
3074 : 8.55175e-09 1.0
3075 : 1
3075 : 1.3126e-09 1.0
3076 : 1
3076 : 0.160066 0.839934
3077 : 0
3077 : 0.999765 0.000235435
3078 : 0
3078 : 0.824838 0.175162
3079 : 0
3079 : 0.987676 0.0123236
3080 : 1
3080 : 0.234192 0.765808
3081 : 1
3081 : 0.0231332 0.976867
3082 : 0
3082 : 0.937055 0.0629454
3083 : 1
3083 : 0.0016799 0.99832
3084 : 0
3084 : 0.993729 0.00627058
3085 : 1
3085 : 0.000459654 0.99954
3086 : 1
3086 : 0.00105695 0.998943
3087 : 1
3087 : 0.0487535 0.951247
3088 : 0
3088 : 0.999999 9.87064e-07
3089 : 0
3089 : 0.983907 0.0160929
3090 : 0
3090 : 0.999999 5.51082e-07
3091 : 0
3091 : 1.0 2.06197e-07
3092 : 1
3092 : 0.000116038 0.999884
3093 : 0
3093 : 0.999732 0.000268332
3094 : 1
3094 : 5.12544e-06 0.999995
3095 : 1
3095 : 5.87641e-09 1.0
3096 : 0
3096 : 0.994623 0.00537677
3097 : 0
3097 : 1.0 1.83661e-08
3098 : 0
3098 : 0.999889 0.000111128
3099 : 1
3099 : 0.00125488 0.998745
3100 : 0
3100 : 0.999926 7.38612e-05
3101 : 1
3101 : 1.2848e-09 1.0
3102 : 1
3102 : 0.218422 0.781578
3103 : 1
3103 : 9.82666e-15 1.0
3104 : 0
3104 : 0.986388 0.0136121
3105 : 1
3105 : 0.000646703 0.999353
3106 : 1
3106 : 0.0558762 0.944124
3107 : 0
3107 : 0.999957 4.27892e-05
3108 : 0
3108 : 0.62468 0.37532
3109 : 0
3109 : 0.92079 0.0792103
3110 : 1
3110 : 9.38514e-06 0.999991
3111 : 0
3111 : 0.995235 0.00476497
3112 : 0
3112 : 0.99981 0.000190026
3113 : 1
3113 : 0.463445 0.536555
3114 : 1
3114 : 0.00853309 0.991467
3115 : 1
3115 : 4.20618e-05 0.999958
3116 : 1
3116 : 2.27121e-09 1.0
3117 : 1
3117 : 0.00038061 0.999619
3118 : 0
3118 : 0.992072 0.00792818
3119 : 1
3119 : 0.00929122 0.990709
3120 : 1
3120 : 0.0252479 0.974752
3121 : 0
3121 : 0.96187 0.0381299
3122 : 0
3122 : 0.975675 0.0243246
3123 : 0
3123 : 0.999975 2.53841e-05
3124 : 0
3124 : 0.863286 0.136714
3125 : 1
3125 : 0.40254 0.59746
3126 : 0
3126 : 0.999858 0.000142423
3127 : 0
3127 : 0.998339 0.00166063
3128 : 1
3128 : 0.00134223 0.998658
3129 : 1
3129 : 1.79617e-05 0.999982
3130 : 0
3130 : 0.502482 0.497518
3131 : 0
3131 : 0.99714 0.00286029
3132 : 0
3132 : 0.877053 0.122947
3133 : 1
3133 : 1.13978e-06 0.999999
3134 : 1
3134 : 0.000964961 0.999035
3135 : 0
3135 : 0.999993 7.1074e-06
3136 : 1
3136 : 0.000987001 0.999013
3137 : 0
3137 : 0.999652 0.000348187
3138 : 0
3138 : 0.762945 0.237055
3139 : 1
3139 : 0.302383 0.697617
3140 : 1
3140 : 0.403237 0.596763
3141 : 1
3141 : 0.066059 0.933941
3142 : 0
3142 : 0.683759 0.316241
3143 : 1
3143 : 0.000129999 0.99987
3144 : 0
3144 : 0.999999 1.42468e-06
3145 : 1
3145 : 0.000511412 0.999489
3146 : 0
3146 : 0.999936 6.37136e-05
3147 : 1
3147 : 9.53288e-09 1.0
3148 : 1
3148 : 1.15449e-06 0.999999
3149 : 1
3149 : 1.15572e-11 1.0
3150 : 1
3150 : 0.000961076 0.999039
3151 : 1
3151 : 0.0347749 0.965225
3152 : 0
3152 : 0.996683 0.00331684
3153 : 0
3153 : 0.999454 0.000546366
3154 : 0
3154 : 0.998746 0.00125428
3155 : 1
3155 : 0.00122375 0.998776
3156 : 0
3156 : 0.999996 3.86172e-06
3157 : 1
3157 : 0.0059545 0.994046
3158 : 0
3158 : 0.991152 0.00884842
3159 : 0
3159 : 0.72794 0.27206
3160 : 1
3160 : 3.45699e-06 0.999997
3161 : 0
3161 : 0.505621 0.494379
3162 : 1
3162 : 0.010954 0.989046
3163 : 0
3163 : 1.0 1.36668e-11
3164 : 1
3164 : 0.0227003 0.9773
3165 : 0
3165 : 0.999996 4.22373e-06
3166 : 1
3166 : 4.49825e-11 1.0
3167 : 0
3167 : 0.999783 0.000216796
3168 : 0
3168 : 1.0 5.56881e-08
3169 : 0
3169 : 0.999142 0.00085809
3170 : 1
3170 : 1.30817e-07 1.0
3171 : 0
3171 : 0.999698 0.000302411
3172 : 0
3172 : 1.0 6.21661e-08
3173 : 0
3173 : 0.999998 2.34061e-06
3174 : 0
3174 : 0.92265 0.0773499
3175 : 0
3175 : 0.998794 0.00120624
3176 : 1
3176 : 1.30577e-07 1.0
3177 : 0
3177 : 0.999996 3.94727e-06
3178 : 1
3178 : 5.33958e-05 0.999947
3179 : 0
3179 : 1.0 2.95545e-07
3180 : 0
3180 : 0.999818 0.000182401
3181 : 1
3181 : 5.26493e-05 0.999947
3182 : 1
3182 : 0.293703 0.706297
3183 : 1
3183 : 0.0293265 0.970674
3184 : 1
3184 : 0.00105984 0.99894
3185 : 0
3185 : 0.898288 0.101712
3186 : 1
3186 : 0.059868 0.940132
3187 : 1
3187 : 0.00149789 0.998502
3188 : 0
3188 : 0.999902 9.76606e-05
3189 : 1
3189 : 6.37778e-06 0.999994
3190 : 0
3190 : 0.999928 7.23818e-05
3191 : 0
3191 : 0.999995 5.00646e-06
3192 : 1
3192 : 0.0387838 0.961216
3193 : 0
3193 : 0.974697 0.0253026
3194 : 0
3194 : 0.999893 0.000107055
3195 : 1
3195 : 0.00236659 0.997633
3196 : 1
3196 : 3.35065e-07 1.0
3197 : 0
3197 : 0.999965 3.51344e-05
3198 : 0
3198 : 0.993896 0.00610366
3199 : 0
3199 : 0.999999 1.49437e-06
3200 : 1
3200 : 0.000581067 0.999419
3201 : 1
3201 : 0.000499698 0.9995
3202 : 1
3202 : 0.0237078 0.976292
3203 : 1
3203 : 0.00578927 0.994211
3204 : 1
3204 : 0.445127 0.554873
3205 : 0
3205 : 0.991501 0.0084992
3206 : 1
3206 : 4.45204e-06 0.999996
3207 : 0
3207 : 0.952971 0.0470294
3208 : 0
3208 : 0.999997 3.29044e-06
3209 : 1
3209 : 2.42155e-11 1.0
3210 : 1
3210 : 0.142181 0.857819
3211 : 0
3211 : 0.888531 0.111469
3212 : 1
3212 : 9.76144e-05 0.999902
3213 : 0
3213 : 1.0 2.76429e-08
3214 : 1
3214 : 0.0218832 0.978117
3215 : 1
3215 : 0.0279822 0.972018
3216 : 1
3216 : 0.0389175 0.961083
3217 : 1
3217 : 0.000331502 0.999669
3218 : 0
3218 : 1.0 7.22365e-08
3219 : 0
3219 : 0.986152 0.0138482
3220 : 0
3220 : 0.998912 0.00108822
3221 : 0
3221 : 0.999986 1.42049e-05
3222 : 0
3222 : 0.802818 0.197182
3223 : 1
3223 : 0.00121747 0.998783
3224 : 1
3224 : 2.96682e-05 0.99997
3225 : 0
3225 : 0.999982 1.83889e-05
3226 : 1
3226 : 0.000681769 0.999318
3227 : 0
3227 : 0.999883 0.000116865
3228 : 0
3228 : 0.999827 0.000172668
3229 : 1
3229 : 0.00240156 0.997598
3230 : 1
3230 : 0.0197761 0.980224
3231 : 0
3231 : 1.0 1.88494e-12
3232 : 0
3232 : 0.999578 0.000421806
3233 : 0
3233 : 0.999548 0.000452188
3234 : 1
3234 : 0.0052306 0.994769
3235 : 1
3235 : 0.000622789 0.999377
3236 : 0
3236 : 1.0 3.04396e-08
3237 : 1
3237 : 0.000612723 0.999387
3238 : 1
3238 : 0.0684842 0.931516
3239 : 1
3239 : 2.45537e-05 0.999975
3240 : 1
3240 : 0.365782 0.634218
3241 : 1
3241 : 0.141976 0.858024
3242 : 0
3242 : 1.0 1.52256e-11
3243 : 1
3243 : 1.1529e-05 0.999988
3244 : 1
3244 : 0.000825723 0.999174
3245 : 1
3245 : 8.49698e-08 1.0
3246 : 0
3246 : 0.954556 0.0454444
3247 : 1
3247 : 0.000278764 0.999721
3248 : 1
3248 : 0.00111294 0.998887
3249 : 0
3249 : 0.994259 0.00574129
3250 : 0
3250 : 0.999887 0.000112745
3251 : 0
3251 : 0.998455 0.00154526
3252 : 1
3252 : 0.0061176 0.993882
3253 : 1
3253 : 6.81689e-05 0.999932
3254 : 1
3254 : 0.000127376 0.999873
3255 : 0
3255 : 0.986637 0.0133626
3256 : 0
3256 : 0.508827 0.491173
3257 : 0
3257 : 0.99999 9.74516e-06
3258 : 0
3258 : 0.999742 0.000258137
3259 : 0
3259 : 0.999985 1.48456e-05
3260 : 1
3260 : 2.65411e-06 0.999997
3261 : 0
3261 : 0.535076 0.464924
3262 : 1
3262 : 0.00108055 0.998919
3263 : 0
3263 : 0.999084 0.000916319
3264 : 1
3264 : 0.00107808 0.998922
3265 : 0
3265 : 0.917822 0.082178
3266 : 0
3266 : 1.0 8.8806e-09
3267 : 0
3267 : 0.999454 0.000545968
3268 : 0
3268 : 0.826435 0.173565
3269 : 0
3269 : 0.992212 0.00778825
3270 : 1
3270 : 0.0108653 0.989135
3271 : 0
3271 : 1.0 2.85886e-08
3272 : 1
3272 : 0.00337369 0.996626
3273 : 1
3273 : 0.0023488 0.997651
3274 : 1
3274 : 0.000287051 0.999713
3275 : 0
3275 : 0.996296 0.00370435
3276 : 1
3276 : 0.129687 0.870313
3277 : 1
3277 : 0.000680376 0.99932
3278 : 0
3278 : 0.997086 0.00291437
3279 : 1
3279 : 0.00105952 0.99894
3280 : 0
3280 : 0.999866 0.000134087
3281 : 1
3281 : 6.22909e-05 0.999938
3282 : 1
3282 : 0.27763 0.722371
3283 : 0
3283 : 0.976334 0.0236663
3284 : 1
3284 : 8.71496e-06 0.999991
3285 : 0
3285 : 0.983782 0.016218
3286 : 0
3286 : 0.999798 0.000202047
3287 : 0
3287 : 0.999872 0.00012821
3288 : 1
3288 : 4.94454e-07 1.0
3289 : 0
3289 : 0.972918 0.0270816
3290 : 1
3290 : 0.04889 0.95111
3291 : 1
3291 : 0.00280596 0.997194
3292 : 1
3292 : 0.0012082 0.998792
3293 : 1
3293 : 2.00154e-07 1.0
3294 : 1
3294 : 8.59351e-05 0.999914
3295 : 0
3295 : 0.999994 5.67195e-06
3296 : 0
3296 : 0.999993 7.1056e-06
3297 : 0
3297 : 0.999776 0.0002244
3298 : 1
3298 : 6.0567e-05 0.99994
3299 : 0
3299 : 0.999974 2.57141e-05
3300 : 0
3300 : 0.999839 0.000160723
3301 : 0
3301 : 0.587885 0.412115
3302 : 1
3302 : 2.3764e-09 1.0
3303 : 1
3303 : 2.83428e-07 1.0
3304 : 1
3304 : 0.0034905 0.99651
3305 : 0
3305 : 0.987632 0.0123677
3306 : 0
3306 : 0.999386 0.000614305
3307 : 0
3307 : 0.997527 0.00247308
3308 : 1
3308 : 4.27323e-05 0.999957
3309 : 1
3309 : 0.000529875 0.99947
3310 : 1
3310 : 8.40586e-06 0.999992
3311 : 0
3311 : 0.904378 0.0956221
3312 : 0
3312 : 0.987863 0.0121371
3313 : 0
3313 : 0.999663 0.00033664
3314 : 1
3314 : 1.13639e-06 0.999999
3315 : 1
3315 : 4.89203e-05 0.999951
3316 : 1
3316 : 0.000111186 0.999889
3317 : 1
3317 : 0.101387 0.898613
3318 : 0
3318 : 0.999948 5.16831e-05
3319 : 1
3319 : 0.000132777 0.999867
3320 : 1
3320 : 0.0223253 0.977675
3321 : 1
3321 : 0.000688441 0.999312
3322 : 0
3322 : 0.907228 0.0927719
3323 : 1
3323 : 0.000153772 0.999846
3324 : 0
3324 : 0.999535 0.00046463
3325 : 0
3325 : 0.813541 0.186459
3326 : 0
3326 : 0.993201 0.00679875
3327 : 0
3327 : 0.527068 0.472932
3328 : 1
3328 : 1.03148e-08 1.0
3329 : 1
3329 : 3.64758e-08 1.0
3330 : 0
3330 : 0.999705 0.000294823
3331 : 1
3331 : 2.45556e-05 0.999975
3332 : 1
3332 : 0.00857354 0.991426
3333 : 0
3333 : 0.902301 0.097699
3334 : 1
3334 : 0.0207341 0.979266
3335 : 0
3335 : 0.984661 0.0153386
3336 : 1
3336 : 0.0020274 0.997973
3337 : 1
3337 : 0.354155 0.645845
3338 : 1
3338 : 3.68122e-07 1.0
3339 : 1
3339 : 0.000225473 0.999775
3340 : 1
3340 : 8.81259e-06 0.999991
3341 : 0
3341 : 0.997088 0.00291214
3342 : 0
3342 : 0.995608 0.0043923
3343 : 0
3343 : 0.999986 1.40912e-05
3344 : 1
3344 : 4.07973e-05 0.999959
3345 : 1
3345 : 0.236877 0.763123
3346 : 0
3346 : 0.98973 0.0102696
3347 : 0
3347 : 0.749361 0.250639
3348 : 0
3348 : 0.999694 0.000305659
3349 : 0
3349 : 0.856412 0.143588
3350 : 1
3350 : 0.00773643 0.992264
3351 : 0
3351 : 0.948193 0.0518074
3352 : 0
3352 : 0.999979 2.09354e-05
3353 : 0
3353 : 0.999451 0.000548498
3354 : 1
3354 : 2.40695e-08 1.0
3355 : 0
3355 : 0.831315 0.168685
3356 : 1
3356 : 0.0822062 0.917794
3357 : 1
3357 : 0.00240294 0.997597
3358 : 0
3358 : 0.997925 0.00207485
3359 : 0
3359 : 0.979582 0.0204184
3360 : 1
3360 : 0.00692457 0.993075
3361 : 1
3361 : 4.73322e-08 1.0
3362 : 1
3362 : 3.47936e-05 0.999965
3363 : 1
3363 : 0.123364 0.876636
3364 : 1
3364 : 8.71839e-06 0.999991
3365 : 1
3365 : 0.00108037 0.99892
3366 : 1
3366 : 0.000100808 0.999899
3367 : 1
3367 : 1.22115e-12 1.0
3368 : 1
3368 : 0.0136115 0.986389
3369 : 1
3369 : 0.0162561 0.983744
3370 : 0
3370 : 0.998135 0.00186482
3371 : 0
3371 : 0.999584 0.000415967
3372 : 1
3372 : 5.49021e-08 1.0
3373 : 0
3373 : 1.0 7.46288e-12
3374 : 1
3374 : 0.0354679 0.964532
3375 : 1
3375 : 1.683e-06 0.999998
3376 : 0
3376 : 0.999935 6.54101e-05
3377 : 0
3377 : 0.999818 0.000181796
3378 : 1
3378 : 0.000921688 0.999078
3379 : 1
3379 : 8.21688e-06 0.999992
3380 : 1
3380 : 0.000101664 0.999898
3381 : 0
3381 : 0.696993 0.303007
3382 : 0
3382 : 0.999704 0.000296004
3383 : 1
3383 : 0.142157 0.857843
3384 : 1
3384 : 0.000564945 0.999435
3385 : 1
3385 : 0.00111348 0.998887
3386 : 0
3386 : 0.999961 3.87405e-05
3387 : 0
3387 : 0.999947 5.31804e-05
3388 : 0
3388 : 0.999731 0.000268611
3389 : 0
3389 : 0.999649 0.000351427
3390 : 0
3390 : 0.986752 0.0132481
3391 : 1
3391 : 0.00271157 0.997288
3392 : 0
3392 : 0.99997 3.03036e-05
3393 : 0
3393 : 0.999439 0.000561001
3394 : 0
3394 : 0.99987 0.000130324
3395 : 1
3395 : 0.171773 0.828227
3396 : 0
3396 : 0.992339 0.00766126
3397 : 0
3397 : 0.999871 0.000128952
3398 : 0
3398 : 0.992506 0.00749378
3399 : 0
3399 : 0.520743 0.479257
3400 : 1
3400 : 0.000481684 0.999518
3401 : 1
3401 : 0.0005066 0.999493
3402 : 0
3402 : 0.998676 0.00132376
3403 : 0
3403 : 0.999358 0.000642077
3404 : 0
3404 : 0.999882 0.000117818
3405 : 0
3405 : 0.996507 0.00349287
3406 : 0
3406 : 0.999018 0.000981682
3407 : 1
3407 : 0.000414976 0.999585
3408 : 1
3408 : 8.50486e-12 1.0
3409 : 1
3409 : 0.142189 0.857811
3410 : 1
3410 : 2.43837e-09 1.0
3411 : 0
3411 : 0.992712 0.00728831
3412 : 0
3412 : 0.732192 0.267808
3413 : 0
3413 : 0.996148 0.00385244
3414 : 1
3414 : 0.000807278 0.999193
3415 : 0
3415 : 0.996889 0.00311148
3416 : 0
3416 : 0.971725 0.0282746
3417 : 1
3417 : 0.000182101 0.999818
3418 : 0
3418 : 0.976496 0.023504
3419 : 1
3419 : 0.000110002 0.99989
3420 : 1
3420 : 0.000527323 0.999473
3421 : 1
3421 : 0.00719784 0.992802
3422 : 1
3422 : 0.00185301 0.998147
3423 : 1
3423 : 0.0291026 0.970897
3424 : 0
3424 : 0.991209 0.00879087
3425 : 1
3425 : 2.02357e-06 0.999998
3426 : 0
3426 : 0.999539 0.000460787
3427 : 0
3427 : 0.994227 0.00577337
3428 : 1
3428 : 0.0690281 0.930972
3429 : 0
3429 : 0.999999 9.97428e-07
3430 : 0
3430 : 0.969971 0.0300288
3431 : 0
3431 : 0.939546 0.0604536
3432 : 1
3432 : 0.0130906 0.986909
3433 : 1
3433 : 0.0234576 0.976542
3434 : 1
3434 : 1.29649e-08 1.0
3435 : 1
3435 : 4.64138e-12 1.0
3436 : 1
3436 : 0.0107104 0.98929
3437 : 1
3437 : 0.00926424 0.990736
3438 : 0
3438 : 0.99995 5.03455e-05
3439 : 1
3439 : 0.0368496 0.96315
3440 : 1
3440 : 1.86479e-05 0.999981
3441 : 0
3441 : 0.939462 0.060538
3442 : 1
3442 : 0.00994874 0.990051
3443 : 1
3443 : 0.0178408 0.982159
3444 : 0
3444 : 1.0 2.01546e-07
3445 : 1
3445 : 0.000281557 0.999718
3446 : 0
3446 : 0.980294 0.0197062
3447 : 0
3447 : 0.999986 1.38789e-05
3448 : 0
3448 : 0.999591 0.000408865
3449 : 0
3449 : 1.0 3.12137e-08
3450 : 1
3450 : 0.00046679 0.999533
3451 : 0
3451 : 0.999842 0.000158141
3452 : 0
3452 : 0.982778 0.0172215
3453 : 0
3453 : 0.999642 0.000358325
3454 : 1
3454 : 0.000597401 0.999403
3455 : 1
3455 : 0.0110119 0.988988
3456 : 0
3456 : 0.997518 0.00248182
3457 : 0
3457 : 0.99574 0.00425965
3458 : 0
3458 : 0.954509 0.0454911
3459 : 1
3459 : 0.00184879 0.998151
3460 : 0
3460 : 0.995539 0.00446076
3461 : 1
3461 : 0.227456 0.772545
3462 : 0
3462 : 0.999948 5.20017e-05
3463 : 0
3463 : 1.0 2.30166e-09
3464 : 1
3464 : 4.91547e-06 0.999995
3465 : 0
3465 : 1.0 3.71028e-07
3466 : 1
3466 : 0.0264162 0.973584
3467 : 0
3467 : 0.983475 0.0165251
3468 : 1
3468 : 1.11813e-05 0.999989
3469 : 0
3469 : 0.67496 0.32504
3470 : 1
3470 : 0.00336019 0.99664
3471 : 1
3471 : 1.25779e-05 0.999987
3472 : 0
3472 : 0.983257 0.0167433
3473 : 0
3473 : 0.999777 0.0002227
3474 : 0
3474 : 0.999973 2.74843e-05
3475 : 0
3475 : 0.847885 0.152115
3476 : 0
3476 : 0.999491 0.000509122
3477 : 1
3477 : 0.00729066 0.992709
3478 : 1
3478 : 2.39398e-05 0.999976
3479 : 1
3479 : 0.0101307 0.989869
3480 : 1
3480 : 0.00722682 0.992773
3481 : 0
3481 : 0.996542 0.00345855
3482 : 1
3482 : 0.0189571 0.981043
3483 : 0
3483 : 0.999999 1.12288e-06
3484 : 0
3484 : 0.905816 0.0941842
3485 : 1
3485 : 1.49329e-07 1.0
3486 : 1
3486 : 0.00103846 0.998962
3487 : 1
3487 : 0.000235639 0.999764
3488 : 1
3488 : 0.0116552 0.988345
3489 : 0
3489 : 0.998237 0.001763
3490 : 1
3490 : 5.7834e-07 0.999999
3491 : 1
3491 : 6.25615e-05 0.999937
3492 : 0
3492 : 0.999759 0.000240938
3493 : 0
3493 : 1.0 4.90667e-07
3494 : 0
3494 : 0.986563 0.0134371
3495 : 0
3495 : 0.999658 0.000341918
3496 : 0
3496 : 0.972309 0.0276907
3497 : 1
3497 : 9.76868e-06 0.99999
3498 : 0
3498 : 0.863288 0.136712
3499 : 0
3499 : 0.999965 3.54566e-05
3500 : 0
3500 : 0.52561 0.47439
3501 : 0
3501 : 1.0 2.60713e-10
3502 : 0
3502 : 0.99962 0.000379547
3503 : 1
3503 : 0.0015092 0.998491
3504 : 1
3504 : 2.01235e-07 1.0
3505 : 1
3505 : 3.60312e-07 1.0
3506 : 1
3506 : 0.0052376 0.994762
3507 : 1
3507 : 5.50324e-10 1.0
3508 : 0
3508 : 0.998782 0.00121809
3509 : 1
3509 : 0.000648883 0.999351
3510 : 0
3510 : 0.999985 1.5094e-05
3511 : 1
3511 : 0.000191784 0.999808
3512 : 1
3512 : 0.495241 0.504759
3513 : 0
3513 : 0.999999 5.42012e-07
3514 : 0
3514 : 0.998133 0.00186667
3515 : 1
3515 : 8.81797e-05 0.999912
3516 : 0
3516 : 0.985697 0.0143026
3517 : 0
3517 : 1.0 1.43651e-08
3518 : 0
3518 : 0.999999 8.66161e-07
3519 : 1
3519 : 0.238806 0.761194
3520 : 0
3520 : 0.996587 0.00341355
3521 : 1
3521 : 0.000163199 0.999837
3522 : 1
3522 : 0.00562479 0.994375
3523 : 1
3523 : 3.24823e-05 0.999968
3524 : 1
3524 : 1.93182e-05 0.999981
3525 : 0
3525 : 0.988031 0.0119688
3526 : 1
3526 : 0.00170199 0.998298
3527 : 0
3527 : 0.922074 0.0779264
3528 : 0
3528 : 0.80629 0.19371
3529 : 1
3529 : 0.0604713 0.939529
3530 : 0
3530 : 0.998519 0.00148099
3531 : 0
3531 : 0.998171 0.00182875
3532 : 1
3532 : 3.93953e-09 1.0
3533 : 0
3533 : 0.999957 4.28681e-05
3534 : 0
3534 : 0.999822 0.000177586
3535 : 1
3535 : 9.58748e-05 0.999904
3536 : 0
3536 : 0.99901 0.000990114
3537 : 0
3537 : 0.548557 0.451443
3538 : 1
3538 : 5.25973e-06 0.999995
3539 : 0
3539 : 0.971797 0.0282034
3540 : 0
3540 : 0.936946 0.0630538
3541 : 0
3541 : 0.999965 3.53099e-05
3542 : 0
3542 : 0.999759 0.000240514
3543 : 0
3543 : 0.998941 0.00105863
3544 : 1
3544 : 0.0818577 0.918142
3545 : 0
3545 : 0.999777 0.000223045
3546 : 1
3546 : 1.38284e-05 0.999986
3547 : 0
3547 : 0.994626 0.00537387
3548 : 0
3548 : 0.99992 7.98046e-05
3549 : 1
3549 : 4.14911e-07 1.0
3550 : 1
3550 : 4.29161e-06 0.999996
3551 : 0
3551 : 0.999933 6.67564e-05
3552 : 1
3552 : 0.00981228 0.990188
3553 : 0
3553 : 0.999224 0.000776304
3554 : 1
3554 : 0.0412945 0.958705
3555 : 0
3555 : 1.0 4.0415e-09
3556 : 0
3556 : 0.999507 0.00049333
3557 : 0
3557 : 0.648891 0.351109
3558 : 1
3558 : 2.31194e-05 0.999977
3559 : 0
3559 : 0.977158 0.0228415
3560 : 1
3560 : 0.000389714 0.99961
3561 : 0
3561 : 0.680789 0.319211
3562 : 1
3562 : 0.00089645 0.999104
3563 : 1
3563 : 4.87361e-07 1.0
3564 : 1
3564 : 0.0927688 0.907231
3565 : 0
3565 : 1.0 5.03407e-08
3566 : 0
3566 : 1.0 7.01456e-08
3567 : 1
3567 : 0.062695 0.937305
3568 : 1
3568 : 3.27455e-06 0.999997
3569 : 1
3569 : 0.000211344 0.999789
3570 : 1
3570 : 7.8018e-05 0.999922
3571 : 1
3571 : 0.00436248 0.995638
3572 : 1
3572 : 0.310115 0.689885
3573 : 0
3573 : 0.95036 0.0496398
3574 : 1
3574 : 2.98197e-05 0.99997
3575 : 0
3575 : 0.999995 4.7743e-06
3576 : 0
3576 : 0.999996 3.69179e-06
3577 : 0
3577 : 0.999926 7.4182e-05
3578 : 1
3578 : 0.0878442 0.912156
3579 : 1
3579 : 5.56507e-06 0.999994
3580 : 1
3580 : 0.0862797 0.91372
3581 : 0
3581 : 0.995504 0.00449584
3582 : 1
3582 : 0.0233917 0.976608
3583 : 0
3583 : 0.999999 6.70152e-07
3584 : 0
3584 : 0.999999 9.83204e-07
3585 : 1
3585 : 5.75274e-08 1.0
3586 : 1
3586 : 0.15956 0.84044
3587 : 1
3587 : 2.39998e-05 0.999976
3588 : 1
3588 : 7.0859e-05 0.999929
3589 : 1
3589 : 0.374373 0.625627
3590 : 0
3590 : 0.99241 0.00758977
3591 : 0
3591 : 0.996667 0.00333322
3592 : 1
3592 : 1.75515e-05 0.999982
3593 : 1
3593 : 7.96136e-05 0.99992
3594 : 0
3594 : 0.999184 0.000816352
3595 : 1
3595 : 0.000439781 0.99956
3596 : 1
3596 : 9.06057e-07 0.999999
3597 : 0
3597 : 0.999459 0.00054151
3598 : 1
3598 : 0.00872393 0.991276
3599 : 0
3599 : 0.933213 0.0667867
3600 : 1
3600 : 0.000464719 0.999535
3601 : 1
3601 : 2.81435e-07 1.0
3602 : 0
3602 : 0.998204 0.00179618
3603 : 0
3603 : 0.902807 0.097193
3604 : 0
3604 : 1.0 3.91767e-07
3605 : 0
3605 : 0.94021 0.0597905
3606 : 1
3606 : 3.32793e-06 0.999997
3607 : 0
3607 : 0.560815 0.439185
3608 : 0
3608 : 0.751947 0.248053
3609 : 0
3609 : 1.0 2.07988e-09
3610 : 1
3610 : 3.30056e-07 1.0
3611 : 0
3611 : 1.0 6.75453e-08
3612 : 0
3612 : 0.999724 0.000276275
3613 : 1
3613 : 6.69166e-07 0.999999
3614 : 0
3614 : 0.999967 3.32664e-05
3615 : 1
3615 : 0.00096187 0.999038
3616 : 0
3616 : 0.999963 3.74883e-05
3617 : 0
3617 : 1.0 4.66904e-10
3618 : 0
3618 : 0.998386 0.00161427
3619 : 1
3619 : 0.124506 0.875494
3620 : 0
3620 : 0.999398 0.000601598
3621 : 1
3621 : 0.00658635 0.993414
3622 : 0
3622 : 0.999932 6.78955e-05
3623 : 1
3623 : 0.000336087 0.999664
3624 : 0
3624 : 0.676272 0.323728
3625 : 1
3625 : 1.79923e-07 1.0
3626 : 1
3626 : 4.50687e-07 1.0
3627 : 1
3627 : 0.00885862 0.991141
3628 : 1
3628 : 0.00163429 0.998366
3629 : 1
3629 : 0.000115409 0.999885
3630 : 1
3630 : 2.67268e-08 1.0
3631 : 1
3631 : 0.014178 0.985822
3632 : 1
3632 : 0.00206474 0.997935
3633 : 0
3633 : 0.992953 0.00704748
3634 : 1
3634 : 0.0103366 0.989663
3635 : 0
3635 : 1.0 8.0365e-10
3636 : 0
3636 : 0.999785 0.000214628
3637 : 1
3637 : 0.0102066 0.989793
3638 : 0
3638 : 0.999997 3.32133e-06
3639 : 0
3639 : 0.980183 0.0198166
3640 : 1
3640 : 0.000473049 0.999527
3641 : 1
3641 : 0.23221 0.76779
3642 : 1
3642 : 7.14416e-07 0.999999
3643 : 0
3643 : 0.999904 9.64614e-05
3644 : 0
3644 : 0.999948 5.22471e-05
3645 : 1
3645 : 7.26243e-06 0.999993
3646 : 1
3646 : 0.00148798 0.998512
3647 : 0
3647 : 0.661947 0.338053
3648 : 1
3648 : 9.07512e-06 0.999991
3649 : 0
3649 : 0.999996 4.19165e-06
3650 : 1
3650 : 2.65834e-07 1.0
3651 : 0
3651 : 0.683496 0.316504
3652 : 0
3652 : 0.777895 0.222105
3653 : 1
3653 : 1.73932e-05 0.999983
3654 : 0
3654 : 0.713079 0.286921
3655 : 1
3655 : 0.000162 0.999838
3656 : 0
3656 : 0.991996 0.00800417
3657 : 0
3657 : 0.999952 4.84434e-05
3658 : 1
3658 : 0.0022376 0.997762
3659 : 1
3659 : 0.02196 0.97804
3660 : 0
3660 : 0.999999 9.60945e-07
3661 : 1
3661 : 7.51598e-06 0.999992
3662 : 0
3662 : 0.940515 0.0594846
3663 : 0
3663 : 0.991751 0.00824869
3664 : 1
3664 : 0.0116428 0.988357
3665 : 0
3665 : 0.999898 0.000102185
3666 : 0
3666 : 1.0 5.38127e-10
3667 : 1
3667 : 0.00256219 0.997438
3668 : 0
3668 : 0.997708 0.00229176
3669 : 1
3669 : 0.316984 0.683016
3670 : 1
3670 : 0.0190958 0.980904
3671 : 0
3671 : 0.998045 0.00195538
3672 : 0
3672 : 1.0 2.14009e-09
3673 : 0
3673 : 0.999982 1.83956e-05
3674 : 1
3674 : 0.000502842 0.999497
3675 : 1
3675 : 2.84499e-09 1.0
3676 : 1
3676 : 7.7342e-09 1.0
3677 : 1
3677 : 1.42164e-07 1.0
3678 : 0
3678 : 0.999143 0.00085745
3679 : 1
3679 : 0.0168021 0.983198
3680 : 0
3680 : 0.832978 0.167022
3681 : 0
3681 : 0.999999 1.26012e-06
3682 : 0
3682 : 0.966964 0.0330355
3683 : 0
3683 : 0.527815 0.472185
3684 : 0
3684 : 0.99984 0.000160059
3685 : 1
3685 : 2.96128e-05 0.99997
3686 : 0
3686 : 1.0 6.20296e-10
3687 : 1
3687 : 0.2902 0.7098
3688 : 1
3688 : 0.00377352 0.996227
3689 : 1
3689 : 0.189171 0.810829
3690 : 1
3690 : 2.09821e-06 0.999998
3691 : 0
3691 : 0.999995 4.93092e-06
3692 : 1
3692 : 0.0165655 0.983435
3693 : 1
3693 : 6.59604e-05 0.999934
3694 : 0
3694 : 0.99944 0.000559627
3695 : 0
3695 : 0.996312 0.00368799
3696 : 1
3696 : 0.244486 0.755515
3697 : 1
3697 : 0.0275546 0.972445
3698 : 0
3698 : 0.999162 0.000837512
3699 : 0
3699 : 0.991398 0.00860253
3700 : 0
3700 : 0.999993 7.01612e-06
3701 : 1
3701 : 0.00175749 0.998242
3702 : 0
3702 : 0.99984 0.00016013
3703 : 0
3703 : 0.924631 0.075369
3704 : 0
3704 : 0.861512 0.138488
3705 : 0
3705 : 1.0 3.15656e-09
3706 : 1
3706 : 0.0112131 0.988787
3707 : 0
3707 : 0.999999 1.18009e-06
3708 : 1
3708 : 0.00960832 0.990392
3709 : 1
3709 : 8.40472e-05 0.999916
3710 : 0
3710 : 0.827908 0.172092
3711 : 0
3711 : 0.998634 0.00136566
3712 : 0
3712 : 0.99944 0.000559788
3713 : 1
3713 : 0.000774513 0.999225
3714 : 1
3714 : 0.11952 0.88048
3715 : 1
3715 : 3.31786e-08 1.0
3716 : 1
3716 : 0.0632688 0.936731
3717 : 0
3717 : 0.999285 0.000715257
3718 : 1
3718 : 0.0323184 0.967682
3719 : 1
3719 : 1.73796e-10 1.0
3720 : 0
3720 : 0.994703 0.00529659
3721 : 1
3721 : 0.000191886 0.999808
3722 : 0
3722 : 0.792022 0.207978
3723 : 0
3723 : 0.999636 0.000363495
3724 : 0
3724 : 0.989237 0.0107633
3725 : 0
3725 : 0.999565 0.000434604
3726 : 0
3726 : 0.955229 0.0447712
3727 : 0
3727 : 0.999916 8.36384e-05
3728 : 0
3728 : 0.99879 0.00120963
3729 : 1
3729 : 0.0118697 0.98813
3730 : 0
3730 : 0.996704 0.00329632
3731 : 0
3731 : 0.999817 0.000182466
3732 : 1
3732 : 0.368475 0.631525
3733 : 0
3733 : 0.999856 0.000143959
3734 : 1
3734 : 0.00220878 0.997791
3735 : 0
3735 : 0.943377 0.0566227
3736 : 1
3736 : 0.00524854 0.994751
3737 : 0
3737 : 0.996758 0.00324158
3738 : 0
3738 : 1.0 1.35347e-08
3739 : 1
3739 : 0.0269022 0.973098
3740 : 0
3740 : 0.99982 0.000179503
3741 : 1
3741 : 3.31033e-08 1.0
3742 : 1
3742 : 0.000584527 0.999415
3743 : 0
3743 : 0.999998 1.75788e-06
3744 : 1
3744 : 0.000330992 0.999669
3745 : 0
3745 : 0.999999 1.4734e-06
3746 : 0
3746 : 0.999992 7.98061e-06
3747 : 0
3747 : 0.99916 0.000840305
3748 : 1
3748 : 0.0156203 0.98438
3749 : 1
3749 : 2.86169e-07 1.0
3750 : 1
3750 : 0.0196317 0.980368
3751 : 0
3751 : 0.963941 0.0360589
3752 : 1
3752 : 2.27891e-06 0.999998
3753 : 0
3753 : 0.682842 0.317158
3754 : 1
3754 : 0.000314681 0.999685
3755 : 0
3755 : 0.913344 0.0866561
3756 : 1
3756 : 0.000134261 0.999866
3757 : 1
3757 : 1.87332e-07 1.0
3758 : 1
3758 : 0.00374695 0.996253
3759 : 0
3759 : 0.998336 0.00166398
3760 : 1
3760 : 0.405303 0.594697
3761 : 1
3761 : 1.5273e-12 1.0
3762 : 0
3762 : 0.999121 0.000879114
3763 : 0
3763 : 0.842577 0.157423
3764 : 0
3764 : 0.691615 0.308385
3765 : 1
3765 : 0.0331992 0.966801
3766 : 1
3766 : 0.260834 0.739166
3767 : 0
3767 : 0.901942 0.0980576
3768 : 0
3768 : 0.657654 0.342346
3769 : 0
3769 : 1.0 5.81984e-08
3770 : 1
3770 : 0.021329 0.978671
3771 : 1
3771 : 0.0419476 0.958052
3772 : 0
3772 : 0.660095 0.339905
3773 : 1
3773 : 0.465489 0.534511
3774 : 1
3774 : 0.0422238 0.957776
3775 : 0
3775 : 0.507114 0.492886
3776 : 0
3776 : 1.0 1.59364e-08
3777 : 0
3777 : 0.999313 0.00068745
3778 : 1
3778 : 8.6173e-17 1.0
3779 : 0
3779 : 0.999991 8.50531e-06
3780 : 1
3780 : 2.22004e-09 1.0
3781 : 0
3781 : 0.998245 0.00175541
3782 : 0
3782 : 0.999904 9.59316e-05
3783 : 1
3783 : 0.000107511 0.999893
3784 : 1
3784 : 1.98544e-05 0.99998
3785 : 1
3785 : 0.299242 0.700758
3786 : 0
3786 : 0.999082 0.000917623
3787 : 1
3787 : 0.0199681 0.980032
3788 : 1
3788 : 0.421328 0.578672
3789 : 1
3789 : 1.80038e-12 1.0
3790 : 0
3790 : 0.883273 0.116727
3791 : 1
3791 : 0.00259539 0.997405
3792 : 1
3792 : 0.436109 0.563891
3793 : 1
3793 : 0.220441 0.779559
3794 : 1
3794 : 0.0237504 0.97625
3795 : 0
3795 : 0.988047 0.0119533
3796 : 0
3796 : 0.868064 0.131936
3797 : 0
3797 : 0.553861 0.446139
3798 : 0
3798 : 0.999988 1.21644e-05
3799 : 1
3799 : 6.56066e-05 0.999934
3800 : 1
3800 : 0.00498127 0.995019
3801 : 1
3801 : 2.16703e-10 1.0
3802 : 1
3802 : 0.000252628 0.999747
3803 : 1
3803 : 0.00372601 0.996274
3804 : 0
3804 : 0.998337 0.00166259
3805 : 1
3805 : 0.00763798 0.992362
3806 : 1
3806 : 5.00774e-06 0.999995
3807 : 1
3807 : 2.64226e-05 0.999974
3808 : 1
3808 : 9.52715e-10 1.0
3809 : 1
3809 : 1.27927e-09 1.0
3810 : 1
3810 : 0.00160587 0.998394
3811 : 1
3811 : 3.86611e-05 0.999961
3812 : 1
3812 : 0.00443905 0.995561
3813 : 1
3813 : 0.000915682 0.999084
3814 : 1
3814 : 1.22814e-05 0.999988
3815 : 0
3815 : 0.968292 0.0317075
3816 : 0
3816 : 0.974591 0.0254085
3817 : 0
3817 : 0.999997 3.11513e-06
3818 : 1
3818 : 0.000706577 0.999293
3819 : 1
3819 : 1.45637e-05 0.999985
3820 : 1
3820 : 7.91074e-05 0.999921
3821 : 0
3821 : 0.999999 5.61832e-07
3822 : 0
3822 : 0.999869 0.000130562
3823 : 1
3823 : 0.412307 0.587693
3824 : 1
3824 : 0.0998717 0.900128
3825 : 0
3825 : 1.0 4.36084e-07
3826 : 1
3826 : 0.000511745 0.999488
3827 : 1
3827 : 0.127143 0.872857
3828 : 1
3828 : 9.35125e-10 1.0
3829 : 1
3829 : 8.84324e-08 1.0
3830 : 0
3830 : 1.0 1.19644e-08
3831 : 0
3831 : 0.999924 7.64497e-05
3832 : 0
3832 : 0.709815 0.290185
3833 : 1
3833 : 0.00162724 0.998373
3834 : 0
3834 : 0.999967 3.28894e-05
3835 : 0
3835 : 0.999989 1.12089e-05
3836 : 1
3836 : 0.000401348 0.999599
3837 : 0
3837 : 0.998884 0.00111642
3838 : 1
3838 : 0.15056 0.84944
3839 : 1
3839 : 0.000489455 0.999511
3840 : 0
3840 : 1.0 3.00301e-10
3841 : 1
3841 : 0.47341 0.52659
3842 : 0
3842 : 0.99998 1.96449e-05
3843 : 0
3843 : 0.971481 0.028519
3844 : 1
3844 : 0.0203238 0.979676
3845 : 0
3845 : 0.99313 0.00687033
3846 : 1
3846 : 0.0328235 0.967176
3847 : 1
3847 : 0.397775 0.602225
3848 : 0
3848 : 0.995555 0.00444486
3849 : 1
3849 : 6.33383e-07 0.999999
3850 : 0
3850 : 0.999975 2.48842e-05
3851 : 1
3851 : 0.0497832 0.950217
3852 : 0
3852 : 1.0 1.56794e-08
3853 : 1
3853 : 0.00167277 0.998327
3854 : 0
3854 : 1.0 1.03254e-08
3855 : 1
3855 : 0.000149031 0.999851
3856 : 0
3856 : 0.999963 3.68186e-05
3857 : 0
3857 : 0.999848 0.000152055
3858 : 1
3858 : 0.118541 0.881459
3859 : 0
3859 : 0.999992 7.78261e-06
3860 : 1
3860 : 0.00181266 0.998187
3861 : 0
3861 : 1.0 7.97751e-09
3862 : 0
3862 : 0.986865 0.0131347
3863 : 1
3863 : 0.0990875 0.900913
3864 : 0
3864 : 0.642315 0.357685
3865 : 0
3865 : 0.821549 0.178451
3866 : 0
3866 : 0.997588 0.00241166
3867 : 1
3867 : 9.1325e-05 0.999909
3868 : 0
3868 : 1.0 2.44839e-07
3869 : 0
3869 : 0.987784 0.0122162
3870 : 1
3870 : 0.0247658 0.975234
3871 : 1
3871 : 0.0281264 0.971874
3872 : 0
3872 : 0.789064 0.210936
3873 : 1
3873 : 0.0755885 0.924412
3874 : 1
3874 : 9.07234e-06 0.999991
3875 : 1
3875 : 8.64123e-06 0.999991
3876 : 0
3876 : 0.999994 5.8142e-06
3877 : 1
3877 : 0.0186571 0.981343
3878 : 0
3878 : 0.884675 0.115325
3879 : 1
3879 : 0.00498225 0.995018
3880 : 0
3880 : 1.0 8.67145e-10
3881 : 0
3881 : 0.994293 0.0057074
3882 : 1
3882 : 0.00119828 0.998802
3883 : 1
3883 : 0.028828 0.971172
3884 : 1
3884 : 9.20565e-10 1.0
3885 : 0
3885 : 1.0 6.63787e-09
3886 : 1
3886 : 0.0431549 0.956845
3887 : 0
3887 : 0.999578 0.000421869
3888 : 0
3888 : 0.985213 0.0147867
3889 : 0
3889 : 0.999702 0.000298263
3890 : 0
3890 : 0.999749 0.000250803
3891 : 0
3891 : 0.743279 0.256721
3892 : 0
3892 : 0.999992 8.10745e-06
3893 : 0
3893 : 0.603711 0.396289
3894 : 1
3894 : 0.00470733 0.995293
3895 : 0
3895 : 0.999603 0.000397318
3896 : 1
3896 : 0.00793744 0.992063
3897 : 0
3897 : 0.712556 0.287444
3898 : 0
3898 : 0.989957 0.0100427
3899 : 1
3899 : 0.000484207 0.999516
3900 : 0
3900 : 0.995901 0.00409929
3901 : 0
3901 : 1.0 1.20283e-09
3902 : 1
3902 : 1.14681e-05 0.999989
3903 : 0
3903 : 1.0 1.79869e-07
3904 : 1
3904 : 2.32909e-13 1.0
3905 : 1
3905 : 0.00568528 0.994315
3906 : 1
3906 : 0.163904 0.836096
3907 : 1
3907 : 9.47236e-06 0.99999
3908 : 1
3908 : 0.00309182 0.996908
3909 : 1
3909 : 0.000119071 0.999881
3910 : 1
3910 : 0.000231591 0.999768
3911 : 0
3911 : 0.999442 0.000557852
3912 : 0
3912 : 0.999964 3.6302e-05
3913 : 1
3913 : 0.00474292 0.995257
3914 : 1
3914 : 1.82647e-06 0.999998
3915 : 1
3915 : 4.48535e-05 0.999955
3916 : 0
3916 : 0.967842 0.0321578
3917 : 1
3917 : 6.84997e-06 0.999993
3918 : 1
3918 : 3.87047e-13 1.0
3919 : 1
3919 : 8.41225e-05 0.999916
3920 : 0
3920 : 1.0 2.96604e-10
3921 : 1
3921 : 2.01402e-10 1.0
3922 : 1
3922 : 0.000398911 0.999601
3923 : 1
3923 : 0.000646377 0.999354
3924 : 1
3924 : 6.11164e-05 0.999939
3925 : 1
3925 : 0.00848935 0.991511
3926 : 1
3926 : 0.000173688 0.999826
3927 : 1
3927 : 0.000699604 0.9993
3928 : 0
3928 : 0.962855 0.0371447
3929 : 1
3929 : 9.38459e-06 0.999991
3930 : 0
3930 : 0.950706 0.0492938
3931 : 0
3931 : 0.881352 0.118648
3932 : 0
3932 : 0.955136 0.0448638
3933 : 1
3933 : 0.229996 0.770004
3934 : 0
3934 : 0.980498 0.0195024
3935 : 0
3935 : 0.998496 0.00150375
3936 : 0
3936 : 0.998715 0.001285
3937 : 0
3937 : 0.998047 0.00195264
3938 : 0
3938 : 0.957977 0.0420232
3939 : 1
3939 : 0.0104184 0.989582
3940 : 1
3940 : 0.00291137 0.997089
3941 : 1
3941 : 3.26192e-05 0.999967
3942 : 1
3942 : 1.27941e-06 0.999999
3943 : 1
3943 : 2.66402e-17 1.0
3944 : 0
3944 : 0.999996 3.77797e-06
3945 : 1
3945 : 1.78773e-07 1.0
3946 : 0
3946 : 0.655359 0.344641
3947 : 0
3947 : 0.996023 0.00397695
3948 : 1
3948 : 3.12253e-08 1.0
3949 : 1
3949 : 0.00960267 0.990397
3950 : 1
3950 : 3.85135e-06 0.999996
3951 : 0
3951 : 1.0 1.03717e-07
3952 : 1
3952 : 6.64663e-05 0.999934
3953 : 0
3953 : 0.999984 1.57999e-05
3954 : 0
3954 : 0.983706 0.0162941
3955 : 1
3955 : 1.23282e-07 1.0
3956 : 1
3956 : 2.60867e-05 0.999974
3957 : 0
3957 : 0.999999 5.83369e-07
3958 : 1
3958 : 0.202769 0.797231
3959 : 0
3959 : 0.999993 6.54244e-06
3960 : 1
3960 : 4.79811e-06 0.999995
3961 : 1
3961 : 0.000205106 0.999795
3962 : 1
3962 : 0.414197 0.585803
3963 : 0
3963 : 0.996738 0.00326197
3964 : 0
3964 : 1.0 3.48042e-08
3965 : 1
3965 : 0.349617 0.650383
3966 : 1
3966 : 3.88845e-05 0.999961
3967 : 1
3967 : 0.418793 0.581207
3968 : 1
3968 : 0.000428961 0.999571
3969 : 1
3969 : 0.0477436 0.952256
3970 : 1
3970 : 4.83185e-05 0.999952
3971 : 1
3971 : 0.365673 0.634327
3972 : 0
3972 : 0.859701 0.140299
3973 : 1
3973 : 9.26182e-05 0.999907
3974 : 0
3974 : 0.843192 0.156808
3975 : 0
3975 : 0.81603 0.18397
3976 : 0
3976 : 0.988058 0.0119418
3977 : 0
3977 : 0.999997 2.51745e-06
3978 : 0
3978 : 0.998959 0.00104122
3979 : 1
3979 : 1.36282e-05 0.999986
3980 : 0
3980 : 0.999991 8.75272e-06
3981 : 1
3981 : 2.08494e-08 1.0
3982 : 0
3982 : 0.997973 0.00202659
3983 : 0
3983 : 1.0 7.45948e-09
3984 : 1
3984 : 0.15584 0.84416
3985 : 1
3985 : 8.48734e-09 1.0
3986 : 1
3986 : 0.00127238 0.998728
3987 : 0
3987 : 0.989131 0.0108691
3988 : 1
3988 : 4.51014e-06 0.999996
3989 : 1
3989 : 2.21508e-06 0.999998
3990 : 0
3990 : 0.775529 0.224471
3991 : 1
3991 : 0.133544 0.866456
3992 : 0
3992 : 0.977783 0.022217
3993 : 0
3993 : 0.998086 0.00191365
3994 : 0
3994 : 0.999923 7.72697e-05
3995 : 1
3995 : 0.162063 0.837937
3996 : 1
3996 : 0.0929221 0.907078
3997 : 1
3997 : 9.3332e-06 0.999991
3998 : 1
3998 : 0.00723381 0.992766
3999 : 0
3999 : 0.996351 0.00364871
4000 : 0
4000 : 0.999996 4.30843e-06
4001 : 1
4001 : 0.125305 0.874695
4002 : 0
4002 : 0.984975 0.0150253
4003 : 0
4003 : 0.999997 2.79612e-06
4004 : 0
4004 : 0.964357 0.0356431
4005 : 1
4005 : 0.0553551 0.944645
4006 : 1
4006 : 2.69781e-07 1.0
4007 : 0
4007 : 0.999327 0.000672994
4008 : 0
4008 : 0.999413 0.00058746
4009 : 0
4009 : 0.578064 0.421936
4010 : 0
4010 : 0.999582 0.000418479
4011 : 0
4011 : 1.0 6.79539e-08
4012 : 0
4012 : 0.999451 0.00054924
4013 : 0
4013 : 0.899262 0.100738
4014 : 0
4014 : 0.998301 0.00169888
4015 : 1
4015 : 0.08158 0.91842
4016 : 0
4016 : 0.988536 0.0114637
4017 : 1
4017 : 0.000631038 0.999369
4018 : 0
4018 : 0.831862 0.168138
4019 : 0
4019 : 0.937456 0.0625443
4020 : 1
4020 : 1.53851e-06 0.999999
4021 : 1
4021 : 0.000621797 0.999378
4022 : 0
4022 : 0.798007 0.201993
4023 : 1
4023 : 1.05714e-10 1.0
4024 : 1
4024 : 5.09169e-09 1.0
4025 : 1
4025 : 3.73327e-07 1.0
4026 : 1
4026 : 0.00111534 0.998885
4027 : 1
4027 : 5.81245e-05 0.999942
4028 : 1
4028 : 0.000598109 0.999402
4029 : 0
4029 : 0.706904 0.293096
4030 : 0
4030 : 0.999996 4.06916e-06
4031 : 1
4031 : 0.0187665 0.981234
4032 : 1
4032 : 0.169228 0.830772
4033 : 0
4033 : 0.999479 0.000520856
4034 : 0
4034 : 0.999969 3.07793e-05
4035 : 0
4035 : 0.974978 0.025022
4036 : 1
4036 : 0.0306852 0.969315
4037 : 0
4037 : 0.999996 3.57694e-06
4038 : 0
4038 : 0.996261 0.0037391
4039 : 1
4039 : 0.000123325 0.999877
4040 : 1
4040 : 0.000110455 0.99989
4041 : 0
4041 : 0.967745 0.0322552
4042 : 1
4042 : 1.92465e-05 0.999981
4043 : 1
4043 : 0.00507129 0.994929
4044 : 1
4044 : 1.2652e-08 1.0
4045 : 1
4045 : 0.301715 0.698285
4046 : 0
4046 : 0.999994 6.3567e-06
4047 : 0
4047 : 0.86998 0.13002
4048 : 0
4048 : 1.0 6.22102e-16
4049 : 1
4049 : 4.5438e-06 0.999996
4050 : 0
4050 : 0.999032 0.000967881
4051 : 1
4051 : 0.00278899 0.997211
4052 : 1
4052 : 0.0607298 0.93927
4053 : 1
4053 : 0.000114321 0.999886
4054 : 1
4054 : 4.82587e-05 0.999952
4055 : 0
4055 : 0.999999 1.06007e-06
4056 : 0
4056 : 0.992644 0.00735602
4057 : 1
4057 : 0.245076 0.754924
4058 : 0
4058 : 0.997742 0.00225822
4059 : 1
4059 : 0.000373851 0.999626
4060 : 0
4060 : 1.0 4.59733e-07
4061 : 0
4061 : 1.0 4.32748e-08
4062 : 0
4062 : 0.919062 0.0809384
4063 : 0
4063 : 0.65238 0.34762
4064 : 0
4064 : 1.0 6.47225e-15
4065 : 1
4065 : 0.00296811 0.997032
4066 : 0
4066 : 0.834678 0.165322
4067 : 1
4067 : 0.00190884 0.998091
4068 : 0
4068 : 0.989451 0.0105486
4069 : 0
4069 : 0.612537 0.387463
4070 : 0
4070 : 0.993707 0.00629275
4071 : 1
4071 : 0.00213029 0.99787
4072 : 1
4072 : 4.23438e-06 0.999996
4073 : 0
4073 : 0.982842 0.017158
4074 : 0
4074 : 0.999995 4.67445e-06
4075 : 0
4075 : 0.999997 2.59981e-06
4076 : 0
4076 : 0.999987 1.2801e-05
4077 : 0
4077 : 0.875787 0.124213
4078 : 1
4078 : 8.70086e-05 0.999913
4079 : 0
4079 : 1.0 1.25978e-07
4080 : 1
4080 : 0.00278661 0.997213
4081 : 0
4081 : 0.999464 0.000535575
4082 : 0
4082 : 0.703061 0.296939
4083 : 1
4083 : 8.5716e-05 0.999914
4084 : 0
4084 : 0.999558 0.000441753
4085 : 0
4085 : 0.964047 0.0359527
4086 : 1
4086 : 0.143406 0.856594
4087 : 0
4087 : 0.999865 0.000135392
4088 : 0
4088 : 0.852128 0.147872
4089 : 0
4089 : 0.997863 0.00213705
4090 : 1
4090 : 0.0078516 0.992148
4091 : 1
4091 : 1.2996e-05 0.999987
4092 : 1
4092 : 9.64868e-05 0.999904
4093 : 0
4093 : 1.0 4.97638e-07
4094 : 0
4094 : 0.999446 0.000554009
4095 : 1
4095 : 3.57209e-09 1.0
4096 : 0
4096 : 0.993195 0.00680488
4097 : 0
4097 : 1.0 3.26302e-07
4098 : 0
4098 : 0.993149 0.00685083
4099 : 1
4099 : 4.31213e-20 1.0
4100 : 0
4100 : 0.999983 1.67181e-05
4101 : 0
4101 : 0.993373 0.00662689
4102 : 1
4102 : 0.221535 0.778465
4103 : 0
4103 : 0.995364 0.00463608
4104 : 1
4104 : 0.000125418 0.999875
4105 : 0
4105 : 1.0 1.55817e-07
4106 : 0
4106 : 0.999992 7.62466e-06
4107 : 1
4107 : 0.000538553 0.999461
4108 : 1
4108 : 0.000574774 0.999425
4109 : 1
4109 : 0.00943496 0.990565
4110 : 1
4110 : 3.17253e-06 0.999997
4111 : 0
4111 : 1.0 9.74883e-10
4112 : 0
4112 : 1.0 2.96904e-12
4113 : 1
4113 : 0.00208662 0.997913
4114 : 0
4114 : 0.969926 0.0300745
4115 : 1
4115 : 0.19778 0.80222
4116 : 1
4116 : 1.5539e-15 1.0
4117 : 0
4117 : 0.998838 0.00116176
4118 : 1
4118 : 0.0160879 0.983912
4119 : 0
4119 : 1.0 2.79623e-10
4120 : 0
4120 : 0.999998 1.88327e-06
4121 : 1
4121 : 6.71179e-07 0.999999
4122 : 1
4122 : 0.000329071 0.999671
4123 : 0
4123 : 0.989228 0.0107721
4124 : 0
4124 : 0.999947 5.31783e-05
4125 : 1
4125 : 0.00479586 0.995204
4126 : 1
4126 : 0.0157121 0.984288
4127 : 0
4127 : 0.998952 0.00104813
4128 : 1
4128 : 0.0562977 0.943702
4129 : 1
4129 : 0.0077566 0.992243
4130 : 1
4130 : 2.47757e-07 1.0
4131 : 1
4131 : 9.24522e-05 0.999907
4132 : 0
4132 : 0.710561 0.289439
4133 : 0
4133 : 0.998251 0.00174936
4134 : 0
4134 : 0.999849 0.000150826
4135 : 0
4135 : 0.812961 0.187039
4136 : 1
4136 : 0.00554884 0.994451
4137 : 0
4137 : 0.996019 0.00398061
4138 : 1
4138 : 0.0157538 0.984246
4139 : 0
4139 : 0.999592 0.000407702
4140 : 0
4140 : 0.99646 0.0035401
4141 : 1
4141 : 7.48684e-05 0.999925
4142 : 1
4142 : 0.0333586 0.966641
4143 : 0
4143 : 0.996357 0.00364337
4144 : 1
4144 : 9.49833e-08 1.0
4145 : 0
4145 : 0.668273 0.331727
4146 : 0
4146 : 0.989195 0.0108052
4147 : 0
4147 : 0.997038 0.0029622
4148 : 0
4148 : 0.98972 0.0102802
4149 : 1
4149 : 0.171406 0.828593
4150 : 0
4150 : 0.999943 5.70966e-05
4151 : 0
4151 : 0.998559 0.0014406
4152 : 1
4152 : 0.00117832 0.998822
4153 : 0
4153 : 0.999991 9.22837e-06
4154 : 0
4154 : 1.0 5.10183e-10
4155 : 1
4155 : 1.4733e-07 1.0
4156 : 0
4156 : 0.999788 0.000211866
4157 : 0
4157 : 0.690208 0.309792
4158 : 0
4158 : 0.998593 0.00140689
4159 : 0
4159 : 0.998704 0.00129548
4160 : 0
4160 : 0.995143 0.00485667
4161 : 1
4161 : 6.65567e-05 0.999933
4162 : 0
4162 : 0.999957 4.34124e-05
4163 : 0
4163 : 0.999522 0.000478416
4164 : 1
4164 : 1.40087e-05 0.999986
4165 : 1
4165 : 0.0264202 0.97358
4166 : 1
4166 : 0.000348185 0.999652
4167 : 0
4167 : 0.985682 0.0143181
4168 : 0
4168 : 0.878863 0.121137
4169 : 0
4169 : 0.999943 5.64571e-05
4170 : 1
4170 : 0.000310316 0.99969
4171 : 1
4171 : 8.20871e-09 1.0
4172 : 0
4172 : 0.99036 0.00964002
4173 : 1
4173 : 0.0227616 0.977238
4174 : 1
4174 : 0.00260415 0.997396
4175 : 1
4175 : 0.000197687 0.999802
4176 : 0
4176 : 0.963925 0.0360751
4177 : 1
4177 : 0.000454247 0.999546
4178 : 1
4178 : 0.0021297 0.99787
4179 : 0
4179 : 0.993487 0.0065125
4180 : 1
4180 : 7.23802e-10 1.0
4181 : 0
4181 : 0.999562 0.000438149
4182 : 0
4182 : 1.0 6.44318e-08
4183 : 0
4183 : 0.995118 0.00488175
4184 : 1
4184 : 0.0574285 0.942572
4185 : 0
4185 : 0.999997 3.206e-06
4186 : 1
4186 : 6.76455e-06 0.999993
4187 : 0
4187 : 0.999999 6.30146e-07
4188 : 0
4188 : 1.0 4.17996e-07
4189 : 0
4189 : 0.998997 0.00100305
4190 : 1
4190 : 1.31839e-05 0.999987
4191 : 1
4191 : 0.233221 0.766779
4192 : 1
4192 : 9.33644e-05 0.999907
4193 : 1
4193 : 0.00241471 0.997585
4194 : 1
4194 : 2.04664e-11 1.0
4195 : 1
4195 : 0.00189097 0.998109
4196 : 1
4196 : 0.00148639 0.998514
4197 : 0
4197 : 0.970301 0.0296991
4198 : 1
4198 : 9.70661e-05 0.999903
4199 : 1
4199 : 0.499649 0.500351
4200 : 1
4200 : 2.76963e-05 0.999972
4201 : 0
4201 : 0.999986 1.37173e-05
4202 : 1
4202 : 0.0122515 0.987749
4203 : 1
4203 : 0.00381845 0.996181
4204 : 0
4204 : 0.990794 0.00920594
4205 : 0
4205 : 0.999674 0.000326043
4206 : 0
4206 : 0.99997 3.03264e-05
4207 : 0
4207 : 0.999999 1.43105e-06
4208 : 1
4208 : 0.00092092 0.999079
4209 : 0
4209 : 0.99987 0.00012954
4210 : 1
4210 : 5.19557e-07 1.0
4211 : 1
4211 : 0.0297007 0.970299
4212 : 0
4212 : 0.995983 0.0040172
4213 : 0
4213 : 0.999986 1.36708e-05
4214 : 0
4214 : 0.997416 0.002584
4215 : 0
4215 : 0.701522 0.298478
4216 : 1
4216 : 8.30855e-05 0.999917
4217 : 1
4217 : 0.000225803 0.999774
4218 : 1
4218 : 0.0172268 0.982773
4219 : 1
4219 : 0.00020528 0.999795
4220 : 1
4220 : 0.0783147 0.921685
4221 : 1
4221 : 0.499285 0.500715
4222 : 0
4222 : 0.999505 0.000494866
4223 : 0
4223 : 0.998332 0.00166812
4224 : 1
4224 : 0.497355 0.502645
4225 : 0
4225 : 0.999669 0.000330955
4226 : 0
4226 : 0.880279 0.119721
4227 : 1
4227 : 0.00162036 0.99838
4228 : 0
4228 : 1.0 2.55441e-14
4229 : 1
4229 : 0.00936844 0.990632
4230 : 1
4230 : 1.14474e-08 1.0
4231 : 1
4231 : 0.00172361 0.998276
4232 : 0
4232 : 0.963363 0.0366375
4233 : 1
4233 : 3.60308e-06 0.999996
4234 : 1
4234 : 0.00692719 0.993073
4235 : 1
4235 : 0.00057992 0.99942
4236 : 1
4236 : 0.113308 0.886692
4237 : 0
4237 : 0.984652 0.0153484
4238 : 0
4238 : 0.977178 0.022822
4239 : 0
4239 : 0.504234 0.495766
4240 : 0
4240 : 0.627691 0.372309
4241 : 0
4241 : 0.85891 0.14109
4242 : 1
4242 : 9.3808e-09 1.0
4243 : 1
4243 : 0.00224495 0.997755
4244 : 0
4244 : 0.685696 0.314304
4245 : 0
4245 : 0.747144 0.252857
4246 : 1
4246 : 0.165071 0.834929
4247 : 1
4247 : 0.00707952 0.99292
4248 : 1
4248 : 1.60983e-07 1.0
4249 : 1
4249 : 3.76021e-06 0.999996
4250 : 0
4250 : 0.999839 0.000160728
4251 : 1
4251 : 0.000121143 0.999879
4252 : 1
4252 : 0.000276552 0.999723
4253 : 0
4253 : 0.98205 0.0179504
4254 : 0
4254 : 0.992635 0.00736456
4255 : 1
4255 : 3.89381e-07 1.0
4256 : 0
4256 : 0.999235 0.000764574
4257 : 1
4257 : 0.0346058 0.965394
4258 : 1
4258 : 1.09896e-10 1.0
4259 : 1
4259 : 0.00154701 0.998453
4260 : 1
4260 : 3.8731e-06 0.999996
4261 : 1
4261 : 1.03096e-05 0.99999
4262 : 0
4262 : 0.999935 6.5294e-05
4263 : 0
4263 : 1.0 5.15305e-07
4264 : 1
4264 : 0.0191251 0.980875
4265 : 1
4265 : 0.239921 0.760079
4266 : 1
4266 : 0.000100534 0.999899
4267 : 1
4267 : 0.00173374 0.998266
4268 : 1
4268 : 2.72043e-06 0.999997
4269 : 0
4269 : 1.0 2.01201e-10
4270 : 0
4270 : 0.970535 0.0294649
4271 : 0
4271 : 0.999852 0.00014794
4272 : 1
4272 : 3.53773e-06 0.999996
4273 : 1
4273 : 0.0135623 0.986438
4274 : 1
4274 : 1.81532e-07 1.0
4275 : 1
4275 : 0.001961 0.998039
4276 : 0
4276 : 0.999811 0.000189532
4277 : 0
4277 : 0.999983 1.64835e-05
4278 : 0
4278 : 1.0 5.86787e-08
4279 : 0
4279 : 0.999351 0.000649346
4280 : 0
4280 : 0.960368 0.0396325
4281 : 1
4281 : 0.442161 0.557839
4282 : 1
4282 : 8.23007e-10 1.0
4283 : 0
4283 : 0.998762 0.0012382
4284 : 0
4284 : 0.99416 0.00583967
4285 : 0
4285 : 1.0 9.16231e-13
4286 : 0
4286 : 0.777016 0.222984
4287 : 1
4287 : 0.0227556 0.977244
4288 : 0
4288 : 0.99934 0.000659709
4289 : 1
4289 : 8.2357e-05 0.999918
4290 : 1
4290 : 1.30254e-09 1.0
4291 : 0
4291 : 1.0 1.55922e-08
4292 : 1
4292 : 2.34945e-05 0.999977
4293 : 0
4293 : 0.999995 4.72776e-06
4294 : 1
4294 : 8.04741e-05 0.99992
4295 : 1
4295 : 2.33917e-05 0.999977
4296 : 0
4296 : 1.0 9.05941e-12
4297 : 1
4297 : 0.330859 0.669141
4298 : 0
4298 : 0.981489 0.0185111
4299 : 0
4299 : 0.95226 0.0477397
4300 : 1
4300 : 1.092e-07 1.0
4301 : 0
4301 : 0.986707 0.0132929
4302 : 1
4302 : 3.58988e-07 1.0
4303 : 0
4303 : 0.967203 0.0327969
4304 : 1
4304 : 3.85862e-05 0.999961
4305 : 1
4305 : 0.211374 0.788626
4306 : 1
4306 : 0.240673 0.759327
4307 : 1
4307 : 0.00277644 0.997224
4308 : 0
4308 : 0.99745 0.00255011
4309 : 1
4309 : 0.0191335 0.980866
4310 : 0
4310 : 0.990136 0.00986402
4311 : 0
4311 : 0.999986 1.41427e-05
4312 : 0
4312 : 1.0 1.6867e-08
4313 : 0
4313 : 0.505063 0.494937
4314 : 1
4314 : 5.65331e-05 0.999943
4315 : 1
4315 : 8.762e-06 0.999991
4316 : 0
4316 : 0.999515 0.000485513
4317 : 1
4317 : 0.0353186 0.964681
4318 : 0
4318 : 0.999933 6.74812e-05
4319 : 1
4319 : 1.97968e-06 0.999998
4320 : 1
4320 : 0.21415 0.78585
4321 : 1
4321 : 0.0506403 0.94936
4322 : 1
4322 : 0.118763 0.881237
4323 : 1
4323 : 3.52779e-06 0.999996
4324 : 0
4324 : 0.990689 0.00931148
4325 : 0
4325 : 0.937086 0.0629136
4326 : 1
4326 : 0.077599 0.922401
4327 : 1
4327 : 3.99379e-09 1.0
4328 : 1
4328 : 6.04519e-08 1.0
4329 : 0
4329 : 0.981934 0.0180657
4330 : 1
4330 : 2.58383e-06 0.999997
4331 : 0
4331 : 0.999987 1.29533e-05
4332 : 0
4332 : 0.995803 0.00419728
4333 : 1
4333 : 4.51207e-08 1.0
4334 : 1
4334 : 0.00205607 0.997944
4335 : 1
4335 : 1.32623e-06 0.999999
4336 : 1
4336 : 0.433475 0.566525
4337 : 1
4337 : 0.0117928 0.988207
4338 : 0
4338 : 0.504337 0.495663
4339 : 1
4339 : 0.0499944 0.950006
4340 : 1
4340 : 0.0200856 0.979914
4341 : 0
4341 : 0.965185 0.0348154
4342 : 1
4342 : 0.0412377 0.958762
4343 : 1
4343 : 0.00412733 0.995873
4344 : 1
4344 : 2.52417e-06 0.999997
4345 : 0
4345 : 0.999958 4.24044e-05
4346 : 0
4346 : 0.999839 0.000161261
4347 : 1
4347 : 2.43784e-05 0.999976
4348 : 0
4348 : 0.614658 0.385342
4349 : 0
4349 : 0.935226 0.0647744
4350 : 1
4350 : 9.41907e-05 0.999906
4351 : 1
4351 : 0.000263257 0.999737
4352 : 1
4352 : 4.8698e-07 1.0
4353 : 1
4353 : 0.22366 0.77634
4354 : 1
4354 : 0.00249666 0.997503
4355 : 0
4355 : 1.0 5.20775e-08
4356 : 1
4356 : 0.245426 0.754574
4357 : 0
4357 : 0.994275 0.00572501
4358 : 1
4358 : 0.000144478 0.999856
4359 : 0
4359 : 0.993259 0.00674107
4360 : 0
4360 : 0.561742 0.438258
4361 : 0
4361 : 0.999812 0.00018827
4362 : 1
4362 : 3.1973e-06 0.999997
4363 : 0
4363 : 0.999939 6.06541e-05
4364 : 0
4364 : 0.99999 1.00369e-05
4365 : 0
4365 : 1.0 3.17794e-11
4366 : 1
4366 : 0.409988 0.590012
4367 : 1
4367 : 7.51686e-09 1.0
4368 : 0
4368 : 0.969336 0.030664
4369 : 1
4369 : 0.000389461 0.999611
4370 : 1
4370 : 0.0538479 0.946152
4371 : 0
4371 : 0.99793 0.00207051
4372 : 0
4372 : 0.99916 0.000839949
4373 : 0
4373 : 0.999965 3.46622e-05
4374 : 0
4374 : 0.999992 7.69258e-06
4375 : 0
4375 : 0.95714 0.0428596
4376 : 0
4376 : 0.725822 0.274178
4377 : 0
4377 : 0.999943 5.71482e-05
4378 : 0
4378 : 0.522031 0.477969
4379 : 0
4379 : 0.998729 0.00127135
4380 : 0
4380 : 0.999999 1.26141e-06
4381 : 0
4381 : 0.998162 0.00183834
4382 : 0
4382 : 0.964117 0.0358826
4383 : 1
4383 : 0.10879 0.89121
4384 : 1
4384 : 3.92479e-05 0.999961
4385 : 1
4385 : 1.00393e-07 1.0
4386 : 0
4386 : 0.609289 0.390711
4387 : 1
4387 : 0.00177326 0.998227
4388 : 1
4388 : 0.00708316 0.992917
4389 : 0
4389 : 0.999929 7.06675e-05
4390 : 1
4390 : 0.00121884 0.998781
4391 : 0
4391 : 0.999323 0.00067739
4392 : 0
4392 : 1.0 1.06019e-07
4393 : 1
4393 : 4.58779e-06 0.999995
4394 : 1
4394 : 0.15441 0.84559
4395 : 0
4395 : 0.988504 0.0114956
4396 : 1
4396 : 0.0018658 0.998134
4397 : 1
4397 : 1.33329e-10 1.0
4398 : 0
4398 : 1.0 1.93057e-07
4399 : 1
4399 : 1.34792e-08 1.0
4400 : 1
4400 : 0.0252349 0.974765
4401 : 0
4401 : 0.802606 0.197394
4402 : 0
4402 : 0.995685 0.0043145
4403 : 0
4403 : 0.919941 0.0800595
4404 : 1
4404 : 0.00518114 0.994819
4405 : 1
4405 : 1.55136e-08 1.0
4406 : 1
4406 : 0.0111777 0.988822
4407 : 1
4407 : 1.23643e-06 0.999999
4408 : 1
4408 : 0.00215994 0.99784
4409 : 0
4409 : 0.80158 0.19842
4410 : 1
4410 : 0.000189562 0.99981
4411 : 1
4411 : 1.79676e-05 0.999982
4412 : 0
4412 : 0.999999 5.43914e-07
4413 : 1
4413 : 0.0969251 0.903075
4414 : 0
4414 : 0.994982 0.0050184
4415 : 1
4415 : 5.01625e-08 1.0
4416 : 1
4416 : 0.00357065 0.996429
4417 : 1
4417 : 1.70675e-09 1.0
4418 : 0
4418 : 0.999997 3.34531e-06
4419 : 0
4419 : 0.765085 0.234915
4420 : 1
4420 : 0.254403 0.745597
4421 : 1
4421 : 0.000265526 0.999735
4422 : 1
4422 : 6.83724e-07 0.999999
4423 : 1
4423 : 2.35006e-05 0.999977
4424 : 1
4424 : 7.21189e-08 1.0
4425 : 0
4425 : 0.999207 0.000792813
4426 : 0
4426 : 0.996501 0.00349901
4427 : 1
4427 : 0.0184564 0.981544
4428 : 0
4428 : 0.999942 5.80797e-05
4429 : 1
4429 : 2.60857e-11 1.0
4430 : 1
4430 : 6.00441e-11 1.0
4431 : 1
4431 : 0.323856 0.676144
4432 : 1
4432 : 0.0100534 0.989947
4433 : 0
4433 : 0.999994 5.9675e-06
4434 : 1
4434 : 0.0118463 0.988154
4435 : 0
4435 : 0.999053 0.000947028
4436 : 1
4436 : 6.60808e-06 0.999993
4437 : 1
4437 : 0.000695903 0.999304
4438 : 1
4438 : 0.0010815 0.998919
4439 : 1
4439 : 1.18571e-06 0.999999
4440 : 0
4440 : 1.0 6.21895e-09
4441 : 0
4441 : 0.999902 9.79555e-05
4442 : 0
4442 : 0.998461 0.00153876
4443 : 0
4443 : 0.999981 1.94539e-05
4444 : 0
4444 : 1.0 3.97961e-08
4445 : 0
4445 : 0.999997 2.71994e-06
4446 : 0
4446 : 0.999916 8.3729e-05
4447 : 1
4447 : 0.00264985 0.99735
4448 : 0
4448 : 0.994726 0.00527447
4449 : 0
4449 : 1.0 1.61276e-07
4450 : 0
4450 : 0.998859 0.00114125
4451 : 0
4451 : 0.999609 0.000391384
4452 : 1
4452 : 0.000136754 0.999863
4453 : 0
4453 : 0.97383 0.0261705
4454 : 0
4454 : 0.998135 0.00186511
4455 : 0
4455 : 0.999817 0.000182907
4456 : 1
4456 : 1.3631e-05 0.999986
4457 : 1
4457 : 2.1971e-06 0.999998
4458 : 1
4458 : 0.0248282 0.975172
4459 : 0
4459 : 0.999817 0.000182613
4460 : 1
4460 : 0.036182 0.963818
4461 : 1
4461 : 0.00185851 0.998142
4462 : 0
4462 : 0.99755 0.00245031
4463 : 0
4463 : 0.999182 0.000818329
4464 : 1
4464 : 4.51842e-07 1.0
4465 : 1
4465 : 8.68476e-08 1.0
4466 : 1
4466 : 0.157953 0.842047
4467 : 1
4467 : 1.27312e-05 0.999987
4468 : 1
4468 : 0.00921116 0.990789
4469 : 1
4469 : 7.71182e-05 0.999923
4470 : 0
4470 : 0.999984 1.64101e-05
4471 : 1
4471 : 3.82763e-05 0.999962
4472 : 0
4472 : 0.941646 0.0583544
4473 : 1
4473 : 1.5132e-07 1.0
4474 : 0
4474 : 0.993119 0.00688131
4475 : 0
4475 : 1.0 8.49326e-10
4476 : 1
4476 : 2.04018e-05 0.99998
4477 : 0
4477 : 0.999986 1.4175e-05
4478 : 1
4478 : 0.486185 0.513815
4479 : 0
4479 : 0.697849 0.302151
4480 : 1
4480 : 0.000665618 0.999334
4481 : 0
4481 : 1.0 2.0344e-09
4482 : 0
4482 : 0.992301 0.00769918
4483 : 1
4483 : 0.0893129 0.910687
4484 : 1
4484 : 0.190646 0.809354
4485 : 0
4485 : 1.0 3.73627e-08
4486 : 0
4486 : 0.985991 0.0140088
4487 : 0
4487 : 0.999999 6.55127e-07
4488 : 0
4488 : 0.989069 0.0109306
4489 : 0
4489 : 0.999995 5.30884e-06
4490 : 1
4490 : 0.107534 0.892466
4491 : 1
4491 : 1.7217e-05 0.999983
4492 : 1
4492 : 6.78264e-09 1.0
4493 : 0
4493 : 0.836012 0.163988
4494 : 1
4494 : 0.011402 0.988598
4495 : 0
4495 : 0.966873 0.0331269
4496 : 0
4496 : 0.512684 0.487316
4497 : 0
4497 : 0.965076 0.0349242
4498 : 1
4498 : 0.00262796 0.997372
4499 : 1
4499 : 0.0361374 0.963863
4500 : 0
4500 : 0.986645 0.013355
4501 : 1
4501 : 1.6203e-06 0.999998
4502 : 1
4502 : 0.00106221 0.998938
4503 : 0
4503 : 0.996975 0.00302497
4504 : 0
4504 : 0.999964 3.60545e-05
4505 : 1
4505 : 0.000122427 0.999878
4506 : 0
4506 : 0.985568 0.0144321
4507 : 0
4507 : 0.99865 0.00135046
4508 : 1
4508 : 0.0329314 0.967069
4509 : 0
4509 : 0.999986 1.41051e-05
4510 : 0
4510 : 1.0 8.76489e-12
4511 : 1
4511 : 3.17753e-05 0.999968
4512 : 1
4512 : 0.00254732 0.997453
4513 : 0
4513 : 0.996313 0.00368733
4514 : 0
4514 : 0.973888 0.0261121
4515 : 0
4515 : 0.985376 0.0146243
4516 : 0
4516 : 0.997061 0.00293878
4517 : 0
4517 : 0.999921 7.90365e-05
4518 : 1
4518 : 0.137167 0.862833
4519 : 0
4519 : 1.0 8.2805e-08
4520 : 1
4520 : 0.000229809 0.99977
4521 : 0
4521 : 0.954334 0.0456665
4522 : 0
4522 : 0.999989 1.14964e-05
4523 : 0
4523 : 0.877969 0.122031
4524 : 0
4524 : 1.0 2.57476e-11
4525 : 0
4525 : 0.999889 0.000110838
4526 : 0
4526 : 0.775737 0.224263
4527 : 0
4527 : 0.990008 0.00999163
4528 : 0
4528 : 0.999113 0.00088745
4529 : 0
4529 : 1.0 1.58854e-08
4530 : 0
4530 : 0.950321 0.0496793
4531 : 1
4531 : 0.0221307 0.977869
4532 : 0
4532 : 0.997488 0.00251233
4533 : 0
4533 : 0.996354 0.0036458
4534 : 1
4534 : 0.296704 0.703296
4535 : 1
4535 : 0.00677308 0.993227
4536 : 0
4536 : 0.99944 0.000559787
4537 : 0
4537 : 0.999506 0.000494114
4538 : 0
4538 : 0.948284 0.0517161
4539 : 1
4539 : 5.34781e-05 0.999947
4540 : 0
4540 : 0.939238 0.0607621
4541 : 1
4541 : 0.000282399 0.999718
4542 : 0
4542 : 0.999652 0.00034829
4543 : 0
4543 : 0.951779 0.0482214
4544 : 1
4544 : 0.021616 0.978384
4545 : 0
4545 : 0.999925 7.51133e-05
4546 : 1
4546 : 2.15528e-05 0.999978
4547 : 0
4547 : 0.992973 0.007027
4548 : 1
4548 : 0.000168349 0.999832
4549 : 0
4549 : 0.999988 1.17285e-05
4550 : 0
4550 : 0.999842 0.000157653
4551 : 1
4551 : 0.00137606 0.998624
4552 : 1
4552 : 0.051504 0.948496
4553 : 0
4553 : 0.99423 0.00576972
4554 : 1
4554 : 2.09217e-05 0.999979
4555 : 0
4555 : 0.999636 0.000363999
4556 : 0
4556 : 1.0 3.25852e-08
4557 : 0
4557 : 1.0 8.19247e-08
4558 : 0
4558 : 0.514783 0.485217
4559 : 0
4559 : 0.697981 0.302019
4560 : 1
4560 : 0.366082 0.633918
4561 : 0
4561 : 0.974979 0.0250206
4562 : 1
4562 : 3.09862e-05 0.999969
4563 : 0
4563 : 0.957798 0.0422022
4564 : 1
4564 : 0.000808251 0.999192
4565 : 0
4565 : 1.0 9.93036e-08
4566 : 1
4566 : 0.0470596 0.95294
4567 : 1
4567 : 4.52228e-05 0.999955
4568 : 1
4568 : 0.00220284 0.997797
4569 : 0
4569 : 0.999789 0.000210605
4570 : 1
4570 : 3.6039e-05 0.999964
4571 : 1
4571 : 8.94576e-07 0.999999
4572 : 0
4572 : 0.99915 0.000849921
4573 : 1
4573 : 0.0904857 0.909514
4574 : 1
4574 : 0.00691418 0.993086
4575 : 1
4575 : 0.0652568 0.934743
4576 : 0
4576 : 1.0 1.64264e-08
4577 : 1
4577 : 7.77596e-06 0.999992
4578 : 0
4578 : 0.935921 0.0640793
4579 : 0
4579 : 0.999327 0.000673453
4580 : 0
4580 : 0.686291 0.313709
4581 : 1
4581 : 2.85438e-06 0.999997
4582 : 0
4582 : 0.999446 0.000553976
4583 : 0
4583 : 0.999999 1.23329e-06
4584 : 0
4584 : 1.0 1.58866e-10
4585 : 1
4585 : 0.00354338 0.996457
4586 : 1
4586 : 1.06149e-05 0.999989
4587 : 0
4587 : 0.873277 0.126722
4588 : 1
4588 : 0.264486 0.735514
4589 : 0
4589 : 1.0 1.56068e-07
4590 : 1
4590 : 4.66705e-08 1.0
4591 : 0
4591 : 0.999998 2.22184e-06
4592 : 0
4592 : 0.999969 3.12796e-05
4593 : 0
4593 : 0.999995 4.78699e-06
4594 : 1
4594 : 0.00758156 0.992418
4595 : 0
4595 : 1.0 3.99403e-09
4596 : 1
4596 : 0.000940043 0.99906
4597 : 0
4597 : 0.939399 0.060601
4598 : 1
4598 : 4.56763e-07 1.0
4599 : 1
4599 : 9.14123e-06 0.999991
4600 : 0
4600 : 0.773129 0.226871
4601 : 1
4601 : 0.0012929 0.998707
4602 : 1
4602 : 0.024038 0.975962
4603 : 1
4603 : 2.73246e-07 1.0
4604 : 0
4604 : 0.998887 0.00111284
4605 : 0
4605 : 0.996285 0.00371529
4606 : 1
4606 : 8.63137e-08 1.0
4607 : 0
4607 : 0.948852 0.0511482
4608 : 0
4608 : 1.0 1.20232e-12
4609 : 0
4609 : 1.0 3.82833e-07
4610 : 0
4610 : 0.999992 7.61939e-06
4611 : 1
4611 : 0.402786 0.597214
4612 : 0
4612 : 1.0 3.7909e-09
4613 : 0
4613 : 0.837403 0.162597
4614 : 0
4614 : 1.0 8.14996e-08
4615 : 1
4615 : 0.000153677 0.999846
4616 : 1
4616 : 9.68009e-06 0.99999
4617 : 1
4617 : 0.0137841 0.986216
4618 : 1
4618 : 0.0242889 0.975711
4619 : 0
4619 : 0.779907 0.220093
4620 : 0
4620 : 0.999704 0.000295819
4621 : 0
4621 : 0.999843 0.000157353
4622 : 1
4622 : 0.00821359 0.991786
4623 : 1
4623 : 2.55418e-05 0.999974
4624 : 1
4624 : 0.00140908 0.998591
4625 : 1
4625 : 0.125197 0.874803
4626 : 1
4626 : 5.44509e-07 0.999999
4627 : 1
4627 : 7.27945e-10 1.0
4628 : 1
4628 : 7.28974e-05 0.999927
4629 : 0
4629 : 0.999474 0.000525931
4630 : 1
4630 : 0.00112755 0.998872
4631 : 1
4631 : 0.0895906 0.910409
4632 : 0
4632 : 0.999895 0.000105143
4633 : 0
4633 : 1.0 1.3091e-07
4634 : 0
4634 : 0.999933 6.73594e-05
4635 : 1
4635 : 4.81654e-12 1.0
4636 : 0
4636 : 0.942772 0.057228
4637 : 0
4637 : 0.776942 0.223058
4638 : 0
4638 : 0.99461 0.00538955
4639 : 0
4639 : 0.982595 0.017405
4640 : 1
4640 : 0.000112796 0.999887
4641 : 1
4641 : 0.00045206 0.999548
4642 : 0
4642 : 0.928614 0.0713863
4643 : 1
4643 : 1.81582e-06 0.999998
4644 : 0
4644 : 0.951124 0.0488756
4645 : 0
4645 : 0.999176 0.000823915
4646 : 1
4646 : 0.392711 0.607289
4647 : 1
4647 : 2.91848e-08 1.0
4648 : 0
4648 : 0.999999 1.48078e-06
4649 : 1
4649 : 0.000415785 0.999584
4650 : 1
4650 : 0.00599447 0.994006
4651 : 1
4651 : 0.0239708 0.976029
4652 : 1
4652 : 0.00568927 0.994311
4653 : 0
4653 : 1.0 2.05488e-11
4654 : 1
4654 : 0.226621 0.773379
4655 : 0
4655 : 1.0 2.95877e-07
4656 : 1
4656 : 0.0255716 0.974428
4657 : 1
4657 : 0.00275298 0.997247
4658 : 0
4658 : 1.0 2.08214e-07
4659 : 0
4659 : 0.999997 2.60174e-06
4660 : 0
4660 : 0.990542 0.00945792
4661 : 0
4661 : 1.0 4.46161e-07
4662 : 0
4662 : 0.999994 6.39529e-06
4663 : 1
4663 : 1.37443e-05 0.999986
4664 : 1
4664 : 8.7768e-06 0.999991
4665 : 1
4665 : 0.000518184 0.999482
4666 : 0
4666 : 0.997387 0.00261266
4667 : 1
4667 : 4.42957e-08 1.0
4668 : 1
4668 : 2.52926e-11 1.0
4669 : 1
4669 : 0.045042 0.954958
4670 : 0
4670 : 0.999999 8.35303e-07
4671 : 1
4671 : 2.07559e-05 0.999979
4672 : 1
4672 : 0.352814 0.647186
4673 : 0
4673 : 0.513658 0.486342
4674 : 1
4674 : 1.27026e-10 1.0
4675 : 1
4675 : 0.21711 0.78289
4676 : 1
4676 : 9.76915e-07 0.999999
4677 : 1
4677 : 0.0410807 0.958919
4678 : 0
4678 : 0.700196 0.299804
4679 : 1
4679 : 7.63943e-05 0.999924
4680 : 0
4680 : 0.590464 0.409536
4681 : 0
4681 : 0.998323 0.00167735
4682 : 0
4682 : 1.0 7.02181e-11
4683 : 0
4683 : 1.0 2.56463e-11
4684 : 1
4684 : 2.75827e-05 0.999972
4685 : 1
4685 : 2.47068e-07 1.0
4686 : 0
4686 : 0.999955 4.50687e-05
4687 : 0
4687 : 0.999664 0.000335754
4688 : 0
4688 : 0.638647 0.361353
4689 : 1
4689 : 7.12987e-08 1.0
4690 : 0
4690 : 0.967754 0.032246
4691 : 1
4691 : 0.159288 0.840712
4692 : 0
4692 : 1.0 4.04938e-08
4693 : 1
4693 : 5.2571e-06 0.999995
4694 : 0
4694 : 1.0 2.59721e-08
4695 : 0
4695 : 0.998136 0.00186456
4696 : 0
4696 : 0.940784 0.0592163
4697 : 0
4697 : 1.0 7.36512e-11
4698 : 0
4698 : 0.938142 0.0618577
4699 : 0
4699 : 0.990402 0.00959852
4700 : 1
4700 : 0.00153866 0.998461
4701 : 0
4701 : 0.988295 0.0117054
4702 : 1
4702 : 0.000306086 0.999694
4703 : 0
4703 : 0.999999 1.07576e-06
4704 : 0
4704 : 1.0 3.08903e-08
4705 : 0
4705 : 0.928854 0.0711456
4706 : 0
4706 : 0.999494 0.000506413
4707 : 1
4707 : 5.19976e-09 1.0
4708 : 1
4708 : 0.47681 0.52319
4709 : 1
4709 : 0.189993 0.810007
4710 : 1
4710 : 0.000239443 0.999761
4711 : 1
4711 : 7.47325e-09 1.0
4712 : 0
4712 : 0.99976 0.000240091
4713 : 1
4713 : 0.0218499 0.97815
4714 : 1
4714 : 0.0227855 0.977215
4715 : 1
4715 : 0.0013442 0.998656
4716 : 0
4716 : 0.67855 0.32145
4717 : 1
4717 : 0.0024525 0.997548
4718 : 1
4718 : 1.60941e-05 0.999984
4719 : 1
4719 : 0.2235 0.7765
4720 : 1
4720 : 1.34972e-06 0.999999
4721 : 0
4721 : 0.820365 0.179635
4722 : 0
4722 : 0.999978 2.23443e-05
4723 : 1
4723 : 0.00164052 0.998359
4724 : 0
4724 : 0.651793 0.348207
4725 : 0
4725 : 0.999123 0.000876672
4726 : 1
4726 : 3.77669e-07 1.0
4727 : 0
4727 : 0.994821 0.00517849
4728 : 0
4728 : 0.975899 0.0241015
4729 : 0
4729 : 0.995771 0.00422851
4730 : 1
4730 : 0.116565 0.883435
4731 : 1
4731 : 3.05954e-06 0.999997
4732 : 0
4732 : 0.983996 0.0160039
4733 : 0
4733 : 0.791486 0.208514
4734 : 0
4734 : 0.994842 0.00515767
4735 : 0
4735 : 0.999945 5.54543e-05
4736 : 0
4736 : 0.997506 0.00249347
4737 : 0
4737 : 0.8531 0.1469
4738 : 0
4738 : 0.995886 0.0041143
4739 : 0
4739 : 0.50975 0.49025
4740 : 0
4740 : 0.999032 0.000968365
4741 : 0
4741 : 1.0 2.63774e-07
4742 : 0
4742 : 1.0 2.40511e-07
4743 : 0
4743 : 0.987301 0.0126994
4744 : 1
4744 : 0.00141979 0.99858
4745 : 1
4745 : 0.0443341 0.955666
4746 : 1
4746 : 0.000709214 0.999291
4747 : 0
4747 : 0.984995 0.0150049
4748 : 1
4748 : 0.00285731 0.997143
4749 : 0
4749 : 0.999868 0.000131978
4750 : 1
4750 : 0.0020325 0.997968
4751 : 1
4751 : 0.465875 0.534125
4752 : 0
4752 : 0.997224 0.00277564
4753 : 0
4753 : 0.905314 0.0946856
4754 : 0
4754 : 0.993516 0.00648425
4755 : 1
4755 : 1.85352e-07 1.0
4756 : 1
4756 : 0.180585 0.819415
4757 : 1
4757 : 0.0425565 0.957444
4758 : 0
4758 : 0.999998 1.88948e-06
4759 : 1
4759 : 0.0306452 0.969355
4760 : 0
4760 : 0.999999 1.09504e-06
4761 : 0
4761 : 0.999999 6.20549e-07
4762 : 0
4762 : 0.998752 0.00124797
4763 : 1
4763 : 4.69011e-05 0.999953
4764 : 0
4764 : 0.998619 0.00138108
4765 : 1
4765 : 1.49468e-08 1.0
4766 : 0
4766 : 0.999999 1.25509e-06
4767 : 1
4767 : 2.13769e-05 0.999979
4768 : 0
4768 : 0.999968 3.23789e-05
4769 : 0
4769 : 0.997475 0.00252524
4770 : 0
4770 : 0.999235 0.000765378
4771 : 1
4771 : 0.0134693 0.986531
4772 : 1
4772 : 1.76856e-12 1.0
4773 : 1
4773 : 1.4501e-08 1.0
4774 : 0
4774 : 0.554482 0.445518
4775 : 0
4775 : 0.999946 5.42395e-05
4776 : 0
4776 : 0.962508 0.0374921
4777 : 0
4777 : 0.996792 0.00320817
4778 : 0
4778 : 0.999825 0.000175478
4779 : 0
4779 : 0.999753 0.000246728
4780 : 1
4780 : 1.96478e-05 0.99998
4781 : 0
4781 : 0.999991 8.64564e-06
4782 : 1
4782 : 5.26829e-09 1.0
4783 : 1
4783 : 0.000423693 0.999576
4784 : 1
4784 : 0.154528 0.845472
4785 : 0
4785 : 0.887741 0.112259
4786 : 0
4786 : 0.9999 9.98139e-05
4787 : 1
4787 : 0.000681263 0.999319
4788 : 1
4788 : 9.72566e-17 1.0
4789 : 0
4789 : 0.867742 0.132258
4790 : 1
4790 : 6.87949e-15 1.0
4791 : 1
4791 : 0.0438275 0.956172
4792 : 0
4792 : 0.972912 0.0270875
4793 : 0
4793 : 0.999977 2.33493e-05
4794 : 0
4794 : 0.968496 0.0315037
4795 : 0
4795 : 0.816574 0.183426
4796 : 0
4796 : 0.999336 0.000663883
4797 : 1
4797 : 0.000427529 0.999572
4798 : 0
4798 : 0.910844 0.0891559
4799 : 1
4799 : 1.02817e-07 1.0
4800 : 1
4800 : 0.000357252 0.999643
4801 : 1
4801 : 0.00144035 0.99856
4802 : 1
4802 : 0.100368 0.899632
4803 : 1
4803 : 0.00116421 0.998836
4804 : 1
4804 : 0.000111788 0.999888
4805 : 1
4805 : 1.72843e-08 1.0
4806 : 0
4806 : 0.999992 8.42869e-06
4807 : 0
4807 : 0.831449 0.168551
4808 : 1
4808 : 8.67795e-05 0.999913
4809 : 0
4809 : 0.997986 0.00201393
4810 : 0
4810 : 0.995499 0.00450109
4811 : 0
4811 : 0.771894 0.228106
4812 : 0
4812 : 0.990488 0.00951174
4813 : 0
4813 : 1.0 2.59592e-10
4814 : 1
4814 : 1.96781e-05 0.99998
4815 : 1
4815 : 0.000210838 0.999789
4816 : 1
4816 : 0.00112882 0.998871
4817 : 0
4817 : 0.508663 0.491337
4818 : 1
4818 : 0.0018079 0.998192
4819 : 0
4819 : 0.999936 6.41299e-05
4820 : 1
4820 : 1.13681e-07 1.0
4821 : 1
4821 : 0.000403867 0.999596
4822 : 1
4822 : 0.12447 0.87553
4823 : 1
4823 : 3.08567e-05 0.999969
4824 : 1
4824 : 0.00582934 0.994171
4825 : 1
4825 : 1.51135e-05 0.999985
4826 : 1
4826 : 3.91665e-07 1.0
4827 : 1
4827 : 0.051656 0.948344
4828 : 0
4828 : 0.761082 0.238919
4829 : 0
4829 : 0.759836 0.240164
4830 : 0
4830 : 0.99995 4.9596e-05
4831 : 0
4831 : 0.621474 0.378526
4832 : 1
4832 : 0.0537537 0.946246
4833 : 1
4833 : 0.171669 0.828331
4834 : 1
4834 : 0.00862487 0.991375
4835 : 0
4835 : 0.998557 0.00144294
4836 : 1
4836 : 1.40649e-06 0.999999
4837 : 0
4837 : 0.999737 0.000263297
4838 : 0
4838 : 0.995424 0.00457609
4839 : 0
4839 : 0.998865 0.00113513
4840 : 1
4840 : 6.33169e-09 1.0
4841 : 1
4841 : 4.88625e-05 0.999951
4842 : 0
4842 : 0.999868 0.000131587
4843 : 1
4843 : 0.019397 0.980603
4844 : 0
4844 : 1.0 4.84277e-08
4845 : 1
4845 : 0.243913 0.756087
4846 : 0
4846 : 0.998844 0.00115634
4847 : 0
4847 : 0.509976 0.490024
4848 : 0
4848 : 1.0 2.10997e-09
4849 : 1
4849 : 0.00321399 0.996786
4850 : 1
4850 : 0.300744 0.699256
4851 : 0
4851 : 0.992433 0.00756667
4852 : 1
4852 : 1.69097e-06 0.999998
4853 : 1
4853 : 0.375183 0.624817
4854 : 1
4854 : 3.46223e-10 1.0
4855 : 0
4855 : 0.990861 0.0091393
4856 : 1
4856 : 9.45449e-05 0.999905
4857 : 1
4857 : 0.48764 0.51236
4858 : 1
4858 : 6.36941e-10 1.0
4859 : 0
4859 : 1.0 1.24119e-08
4860 : 1
4860 : 0.0596954 0.940305
4861 : 1
4861 : 2.10591e-06 0.999998
4862 : 0
4862 : 0.99701 0.00299006
4863 : 0
4863 : 0.999669 0.000330817
4864 : 0
4864 : 0.827218 0.172782
4865 : 1
4865 : 2.85794e-06 0.999997
4866 : 1
4866 : 0.000133756 0.999866
4867 : 1
4867 : 0.0624193 0.937581
4868 : 0
4868 : 0.974586 0.0254138
4869 : 0
4869 : 0.999973 2.67729e-05
4870 : 1
4870 : 2.66539e-08 1.0
4871 : 1
4871 : 2.98168e-05 0.99997
4872 : 1
4872 : 0.000144402 0.999856
4873 : 0
4873 : 0.885469 0.114531
4874 : 0
4874 : 0.964592 0.0354084
4875 : 1
4875 : 0.000172884 0.999827
4876 : 1
4876 : 0.00534419 0.994656
4877 : 0
4877 : 1.0 3.06014e-10
4878 : 0
4878 : 0.999939 6.13071e-05
4879 : 1
4879 : 0.00111081 0.998889
4880 : 0
4880 : 0.998043 0.00195656
4881 : 0
4881 : 0.98596 0.0140402
4882 : 0
4882 : 0.999841 0.000159166
4883 : 0
4883 : 0.999134 0.000865919
4884 : 0
4884 : 0.902149 0.0978505
4885 : 1
4885 : 0.172715 0.827285
4886 : 0
4886 : 0.999997 2.90691e-06
4887 : 0
4887 : 0.548285 0.451715
4888 : 1
4888 : 0.00569203 0.994308
4889 : 1
4889 : 0.0015865 0.998413
4890 : 0
4890 : 0.991658 0.00834175
4891 : 0
4891 : 0.939453 0.0605472
4892 : 0
4892 : 0.999968 3.18627e-05
4893 : 1
4893 : 0.000770675 0.999229
4894 : 0
4894 : 0.953613 0.0463874
4895 : 1
4895 : 0.00173605 0.998264
4896 : 0
4896 : 0.999552 0.00044764
4897 : 0
4897 : 0.975717 0.0242826
4898 : 1
4898 : 0.00275399 0.997246
4899 : 0
4899 : 0.999997 2.73265e-06
4900 : 0
4900 : 0.999247 0.000752446
4901 : 0
4901 : 0.999946 5.42941e-05
4902 : 1
4902 : 0.0395919 0.960408
4903 : 0
4903 : 0.896901 0.103099
4904 : 1
4904 : 0.000955411 0.999045
4905 : 0
4905 : 0.933419 0.0665813
4906 : 0
4906 : 0.997105 0.00289538
4907 : 0
4907 : 0.999953 4.66798e-05
4908 : 0
4908 : 0.999975 2.51297e-05
4909 : 0
4909 : 0.702969 0.297031
4910 : 0
4910 : 0.99987 0.000130425
4911 : 1
4911 : 4.76039e-10 1.0
4912 : 1
4912 : 0.00858841 0.991412
4913 : 1
4913 : 0.102166 0.897834
4914 : 0
4914 : 0.973744 0.0262564
4915 : 1
4915 : 4.22232e-07 1.0
4916 : 0
4916 : 0.996337 0.00366304
4917 : 0
4917 : 0.92021 0.0797903
4918 : 0
4918 : 0.99084 0.00915989
4919 : 0
4919 : 0.910659 0.0893409
4920 : 0
4920 : 0.999998 1.98409e-06
4921 : 0
4921 : 0.983274 0.0167262
4922 : 0
4922 : 0.999854 0.00014603
4923 : 0
4923 : 0.999829 0.000170565
4924 : 1
4924 : 3.74022e-06 0.999996
4925 : 0
4925 : 0.999948 5.23194e-05
4926 : 1
4926 : 1.75027e-05 0.999982
4927 : 0
4927 : 0.736831 0.263169
4928 : 0
4928 : 0.999997 3.03579e-06
4929 : 1
4929 : 0.428771 0.571229
4930 : 1
4930 : 0.229927 0.770073
4931 : 1
4931 : 0.0771112 0.922889
4932 : 0
4932 : 0.898354 0.101646
4933 : 0
4933 : 0.999565 0.000434864
4934 : 0
4934 : 0.998505 0.00149516
4935 : 1
4935 : 0.000137343 0.999863
4936 : 1
4936 : 0.453084 0.546916
4937 : 1
4937 : 3.77026e-06 0.999996
4938 : 1
4938 : 0.000340135 0.99966
4939 : 1
4939 : 0.0103639 0.989636
4940 : 1
4940 : 6.3798e-05 0.999936
4941 : 1
4941 : 0.000179298 0.999821
4942 : 1
4942 : 0.00138825 0.998612
4943 : 0
4943 : 0.950893 0.0491071
4944 : 0
4944 : 0.999048 0.000952063
4945 : 1
4945 : 0.37206 0.62794
4946 : 1
4946 : 4.63751e-05 0.999954
4947 : 0
4947 : 0.999516 0.000483914
4948 : 0
4948 : 0.999904 9.63372e-05
4949 : 0
4949 : 0.999993 7.36658e-06
4950 : 0
4950 : 0.913286 0.086714
4951 : 0
4951 : 0.995245 0.00475532
4952 : 0
4952 : 0.9949 0.00510019
4953 : 1
4953 : 0.0111833 0.988817
4954 : 1
4954 : 0.000206236 0.999794
4955 : 1
4955 : 3.90868e-06 0.999996
4956 : 0
4956 : 0.916689 0.0833112
4957 : 1
4957 : 0.434162 0.565838
4958 : 0
4958 : 0.996541 0.00345864
4959 : 1
4959 : 0.00673327 0.993267
4960 : 0
4960 : 0.980129 0.0198707
4961 : 0
4961 : 1.0 7.78919e-08
4962 : 1
4962 : 0.0023805 0.997619
4963 : 0
4963 : 0.998435 0.00156487
4964 : 1
4964 : 8.88797e-06 0.999991
4965 : 1
4965 : 0.292995 0.707005
4966 : 1
4966 : 0.00107757 0.998922
4967 : 0
4967 : 1.0 9.48509e-08
4968 : 1
4968 : 0.0103174 0.989683
4969 : 1
4969 : 0.024038 0.975962
4970 : 0
4970 : 1.0 5.54542e-10
4971 : 1
4971 : 0.00300553 0.996994
4972 : 0
4972 : 1.0 1.31249e-08
4973 : 1
4973 : 4.30114e-13 1.0
4974 : 0
4974 : 0.999014 0.000986234
4975 : 0
4975 : 0.999608 0.000392168
4976 : 1
4976 : 0.0933432 0.906657
4977 : 0
4977 : 0.995627 0.00437319
4978 : 0
4978 : 0.999923 7.69658e-05
4979 : 1
4979 : 0.117219 0.882781
4980 : 1
4980 : 1.73035e-05 0.999983
4981 : 0
4981 : 0.996468 0.00353178
4982 : 1
4982 : 0.000772669 0.999227
4983 : 0
4983 : 0.999994 5.58053e-06
4984 : 1
4984 : 6.14631e-07 0.999999
4985 : 0
4985 : 0.764448 0.235552
4986 : 1
4986 : 0.100518 0.899482
4987 : 0
4987 : 0.998889 0.00111056
4988 : 1
4988 : 1.0835e-07 1.0
4989 : 1
4989 : 0.0168459 0.983154
4990 : 0
4990 : 0.996985 0.00301498
4991 : 0
4991 : 0.999993 6.77346e-06
4992 : 1
4992 : 0.0152116 0.984788
4993 : 1
4993 : 0.000535657 0.999464
4994 : 0
4994 : 0.76102 0.23898
4995 : 0
4995 : 0.99999 9.79194e-06
4996 : 0
4996 : 0.997457 0.00254285
4997 : 0
4997 : 0.996618 0.00338232
4998 : 0
4998 : 0.894334 0.105666
4999 : 1
4999 : 0.00011435 0.999886
5000 : 1
5000 : 0.000494026 0.999506
5001 : 0
5001 : 0.962072 0.0379278
5002 : 1
5002 : 0.0464969 0.953503
5003 : 1
5003 : 0.00234818 0.997652
5004 : 0
5004 : 0.998065 0.00193507
5005 : 0
5005 : 0.98983 0.0101703
5006 : 0
5006 : 0.99664 0.00336002
5007 : 0
5007 : 0.999997 3.10586e-06
5008 : 0
5008 : 0.533534 0.466466
5009 : 0
5009 : 0.999691 0.000309484
5010 : 1
5010 : 0.0204166 0.979583
5011 : 1
5011 : 0.000877334 0.999123
5012 : 0
5012 : 0.999997 2.70928e-06
5013 : 1
5013 : 0.281553 0.718447
5014 : 1
5014 : 0.00180931 0.998191
5015 : 1
5015 : 1.22014e-05 0.999988
5016 : 0
5016 : 0.999978 2.2037e-05
5017 : 1
5017 : 0.0345595 0.96544
5018 : 0
5018 : 0.999997 2.76477e-06
5019 : 1
5019 : 0.46099 0.53901
5020 : 1
5020 : 3.39871e-05 0.999966
5021 : 0
5021 : 0.991599 0.00840105
5022 : 1
5022 : 2.03953e-08 1.0
5023 : 0
5023 : 1.0 2.28263e-11
5024 : 1
5024 : 8.58874e-10 1.0
5025 : 0
5025 : 0.999912 8.82705e-05
5026 : 0
5026 : 0.995339 0.00466127
5027 : 0
5027 : 0.984074 0.0159259
5028 : 0
5028 : 1.0 1.40746e-11
5029 : 1
5029 : 0.31387 0.68613
5030 : 0
5030 : 0.910741 0.0892593
5031 : 1
5031 : 0.48512 0.51488
5032 : 0
5032 : 0.999989 1.08663e-05
5033 : 1
5033 : 3.42733e-08 1.0
5034 : 0
5034 : 0.999913 8.70541e-05
5035 : 1
5035 : 1.40681e-07 1.0
5036 : 1
5036 : 3.53579e-05 0.999965
5037 : 0
5037 : 0.96463 0.0353705
5038 : 0
5038 : 0.9998 0.000200333
5039 : 0
5039 : 0.978038 0.021962
5040 : 1
5040 : 0.0087376 0.991262
5041 : 0
5041 : 0.980927 0.0190732
5042 : 1
5042 : 0.00164852 0.998351
5043 : 1
5043 : 0.00180394 0.998196
5044 : 0
5044 : 0.999985 1.46414e-05
5045 : 1
5045 : 0.000983483 0.999017
5046 : 1
5046 : 3.05829e-12 1.0
5047 : 1
5047 : 0.160451 0.839549
5048 : 1
5048 : 0.00152299 0.998477
5049 : 1
5049 : 0.0129277 0.987072
5050 : 0
5050 : 0.999996 4.11023e-06
5051 : 0
5051 : 0.998875 0.00112531
5052 : 1
5052 : 0.0775045 0.922495
5053 : 0
5053 : 0.991502 0.00849816
5054 : 0
5054 : 0.999998 2.29583e-06
5055 : 0
5055 : 0.999737 0.000263448
5056 : 1
5056 : 0.0182781 0.981722
5057 : 0
5057 : 0.999374 0.000625765
5058 : 0
5058 : 0.908578 0.0914218
5059 : 0
5059 : 0.999982 1.75491e-05
5060 : 1
5060 : 0.000320562 0.999679
5061 : 1
5061 : 0.000966258 0.999034
5062 : 1
5062 : 4.52881e-06 0.999996
5063 : 1
5063 : 0.000179971 0.99982
5064 : 1
5064 : 0.000359368 0.999641
5065 : 0
5065 : 0.999723 0.000277258
5066 : 1
5066 : 0.36228 0.63772
5067 : 1
5067 : 6.37563e-08 1.0
5068 : 1
5068 : 0.0335782 0.966422
5069 : 1
5069 : 0.0839626 0.916037
5070 : 1
5070 : 5.68097e-08 1.0
5071 : 1
5071 : 1.26943e-05 0.999987
5072 : 0
5072 : 0.7268 0.2732
5073 : 1
5073 : 0.00423513 0.995765
5074 : 0
5074 : 0.999967 3.32286e-05
5075 : 0
5075 : 0.996146 0.00385401
5076 : 0
5076 : 0.999926 7.44639e-05
5077 : 1
5077 : 0.0073275 0.992673
5078 : 1
5078 : 0.000269186 0.999731
5079 : 0
5079 : 0.999818 0.000182052
5080 : 1
5080 : 0.0171984 0.982802
5081 : 1
5081 : 8.07697e-05 0.999919
5082 : 0
5082 : 0.999792 0.000208012
5083 : 0
5083 : 0.999237 0.000763356
5084 : 0
5084 : 0.767852 0.232148
5085 : 1
5085 : 0.00645341 0.993547
5086 : 0
5086 : 0.975791 0.0242088
5087 : 0
5087 : 0.810432 0.189568
5088 : 0
5088 : 0.999983 1.69908e-05
5089 : 0
5089 : 0.992354 0.00764621
5090 : 1
5090 : 0.00824057 0.991759
5091 : 0
5091 : 0.996935 0.00306546
5092 : 1
5092 : 0.00822024 0.99178
5093 : 1
5093 : 0.416463 0.583537
5094 : 1
5094 : 0.0506318 0.949368
5095 : 1
5095 : 0.213517 0.786483
5096 : 1
5096 : 0.004951 0.995049
5097 : 0
5097 : 0.999544 0.000455713
5098 : 1
5098 : 0.00412235 0.995878
5099 : 0
5099 : 0.999835 0.000164607
5100 : 0
5100 : 0.825822 0.174178
5101 : 1
5101 : 2.14181e-06 0.999998
5102 : 0
5102 : 0.999999 1.05058e-06
5103 : 1
5103 : 0.153664 0.846336
5104 : 1
5104 : 0.289773 0.710226
5105 : 0
5105 : 0.996862 0.00313828
5106 : 0
5106 : 0.993901 0.00609905
5107 : 1
5107 : 0.102288 0.897712
5108 : 0
5108 : 1.0 5.39787e-10
5109 : 1
5109 : 0.0844489 0.915551
5110 : 0
5110 : 0.999744 0.000256309
5111 : 1
5111 : 0.000125616 0.999874
5112 : 0
5112 : 0.999998 2.01154e-06
5113 : 0
5113 : 0.99985 0.000149668
5114 : 1
5114 : 0.0220395 0.977961
5115 : 0
5115 : 0.969614 0.0303858
5116 : 1
5116 : 0.0348743 0.965126
5117 : 1
5117 : 0.00827252 0.991728
5118 : 1
5118 : 0.000258315 0.999742
5119 : 0
5119 : 0.999994 6.40001e-06
5120 : 1
5120 : 0.0161477 0.983852
5121 : 0
5121 : 0.957812 0.0421875
5122 : 0
5122 : 0.999936 6.39584e-05
5123 : 1
5123 : 3.4747e-10 1.0
5124 : 0
5124 : 0.999713 0.000286503
5125 : 0
5125 : 0.999999 1.01451e-06
5126 : 0
5126 : 0.999579 0.000420622
5127 : 1
5127 : 0.0349613 0.965039
5128 : 1
5128 : 2.89766e-05 0.999971
5129 : 0
5129 : 0.721739 0.278261
5130 : 0
5130 : 0.998291 0.00170852
5131 : 0
5131 : 0.919933 0.0800669
5132 : 0
5132 : 0.999947 5.29088e-05
5133 : 0
5133 : 0.98733 0.0126702
5134 : 0
5134 : 0.998082 0.00191813
5135 : 1
5135 : 0.160468 0.839532
5136 : 0
5136 : 0.997882 0.00211794
5137 : 0
5137 : 0.999997 3.44109e-06
5138 : 0
5138 : 1.0 5.5092e-09
5139 : 1
5139 : 0.113021 0.886979
5140 : 0
5140 : 0.995714 0.00428636
5141 : 0
5141 : 0.587296 0.412704
5142 : 0
5142 : 0.994693 0.00530678
5143 : 1
5143 : 0.0863862 0.913614
5144 : 1
5144 : 0.29073 0.70927
5145 : 1
5145 : 2.00112e-08 1.0
5146 : 0
5146 : 0.990004 0.00999635
5147 : 0
5147 : 0.642628 0.357372
5148 : 1
5148 : 0.000729527 0.99927
5149 : 1
5149 : 0.197399 0.802601
5150 : 1
5150 : 7.49001e-07 0.999999
5151 : 0
5151 : 0.686753 0.313247
5152 : 0
5152 : 0.999997 2.65498e-06
5153 : 0
5153 : 0.998666 0.00133418
5154 : 0
5154 : 0.915427 0.0845728
5155 : 1
5155 : 0.021339 0.978661
5156 : 1
5156 : 0.225432 0.774568
5157 : 0
5157 : 0.743094 0.256906
5158 : 1
5158 : 1.52444e-05 0.999985
5159 : 0
5159 : 0.931759 0.0682413
5160 : 1
5160 : 0.203276 0.796724
5161 : 0
5161 : 1.0 4.81564e-12
5162 : 1
5162 : 0.000752895 0.999247
5163 : 1
5163 : 0.000163936 0.999836
5164 : 1
5164 : 5.1446e-05 0.999949
5165 : 1
5165 : 0.0435213 0.956479
5166 : 1
5166 : 0.0183879 0.981612
5167 : 0
5167 : 0.727962 0.272038
5168 : 1
5168 : 0.0486411 0.951359
5169 : 0
5169 : 1.0 2.20837e-09
5170 : 0
5170 : 0.996812 0.00318819
5171 : 1
5171 : 4.12633e-11 1.0
5172 : 1
5172 : 0.00115298 0.998847
5173 : 0
5173 : 0.986442 0.0135579
5174 : 0
5174 : 0.998119 0.0018807
5175 : 1
5175 : 0.0088007 0.991199
5176 : 1
5176 : 2.10495e-05 0.999979
5177 : 1
5177 : 2.87026e-08 1.0
5178 : 0
5178 : 0.998719 0.00128091
5179 : 0
5179 : 0.639189 0.360811
5180 : 1
5180 : 2.14868e-12 1.0
5181 : 0
5181 : 0.993842 0.00615781
5182 : 0
5182 : 1.0 4.69902e-07
5183 : 0
5183 : 0.970814 0.0291865
5184 : 1
5184 : 7.37631e-05 0.999926
5185 : 0
5185 : 0.956321 0.0436789
5186 : 0
5186 : 0.999996 4.07449e-06
5187 : 1
5187 : 5.37389e-08 1.0
5188 : 1
5188 : 0.00869622 0.991304
5189 : 1
5189 : 0.00140432 0.998596
5190 : 0
5190 : 0.999906 9.36728e-05
5191 : 1
5191 : 1.15147e-10 1.0
5192 : 1
5192 : 0.331027 0.668973
5193 : 0
5193 : 0.999992 8.10362e-06
5194 : 1
5194 : 0.143431 0.856569
5195 : 1
5195 : 0.45705 0.54295
5196 : 0
5196 : 0.819789 0.180211
5197 : 0
5197 : 1.0 6.94269e-09
5198 : 1
5198 : 0.0284149 0.971585
5199 : 0
5199 : 0.999432 0.00056769
5200 : 1
5200 : 0.000100257 0.9999
5201 : 0
5201 : 1.0 3.98434e-07
5202 : 0
5202 : 1.0 3.99081e-13
5203 : 1
5203 : 2.13676e-07 1.0
5204 : 0
5204 : 0.999996 3.61824e-06
5205 : 0
5205 : 1.0 1.88545e-08
5206 : 0
5206 : 0.998475 0.00152539
5207 : 1
5207 : 0.00201776 0.997982
5208 : 0
5208 : 0.999966 3.41538e-05
5209 : 1
5209 : 0.456142 0.543858
5210 : 0
5210 : 0.758595 0.241405
5211 : 0
5211 : 1.0 3.15274e-10
5212 : 1
5212 : 0.0511771 0.948823
5213 : 0
5213 : 1.0 4.69913e-10
5214 : 0
5214 : 0.996996 0.00300378
5215 : 1
5215 : 2.8969e-05 0.999971
5216 : 1
5216 : 0.47873 0.52127
5217 : 0
5217 : 0.999657 0.000342636
5218 : 1
5218 : 0.0646175 0.935383
5219 : 0
5219 : 0.999954 4.64184e-05
5220 : 1
5220 : 4.67775e-10 1.0
5221 : 0
5221 : 0.787926 0.212074
5222 : 1
5222 : 0.00286693 0.997133
5223 : 0
5223 : 0.87512 0.12488
5224 : 1
5224 : 0.00205296 0.997947
5225 : 1
5225 : 3.2771e-05 0.999967
5226 : 0
5226 : 0.898805 0.101195
5227 : 0
5227 : 0.505842 0.494158
5228 : 1
5228 : 4.1194e-07 1.0
5229 : 0
5229 : 1.0 1.36635e-07
5230 : 0
5230 : 0.805173 0.194827
5231 : 1
5231 : 0.003083 0.996917
5232 : 0
5232 : 0.999975 2.52183e-05
5233 : 0
5233 : 0.651073 0.348927
5234 : 1
5234 : 6.35588e-06 0.999994
5235 : 1
5235 : 0.00849857 0.991501
5236 : 1
5236 : 0.000338324 0.999662
5237 : 1
5237 : 0.00941261 0.990587
5238 : 1
5238 : 0.00831312 0.991687
5239 : 1
5239 : 0.00195118 0.998049
5240 : 0
5240 : 0.978377 0.0216229
5241 : 1
5241 : 0.448766 0.551234
5242 : 1
5242 : 0.205679 0.794321
5243 : 0
5243 : 0.991779 0.0082211
5244 : 1
5244 : 4.24078e-06 0.999996
5245 : 0
5245 : 0.999967 3.33143e-05
5246 : 1
5246 : 0.291854 0.708146
5247 : 0
5247 : 1.0 1.16915e-10
5248 : 1
5248 : 0.0228046 0.977195
5249 : 0
5249 : 0.984898 0.0151017
5250 : 0
5250 : 0.999993 6.72255e-06
5251 : 1
5251 : 2.57182e-05 0.999974
5252 : 0
5252 : 1.0 2.02046e-07
5253 : 0
5253 : 0.709321 0.290679
5254 : 0
5254 : 1.0 4.30381e-09
5255 : 0
5255 : 0.577227 0.422773
5256 : 1
5256 : 0.0250797 0.97492
5257 : 0
5257 : 1.0 7.30708e-09
5258 : 0
5258 : 0.98156 0.0184397
5259 : 0
5259 : 0.96306 0.0369396
5260 : 0
5260 : 0.973773 0.0262273
5261 : 0
5261 : 0.999994 6.14769e-06
5262 : 0
5262 : 1.0 2.88773e-08
5263 : 0
5263 : 1.0 6.05082e-08
5264 : 1
5264 : 2.42883e-05 0.999976
5265 : 1
5265 : 0.0108598 0.98914
5266 : 1
5266 : 5.21057e-07 0.999999
5267 : 0
5267 : 1.0 4.25974e-07
5268 : 1
5268 : 0.00638467 0.993615
5269 : 0
5269 : 0.999994 5.67937e-06
5270 : 0
5270 : 1.0 3.19197e-12
5271 : 1
5271 : 0.00988548 0.990115
5272 : 0
5272 : 0.999989 1.12674e-05
5273 : 1
5273 : 0.00112544 0.998875
5274 : 1
5274 : 0.0324787 0.967521
5275 : 1
5275 : 0.00351256 0.996487
5276 : 0
5276 : 0.992471 0.00752933
5277 : 1
5277 : 0.28649 0.71351
5278 : 1
5278 : 0.186509 0.813491
5279 : 0
5279 : 0.999263 0.00073746
5280 : 0
5280 : 0.999376 0.000624121
5281 : 0
5281 : 0.999992 7.50918e-06
5282 : 0
5282 : 0.999254 0.000745891
5283 : 0
5283 : 0.999968 3.17478e-05
5284 : 0
5284 : 0.999999 1.36054e-06
5285 : 0
5285 : 0.999991 8.55607e-06
5286 : 0
5286 : 0.999722 0.000278433
5287 : 0
5287 : 1.0 4.84332e-08
5288 : 1
5288 : 3.7088e-08 1.0
5289 : 0
5289 : 0.998055 0.00194521
5290 : 0
5290 : 0.997681 0.00231907
5291 : 0
5291 : 0.994378 0.00562216
5292 : 1
5292 : 3.65673e-05 0.999963
5293 : 1
5293 : 0.219895 0.780105
5294 : 0
5294 : 1.0 2.10145e-12
5295 : 0
5295 : 0.630024 0.369976
5296 : 0
5296 : 0.998699 0.00130095
5297 : 0
5297 : 1.0 9.55399e-08
5298 : 1
5298 : 0.0333239 0.966676
5299 : 1
5299 : 0.00258317 0.997417
5300 : 1
5300 : 3.45729e-05 0.999965
5301 : 1
5301 : 6.32563e-07 0.999999
5302 : 1
5302 : 0.0100252 0.989975
5303 : 1
5303 : 0.371465 0.628535
5304 : 1
5304 : 3.52067e-12 1.0
5305 : 1
5305 : 0.00933703 0.990663
5306 : 1
5306 : 0.00534548 0.994655
5307 : 1
5307 : 0.000665163 0.999335
5308 : 1
5308 : 8.81644e-09 1.0
5309 : 0
5309 : 0.761544 0.238456
5310 : 1
5310 : 0.00290542 0.997095
5311 : 1
5311 : 0.00660707 0.993393
5312 : 0
5312 : 1.0 2.73662e-08
5313 : 0
5313 : 0.999918 8.24412e-05
5314 : 1
5314 : 0.00300634 0.996994
5315 : 1
5315 : 0.00398024 0.99602
5316 : 0
5316 : 0.826711 0.173289
5317 : 1
5317 : 8.1826e-08 1.0
5318 : 1
5318 : 4.811e-08 1.0
5319 : 1
5319 : 0.0011388 0.998861
5320 : 0
5320 : 0.993594 0.00640654
5321 : 0
5321 : 1.0 1.86528e-09
5322 : 1
5322 : 2.46321e-05 0.999975
5323 : 1
5323 : 0.0410368 0.958963
5324 : 0
5324 : 0.550895 0.449105
5325 : 1
5325 : 0.0044579 0.995542
5326 : 1
5326 : 3.3585e-06 0.999997
5327 : 1
5327 : 8.06515e-07 0.999999
5328 : 1
5328 : 0.0142945 0.985705
5329 : 0
5329 : 0.997161 0.00283927
5330 : 0
5330 : 0.961399 0.0386014
5331 : 1
5331 : 2.44054e-05 0.999976
5332 : 1
5332 : 6.74207e-09 1.0
5333 : 0
5333 : 0.999929 7.14787e-05
5334 : 0
5334 : 0.998225 0.00177507
5335 : 0
5335 : 0.996363 0.00363703
5336 : 0
5336 : 0.8458 0.1542
5337 : 1
5337 : 3.40188e-05 0.999966
5338 : 0
5338 : 0.999995 4.83948e-06
5339 : 1
5339 : 3.55094e-05 0.999964
5340 : 0
5340 : 0.743625 0.256375
5341 : 0
5341 : 0.949935 0.0500651
5342 : 0
5342 : 1.0 6.81526e-08
5343 : 1
5343 : 0.117199 0.882801
5344 : 1
5344 : 0.000881684 0.999118
5345 : 0
5345 : 0.999519 0.000480518
5346 : 1
5346 : 0.0439346 0.956065
5347 : 0
5347 : 0.966501 0.0334987
5348 : 1
5348 : 1.11429e-05 0.999989
5349 : 1
5349 : 2.22259e-05 0.999978
5350 : 1
5350 : 7.40964e-06 0.999993
5351 : 0
5351 : 0.987633 0.0123666
5352 : 0
5352 : 0.995816 0.00418364
5353 : 0
5353 : 0.999869 0.000130677
5354 : 0
5354 : 0.994845 0.00515517
5355 : 0
5355 : 0.968352 0.0316478
5356 : 0
5356 : 0.999971 2.88777e-05
5357 : 0
5357 : 0.994462 0.0055382
5358 : 1
5358 : 8.80231e-06 0.999991
5359 : 0
5359 : 0.632555 0.367445
5360 : 0
5360 : 1.0 2.01406e-09
5361 : 1
5361 : 4.97561e-07 1.0
5362 : 0
5362 : 0.999965 3.51284e-05
5363 : 1
5363 : 0.0036475 0.996352
5364 : 0
5364 : 0.999574 0.000426251
5365 : 0
5365 : 0.998889 0.00111139
5366 : 0
5366 : 0.871923 0.128077
5367 : 1
5367 : 0.00516079 0.994839
5368 : 0
5368 : 0.999998 1.61787e-06
5369 : 1
5369 : 0.00352353 0.996476
5370 : 1
5370 : 0.00118234 0.998818
5371 : 1
5371 : 1.49766e-08 1.0
5372 : 0
5372 : 0.999935 6.45755e-05
5373 : 0
5373 : 0.994445 0.00555543
5374 : 0
5374 : 0.999539 0.000460472
5375 : 1
5375 : 0.000537829 0.999462
5376 : 1
5376 : 0.194794 0.805206
5377 : 1
5377 : 3.26105e-09 1.0
5378 : 0
5378 : 0.999991 8.61508e-06
5379 : 0
5379 : 0.999986 1.36201e-05
5380 : 1
5380 : 7.27863e-05 0.999927
5381 : 1
5381 : 0.000134249 0.999866
5382 : 0
5382 : 0.998237 0.00176336
5383 : 1
5383 : 0.0341952 0.965805
5384 : 0
5384 : 0.999861 0.000139395
5385 : 1
5385 : 0.00244226 0.997558
5386 : 0
5386 : 0.999805 0.000194935
5387 : 1
5387 : 0.417833 0.582167
5388 : 1
5388 : 0.00020711 0.999793
5389 : 1
5389 : 0.000309017 0.999691
5390 : 1
5390 : 0.00026956 0.99973
5391 : 1
5391 : 0.00153247 0.998468
5392 : 0
5392 : 0.999999 1.25732e-06
5393 : 1
5393 : 0.00180438 0.998196
5394 : 1
5394 : 2.71184e-07 1.0
5395 : 1
5395 : 0.000160163 0.99984
5396 : 1
5396 : 0.00249564 0.997504
5397 : 0
5397 : 0.999755 0.000245421
5398 : 0
5398 : 1.0 3.97799e-08
5399 : 1
5399 : 0.00069264 0.999307
5400 : 1
5400 : 9.5979e-06 0.99999
5401 : 0
5401 : 0.999994 5.91793e-06
5402 : 1
5402 : 2.82841e-09 1.0
5403 : 1
5403 : 0.000744962 0.999255
5404 : 0
5404 : 0.999676 0.000323537
5405 : 1
5405 : 0.347168 0.652832
5406 : 0
5406 : 0.587207 0.412793
5407 : 1
5407 : 0.0107442 0.989256
5408 : 0
5408 : 0.988565 0.0114353
5409 : 1
5409 : 3.52722e-05 0.999965
5410 : 0
5410 : 0.620849 0.379151
5411 : 1
5411 : 0.0530154 0.946985
5412 : 0
5412 : 0.989936 0.0100637
5413 : 1
5413 : 0.000133307 0.999867
5414 : 1
5414 : 0.000274691 0.999725
5415 : 0
5415 : 0.674306 0.325694
5416 : 1
5416 : 0.00358647 0.996414
5417 : 1
5417 : 0.149829 0.850171
5418 : 0
5418 : 0.944952 0.0550483
5419 : 1
5419 : 0.247188 0.752812
5420 : 1
5420 : 0.000802888 0.999197
5421 : 1
5421 : 5.28784e-06 0.999995
5422 : 1
5422 : 0.00601673 0.993983
5423 : 1
5423 : 0.304076 0.695924
5424 : 0
5424 : 0.999966 3.44125e-05
5425 : 1
5425 : 0.00164776 0.998352
5426 : 1
5426 : 9.26126e-06 0.999991
5427 : 1
5427 : 0.282969 0.717031
5428 : 1
5428 : 0.00542762 0.994572
5429 : 0
5429 : 0.998914 0.0010863
5430 : 1
5430 : 0.00134668 0.998653
5431 : 0
5431 : 0.995437 0.00456341
5432 : 1
5432 : 2.41972e-06 0.999998
5433 : 1
5433 : 0.0054821 0.994518
5434 : 1
5434 : 1.77712e-06 0.999998
5435 : 1
5435 : 0.000912906 0.999087
5436 : 1
5436 : 0.0420177 0.957982
5437 : 1
5437 : 2.52758e-06 0.999997
5438 : 1
5438 : 0.000202254 0.999798
5439 : 1
5439 : 0.153243 0.846757
5440 : 1
5440 : 0.495418 0.504582
5441 : 1
5441 : 6.49705e-07 0.999999
5442 : 0
5442 : 0.755574 0.244426
5443 : 1
5443 : 8.44415e-08 1.0
5444 : 1
5444 : 2.99729e-05 0.99997
5445 : 0
5445 : 1.0 4.16448e-07
5446 : 1
5446 : 2.705e-07 1.0
5447 : 1
5447 : 0.00145006 0.99855
5448 : 1
5448 : 0.194027 0.805973
5449 : 0
5449 : 0.965635 0.0343655
5450 : 1
5450 : 1.97574e-18 1.0
5451 : 0
5451 : 0.997557 0.00244305
5452 : 0
5452 : 0.999631 0.000369205
5453 : 0
5453 : 0.999991 8.76284e-06
5454 : 0
5454 : 0.910506 0.0894936
5455 : 1
5455 : 2.79281e-07 1.0
5456 : 1
5456 : 0.426113 0.573887
5457 : 1
5457 : 0.00165218 0.998348
5458 : 0
5458 : 0.956266 0.0437338
5459 : 1
5459 : 0.00994873 0.990051
5460 : 0
5460 : 0.889855 0.110145
5461 : 0
5461 : 0.999999 6.17712e-07
5462 : 0
5462 : 0.999995 4.61567e-06
5463 : 1
5463 : 0.000127086 0.999873
5464 : 1
5464 : 1.5149e-07 1.0
5465 : 1
5465 : 3.09222e-05 0.999969
5466 : 0
5466 : 0.999832 0.000168248
5467 : 1
5467 : 5.70332e-06 0.999994
5468 : 1
5468 : 0.00473532 0.995265
5469 : 1
5469 : 1.95868e-07 1.0
5470 : 1
5470 : 0.0198262 0.980174
5471 : 0
5471 : 0.999719 0.000281306
5472 : 0
5472 : 1.0 2.18312e-09
5473 : 0
5473 : 0.998638 0.00136154
5474 : 0
5474 : 1.0 3.67805e-09
5475 : 1
5475 : 0.000421078 0.999579
5476 : 0
5476 : 1.0 3.4276e-09
5477 : 0
5477 : 0.889003 0.110997
5478 : 1
5478 : 0.0803327 0.919667
5479 : 1
5479 : 1.48997e-06 0.999999
5480 : 0
5480 : 0.994312 0.00568784
5481 : 1
5481 : 0.109474 0.890526
5482 : 1
5482 : 0.00350831 0.996492
5483 : 0
5483 : 0.809165 0.190835
5484 : 0
5484 : 0.981069 0.0189314
5485 : 1
5485 : 3.57364e-08 1.0
5486 : 0
5486 : 0.997259 0.00274146
5487 : 1
5487 : 3.33365e-05 0.999967
5488 : 1
5488 : 0.000157766 0.999842
5489 : 1
5489 : 0.000134705 0.999865
5490 : 1
5490 : 3.68784e-07 1.0
5491 : 1
5491 : 0.00982217 0.990178
5492 : 1
5492 : 0.354149 0.645851
5493 : 1
5493 : 8.16868e-07 0.999999
5494 : 1
5494 : 0.00260639 0.997394
5495 : 1
5495 : 1.863e-08 1.0
5496 : 1
5496 : 0.000301848 0.999698
5497 : 0
5497 : 0.99913 0.00086957
5498 : 1
5498 : 0.0511461 0.948854
5499 : 0
5499 : 0.999865 0.000135241
5500 : 0
5500 : 1.0 5.52071e-09
5501 : 1
5501 : 1.04765e-05 0.99999
5502 : 0
5502 : 0.990944 0.00905561
5503 : 0
5503 : 0.999548 0.000452274
5504 : 1
5504 : 0.00112177 0.998878
5505 : 1
5505 : 2.23764e-05 0.999978
5506 : 1
5506 : 0.0138364 0.986164
5507 : 0
5507 : 0.540621 0.459379
5508 : 1
5508 : 0.000123336 0.999877
5509 : 0
5509 : 0.501926 0.498074
5510 : 0
5510 : 0.578466 0.421534
5511 : 0
5511 : 0.978067 0.0219326
5512 : 1
5512 : 2.1996e-05 0.999978
5513 : 1
5513 : 0.000153264 0.999847
5514 : 0
5514 : 0.994364 0.0056358
5515 : 1
5515 : 0.442502 0.557498
5516 : 1
5516 : 0.165153 0.834847
5517 : 1
5517 : 0.0121437 0.987856
5518 : 1
5518 : 0.0247244 0.975276
5519 : 1
5519 : 0.0174559 0.982544
5520 : 1
5520 : 0.0372847 0.962715
5521 : 0
5521 : 0.707619 0.292381
5522 : 1
5522 : 1.75301e-05 0.999982
5523 : 0
5523 : 0.999975 2.49069e-05
5524 : 1
5524 : 0.0003279 0.999672
5525 : 0
5525 : 0.991403 0.00859657
5526 : 1
5526 : 3.19577e-05 0.999968
5527 : 1
5527 : 5.98501e-13 1.0
5528 : 1
5528 : 0.00117669 0.998823
5529 : 0
5529 : 0.999998 1.90854e-06
5530 : 1
5530 : 0.0537392 0.946261
5531 : 0
5531 : 0.999986 1.42626e-05
5532 : 1
5532 : 1.21926e-07 1.0
5533 : 0
5533 : 0.710097 0.289903
5534 : 1
5534 : 5.3549e-07 0.999999
5535 : 0
5535 : 1.0 1.2762e-07
5536 : 1
5536 : 1.54107e-05 0.999985
5537 : 1
5537 : 0.446016 0.553984
5538 : 0
5538 : 0.998302 0.00169842
5539 : 1
5539 : 0.000416014 0.999584
5540 : 0
5540 : 0.999992 8.44323e-06
5541 : 1
5541 : 0.243064 0.756936
5542 : 0
5542 : 0.999715 0.000284678
5543 : 0
5543 : 0.796435 0.203565
5544 : 0
5544 : 0.99999 9.73603e-06
5545 : 0
5545 : 1.0 4.32748e-08
5546 : 1
5546 : 0.494225 0.505775
5547 : 0
5547 : 0.999988 1.19375e-05
5548 : 1
5548 : 0.0598304 0.94017
5549 : 0
5549 : 0.999999 1.08304e-06
5550 : 0
5550 : 0.917266 0.0827343
5551 : 1
5551 : 5.39821e-05 0.999946
5552 : 0
5552 : 0.702995 0.297005
5553 : 1
5553 : 0.000322982 0.999677
5554 : 1
5554 : 0.00391761 0.996082
5555 : 0
5555 : 0.971083 0.028917
5556 : 1
5556 : 0.289773 0.710226
5557 : 0
5557 : 0.999985 1.45133e-05
5558 : 0
5558 : 0.979601 0.0203994
5559 : 0
5559 : 0.997981 0.00201939
5560 : 1
5560 : 0.00438989 0.99561
5561 : 0
5561 : 0.994632 0.00536769
5562 : 1
5562 : 0.00350578 0.996494
5563 : 0
5563 : 0.97394 0.0260595
5564 : 0
5564 : 1.0 1.87466e-07
5565 : 1
5565 : 8.00772e-06 0.999992
5566 : 0
5566 : 1.0 5.70624e-08
5567 : 1
5567 : 6.51917e-07 0.999999
5568 : 1
5568 : 2.67773e-06 0.999997
5569 : 0
5569 : 0.999669 0.000331125
5570 : 1
5570 : 0.000552492 0.999448
5571 : 1
5571 : 1.42719e-10 1.0
5572 : 1
5572 : 0.00226295 0.997737
5573 : 1
5573 : 0.00412814 0.995872
5574 : 0
5574 : 0.992942 0.00705749
5575 : 1
5575 : 0.00779978 0.9922
5576 : 0
5576 : 0.958248 0.0417518
5577 : 1
5577 : 0.000266774 0.999733
5578 : 0
5578 : 0.738049 0.261951
5579 : 1
5579 : 2.7481e-06 0.999997
5580 : 1
5580 : 0.00176262 0.998237
5581 : 1
5581 : 2.8176e-07 1.0
5582 : 0
5582 : 0.999986 1.35011e-05
5583 : 0
5583 : 0.999993 6.83578e-06
5584 : 1
5584 : 4.04692e-05 0.99996
5585 : 1
5585 : 6.43512e-05 0.999936
5586 : 1
5586 : 0.013172 0.986828
5587 : 1
5587 : 1.26473e-09 1.0
5588 : 1
5588 : 0.14528 0.85472
5589 : 0
5589 : 1.0 1.19011e-10
5590 : 1
5590 : 7.00422e-05 0.99993
5591 : 1
5591 : 0.000189777 0.99981
5592 : 1
5592 : 2.49368e-07 1.0
5593 : 1
5593 : 0.0431967 0.956803
5594 : 1
5594 : 0.00058668 0.999413
5595 : 1
5595 : 0.0124665 0.987534
5596 : 1
5596 : 0.00420433 0.995796
5597 : 1
5597 : 0.0411298 0.95887
5598 : 0
5598 : 0.999929 7.04674e-05
5599 : 0
5599 : 0.999983 1.75365e-05
5600 : 1
5600 : 6.46273e-09 1.0
5601 : 1
5601 : 0.00113616 0.998864
5602 : 1
5602 : 8.33093e-06 0.999992
5603 : 0
5603 : 0.991882 0.00811845
5604 : 0
5604 : 0.916793 0.0832074
5605 : 0
5605 : 0.99995 5.00919e-05
5606 : 0
5606 : 0.999997 3.17764e-06
5607 : 1
5607 : 0.00199501 0.998005
5608 : 1
5608 : 7.13019e-08 1.0
5609 : 0
5609 : 0.99997 2.95413e-05
5610 : 1
5610 : 9.77644e-06 0.99999
5611 : 0
5611 : 0.99362 0.00638021
5612 : 0
5612 : 0.962634 0.0373664
5613 : 1
5613 : 2.66021e-06 0.999997
5614 : 1
5614 : 2.79222e-05 0.999972
5615 : 0
5615 : 0.527461 0.472539
5616 : 0
5616 : 0.996363 0.00363711
5617 : 1
5617 : 0.00576925 0.994231
5618 : 0
5618 : 0.634395 0.365605
5619 : 1
5619 : 8.74122e-06 0.999991
5620 : 1
5620 : 0.000509114 0.999491
5621 : 0
5621 : 1.0 4.14709e-11
5622 : 1
5622 : 0.201284 0.798716
5623 : 0
5623 : 0.959592 0.0404084
5624 : 0
5624 : 1.0 6.91033e-11
5625 : 1
5625 : 0.000516908 0.999483
5626 : 0
5626 : 0.896604 0.103396
5627 : 0
5627 : 0.996716 0.00328396
5628 : 1
5628 : 0.000227867 0.999772
5629 : 1
5629 : 1.36376e-05 0.999986
5630 : 0
5630 : 0.911097 0.0889035
5631 : 1
5631 : 4.32891e-05 0.999957
5632 : 1
5632 : 0.000880987 0.999119
5633 : 1
5633 : 1.55414e-06 0.999998
5634 : 1
5634 : 0.000655989 0.999344
5635 : 1
5635 : 3.69143e-05 0.999963
5636 : 0
5636 : 0.983964 0.0160358
5637 : 0
5637 : 0.999903 9.69943e-05
5638 : 0
5638 : 0.99983 0.000170513
5639 : 0
5639 : 0.999911 8.93541e-05
5640 : 1
5640 : 0.128754 0.871246
5641 : 1
5641 : 0.000255604 0.999744
5642 : 1
5642 : 9.64137e-05 0.999904
5643 : 0
5643 : 0.833996 0.166004
5644 : 1
5644 : 0.00271875 0.997281
5645 : 0
5645 : 0.999949 5.08623e-05
5646 : 1
5646 : 0.418615 0.581385
5647 : 0
5647 : 1.0 3.54744e-08
5648 : 0
5648 : 0.930659 0.0693413
5649 : 0
5649 : 0.707209 0.292791
5650 : 1
5650 : 3.92594e-07 1.0
5651 : 0
5651 : 0.858015 0.141985
5652 : 0
5652 : 1.0 4.38533e-09
5653 : 1
5653 : 2.5141e-05 0.999975
5654 : 0
5654 : 0.999827 0.000173404
5655 : 1
5655 : 0.00311538 0.996885
5656 : 1
5656 : 0.0139154 0.986085
5657 : 1
5657 : 0.0455425 0.954458
5658 : 1
5658 : 1.31546e-05 0.999987
5659 : 1
5659 : 0.0151075 0.984892
5660 : 1
5660 : 0.000131246 0.999869
5661 : 0
5661 : 1.0 2.96217e-08
5662 : 1
5662 : 0.000236212 0.999764
5663 : 0
5663 : 1.0 9.649e-12
5664 : 0
5664 : 0.999998 2.06139e-06
5665 : 1
5665 : 1.54875e-10 1.0
5666 : 0
5666 : 0.999948 5.18696e-05
5667 : 0
5667 : 0.674416 0.325584
5668 : 0
5668 : 0.99779 0.00221014
5669 : 0
5669 : 0.992701 0.00729936
5670 : 1
5670 : 1.46004e-05 0.999985
5671 : 0
5671 : 0.90721 0.0927902
5672 : 0
5672 : 0.877378 0.122622
5673 : 0
5673 : 0.597787 0.402213
5674 : 0
5674 : 1.0 6.18179e-08
5675 : 1
5675 : 9.23396e-06 0.999991
5676 : 1
5676 : 0.484754 0.515246
5677 : 1
5677 : 7.99661e-07 0.999999
5678 : 0
5678 : 1.0 4.17782e-08
5679 : 0
5679 : 1.0 8.61579e-11
5680 : 1
5680 : 5.2752e-06 0.999995
5681 : 1
5681 : 0.0573554 0.942645
5682 : 0
5682 : 1.0 7.38281e-10
5683 : 0
5683 : 0.999998 1.56486e-06
5684 : 1
5684 : 0.00224514 0.997755
5685 : 0
5685 : 0.614772 0.385228
5686 : 0
5686 : 0.997514 0.00248618
5687 : 0
5687 : 0.824754 0.175246
5688 : 1
5688 : 1.28077e-05 0.999987
5689 : 1
5689 : 0.0159244 0.984076
5690 : 1
5690 : 0.00260988 0.99739
5691 : 1
5691 : 4.93734e-05 0.999951
5692 : 1
5692 : 1.04967e-06 0.999999
5693 : 1
5693 : 0.00372515 0.996275
5694 : 0
5694 : 0.53026 0.46974
5695 : 1
5695 : 0.326667 0.673333
5696 : 1
5696 : 0.00147816 0.998522
5697 : 1
5697 : 1.36538e-06 0.999999
5698 : 1
5698 : 0.01844 0.98156
5699 : 0
5699 : 0.999995 5.02583e-06
5700 : 0
5700 : 0.976996 0.023004
5701 : 1
5701 : 3.07434e-12 1.0
5702 : 0
5702 : 0.999861 0.000139169
5703 : 1
5703 : 4.30851e-07 1.0
5704 : 0
5704 : 0.999989 1.07296e-05
5705 : 1
5705 : 0.000559057 0.999441
5706 : 1
5706 : 0.00117172 0.998828
5707 : 1
5707 : 0.21538 0.78462
5708 : 1
5708 : 0.0780963 0.921904
5709 : 0
5709 : 0.952534 0.0474655
5710 : 0
5710 : 0.999116 0.000884039
5711 : 1
5711 : 0.00107808 0.998922
5712 : 0
5712 : 1.0 6.69928e-08
5713 : 0
5713 : 0.999646 0.00035399
5714 : 0
5714 : 0.999869 0.000131407
5715 : 1
5715 : 5.13086e-06 0.999995
5716 : 0
5716 : 0.639393 0.360607
5717 : 0
5717 : 0.997942 0.00205838
5718 : 0
5718 : 0.828685 0.171315
5719 : 0
5719 : 0.999972 2.76033e-05
5720 : 0
5720 : 0.907872 0.0921284
5721 : 0
5721 : 0.730942 0.269058
5722 : 0
5722 : 0.998604 0.0013959
5723 : 0
5723 : 0.999997 3.33977e-06
5724 : 1
5724 : 0.000236537 0.999763
5725 : 0
5725 : 0.999933 6.74591e-05
5726 : 0
5726 : 0.999826 0.000174165
5727 : 0
5727 : 0.999819 0.000181238
5728 : 0
5728 : 1.0 1.29053e-08
5729 : 0
5729 : 1.0 2.38841e-12
5730 : 1
5730 : 0.029271 0.970729
5731 : 0
5731 : 0.997744 0.00225585
5732 : 1
5732 : 7.59256e-15 1.0
5733 : 1
5733 : 0.0127119 0.987288
5734 : 0
5734 : 1.0 2.05359e-07
5735 : 1
5735 : 2.26304e-05 0.999977
5736 : 0
5736 : 0.999958 4.25095e-05
5737 : 1
5737 : 0.024687 0.975313
5738 : 1
5738 : 0.00194321 0.998057
5739 : 1
5739 : 0.00162395 0.998376
5740 : 1
5740 : 0.000212324 0.999788
5741 : 1
5741 : 0.000293623 0.999706
5742 : 1
5742 : 0.000753377 0.999247
5743 : 0
5743 : 1.0 3.92542e-09
5744 : 1
5744 : 0.00376909 0.996231
5745 : 0
5745 : 0.994693 0.00530708
5746 : 0
5746 : 0.996995 0.00300539
5747 : 1
5747 : 0.00109898 0.998901
5748 : 0
5748 : 0.995858 0.0041415
5749 : 0
5749 : 0.987379 0.0126207
5750 : 1
5750 : 0.00291687 0.997083
5751 : 1
5751 : 0.000465507 0.999534
5752 : 1
5752 : 0.00591407 0.994086
5753 : 0
5753 : 0.99968 0.000319968
5754 : 1
5754 : 0.000682887 0.999317
5755 : 0
5755 : 0.997645 0.00235465
5756 : 1
5756 : 1.20779e-05 0.999988
5757 : 0
5757 : 0.999986 1.37546e-05
5758 : 1
5758 : 0.0283007 0.971699
5759 : 1
5759 : 0.000240674 0.999759
5760 : 1
5760 : 0.0473386 0.952661
5761 : 0
5761 : 0.928662 0.0713378
5762 : 0
5762 : 0.999871 0.000128885
5763 : 0
5763 : 0.996884 0.00311649
5764 : 0
5764 : 1.0 6.9208e-09
5765 : 1
5765 : 0.0245813 0.975419
5766 : 0
5766 : 0.993853 0.00614658
5767 : 0
5767 : 0.999908 9.17284e-05
5768 : 1
5768 : 0.000296348 0.999704
5769 : 0
5769 : 1.0 3.27612e-07
5770 : 1
5770 : 3.22402e-06 0.999997
5771 : 1
5771 : 0.00559728 0.994403
5772 : 1
5772 : 4.01322e-06 0.999996
5773 : 0
5773 : 0.999365 0.000635055
5774 : 0
5774 : 0.991639 0.0083608
5775 : 0
5775 : 0.999516 0.000483702
5776 : 1
5776 : 8.34457e-07 0.999999
5777 : 1
5777 : 0.0477923 0.952208
5778 : 1
5778 : 0.00209559 0.997904
5779 : 1
5779 : 5.38772e-10 1.0
5780 : 1
5780 : 0.377921 0.622079
5781 : 0
5781 : 0.99986 0.000139905
5782 : 0
5782 : 0.698919 0.301081
5783 : 1
5783 : 0.100823 0.899177
5784 : 1
5784 : 6.89517e-11 1.0
5785 : 0
5785 : 1.0 1.90262e-07
5786 : 0
5786 : 0.999988 1.19983e-05
5787 : 1
5787 : 0.0191227 0.980877
5788 : 0
5788 : 1.0 6.70688e-11
5789 : 1
5789 : 0.00991338 0.990087
5790 : 0
5790 : 0.998326 0.00167431
5791 : 0
5791 : 0.749824 0.250176
5792 : 1
5792 : 0.00125663 0.998743
5793 : 0
5793 : 0.85844 0.14156
5794 : 1
5794 : 0.00285923 0.997141
5795 : 1
5795 : 0.0340665 0.965934
5796 : 0
5796 : 0.999576 0.000423569
5797 : 0
5797 : 0.999809 0.000191114
5798 : 1
5798 : 3.00376e-05 0.99997
5799 : 1
5799 : 0.000183799 0.999816
5800 : 0
5800 : 0.999979 2.08583e-05
5801 : 0
5801 : 0.986296 0.0137041
5802 : 0
5802 : 1.0 4.20551e-08
5803 : 0
5803 : 1.0 7.72895e-13
5804 : 1
5804 : 0.00167023 0.99833
5805 : 1
5805 : 4.12041e-08 1.0
5806 : 0
5806 : 1.0 3.71404e-07
5807 : 1
5807 : 2.68233e-05 0.999973
5808 : 1
5808 : 0.000193159 0.999807
5809 : 1
5809 : 1.24468e-05 0.999988
5810 : 1
5810 : 0.00263305 0.997367
5811 : 0
5811 : 0.953879 0.0461213
5812 : 1
5812 : 0.00269452 0.997306
5813 : 1
5813 : 0.104928 0.895072
5814 : 0
5814 : 1.0 4.39596e-12
5815 : 1
5815 : 4.60631e-08 1.0
5816 : 0
5816 : 0.997365 0.00263482
5817 : 0
5817 : 0.999874 0.000126343
5818 : 0
5818 : 1.0 1.80615e-07
5819 : 0
5819 : 0.971042 0.0289579
5820 : 1
5820 : 0.00296557 0.997034
5821 : 1
5821 : 4.66958e-07 1.0
5822 : 0
5822 : 0.999949 5.10037e-05
5823 : 0
5823 : 0.99964 0.000360089
5824 : 1
5824 : 0.000169331 0.999831
5825 : 1
5825 : 0.0049838 0.995016
5826 : 0
5826 : 0.999661 0.000339355
5827 : 1
5827 : 0.0133473 0.986653
5828 : 1
5828 : 0.175221 0.824779
5829 : 1
5829 : 0.00894242 0.991058
5830 : 1
5830 : 0.00675104 0.993249
5831 : 1
5831 : 1.24859e-05 0.999988
5832 : 1
5832 : 2.55968e-05 0.999974
5833 : 1
5833 : 0.055083 0.944917
5834 : 1
5834 : 0.352447 0.647553
5835 : 0
5835 : 0.987038 0.012962
5836 : 1
5836 : 1.56325e-07 1.0
5837 : 1
5837 : 0.00605421 0.993946
5838 : 0
5838 : 0.999379 0.000621396
5839 : 0
5839 : 0.993169 0.00683104
5840 : 1
5840 : 0.345949 0.654051
5841 : 1
5841 : 0.000984448 0.999016
5842 : 0
5842 : 0.992041 0.00795916
5843 : 1
5843 : 8.41795e-05 0.999916
5844 : 0
5844 : 0.999664 0.000336254
5845 : 1
5845 : 2.28388e-05 0.999977
5846 : 0
5846 : 0.999777 0.000222531
5847 : 0
5847 : 1.0 2.24787e-07
5848 : 0
5848 : 0.988752 0.0112477
5849 : 0
5849 : 0.987716 0.012284
5850 : 0
5850 : 0.997127 0.00287294
5851 : 0
5851 : 1.0 1.60785e-07
5852 : 1
5852 : 0.0053489 0.994651
5853 : 1
5853 : 0.0011954 0.998805
5854 : 0
5854 : 0.999912 8.7836e-05
5855 : 1
5855 : 1.29362e-05 0.999987
5856 : 0
5856 : 1.0 2.32366e-07
5857 : 1
5857 : 2.49465e-05 0.999975
5858 : 1
5858 : 0.000417655 0.999582
5859 : 0
5859 : 0.999996 4.25552e-06
5860 : 1
5860 : 0.0408578 0.959142
5861 : 0
5861 : 0.999855 0.000144907
5862 : 1
5862 : 0.040525 0.959475
5863 : 0
5863 : 0.71785 0.28215
5864 : 1
5864 : 0.00259981 0.9974
5865 : 0
5865 : 0.999466 0.000534393
5866 : 0
5866 : 0.99955 0.000450035
5867 : 0
5867 : 0.99999 9.60102e-06
5868 : 0
5868 : 0.999998 2.32955e-06
5869 : 1
5869 : 0.0983077 0.901692
5870 : 0
5870 : 0.999784 0.000216444
5871 : 0
5871 : 0.99992 8.01077e-05
5872 : 0
5872 : 0.989615 0.0103845
5873 : 0
5873 : 0.942219 0.057781
5874 : 1
5874 : 0.0108937 0.989106
5875 : 0
5875 : 0.994763 0.00523659
5876 : 1
5876 : 0.152127 0.847873
5877 : 0
5877 : 0.999963 3.74736e-05
5878 : 1
5878 : 3.03915e-05 0.99997
5879 : 1
5879 : 0.000779825 0.99922
5880 : 0
5880 : 0.953671 0.046329
5881 : 1
5881 : 0.00125638 0.998744
5882 : 1
5882 : 0.492455 0.507544
5883 : 1
5883 : 4.88171e-05 0.999951
5884 : 1
5884 : 0.000259891 0.99974
5885 : 0
5885 : 0.999982 1.77971e-05
5886 : 1
5886 : 0.000201413 0.999799
5887 : 0
5887 : 1.0 9.91778e-09
5888 : 0
5888 : 0.999813 0.000187048
5889 : 1
5889 : 0.00346083 0.996539
5890 : 1
5890 : 5.48205e-05 0.999945
5891 : 0
5891 : 0.999917 8.26371e-05
5892 : 1
5892 : 3.72137e-06 0.999996
5893 : 0
5893 : 0.697086 0.302914
5894 : 1
5894 : 0.00421595 0.995784
5895 : 0
5895 : 0.92238 0.0776197
5896 : 0
5896 : 0.999996 3.9841e-06
5897 : 0
5897 : 0.55267 0.44733
5898 : 1
5898 : 8.14543e-08 1.0
5899 : 0
5899 : 0.999985 1.52547e-05
5900 : 0
5900 : 1.0 3.57211e-11
5901 : 1
5901 : 9.76708e-07 0.999999
5902 : 0
5902 : 0.999729 0.000271216
5903 : 0
5903 : 0.999938 6.19726e-05
5904 : 1
5904 : 0.000207512 0.999793
5905 : 1
5905 : 1.21883e-12 1.0
5906 : 0
5906 : 1.0 2.72424e-08
5907 : 0
5907 : 0.974729 0.0252708
5908 : 1
5908 : 1.59446e-05 0.999984
5909 : 0
5909 : 0.999788 0.000211898
5910 : 0
5910 : 0.989149 0.0108514
5911 : 1
5911 : 0.00995031 0.99005
5912 : 0
5912 : 0.98972 0.0102802
5913 : 1
5913 : 0.206442 0.793558
5914 : 0
5914 : 0.724703 0.275297
5915 : 1
5915 : 0.000180678 0.999819
5916 : 1
5916 : 1.18002e-07 1.0
5917 : 1
5917 : 0.325818 0.674182
5918 : 0
5918 : 1.0 1.20334e-10
5919 : 1
5919 : 0.18748 0.81252
5920 : 0
5920 : 1.0 2.24166e-07
5921 : 0
5921 : 0.653847 0.346153
5922 : 0
5922 : 0.999997 2.96751e-06
5923 : 1
5923 : 1.03894e-06 0.999999
5924 : 1
5924 : 3.96097e-07 1.0
5925 : 1
5925 : 1.5144e-05 0.999985
5926 : 0
5926 : 1.0 1.57831e-07
5927 : 0
5927 : 0.982821 0.0171788
5928 : 1
5928 : 4.50937e-06 0.999996
5929 : 1
5929 : 0.0107295 0.989271
5930 : 1
5930 : 1.003e-07 1.0
5931 : 1
5931 : 0.0865569 0.913443
5932 : 0
5932 : 1.0 1.60409e-07
5933 : 1
5933 : 0.131798 0.868202
5934 : 0
5934 : 0.999961 3.94984e-05
5935 : 0
5935 : 0.995575 0.00442488
5936 : 1
5936 : 2.93513e-10 1.0
5937 : 0
5937 : 0.999994 5.93768e-06
5938 : 1
5938 : 0.0037485 0.996251
5939 : 0
5939 : 0.963389 0.0366111
5940 : 0
5940 : 0.992796 0.00720447
5941 : 0
5941 : 0.996954 0.00304594
5942 : 0
5942 : 0.999893 0.000106527
5943 : 1
5943 : 1.99494e-06 0.999998
5944 : 1
5944 : 5.94041e-05 0.999941
5945 : 1
5945 : 0.293485 0.706515
5946 : 1
5946 : 0.243145 0.756854
5947 : 0
5947 : 0.999999 1.00083e-06
5948 : 1
5948 : 3.19047e-05 0.999968
5949 : 0
5949 : 1.0 4.00401e-07
5950 : 0
5950 : 0.999748 0.000251968
5951 : 1
5951 : 0.000914687 0.999085
5952 : 0
5952 : 0.999506 0.000493909
5953 : 0
5953 : 1.0 1.58815e-09
5954 : 0
5954 : 0.994711 0.00528893
5955 : 0
5955 : 0.981406 0.0185941
5956 : 1
5956 : 0.000422885 0.999577
5957 : 1
5957 : 0.00220516 0.997795
5958 : 1
5958 : 2.53098e-06 0.999997
5959 : 1
5959 : 0.00715512 0.992845
5960 : 0
5960 : 0.99797 0.00202995
5961 : 1
5961 : 0.0246285 0.975371
5962 : 0
5962 : 0.999997 3.15913e-06
5963 : 0
5963 : 0.999377 0.000623387
5964 : 1
5964 : 0.120343 0.879657
5965 : 1
5965 : 0.202758 0.797242
5966 : 0
5966 : 0.975231 0.0247687
5967 : 1
5967 : 0.00577668 0.994223
5968 : 1
5968 : 0.0111756 0.988824
5969 : 1
5969 : 1.71253e-06 0.999998
5970 : 1
5970 : 5.02956e-06 0.999995
5971 : 1
5971 : 0.00612834 0.993872
5972 : 1
5972 : 7.93821e-08 1.0
5973 : 1
5973 : 0.00170578 0.998294
5974 : 1
5974 : 0.000475777 0.999524
5975 : 1
5975 : 1.09358e-05 0.999989
5976 : 1
5976 : 0.0514117 0.948588
5977 : 0
5977 : 0.999995 5.1951e-06
5978 : 1
5978 : 0.000872601 0.999127
5979 : 1
5979 : 0.0120892 0.987911
5980 : 0
5980 : 0.982774 0.0172257
5981 : 0
5981 : 0.99999 1.02097e-05
5982 : 0
5982 : 0.99998 2.03965e-05
5983 : 1
5983 : 0.184822 0.815178
5984 : 1
5984 : 2.73931e-06 0.999997
5985 : 1
5985 : 1.21337e-06 0.999999
5986 : 0
5986 : 0.936703 0.0632966
5987 : 0
5987 : 0.998944 0.00105626
5988 : 1
5988 : 0.00558946 0.994411
5989 : 1
5989 : 3.71708e-05 0.999963
5990 : 1
5990 : 0.00047425 0.999526
5991 : 0
5991 : 0.993855 0.00614481
5992 : 1
5992 : 0.028398 0.971602
5993 : 0
5993 : 0.583502 0.416498
5994 : 0
5994 : 0.999859 0.000140975
5995 : 1
5995 : 0.288349 0.711651
5996 : 0
5996 : 0.998966 0.00103398
5997 : 1
5997 : 8.96905e-07 0.999999
5998 : 1
5998 : 1.79473e-05 0.999982
5999 : 0
5999 : 0.963593 0.0364071
6000 : 1
6000 : 8.3869e-10 1.0
6001 : 1
6001 : 0.0283604 0.97164
6002 : 0
6002 : 0.996634 0.00336604
6003 : 0
6003 : 0.717676 0.282324
6004 : 1
6004 : 3.90069e-09 1.0
6005 : 1
6005 : 0.212382 0.787618
6006 : 0
6006 : 0.99965 0.000350125
6007 : 1
6007 : 2.2653e-06 0.999998
6008 : 0
6008 : 1.0 5.11679e-08
6009 : 0
6009 : 0.985673 0.0143266
6010 : 0
6010 : 0.987331 0.0126691
6011 : 0
6011 : 0.935857 0.0641427
6012 : 1
6012 : 9.77636e-05 0.999902
6013 : 0
6013 : 1.0 2.42308e-11
6014 : 0
6014 : 0.992631 0.00736892
6015 : 0
6015 : 0.999918 8.22071e-05
6016 : 1
6016 : 3.06295e-07 1.0
6017 : 1
6017 : 0.0003997 0.9996
6018 : 1
6018 : 0.0457322 0.954268
6019 : 1
6019 : 0.0388133 0.961187
6020 : 0
6020 : 0.992577 0.00742294
6021 : 0
6021 : 0.999992 8.45539e-06
6022 : 1
6022 : 0.00342261 0.996577
6023 : 0
6023 : 0.99982 0.000179565
6024 : 0
6024 : 1.0 2.65953e-08
6025 : 1
6025 : 6.64372e-05 0.999934
6026 : 1
6026 : 0.0015997 0.9984
6027 : 0
6027 : 0.999616 0.000383613
6028 : 1
6028 : 0.00173229 0.998268
6029 : 0
6029 : 0.557915 0.442085
6030 : 1
6030 : 0.0173183 0.982682
6031 : 0
6031 : 0.999996 4.23986e-06
6032 : 0
6032 : 0.999992 7.81179e-06
6033 : 0
6033 : 0.998457 0.00154328
6034 : 0
6034 : 0.999972 2.8446e-05
6035 : 0
6035 : 0.999883 0.000116635
6036 : 0
6036 : 0.999047 0.000952706
6037 : 0
6037 : 0.999999 1.09079e-06
6038 : 1
6038 : 1.28188e-05 0.999987
6039 : 1
6039 : 1.59141e-06 0.999998
6040 : 1
6040 : 0.0035755 0.996424
6041 : 1
6041 : 5.1794e-10 1.0
6042 : 1
6042 : 0.00285789 0.997142
6043 : 0
6043 : 0.995648 0.00435172
6044 : 0
6044 : 0.999959 4.06425e-05
6045 : 1
6045 : 1.47177e-09 1.0
6046 : 1
6046 : 0.10476 0.895241
6047 : 1
6047 : 7.54365e-06 0.999992
6048 : 0
6048 : 0.996572 0.00342783
6049 : 0
6049 : 0.944539 0.0554607
6050 : 0
6050 : 0.999736 0.000263527
6051 : 1
6051 : 0.000311448 0.999689
6052 : 0
6052 : 0.99795 0.00205021
6053 : 1
6053 : 0.25316 0.74684
6054 : 1
6054 : 0.127677 0.872322
6055 : 1
6055 : 0.00135945 0.998641
6056 : 1
6056 : 0.241868 0.758132
6057 : 0
6057 : 0.998559 0.00144108
6058 : 0
6058 : 0.999175 0.000825396
6059 : 0
6059 : 0.999926 7.36163e-05
6060 : 0
6060 : 1.0 1.27151e-08
6061 : 1
6061 : 0.000105923 0.999894
6062 : 0
6062 : 0.999782 0.000217638
6063 : 0
6063 : 0.996484 0.00351616
6064 : 1
6064 : 0.00080311 0.999197
6065 : 1
6065 : 0.0216383 0.978362
6066 : 0
6066 : 0.984674 0.0153256
6067 : 1
6067 : 0.0150595 0.984941
6068 : 0
6068 : 0.62377 0.37623
6069 : 1
6069 : 0.127087 0.872913
6070 : 1
6070 : 1.10865e-05 0.999989
6071 : 0
6071 : 0.999995 4.83548e-06
6072 : 1
6072 : 0.00124151 0.998758
6073 : 1
6073 : 7.83487e-07 0.999999
6074 : 0
6074 : 0.519254 0.480746
6075 : 1
6075 : 0.225222 0.774777
6076 : 0
6076 : 0.993533 0.00646699
6077 : 0
6077 : 0.99999 9.87983e-06
6078 : 1
6078 : 1.96799e-10 1.0
6079 : 1
6079 : 0.000374002 0.999626
6080 : 1
6080 : 0.00211341 0.997887
6081 : 1
6081 : 0.0386523 0.961348
6082 : 1
6082 : 0.000131011 0.999869
6083 : 0
6083 : 0.999113 0.000887013
6084 : 1
6084 : 4.81795e-06 0.999995
6085 : 0
6085 : 0.875448 0.124552
6086 : 1
6086 : 0.00278936 0.997211
6087 : 1
6087 : 0.000222718 0.999777
6088 : 1
6088 : 4.08485e-05 0.999959
6089 : 1
6089 : 0.0148041 0.985196
6090 : 0
6090 : 0.57565 0.42435
6091 : 1
6091 : 0.0774075 0.922593
6092 : 0
6092 : 0.999998 1.53934e-06
6093 : 1
6093 : 0.0114763 0.988524
6094 : 1
6094 : 6.93491e-16 1.0
6095 : 0
6095 : 0.999266 0.000734406
6096 : 1
6096 : 0.00706784 0.992932
6097 : 1
6097 : 0.453704 0.546296
6098 : 1
6098 : 4.09568e-05 0.999959
6099 : 1
6099 : 0.0043087 0.995691
6100 : 0
6100 : 1.0 2.01183e-09
6101 : 0
6101 : 0.99845 0.00155007
6102 : 0
6102 : 0.995124 0.00487646
6103 : 1
6103 : 0.00869305 0.991307
6104 : 0
6104 : 0.998957 0.00104273
6105 : 1
6105 : 0.00220735 0.997793
6106 : 1
6106 : 0.0487256 0.951274
6107 : 1
6107 : 8.10338e-05 0.999919
6108 : 1
6108 : 5.58057e-08 1.0
6109 : 1
6109 : 0.017301 0.982699
6110 : 0
6110 : 0.999895 0.000105402
6111 : 1
6111 : 0.00363342 0.996367
6112 : 0
6112 : 0.99269 0.00731032
6113 : 1
6113 : 0.249047 0.750953
6114 : 0
6114 : 0.996632 0.00336786
6115 : 0
6115 : 0.999997 3.39235e-06
6116 : 1
6116 : 0.349964 0.650036
6117 : 1
6117 : 0.00855481 0.991445
6118 : 0
6118 : 0.776028 0.223972
6119 : 1
6119 : 0.017432 0.982568
6120 : 0
6120 : 0.9753 0.0246999
6121 : 1
6121 : 2.16046e-06 0.999998
6122 : 0
6122 : 0.998962 0.00103835
6123 : 1
6123 : 0.00237984 0.99762
6124 : 0
6124 : 0.995783 0.00421708
6125 : 1
6125 : 4.41531e-06 0.999996
6126 : 1
6126 : 0.0183741 0.981626
6127 : 0
6127 : 0.99677 0.00323039
6128 : 1
6128 : 6.24414e-07 0.999999
6129 : 1
6129 : 0.00224559 0.997754
6130 : 1
6130 : 0.000865324 0.999135
6131 : 0
6131 : 0.825433 0.174567
6132 : 0
6132 : 0.999973 2.70836e-05
6133 : 0
6133 : 0.987126 0.0128741
6134 : 1
6134 : 2.07955e-06 0.999998
6135 : 0
6135 : 0.999848 0.000152013
6136 : 0
6136 : 0.779984 0.220016
6137 : 0
6137 : 0.951488 0.0485123
6138 : 0
6138 : 0.993223 0.00677724
6139 : 0
6139 : 0.790538 0.209462
6140 : 1
6140 : 2.03113e-06 0.999998
6141 : 0
6141 : 0.984208 0.0157918
6142 : 1
6142 : 6.41328e-17 1.0
6143 : 0
6143 : 0.987481 0.0125194
6144 : 1
6144 : 0.000773529 0.999226
6145 : 0
6145 : 0.99999 9.58496e-06
6146 : 1
6146 : 0.00372366 0.996276
6147 : 0
6147 : 0.999833 0.000166592
6148 : 1
6148 : 3.92261e-08 1.0
6149 : 0
6149 : 1.0 4.75722e-08
6150 : 0
6150 : 0.999996 3.69761e-06
6151 : 1
6151 : 0.0702291 0.929771
6152 : 0
6152 : 0.999997 3.17997e-06
6153 : 0
6153 : 0.999987 1.32849e-05
6154 : 1
6154 : 1.17982e-06 0.999999
6155 : 1
6155 : 0.00896628 0.991034
6156 : 0
6156 : 0.998655 0.00134479
6157 : 1
6157 : 1.11748e-06 0.999999
6158 : 0
6158 : 0.99999 1.01404e-05
6159 : 0
6159 : 1.0 4.17483e-07
6160 : 1
6160 : 8.05013e-06 0.999992
6161 : 0
6161 : 0.991735 0.00826486
6162 : 1
6162 : 0.000203387 0.999797
6163 : 1
6163 : 0.0217743 0.978226
6164 : 0
6164 : 0.997857 0.00214283
6165 : 0
6165 : 0.999977 2.31302e-05
6166 : 0
6166 : 0.999523 0.000476705
6167 : 0
6167 : 0.980509 0.0194907
6168 : 0
6168 : 0.999989 1.05218e-05
6169 : 0
6169 : 0.996823 0.00317695
6170 : 0
6170 : 0.77703 0.22297
6171 : 0
6171 : 0.903472 0.096528
6172 : 0
6172 : 1.0 2.37438e-10
6173 : 1
6173 : 0.0143456 0.985654
6174 : 0
6174 : 0.999992 8.06942e-06
6175 : 1
6175 : 0.00069592 0.999304
6176 : 1
6176 : 2.07718e-05 0.999979
6177 : 1
6177 : 8.96675e-15 1.0
6178 : 1
6178 : 0.000107853 0.999892
6179 : 0
6179 : 0.999999 7.8085e-07
6180 : 0
6180 : 0.994011 0.00598872
6181 : 0
6181 : 0.897106 0.102894
6182 : 1
6182 : 0.00246738 0.997533
6183 : 1
6183 : 0.134105 0.865895
6184 : 0
6184 : 0.999885 0.000115167
6185 : 0
6185 : 1.0 3.37655e-17
6186 : 1
6186 : 0.238675 0.761325
6187 : 1
6187 : 7.91947e-08 1.0
6188 : 1
6188 : 0.00469606 0.995304
6189 : 0
6189 : 0.968946 0.0310539
6190 : 0
6190 : 0.963932 0.0360675
6191 : 0
6191 : 0.89651 0.10349
6192 : 1
6192 : 0.00438194 0.995618
6193 : 1
6193 : 1.02964e-07 1.0
6194 : 0
6194 : 1.0 2.27756e-10
6195 : 1
6195 : 0.0144794 0.985521
6196 : 0
6196 : 0.856055 0.143945
6197 : 0
6197 : 0.697153 0.302847
6198 : 0
6198 : 1.0 8.63984e-10
6199 : 1
6199 : 8.51019e-05 0.999915
6200 : 1
6200 : 3.16765e-05 0.999968
6201 : 1
6201 : 0.00463277 0.995367
6202 : 0
6202 : 0.999769 0.000230599
6203 : 1
6203 : 0.30838 0.69162
6204 : 0
6204 : 0.99553 0.00446973
6205 : 0
6205 : 0.962593 0.0374067
6206 : 1
6206 : 1.53885e-08 1.0
6207 : 1
6207 : 0.00338396 0.996616
6208 : 1
6208 : 3.1581e-05 0.999968
6209 : 0
6209 : 0.999822 0.00017786
6210 : 0
6210 : 0.978132 0.0218684
6211 : 0
6211 : 0.987437 0.0125629
6212 : 0
6212 : 0.656045 0.343955
6213 : 0
6213 : 0.999998 1.86211e-06
6214 : 1
6214 : 2.06583e-06 0.999998
6215 : 1
6215 : 0.160581 0.839419
6216 : 0
6216 : 0.999999 9.94424e-07
6217 : 1
6217 : 1.40735e-05 0.999986
6218 : 1
6218 : 2.09024e-06 0.999998
6219 : 1
6219 : 8.64575e-06 0.999991
6220 : 0
6220 : 0.99594 0.00405998
6221 : 1
6221 : 0.00423493 0.995765
6222 : 1
6222 : 0.0322692 0.967731
6223 : 1
6223 : 0.00362063 0.996379
6224 : 1
6224 : 0.00036652 0.999633
6225 : 1
6225 : 0.494453 0.505547
6226 : 1
6226 : 1.30873e-05 0.999987
6227 : 1
6227 : 0.29876 0.70124
6228 : 1
6228 : 0.0101351 0.989865
6229 : 1
6229 : 4.77711e-07 1.0
6230 : 1
6230 : 0.10592 0.89408
6231 : 1
6231 : 0.00115032 0.99885
6232 : 0
6232 : 0.703124 0.296876
6233 : 0
6233 : 0.999992 8.45892e-06
6234 : 1
6234 : 0.107223 0.892777
6235 : 0
6235 : 0.990924 0.00907607
6236 : 1
6236 : 0.000166094 0.999834
6237 : 0
6237 : 0.540659 0.459341
6238 : 0
6238 : 0.962794 0.0372056
6239 : 1
6239 : 0.00942297 0.990577
6240 : 1
6240 : 0.00903442 0.990966
6241 : 1
6241 : 0.00402246 0.995978
6242 : 1
6242 : 0.345412 0.654588
6243 : 0
6243 : 0.999288 0.000711991
6244 : 0
6244 : 0.995219 0.00478071
6245 : 1
6245 : 4.98143e-08 1.0
6246 : 1
6246 : 0.000101693 0.999898
6247 : 0
6247 : 1.0 2.59282e-15
6248 : 1
6248 : 0.000986854 0.999013
6249 : 1
6249 : 0.00305621 0.996944
6250 : 0
6250 : 0.999023 0.000977177
6251 : 1
6251 : 0.0959959 0.904004
6252 : 0
6252 : 0.999989 1.08633e-05
6253 : 1
6253 : 3.78955e-08 1.0
6254 : 1
6254 : 2.65812e-07 1.0
6255 : 1
6255 : 0.000560993 0.999439
6256 : 0
6256 : 0.999999 1.23997e-06
6257 : 1
6257 : 4.02063e-06 0.999996
6258 : 0
6258 : 0.999851 0.000149188
6259 : 0
6259 : 1.0 1.38361e-07
6260 : 0
6260 : 0.740789 0.259211
6261 : 0
6261 : 0.995444 0.00455628
6262 : 0
6262 : 1.0 1.10758e-08
6263 : 0
6263 : 1.0 1.16083e-09
6264 : 1
6264 : 0.000107054 0.999893
6265 : 1
6265 : 3.46207e-07 1.0
6266 : 1
6266 : 0.000637119 0.999363
6267 : 0
6267 : 0.989241 0.0107592
6268 : 0
6268 : 1.0 2.22517e-07
6269 : 0
6269 : 0.972373 0.0276273
6270 : 0
6270 : 0.933232 0.0667675
6271 : 0
6271 : 0.99966 0.000340507
6272 : 0
6272 : 0.999998 2.49384e-06
6273 : 1
6273 : 0.0365721 0.963428
6274 : 1
6274 : 0.321451 0.678549
6275 : 0
6275 : 0.999999 1.41095e-06
6276 : 0
6276 : 0.999999 1.43844e-06
6277 : 1
6277 : 0.0185762 0.981424
6278 : 0
6278 : 0.9982 0.0017996
6279 : 0
6279 : 0.999998 2.23456e-06
6280 : 1
6280 : 0.00108926 0.998911
6281 : 0
6281 : 0.998995 0.00100476
6282 : 1
6282 : 0.0541008 0.945899
6283 : 1
6283 : 0.090423 0.909577
6284 : 1
6284 : 8.23005e-10 1.0
6285 : 1
6285 : 0.0109998 0.989
6286 : 0
6286 : 0.999993 7.2091e-06
6287 : 0
6287 : 0.916213 0.0837867
6288 : 1
6288 : 0.00845987 0.99154
6289 : 1
6289 : 0.000284333 0.999716
6290 : 1
6290 : 8.31072e-06 0.999992
6291 : 0
6291 : 0.999968 3.18565e-05
6292 : 0
6292 : 0.642267 0.357733
6293 : 0
6293 : 0.998787 0.00121281
6294 : 1
6294 : 0.00482441 0.995176
6295 : 1
6295 : 4.23525e-07 1.0
6296 : 1
6296 : 0.000692907 0.999307
6297 : 0
6297 : 0.999685 0.00031536
6298 : 0
6298 : 1.0 1.43722e-08
6299 : 0
6299 : 0.999999 6.02373e-07
6300 : 0
6300 : 0.998875 0.00112549
6301 : 1
6301 : 0.111906 0.888094
6302 : 1
6302 : 0.0097269 0.990273
6303 : 0
6303 : 0.793963 0.206037
6304 : 1
6304 : 0.484693 0.515307
6305 : 1
6305 : 0.00455026 0.99545
6306 : 1
6306 : 0.00545093 0.994549
6307 : 1
6307 : 0.221464 0.778536
6308 : 1
6308 : 0.0937563 0.906244
6309 : 1
6309 : 1.36463e-05 0.999986
6310 : 0
6310 : 0.999996 3.88501e-06
6311 : 1
6311 : 0.0151513 0.984849
6312 : 1
6312 : 0.0422887 0.957711
6313 : 1
6313 : 3.59849e-10 1.0
6314 : 0
6314 : 0.990605 0.00939471
6315 : 1
6315 : 4.52594e-06 0.999995
6316 : 0
6316 : 0.999993 6.94362e-06
6317 : 1
6317 : 0.000143589 0.999856
6318 : 1
6318 : 0.0887385 0.911261
6319 : 0
6319 : 0.781128 0.218872
6320 : 0
6320 : 0.681197 0.318803
6321 : 1
6321 : 6.01851e-09 1.0
6322 : 0
6322 : 0.532724 0.467276
6323 : 1
6323 : 1.78977e-08 1.0
6324 : 1
6324 : 0.0932394 0.906761
6325 : 0
6325 : 0.999848 0.000152291
6326 : 0
6326 : 0.976443 0.0235573
6327 : 1
6327 : 0.0206481 0.979352
6328 : 0
6328 : 0.718307 0.281693
6329 : 0
6329 : 0.999876 0.0001236
6330 : 0
6330 : 0.999979 2.08236e-05
6331 : 1
6331 : 2.60763e-08 1.0
6332 : 1
6332 : 2.6391e-09 1.0
6333 : 0
6333 : 0.999079 0.000921316
6334 : 1
6334 : 0.127123 0.872877
6335 : 0
6335 : 0.999992 7.80802e-06
6336 : 0
6336 : 1.0 8.50796e-11
6337 : 0
6337 : 0.999902 9.81306e-05
6338 : 0
6338 : 0.99797 0.00202962
6339 : 0
6339 : 0.602922 0.397078
6340 : 1
6340 : 5.43468e-06 0.999995
6341 : 1
6341 : 0.476929 0.523071
6342 : 1
6342 : 5.53065e-07 0.999999
6343 : 0
6343 : 0.999514 0.000486154
6344 : 1
6344 : 0.388564 0.611436
6345 : 1
6345 : 1.89608e-06 0.999998
6346 : 1
6346 : 0.0225397 0.97746
6347 : 1
6347 : 0.37796 0.62204
6348 : 0
6348 : 0.999893 0.000107408
6349 : 1
6349 : 0.000313007 0.999687
6350 : 0
6350 : 0.601296 0.398704
6351 : 1
6351 : 0.0314854 0.968515
6352 : 0
6352 : 0.999971 2.91967e-05
6353 : 0
6353 : 0.982037 0.0179627
6354 : 1
6354 : 0.0118103 0.98819
6355 : 1
6355 : 0.00191237 0.998088
6356 : 0
6356 : 0.906649 0.0933513
6357 : 1
6357 : 1.92324e-05 0.999981
6358 : 0
6358 : 0.998582 0.00141765
6359 : 0
6359 : 0.999998 2.1621e-06
6360 : 0
6360 : 1.0 1.00746e-07
6361 : 1
6361 : 0.02808 0.97192
6362 : 0
6362 : 1.0 2.94351e-07
6363 : 1
6363 : 7.92941e-06 0.999992
6364 : 0
6364 : 0.999775 0.000224795
6365 : 1
6365 : 0.00175513 0.998245
6366 : 1
6366 : 0.0399933 0.960007
6367 : 1
6367 : 0.00236891 0.997631
6368 : 1
6368 : 8.5612e-06 0.999991
6369 : 0
6369 : 0.999797 0.000203506
6370 : 1
6370 : 0.0263733 0.973627
6371 : 0
6371 : 1.0 7.07916e-08
6372 : 0
6372 : 0.960814 0.039186
6373 : 0
6373 : 0.857356 0.142644
6374 : 0
6374 : 0.999905 9.45359e-05
6375 : 0
6375 : 0.999918 8.20256e-05
6376 : 0
6376 : 0.999997 3.25876e-06
6377 : 1
6377 : 3.89988e-07 1.0
6378 : 0
6378 : 0.999653 0.000346532
6379 : 1
6379 : 3.13385e-08 1.0
6380 : 1
6380 : 0.00606022 0.99394
6381 : 0
6381 : 0.991609 0.00839103
6382 : 0
6382 : 0.999999 5.5719e-07
6383 : 0
6383 : 0.999899 0.000101325
6384 : 1
6384 : 0.163353 0.836647
6385 : 1
6385 : 1.6463e-13 1.0
6386 : 0
6386 : 0.999964 3.60403e-05
6387 : 0
6387 : 0.771484 0.228516
6388 : 0
6388 : 0.740937 0.259063
6389 : 1
6389 : 0.00468912 0.995311
6390 : 0
6390 : 0.999999 9.5949e-07
6391 : 1
6391 : 0.00659332 0.993407
6392 : 0
6392 : 0.992447 0.00755288
6393 : 1
6393 : 0.0010606 0.998939
6394 : 1
6394 : 1.31148e-05 0.999987
6395 : 1
6395 : 0.000482205 0.999518
6396 : 0
6396 : 1.0 1.72069e-12
6397 : 1
6397 : 0.00219914 0.997801
6398 : 1
6398 : 1.22716e-07 1.0
6399 : 1
6399 : 0.000574308 0.999426
6400 : 1
6400 : 0.00044093 0.999559
6401 : 0
6401 : 0.999965 3.44643e-05
6402 : 1
6402 : 0.337246 0.662754
6403 : 0
6403 : 1.0 2.48798e-07
6404 : 1
6404 : 1.32364e-10 1.0
6405 : 0
6405 : 0.999755 0.000245155
6406 : 1
6406 : 0.000320646 0.999679
6407 : 0
6407 : 0.998727 0.00127253
6408 : 1
6408 : 0.00488634 0.995114
6409 : 1
6409 : 6.71599e-05 0.999933
6410 : 1
6410 : 0.00871371 0.991286
6411 : 0
6411 : 1.0 6.75456e-08
6412 : 0
6412 : 0.99384 0.00616005
6413 : 0
6413 : 0.999976 2.39871e-05
6414 : 0
6414 : 0.99884 0.00116006
6415 : 0
6415 : 0.7828 0.2172
6416 : 0
6416 : 0.999999 1.3706e-06
6417 : 0
6417 : 0.999967 3.28456e-05
6418 : 0
6418 : 1.0 2.99116e-07
6419 : 0
6419 : 0.999936 6.37335e-05
6420 : 1
6420 : 3.83236e-07 1.0
6421 : 1
6421 : 0.000156041 0.999844
6422 : 1
6422 : 0.00430972 0.99569
6423 : 0
6423 : 0.99999 9.66379e-06
6424 : 0
6424 : 0.583406 0.416594
6425 : 1
6425 : 0.00128915 0.998711
6426 : 1
6426 : 0.345129 0.654871
6427 : 0
6427 : 0.933953 0.0660467
6428 : 1
6428 : 1.79956e-05 0.999982
6429 : 1
6429 : 0.034147 0.965853
6430 : 0
6430 : 0.999996 4.13103e-06
6431 : 0
6431 : 0.86573 0.13427
6432 : 1
6432 : 2.53157e-08 1.0
6433 : 1
6433 : 0.00394449 0.996056
6434 : 1
6434 : 0.0545159 0.945484
6435 : 0
6435 : 0.711539 0.288461
6436 : 1
6436 : 1.6716e-05 0.999983
6437 : 0
6437 : 0.99918 0.000819801
6438 : 1
6438 : 1.20041e-09 1.0
6439 : 0
6439 : 0.99734 0.00265967
6440 : 0
6440 : 0.997426 0.00257412
6441 : 0
6441 : 0.78519 0.21481
6442 : 0
6442 : 0.999137 0.000863142
6443 : 1
6443 : 0.000123007 0.999877
6444 : 0
6444 : 1.0 1.89737e-07
6445 : 1
6445 : 0.000111063 0.999889
6446 : 1
6446 : 0.0045422 0.995458
6447 : 1
6447 : 0.000779731 0.99922
6448 : 1
6448 : 0.000648637 0.999351
6449 : 1
6449 : 0.000121978 0.999878
6450 : 1
6450 : 4.53747e-10 1.0
6451 : 1
6451 : 0.160744 0.839256
6452 : 0
6452 : 0.998511 0.00148872
6453 : 1
6453 : 6.57984e-05 0.999934
6454 : 0
6454 : 0.584248 0.415752
6455 : 1
6455 : 0.05883 0.94117
6456 : 0
6456 : 0.879616 0.120384
6457 : 1
6457 : 1.22262e-07 1.0
6458 : 1
6458 : 0.0030866 0.996913
6459 : 0
6459 : 0.96727 0.0327298
6460 : 1
6460 : 0.00408544 0.995915
6461 : 0
6461 : 0.995783 0.00421695
6462 : 0
6462 : 0.682735 0.317265
6463 : 1
6463 : 0.00062368 0.999376
6464 : 1
6464 : 0.00128673 0.998713
6465 : 0
6465 : 0.999995 5.03003e-06
6466 : 1
6466 : 0.00527707 0.994723
6467 : 1
6467 : 0.0250839 0.974916
6468 : 0
6468 : 0.826764 0.173236
6469 : 1
6469 : 5.56062e-09 1.0
6470 : 0
6470 : 0.999761 0.000239091
6471 : 1
6471 : 0.0383976 0.961602
6472 : 0
6472 : 0.999866 0.000133864
6473 : 1
6473 : 0.00545061 0.994549
6474 : 0
6474 : 0.999254 0.000746334
6475 : 0
6475 : 0.996137 0.00386315
6476 : 1
6476 : 2.41166e-06 0.999998
6477 : 0
6477 : 0.999998 2.11798e-06
6478 : 1
6478 : 0.00345312 0.996547
6479 : 1
6479 : 4.0404e-05 0.99996
6480 : 1
6480 : 3.38316e-13 1.0
6481 : 0
6481 : 0.766055 0.233945
6482 : 1
6482 : 0.000290692 0.999709
6483 : 0
6483 : 0.999996 4.33589e-06
6484 : 0
6484 : 0.984162 0.0158384
6485 : 1
6485 : 4.64249e-05 0.999954
6486 : 0
6486 : 0.683028 0.316972
6487 : 0
6487 : 0.999825 0.000174923
6488 : 0
6488 : 0.999996 4.31229e-06
6489 : 0
6489 : 0.998115 0.00188471
6490 : 0
6490 : 1.0 5.64779e-08
6491 : 1
6491 : 0.000541958 0.999458
6492 : 0
6492 : 0.998304 0.00169599
6493 : 1
6493 : 3.99794e-05 0.99996
6494 : 0
6494 : 0.999972 2.82975e-05
6495 : 0
6495 : 0.98893 0.0110704
6496 : 0
6496 : 0.999999 7.37878e-07
6497 : 0
6497 : 0.999265 0.000735054
6498 : 0
6498 : 0.999892 0.000107603
6499 : 1
6499 : 0.00084792 0.999152
6500 : 1
6500 : 0.00509906 0.994901
6501 : 0
6501 : 0.999988 1.21483e-05
6502 : 1
6502 : 0.000781149 0.999219
6503 : 1
6503 : 1.79044e-06 0.999998
6504 : 1
6504 : 0.331942 0.668058
6505 : 0
6505 : 0.94542 0.0545803
6506 : 1
6506 : 1.0657e-06 0.999999
6507 : 1
6507 : 0.0501804 0.94982
6508 : 0
6508 : 0.70755 0.29245
6509 : 1
6509 : 0.00997088 0.990029
6510 : 1
6510 : 7.70734e-05 0.999923
6511 : 1
6511 : 1.66062e-09 1.0
6512 : 1
6512 : 0.264559 0.735441
6513 : 0
6513 : 1.0 3.56859e-08
6514 : 1
6514 : 0.00317362 0.996826
6515 : 0
6515 : 0.999978 2.16249e-05
6516 : 1
6516 : 0.00152352 0.998477
6517 : 0
6517 : 0.993873 0.00612746
6518 : 0
6518 : 0.610658 0.389342
6519 : 0
6519 : 0.999994 6.08586e-06
6520 : 1
6520 : 0.0110702 0.98893
6521 : 0
6521 : 0.999784 0.000216304
6522 : 0
6522 : 0.999034 0.000965855
6523 : 0
6523 : 0.891501 0.108499
6524 : 1
6524 : 1.0757e-10 1.0
6525 : 0
6525 : 0.503814 0.496186
6526 : 1
6526 : 5.47124e-06 0.999995
6527 : 0
6527 : 0.581946 0.418054
6528 : 0
6528 : 0.938936 0.0610638
6529 : 0
6529 : 0.87992 0.12008
6530 : 1
6530 : 0.000235883 0.999764
6531 : 0
6531 : 0.999994 5.9612e-06
6532 : 1
6532 : 4.37577e-09 1.0
6533 : 0
6533 : 0.999999 1.4048e-06
6534 : 0
6534 : 1.0 7.60744e-11
6535 : 0
6535 : 0.98349 0.0165097
6536 : 1
6536 : 0.000433459 0.999567
6537 : 0
6537 : 1.0 1.21443e-07
6538 : 0
6538 : 0.998694 0.00130626
6539 : 1
6539 : 4.25146e-08 1.0
6540 : 1
6540 : 1.43499e-08 1.0
6541 : 1
6541 : 0.0383088 0.961691
6542 : 1
6542 : 1.96041e-13 1.0
6543 : 0
6543 : 0.968622 0.0313781
6544 : 1
6544 : 9.83483e-10 1.0
6545 : 1
6545 : 3.26983e-05 0.999967
6546 : 1
6546 : 3.37481e-06 0.999997
6547 : 0
6547 : 1.0 1.08507e-08
6548 : 0
6548 : 0.99996 3.96121e-05
6549 : 1
6549 : 0.000101664 0.999898
6550 : 0
6550 : 0.994183 0.00581658
6551 : 0
6551 : 0.997678 0.00232228
6552 : 0
6552 : 0.999901 9.88262e-05
6553 : 0
6553 : 0.905226 0.0947738
6554 : 1
6554 : 0.0175602 0.98244
6555 : 0
6555 : 0.998429 0.00157087
6556 : 1
6556 : 0.0149862 0.985014
6557 : 0
6557 : 0.99989 0.000109694
6558 : 1
6558 : 0.000599732 0.9994
6559 : 1
6559 : 0.00116681 0.998833
6560 : 0
6560 : 0.988073 0.0119271
6561 : 0
6561 : 0.85272 0.14728
6562 : 0
6562 : 0.920676 0.0793237
6563 : 0
6563 : 0.993179 0.00682105
6564 : 1
6564 : 0.00107266 0.998927
6565 : 0
6565 : 1.0 2.37809e-07
6566 : 1
6566 : 6.31997e-06 0.999994
6567 : 1
6567 : 7.07319e-13 1.0
6568 : 0
6568 : 1.0 2.17613e-10
6569 : 1
6569 : 0.000247371 0.999753
6570 : 0
6570 : 1.0 8.41665e-08
6571 : 0
6571 : 0.999999 6.96807e-07
6572 : 1
6572 : 0.000769559 0.999231
6573 : 1
6573 : 6.24917e-06 0.999994
6574 : 1
6574 : 0.446186 0.553814
6575 : 0
6575 : 1.0 3.13722e-07
6576 : 0
6576 : 0.999635 0.000364661
6577 : 1
6577 : 7.57467e-07 0.999999
6578 : 0
6578 : 0.999594 0.000406084
6579 : 1
6579 : 0.0338628 0.966137
6580 : 1
6580 : 0.00305191 0.996948
6581 : 1
6581 : 0.444216 0.555784
6582 : 1
6582 : 0.129038 0.870962
6583 : 1
6583 : 0.000731418 0.999269
6584 : 0
6584 : 0.999226 0.000774365
6585 : 1
6585 : 5.21718e-06 0.999995
6586 : 1
6586 : 5.19023e-06 0.999995
6587 : 0
6587 : 1.0 9.37875e-08
6588 : 1
6588 : 0.000493928 0.999506
6589 : 1
6589 : 1.45915e-10 1.0
6590 : 1
6590 : 0.0100385 0.989962
6591 : 1
6591 : 0.00204969 0.99795
6592 : 0
6592 : 0.998779 0.00122083
6593 : 0
6593 : 0.998508 0.0014917
6594 : 0
6594 : 0.984915 0.0150854
6595 : 0
6595 : 1.0 1.62497e-09
6596 : 1
6596 : 1.75935e-10 1.0
6597 : 0
6597 : 0.998513 0.00148727
6598 : 0
6598 : 0.999837 0.000163455
6599 : 1
6599 : 0.00059312 0.999407
6600 : 1
6600 : 0.000120366 0.99988
6601 : 1
6601 : 0.0514621 0.948538
6602 : 1
6602 : 0.00144045 0.99856
6603 : 0
6603 : 0.995352 0.00464805
6604 : 0
6604 : 0.999351 0.000648837
6605 : 0
6605 : 0.999999 1.44683e-06
6606 : 1
6606 : 0.309539 0.690461
6607 : 1
6607 : 8.77304e-05 0.999912
6608 : 1
6608 : 0.000297793 0.999702
6609 : 0
6609 : 0.965713 0.0342866
6610 : 1
6610 : 9.60868e-06 0.99999
6611 : 0
6611 : 0.622801 0.377199
6612 : 0
6612 : 0.919981 0.0800191
6613 : 0
6613 : 0.850954 0.149046
6614 : 0
6614 : 0.998787 0.00121324
6615 : 1
6615 : 0.00028758 0.999712
6616 : 0
6616 : 0.989738 0.010262
6617 : 1
6617 : 0.046805 0.953195
6618 : 1
6618 : 0.0632828 0.936717
6619 : 1
6619 : 0.00476787 0.995232
6620 : 1
6620 : 0.294087 0.705913
6621 : 1
6621 : 0.00550086 0.994499
6622 : 1
6622 : 1.33841e-05 0.999987
6623 : 0
6623 : 0.999971 2.92751e-05
6624 : 0
6624 : 0.996482 0.00351799
6625 : 0
6625 : 0.750171 0.249829
6626 : 0
6626 : 1.0 1.30378e-07
6627 : 1
6627 : 1.73123e-05 0.999983
6628 : 1
6628 : 2.61945e-09 1.0
6629 : 0
6629 : 1.0 2.14319e-08
6630 : 0
6630 : 0.550492 0.449508
6631 : 1
6631 : 0.00041078 0.999589
6632 : 1
6632 : 0.0402565 0.959744
6633 : 1
6633 : 0.0803359 0.919664
6634 : 0
6634 : 1.0 2.88114e-09
6635 : 1
6635 : 0.00136289 0.998637
6636 : 1
6636 : 0.00299504 0.997005
6637 : 1
6637 : 0.394598 0.605402
6638 : 0
6638 : 0.999998 1.59821e-06
6639 : 1
6639 : 0.225297 0.774703
6640 : 1
6640 : 1.05129e-06 0.999999
6641 : 1
6641 : 0.00733231 0.992668
6642 : 0
6642 : 0.955143 0.0448573
6643 : 0
6643 : 0.967375 0.0326245
6644 : 0
6644 : 0.999426 0.000574173
6645 : 0
6645 : 0.998467 0.00153283
6646 : 1
6646 : 1.25969e-06 0.999999
6647 : 1
6647 : 0.0962137 0.903786
6648 : 1
6648 : 0.00456815 0.995432
6649 : 1
6649 : 0.138831 0.861169
6650 : 0
6650 : 0.974071 0.0259289
6651 : 1
6651 : 0.000160211 0.99984
6652 : 1
6652 : 1.73001e-07 1.0
6653 : 1
6653 : 0.256329 0.743671
6654 : 1
6654 : 4.723e-06 0.999995
6655 : 0
6655 : 0.999793 0.000206938
6656 : 0
6656 : 0.978048 0.0219517
6657 : 0
6657 : 0.99995 5.01959e-05
6658 : 0
6658 : 0.837582 0.162418
6659 : 1
6659 : 0.0144296 0.98557
6660 : 0
6660 : 0.999858 0.000141613
6661 : 1
6661 : 0.124262 0.875738
6662 : 1
6662 : 0.0127697 0.98723
6663 : 1
6663 : 3.46451e-06 0.999997
6664 : 1
6664 : 0.00125197 0.998748
6665 : 1
6665 : 1.396e-06 0.999999
6666 : 1
6666 : 0.000206173 0.999794
6667 : 0
6667 : 0.996511 0.00348897
6668 : 1
6668 : 0.0147285 0.985272
6669 : 0
6669 : 1.0 1.01288e-11
6670 : 1
6670 : 2.5961e-10 1.0
6671 : 1
6671 : 0.0172493 0.982751
6672 : 1
6672 : 0.00374214 0.996258
6673 : 0
6673 : 0.999755 0.000245035
6674 : 1
6674 : 8.43163e-05 0.999916
6675 : 0
6675 : 0.985787 0.0142128
6676 : 1
6676 : 7.13439e-08 1.0
6677 : 0
6677 : 1.0 3.34899e-08
6678 : 0
6678 : 0.871271 0.128729
6679 : 1
6679 : 3.32617e-09 1.0
6680 : 0
6680 : 0.999999 9.33089e-07
6681 : 1
6681 : 5.91387e-05 0.999941
6682 : 0
6682 : 0.903965 0.0960347
6683 : 0
6683 : 1.0 1.98105e-09
6684 : 0
6684 : 0.873896 0.126104
6685 : 1
6685 : 7.61464e-05 0.999924
6686 : 0
6686 : 0.972005 0.0279952
6687 : 0
6687 : 0.999959 4.06426e-05
6688 : 1
6688 : 0.374198 0.625802
6689 : 0
6689 : 0.999982 1.80642e-05
6690 : 1
6690 : 0.011012 0.988988
6691 : 0
6691 : 1.0 3.1324e-09
6692 : 0
6692 : 0.999954 4.6502e-05
6693 : 0
6693 : 1.0 1.72607e-07
6694 : 0
6694 : 0.986035 0.0139646
6695 : 0
6695 : 0.997921 0.00207917
6696 : 0
6696 : 0.933242 0.0667577
6697 : 0
6697 : 0.993209 0.00679132
6698 : 1
6698 : 0.000188253 0.999812
6699 : 1
6699 : 0.000216272 0.999784
6700 : 0
6700 : 0.869118 0.130882
6701 : 1
6701 : 4.78609e-06 0.999995
6702 : 0
6702 : 0.998462 0.00153776
6703 : 1
6703 : 2.49853e-07 1.0
6704 : 1
6704 : 0.00753368 0.992466
6705 : 0
6705 : 1.0 3.64847e-07
6706 : 0
6706 : 0.625914 0.374086
6707 : 1
6707 : 0.00368487 0.996315
6708 : 1
6708 : 0.00134083 0.998659
6709 : 1
6709 : 6.13512e-05 0.999939
6710 : 1
6710 : 2.73827e-08 1.0
6711 : 0
6711 : 0.99965 0.00034997
6712 : 1
6712 : 1.53177e-07 1.0
6713 : 0
6713 : 1.0 9.27589e-16
6714 : 0
6714 : 1.0 3.96416e-07
6715 : 0
6715 : 0.884135 0.115865
6716 : 1
6716 : 0.0104057 0.989594
6717 : 0
6717 : 0.999992 7.81983e-06
6718 : 1
6718 : 0.00960731 0.990393
6719 : 0
6719 : 0.713443 0.286557
6720 : 1
6720 : 1.12547e-05 0.999989
6721 : 1
6721 : 0.00100918 0.998991
6722 : 1
6722 : 4.42137e-05 0.999956
6723 : 0
6723 : 1.0 1.2216e-08
6724 : 0
6724 : 0.999999 1.09028e-06
6725 : 1
6725 : 4.4973e-07 1.0
6726 : 0
6726 : 0.999697 0.000303403
6727 : 0
6727 : 0.999727 0.000272538
6728 : 0
6728 : 0.854057 0.145943
6729 : 1
6729 : 1.18359e-17 1.0
6730 : 0
6730 : 1.0 5.51308e-14
6731 : 1
6731 : 0.0309077 0.969092
6732 : 1
6732 : 6.62536e-09 1.0
6733 : 1
6733 : 0.247236 0.752764
6734 : 1
6734 : 0.000687603 0.999312
6735 : 0
6735 : 0.999755 0.000245498
6736 : 0
6736 : 0.99992 7.95423e-05
6737 : 1
6737 : 3.31352e-05 0.999967
6738 : 1
6738 : 1.09877e-06 0.999999
6739 : 0
6739 : 0.999658 0.000342023
6740 : 0
6740 : 0.998986 0.0010143
6741 : 1
6741 : 5.60249e-05 0.999944
6742 : 1
6742 : 3.75448e-07 1.0
6743 : 0
6743 : 0.99941 0.000590147
6744 : 0
6744 : 0.989674 0.0103262
6745 : 1
6745 : 0.193628 0.806372
6746 : 0
6746 : 0.976376 0.0236239
6747 : 0
6747 : 0.999206 0.000793741
6748 : 0
6748 : 0.999651 0.000348935
6749 : 1
6749 : 0.246194 0.753806
6750 : 1
6750 : 0.00166348 0.998336
6751 : 1
6751 : 5.57561e-07 0.999999
6752 : 0
6752 : 0.999969 3.06679e-05
6753 : 1
6753 : 3.07761e-08 1.0
6754 : 1
6754 : 4.09423e-08 1.0
6755 : 0
6755 : 0.999802 0.000197762
6756 : 1
6756 : 0.00501855 0.994981
6757 : 1
6757 : 0.00106378 0.998936
6758 : 1
6758 : 0.00319248 0.996808
6759 : 1
6759 : 0.0916842 0.908316
6760 : 0
6760 : 0.998877 0.00112306
6761 : 0
6761 : 0.981996 0.0180045
6762 : 0
6762 : 0.999793 0.00020716
6763 : 0
6763 : 0.905221 0.0947793
6764 : 0
6764 : 0.995012 0.00498823
6765 : 0
6765 : 0.539527 0.460473
6766 : 0
6766 : 0.9808 0.0192002
6767 : 0
6767 : 0.920622 0.0793779
6768 : 0
6768 : 0.538435 0.461565
6769 : 0
6769 : 0.996924 0.00307563
6770 : 1
6770 : 0.0218957 0.978104
6771 : 1
6771 : 1.29606e-05 0.999987
6772 : 1
6772 : 1.76556e-07 1.0
6773 : 1
6773 : 0.0159625 0.984038
6774 : 1
6774 : 7.08629e-05 0.999929
6775 : 0
6775 : 0.940393 0.0596066
6776 : 0
6776 : 0.99998 1.98898e-05
6777 : 0
6777 : 1.0 3.71601e-07
6778 : 0
6778 : 0.993727 0.0062731
6779 : 1
6779 : 0.00242991 0.99757
6780 : 0
6780 : 0.832082 0.167918
6781 : 0
6781 : 0.999993 7.08043e-06
6782 : 0
6782 : 0.997235 0.0027654
6783 : 0
6783 : 0.509134 0.490867
6784 : 0
6784 : 0.999999 6.03937e-07
6785 : 0
6785 : 0.999966 3.41555e-05
6786 : 1
6786 : 0.00308822 0.996912
6787 : 1
6787 : 1.80669e-05 0.999982
6788 : 0
6788 : 1.0 5.04666e-10
6789 : 0
6789 : 0.996364 0.00363599
6790 : 0
6790 : 0.959977 0.0400227
6791 : 0
6791 : 1.0 2.04182e-07
6792 : 1
6792 : 0.0187647 0.981235
6793 : 0
6793 : 0.967929 0.0320713
6794 : 1
6794 : 0.00737851 0.992621
6795 : 0
6795 : 1.0 8.28577e-12
6796 : 0
6796 : 0.998907 0.00109302
6797 : 1
6797 : 5.86836e-05 0.999941
6798 : 0
6798 : 0.999999 1.19997e-06
6799 : 1
6799 : 1.00986e-07 1.0
6800 : 0
6800 : 0.992622 0.00737747
6801 : 0
6801 : 1.0 7.70891e-10
6802 : 1
6802 : 0.000256611 0.999743
6803 : 1
6803 : 0.00493272 0.995067
6804 : 1
6804 : 1.12967e-07 1.0
6805 : 1
6805 : 0.000231389 0.999769
6806 : 1
6806 : 0.000598435 0.999402
6807 : 0
6807 : 0.634148 0.365852
6808 : 1
6808 : 0.00534821 0.994652
6809 : 1
6809 : 1.7303e-10 1.0
6810 : 0
6810 : 0.999311 0.000688637
6811 : 1
6811 : 5.90471e-05 0.999941
6812 : 0
6812 : 0.99999 9.59618e-06
6813 : 1
6813 : 0.197708 0.802292
6814 : 1
6814 : 0.37834 0.62166
6815 : 0
6815 : 0.978949 0.021051
6816 : 1
6816 : 3.67127e-07 1.0
6817 : 1
6817 : 0.25319 0.74681
6818 : 0
6818 : 0.996453 0.00354747
6819 : 1
6819 : 5.2853e-07 0.999999
6820 : 1
6820 : 0.00630715 0.993693
6821 : 1
6821 : 7.1221e-07 0.999999
6822 : 1
6822 : 1.93491e-06 0.999998
6823 : 1
6823 : 1.06413e-08 1.0
6824 : 1
6824 : 8.68619e-07 0.999999
6825 : 1
6825 : 0.17111 0.82889
6826 : 0
6826 : 0.999957 4.28092e-05
6827 : 1
6827 : 0.00431629 0.995684
6828 : 1
6828 : 0.0124535 0.987546
6829 : 0
6829 : 0.972944 0.0270559
6830 : 0
6830 : 0.994468 0.00553223
6831 : 1
6831 : 1.93225e-06 0.999998
6832 : 1
6832 : 0.000109821 0.99989
6833 : 1
6833 : 0.189258 0.810742
6834 : 1
6834 : 4.80654e-14 1.0
6835 : 1
6835 : 0.243721 0.756279
6836 : 0
6836 : 0.783884 0.216116
6837 : 0
6837 : 0.998833 0.00116729
6838 : 0
6838 : 1.0 1.09967e-11
6839 : 1
6839 : 0.000592376 0.999408
6840 : 1
6840 : 4.32266e-05 0.999957
6841 : 0
6841 : 0.914783 0.0852169
6842 : 1
6842 : 0.121851 0.878149
6843 : 1
6843 : 3.01407e-10 1.0
6844 : 1
6844 : 0.000548078 0.999452
6845 : 1
6845 : 1.91733e-06 0.999998
6846 : 1
6846 : 0.000169616 0.99983
6847 : 1
6847 : 7.07839e-05 0.999929
6848 : 0
6848 : 1.0 2.58816e-07
6849 : 1
6849 : 3.53412e-08 1.0
6850 : 1
6850 : 0.118507 0.881493
6851 : 0
6851 : 0.999999 8.02961e-07
6852 : 1
6852 : 3.69014e-09 1.0
6853 : 1
6853 : 3.92801e-10 1.0
6854 : 1
6854 : 0.010901 0.989099
6855 : 0
6855 : 0.996864 0.00313577
6856 : 1
6856 : 2.99852e-05 0.99997
6857 : 1
6857 : 0.0878747 0.912125
6858 : 1
6858 : 0.0477761 0.952224
6859 : 1
6859 : 0.00459292 0.995407
6860 : 0
6860 : 0.999004 0.000995527
6861 : 1
6861 : 0.00156933 0.998431
6862 : 1
6862 : 0.0446663 0.955334
6863 : 0
6863 : 0.685082 0.314918
6864 : 0
6864 : 0.999987 1.26151e-05
6865 : 0
6865 : 0.999968 3.22115e-05
6866 : 1
6866 : 0.322195 0.677805
6867 : 0
6867 : 0.986152 0.0138483
6868 : 1
6868 : 0.00024612 0.999754
6869 : 1
6869 : 8.04756e-07 0.999999
6870 : 1
6870 : 0.00347519 0.996525
6871 : 1
6871 : 0.0121953 0.987805
6872 : 0
6872 : 0.816629 0.183371
6873 : 1
6873 : 0.00415975 0.99584
6874 : 0
6874 : 0.999996 3.80181e-06
6875 : 1
6875 : 0.193579 0.806421
6876 : 1
6876 : 0.0240492 0.975951
6877 : 1
6877 : 0.273359 0.726641
6878 : 0
6878 : 0.999988 1.17572e-05
6879 : 1
6879 : 0.000627035 0.999373
6880 : 0
6880 : 0.836474 0.163526
6881 : 0
6881 : 0.771462 0.228538
6882 : 1
6882 : 0.00216353 0.997836
6883 : 1
6883 : 0.000188781 0.999811
6884 : 0
6884 : 0.999795 0.000205414
6885 : 1
6885 : 0.271661 0.728339
6886 : 1
6886 : 2.49202e-08 1.0
6887 : 1
6887 : 0.0366742 0.963326
6888 : 0
6888 : 0.999988 1.16055e-05
6889 : 0
6889 : 0.694112 0.305888
6890 : 0
6890 : 0.999995 5.10255e-06
6891 : 0
6891 : 0.999646 0.000353653
6892 : 1
6892 : 0.119164 0.880836
6893 : 0
6893 : 0.999995 4.54715e-06
6894 : 0
6894 : 1.0 1.70797e-08
6895 : 1
6895 : 0.0341944 0.965806
6896 : 0
6896 : 0.998576 0.00142426
6897 : 0
6897 : 0.998253 0.00174663
6898 : 1
6898 : 0.00410662 0.995893
6899 : 1
6899 : 0.0015267 0.998473
6900 : 0
6900 : 1.0 1.743e-14
6901 : 1
6901 : 2.10966e-05 0.999979
6902 : 1
6902 : 0.210319 0.789681
6903 : 0
6903 : 0.905518 0.0944821
6904 : 0
6904 : 0.999985 1.508e-05
6905 : 0
6905 : 0.999707 0.000292598
6906 : 1
6906 : 2.03486e-09 1.0
6907 : 1
6907 : 4.3044e-11 1.0
6908 : 0
6908 : 0.998783 0.00121695
6909 : 0
6909 : 0.932904 0.0670964
6910 : 1
6910 : 0.0146343 0.985366
6911 : 1
6911 : 8.93968e-06 0.999991
6912 : 1
6912 : 5.54324e-10 1.0
6913 : 0
6913 : 1.0 8.60834e-10
6914 : 1
6914 : 0.496899 0.503101
6915 : 0
6915 : 1.0 1.62758e-08
6916 : 1
6916 : 0.0430638 0.956936
6917 : 0
6917 : 0.999934 6.58355e-05
6918 : 1
6918 : 6.50021e-05 0.999935
6919 : 0
6919 : 0.999999 7.83796e-07
6920 : 1
6920 : 0.000527158 0.999473
6921 : 0
6921 : 0.999996 3.98756e-06
6922 : 0
6922 : 0.996446 0.00355436
6923 : 1
6923 : 1.95659e-08 1.0
6924 : 0
6924 : 0.999999 8.81628e-07
6925 : 0
6925 : 1.0 5.2298e-07
6926 : 1
6926 : 4.79409e-08 1.0
6927 : 0
6927 : 1.0 5.28958e-08
6928 : 0
6928 : 0.529158 0.470842
6929 : 1
6929 : 0.00279579 0.997204
6930 : 1
6930 : 0.137457 0.862543
6931 : 0
6931 : 0.997576 0.00242371
6932 : 1
6932 : 0.125748 0.874252
6933 : 0
6933 : 0.999964 3.56161e-05
6934 : 1
6934 : 2.68313e-06 0.999997
6935 : 0
6935 : 1.0 2.54729e-16
6936 : 1
6936 : 0.000831938 0.999168
6937 : 0
6937 : 0.999968 3.20751e-05
6938 : 1
6938 : 3.47847e-06 0.999996
6939 : 0
6939 : 1.0 1.24255e-08
6940 : 0
6940 : 0.999699 0.000300604
6941 : 1
6941 : 5.14968e-09 1.0
6942 : 0
6942 : 0.981346 0.0186545
6943 : 0
6943 : 0.999999 6.04518e-07
6944 : 1
6944 : 0.000471948 0.999528
6945 : 1
6945 : 0.0162377 0.983762
6946 : 0
6946 : 1.0 1.71694e-10
6947 : 0
6947 : 0.98616 0.0138404
6948 : 1
6948 : 0.000745465 0.999255
6949 : 1
6949 : 4.02833e-09 1.0
6950 : 1
6950 : 0.121097 0.878903
6951 : 1
6951 : 0.000599409 0.999401
6952 : 0
6952 : 0.987373 0.012627
6953 : 1
6953 : 0.0104621 0.989538
6954 : 0
6954 : 0.998804 0.00119576
6955 : 1
6955 : 0.0169543 0.983046
6956 : 1
6956 : 0.0886818 0.911318
6957 : 1
6957 : 0.00727217 0.992728
6958 : 1
6958 : 0.00017401 0.999826
6959 : 0
6959 : 1.0 1.91748e-10
6960 : 0
6960 : 0.999982 1.79336e-05
6961 : 0
6961 : 1.0 5.18613e-07
6962 : 0
6962 : 0.992831 0.00716889
6963 : 1
6963 : 6.54091e-05 0.999935
6964 : 0
6964 : 0.999871 0.000129089
6965 : 0
6965 : 0.98843 0.0115703
6966 : 0
6966 : 1.0 4.73363e-07
6967 : 0
6967 : 0.83837 0.16163
6968 : 0
6968 : 0.994453 0.0055467
6969 : 0
6969 : 1.0 3.37505e-07
6970 : 0
6970 : 0.846447 0.153553
6971 : 1
6971 : 0.00807244 0.991928
6972 : 0
6972 : 0.939438 0.060562
6973 : 0
6973 : 0.99989 0.000110239
6974 : 0
6974 : 0.880152 0.119848
6975 : 0
6975 : 0.999969 3.14891e-05
6976 : 0
6976 : 0.959663 0.0403367
6977 : 0
6977 : 0.998591 0.00140866
6978 : 0
6978 : 0.988506 0.0114937
6979 : 0
6979 : 0.842816 0.157184
6980 : 1
6980 : 1.86358e-05 0.999981
6981 : 0
6981 : 1.0 1.59123e-09
6982 : 1
6982 : 0.00421451 0.995786
6983 : 0
6983 : 0.99975 0.000249506
6984 : 1
6984 : 5.25253e-09 1.0
6985 : 1
6985 : 0.00553138 0.994469
6986 : 1
6986 : 0.00268389 0.997316
6987 : 0
6987 : 0.907276 0.0927243
6988 : 0
6988 : 0.999954 4.60996e-05
6989 : 0
6989 : 0.999349 0.000650581
6990 : 0
6990 : 0.999758 0.000241755
6991 : 0
6991 : 0.999932 6.80913e-05
6992 : 1
6992 : 1.58871e-05 0.999984
6993 : 1
6993 : 0.391834 0.608166
6994 : 0
6994 : 0.515958 0.484042
6995 : 0
6995 : 0.940035 0.0599649
6996 : 0
6996 : 0.997751 0.00224905
6997 : 1
6997 : 0.0093189 0.990681
6998 : 0
6998 : 0.990683 0.00931657
6999 : 1
6999 : 2.5057e-13 1.0
7000 : 1
7000 : 2.28865e-06 0.999998
7001 : 0
7001 : 0.58715 0.41285
7002 : 1
7002 : 0.00385178 0.996148
7003 : 0
7003 : 0.999936 6.41275e-05
7004 : 1
7004 : 0.0351556 0.964844
7005 : 0
7005 : 0.999423 0.0005771
7006 : 1
7006 : 4.60802e-09 1.0
7007 : 1
7007 : 0.000144087 0.999856
7008 : 1
7008 : 0.000390637 0.999609
7009 : 0
7009 : 1.0 2.22244e-08
7010 : 1
7010 : 0.00127198 0.998728
7011 : 0
7011 : 1.0 1.80693e-09
7012 : 1
7012 : 0.00210844 0.997892
7013 : 1
7013 : 0.000360084 0.99964
7014 : 0
7014 : 0.999987 1.28855e-05
7015 : 0
7015 : 0.999997 2.64746e-06
7016 : 0
7016 : 0.987342 0.0126584
7017 : 1
7017 : 3.34843e-08 1.0
7018 : 1
7018 : 7.31654e-05 0.999927
7019 : 0
7019 : 0.971511 0.0284887
7020 : 0
7020 : 0.999237 0.000763373
7021 : 1
7021 : 0.183386 0.816614
7022 : 0
7022 : 0.965919 0.0340811
7023 : 0
7023 : 0.999357 0.000642609
7024 : 0
7024 : 0.749666 0.250334
7025 : 0
7025 : 0.998441 0.00155895
7026 : 1
7026 : 0.000230936 0.999769
7027 : 0
7027 : 0.998886 0.00111424
7028 : 0
7028 : 0.999931 6.92101e-05
7029 : 0
7029 : 1.0 4.78492e-09
7030 : 0
7030 : 0.990843 0.00915715
7031 : 1
7031 : 0.000104512 0.999896
7032 : 0
7032 : 0.885808 0.114192
7033 : 0
7033 : 0.994738 0.00526225
7034 : 0
7034 : 0.848406 0.151594
7035 : 0
7035 : 0.999016 0.000983765
7036 : 1
7036 : 0.000128805 0.999871
7037 : 1
7037 : 0.0215116 0.978488
7038 : 0
7038 : 1.0 1.21609e-08
7039 : 0
7039 : 0.999958 4.16057e-05
7040 : 0
7040 : 0.999934 6.63242e-05
7041 : 0
7041 : 1.0 3.37023e-07
7042 : 1
7042 : 2.00401e-05 0.99998
7043 : 1
7043 : 0.00111399 0.998886
7044 : 0
7044 : 0.998779 0.00122093
7045 : 0
7045 : 0.881178 0.118822
7046 : 0
7046 : 1.0 7.65853e-09
7047 : 1
7047 : 0.00652798 0.993472
7048 : 0
7048 : 0.999883 0.000117257
7049 : 0
7049 : 0.998758 0.00124243
7050 : 0
7050 : 1.0 1.14716e-08
7051 : 1
7051 : 0.000116448 0.999884
7052 : 1
7052 : 0.000230559 0.999769
7053 : 1
7053 : 3.77855e-06 0.999996
7054 : 1
7054 : 0.000767733 0.999232
7055 : 1
7055 : 0.000235202 0.999765
7056 : 1
7056 : 0.00613461 0.993865
7057 : 0
7057 : 0.998704 0.0012963
7058 : 0
7058 : 0.8079 0.1921
7059 : 0
7059 : 0.968764 0.0312362
7060 : 0
7060 : 0.976629 0.0233711
7061 : 1
7061 : 0.489718 0.510282
7062 : 0
7062 : 0.958561 0.0414388
7063 : 0
7063 : 0.983323 0.0166772
7064 : 0
7064 : 0.994057 0.00594255
7065 : 1
7065 : 0.00433845 0.995662
7066 : 1
7066 : 6.13687e-09 1.0
7067 : 0
7067 : 0.970618 0.0293818
7068 : 1
7068 : 1.02813e-07 1.0
7069 : 1
7069 : 0.000620169 0.99938
7070 : 1
7070 : 0.147248 0.852752
7071 : 1
7071 : 0.484475 0.515525
7072 : 1
7072 : 0.00358002 0.99642
7073 : 1
7073 : 0.0107989 0.989201
7074 : 1
7074 : 0.0969991 0.903001
7075 : 0
7075 : 0.999804 0.000196055
7076 : 1
7076 : 2.80306e-08 1.0
7077 : 1
7077 : 0.000303007 0.999697
7078 : 0
7078 : 0.999864 0.000136391
7079 : 1
7079 : 8.40474e-07 0.999999
7080 : 1
7080 : 0.0477816 0.952218
7081 : 1
7081 : 0.0468464 0.953154
7082 : 1
7082 : 3.71576e-09 1.0
7083 : 1
7083 : 6.07361e-06 0.999994
7084 : 0
7084 : 1.0 2.19217e-08
7085 : 1
7085 : 7.06988e-05 0.999929
7086 : 0
7086 : 0.997712 0.00228804
7087 : 0
7087 : 0.831413 0.168587
7088 : 1
7088 : 0.446586 0.553414
7089 : 0
7089 : 1.0 1.79056e-08
7090 : 1
7090 : 0.00410659 0.995893
7091 : 0
7091 : 0.995708 0.00429156
7092 : 0
7092 : 0.955444 0.0445558
7093 : 1
7093 : 0.000332262 0.999668
7094 : 0
7094 : 1.0 5.91768e-13
7095 : 0
7095 : 1.0 1.78933e-15
7096 : 1
7096 : 1.57045e-06 0.999998
7097 : 1
7097 : 9.92453e-05 0.999901
7098 : 1
7098 : 0.0881681 0.911832
7099 : 0
7099 : 0.983325 0.016675
7100 : 1
7100 : 0.0102284 0.989772
7101 : 0
7101 : 0.733095 0.266905
7102 : 1
7102 : 4.08598e-13 1.0
7103 : 0
7103 : 0.999999 8.70907e-07
7104 : 1
7104 : 3.42331e-05 0.999966
7105 : 0
7105 : 0.999533 0.000467364
7106 : 1
7106 : 0.00115572 0.998844
7107 : 0
7107 : 0.999201 0.000798905
7108 : 0
7108 : 0.999901 9.89165e-05
7109 : 0
7109 : 0.999919 8.12049e-05
7110 : 1
7110 : 5.43369e-07 0.999999
7111 : 1
7111 : 0.00049161 0.999508
7112 : 1
7112 : 0.000346418 0.999654
7113 : 0
7113 : 0.999999 1.44768e-06
7114 : 1
7114 : 0.000304237 0.999696
7115 : 1
7115 : 0.00968326 0.990317
7116 : 1
7116 : 1.56551e-06 0.999998
7117 : 1
7117 : 7.55172e-08 1.0
7118 : 1
7118 : 0.44164 0.55836
7119 : 1
7119 : 0.0889653 0.911035
7120 : 0
7120 : 0.968452 0.0315481
7121 : 1
7121 : 0.0469068 0.953093
7122 : 0
7122 : 1.0 1.44285e-08
7123 : 0
7123 : 0.981376 0.0186243
7124 : 0
7124 : 0.951495 0.0485045
7125 : 0
7125 : 0.996096 0.00390413
7126 : 0
7126 : 0.927065 0.0729354
7127 : 1
7127 : 0.000129955 0.99987
7128 : 0
7128 : 0.999855 0.000145441
7129 : 0
7129 : 0.999971 2.88227e-05
7130 : 1
7130 : 0.0273764 0.972624
7131 : 0
7131 : 0.702898 0.297102
7132 : 0
7132 : 0.995289 0.00471064
7133 : 1
7133 : 0.197862 0.802138
7134 : 1
7134 : 9.16322e-06 0.999991
7135 : 1
7135 : 4.94623e-07 1.0
7136 : 0
7136 : 0.589052 0.410948
7137 : 0
7137 : 0.999988 1.16623e-05
7138 : 1
7138 : 0.000101356 0.999899
7139 : 1
7139 : 0.0101973 0.989803
7140 : 1
7140 : 0.0153693 0.984631
7141 : 1
7141 : 1.26206e-08 1.0
7142 : 1
7142 : 0.000126579 0.999873
7143 : 0
7143 : 0.604823 0.395177
7144 : 1
7144 : 0.00375776 0.996242
7145 : 0
7145 : 0.999997 3.15787e-06
7146 : 1
7146 : 0.342477 0.657522
7147 : 0
7147 : 0.996214 0.00378621
7148 : 1
7148 : 0.000588371 0.999412
7149 : 1
7149 : 0.00041784 0.999582
7150 : 0
7150 : 0.999989 1.05901e-05
7151 : 0
7151 : 0.998956 0.00104364
7152 : 0
7152 : 0.99883 0.00117002
7153 : 1
7153 : 0.000695505 0.999304
7154 : 0
7154 : 1.0 6.69363e-09
7155 : 0
7155 : 0.970851 0.0291485
7156 : 0
7156 : 0.999915 8.51025e-05
7157 : 1
7157 : 0.0215919 0.978408
7158 : 0
7158 : 0.994159 0.00584098
7159 : 0
7159 : 0.884815 0.115185
7160 : 0
7160 : 0.999552 0.000447843
7161 : 0
7161 : 0.999982 1.80637e-05
7162 : 0
7162 : 0.999966 3.41716e-05
7163 : 1
7163 : 0.0226451 0.977355
7164 : 0
7164 : 1.0 5.23274e-07
7165 : 1
7165 : 0.000434063 0.999566
7166 : 1
7166 : 1.49453e-07 1.0
7167 : 1
7167 : 0.491334 0.508666
7168 : 1
7168 : 1.69568e-09 1.0
7169 : 1
7169 : 2.99211e-05 0.99997
7170 : 0
7170 : 0.999976 2.41611e-05
7171 : 0
7171 : 0.999785 0.000214936
7172 : 0
7172 : 0.998436 0.00156442
7173 : 0
7173 : 0.999998 1.54102e-06
7174 : 0
7174 : 0.999141 0.000858596
7175 : 0
7175 : 0.999999 7.88098e-07
7176 : 0
7176 : 0.998717 0.00128311
7177 : 0
7177 : 1.0 1.46568e-07
7178 : 0
7178 : 0.999925 7.47771e-05
7179 : 1
7179 : 2.48568e-20 1.0
7180 : 0
7180 : 0.999641 0.000359018
7181 : 1
7181 : 2.45756e-08 1.0
7182 : 0
7182 : 1.0 2.64642e-07
7183 : 1
7183 : 0.00185626 0.998144
7184 : 0
7184 : 0.999625 0.000375252
7185 : 1
7185 : 2.64439e-05 0.999974
7186 : 0
7186 : 0.744757 0.255243
7187 : 0
7187 : 0.999993 6.88502e-06
7188 : 1
7188 : 0.000321726 0.999678
7189 : 0
7189 : 0.987502 0.0124985
7190 : 1
7190 : 8.64945e-08 1.0
7191 : 0
7191 : 1.0 8.15136e-11
7192 : 0
7192 : 0.999852 0.000147656
7193 : 1
7193 : 0.370335 0.629665
7194 : 0
7194 : 0.999995 4.86584e-06
7195 : 1
7195 : 0.0168163 0.983184
7196 : 0
7196 : 1.0 5.0789e-09
7197 : 0
7197 : 0.728744 0.271256
7198 : 1
7198 : 3.27643e-06 0.999997
7199 : 0
7199 : 0.999093 0.00090727
7200 : 1
7200 : 9.71095e-05 0.999903
7201 : 0
7201 : 0.999084 0.000915734
7202 : 0
7202 : 0.998983 0.00101712
7203 : 0
7203 : 1.0 1.57419e-08
7204 : 1
7204 : 0.258756 0.741244
7205 : 1
7205 : 0.434208 0.565792
7206 : 1
7206 : 6.44588e-05 0.999936
7207 : 1
7207 : 0.101187 0.898813
7208 : 0
7208 : 0.999983 1.65004e-05
7209 : 1
7209 : 1.63977e-05 0.999984
7210 : 0
7210 : 1.0 2.62849e-10
7211 : 0
7211 : 1.0 7.6807e-09
7212 : 1
7212 : 7.87393e-05 0.999921
7213 : 1
7213 : 7.66515e-13 1.0
7214 : 1
7214 : 1.76626e-05 0.999982
7215 : 0
7215 : 0.999998 2.02906e-06
7216 : 0
7216 : 0.995711 0.00428866
7217 : 0
7217 : 0.663165 0.336835
7218 : 1
7218 : 0.0145812 0.985419
7219 : 1
7219 : 1.6267e-10 1.0
7220 : 1
7220 : 0.0177076 0.982292
7221 : 0
7221 : 0.998105 0.00189501
7222 : 1
7222 : 0.00254312 0.997457
7223 : 1
7223 : 0.000598671 0.999401
7224 : 0
7224 : 1.0 2.31802e-11
7225 : 1
7225 : 0.00313557 0.996864
7226 : 1
7226 : 5.42613e-06 0.999995
7227 : 0
7227 : 1.0 1.75422e-08
7228 : 1
7228 : 0.0025087 0.997491
7229 : 0
7229 : 0.998962 0.00103847
7230 : 0
7230 : 0.99859 0.00141053
7231 : 1
7231 : 1.95336e-07 1.0
7232 : 1
7232 : 0.0103063 0.989694
7233 : 1
7233 : 0.00356723 0.996433
7234 : 1
7234 : 0.000315126 0.999685
7235 : 0
7235 : 0.99888 0.00112043
7236 : 0
7236 : 0.710159 0.289842
7237 : 1
7237 : 2.11557e-07 1.0
7238 : 1
7238 : 0.025838 0.974162
7239 : 0
7239 : 0.999594 0.000405521
7240 : 0
7240 : 0.999754 0.000245915
7241 : 0
7241 : 0.993426 0.00657433
7242 : 0
7242 : 1.0 2.11952e-08
7243 : 0
7243 : 0.998693 0.00130723
7244 : 0
7244 : 0.999988 1.15686e-05
7245 : 1
7245 : 0.17485 0.82515
7246 : 1
7246 : 0.0019133 0.998087
7247 : 0
7247 : 0.745999 0.254001
7248 : 0
7248 : 0.996194 0.00380607
7249 : 0
7249 : 0.999978 2.24731e-05
7250 : 0
7250 : 1.0 1.86769e-09
7251 : 1
7251 : 9.97039e-05 0.9999
7252 : 1
7252 : 2.66377e-05 0.999973
7253 : 1
7253 : 0.00156893 0.998431
7254 : 1
7254 : 0.00646146 0.993539
7255 : 1
7255 : 0.175341 0.824659
7256 : 1
7256 : 1.06139e-06 0.999999
7257 : 0
7257 : 0.996468 0.00353214
7258 : 0
7258 : 0.999887 0.000112793
7259 : 1
7259 : 0.0588423 0.941158
7260 : 0
7260 : 0.96569 0.0343097
7261 : 1
7261 : 5.32453e-09 1.0
7262 : 0
7262 : 0.9983 0.00169955
7263 : 1
7263 : 0.388781 0.611219
7264 : 1
7264 : 0.00188556 0.998114
7265 : 1
7265 : 1.18087e-06 0.999999
7266 : 0
7266 : 1.0 4.03261e-14
7267 : 1
7267 : 0.0841672 0.915833
7268 : 1
7268 : 0.00770887 0.992291
7269 : 0
7269 : 1.0 5.22078e-08
7270 : 1
7270 : 1.17067e-06 0.999999
7271 : 1
7271 : 0.239636 0.760364
7272 : 0
7272 : 0.982974 0.0170264
7273 : 0
7273 : 1.0 2.57178e-08
7274 : 1
7274 : 0.000381799 0.999618
7275 : 0
7275 : 0.753164 0.246836
7276 : 0
7276 : 0.645395 0.354605
7277 : 0
7277 : 0.999996 4.18394e-06
7278 : 0
7278 : 1.0 1.21655e-08
7279 : 1
7279 : 0.00022713 0.999773
7280 : 1
7280 : 0.00218034 0.99782
7281 : 1
7281 : 0.00198473 0.998015
7282 : 0
7282 : 0.967012 0.0329885
7283 : 1
7283 : 2.79574e-06 0.999997
7284 : 0
7284 : 0.999996 3.55365e-06
7285 : 1
7285 : 3.06638e-06 0.999997
7286 : 0
7286 : 0.517746 0.482254
7287 : 1
7287 : 0.132469 0.867531
7288 : 0
7288 : 1.0 4.61349e-07
7289 : 0
7289 : 0.999999 6.92951e-07
7290 : 0
7290 : 0.999986 1.42469e-05
7291 : 0
7291 : 0.98266 0.0173404
7292 : 0
7292 : 0.752454 0.247546
7293 : 1
7293 : 4.34341e-06 0.999996
7294 : 1
7294 : 0.000381598 0.999618
7295 : 0
7295 : 0.519653 0.480346
7296 : 0
7296 : 0.962713 0.0372867
7297 : 0
7297 : 0.999825 0.000175059
7298 : 1
7298 : 6.32974e-09 1.0
7299 : 0
7299 : 0.933652 0.0663485
7300 : 1
7300 : 0.000800638 0.999199
7301 : 0
7301 : 0.999683 0.000317311
7302 : 0
7302 : 1.0 2.13985e-12
7303 : 0
7303 : 0.959566 0.0404344
7304 : 1
7304 : 0.0114692 0.988531
7305 : 1
7305 : 7.59323e-05 0.999924
7306 : 0
7306 : 0.80394 0.19606
7307 : 0
7307 : 0.983988 0.0160122
7308 : 1
7308 : 0.0073649 0.992635
7309 : 1
7309 : 0.000286369 0.999714
7310 : 1
7310 : 0.11482 0.88518
7311 : 0
7311 : 0.999382 0.000617569
7312 : 1
7312 : 0.0162787 0.983721
7313 : 0
7313 : 0.999937 6.33782e-05
7314 : 0
7314 : 0.999974 2.64293e-05
7315 : 1
7315 : 1.68535e-08 1.0
7316 : 1
7316 : 0.00332459 0.996675
7317 : 0
7317 : 0.999904 9.652e-05
7318 : 1
7318 : 0.486599 0.513402
7319 : 0
7319 : 0.580871 0.419129
7320 : 0
7320 : 0.999631 0.000368574
7321 : 1
7321 : 0.00494538 0.995055
7322 : 1
7322 : 0.184176 0.815824
7323 : 1
7323 : 0.00942351 0.990577
7324 : 0
7324 : 0.997853 0.00214675
7325 : 0
7325 : 1.0 2.42308e-11
7326 : 1
7326 : 0.0522676 0.947732
7327 : 1
7327 : 7.39648e-07 0.999999
7328 : 1
7328 : 0.0002288 0.999771
7329 : 0
7329 : 0.999629 0.000371335
7330 : 1
7330 : 0.00181025 0.99819
7331 : 1
7331 : 0.238166 0.761834
7332 : 1
7332 : 0.0142992 0.985701
7333 : 0
7333 : 0.625065 0.374935
7334 : 1
7334 : 9.73566e-09 1.0
7335 : 0
7335 : 0.999787 0.000213038
7336 : 1
7336 : 2.09199e-07 1.0
7337 : 0
7337 : 0.999889 0.00011137
7338 : 1
7338 : 4.48553e-09 1.0
7339 : 0
7339 : 0.999998 2.23078e-06
7340 : 0
7340 : 0.952087 0.0479134
7341 : 1
7341 : 0.000710163 0.99929
7342 : 0
7342 : 0.96735 0.0326501
7343 : 1
7343 : 2.06912e-05 0.999979
7344 : 1
7344 : 0.0653987 0.934601
7345 : 0
7345 : 0.999969 3.12711e-05
7346 : 1
7346 : 2.15781e-06 0.999998
7347 : 1
7347 : 1.96785e-07 1.0
7348 : 1
7348 : 2.64895e-05 0.999973
7349 : 0
7349 : 0.99986 0.000140406
7350 : 0
7350 : 0.657436 0.342564
7351 : 0
7351 : 0.762605 0.237395
7352 : 1
7352 : 0.00414063 0.995859
7353 : 1
7353 : 0.00129202 0.998708
7354 : 0
7354 : 0.999831 0.000168582
7355 : 0
7355 : 1.0 1.21306e-12
7356 : 0
7356 : 0.957773 0.0422273
7357 : 0
7357 : 0.999302 0.000697598
7358 : 1
7358 : 7.21164e-05 0.999928
7359 : 1
7359 : 4.6236e-05 0.999954
7360 : 0
7360 : 0.999998 2.24601e-06
7361 : 1
7361 : 1.17833e-06 0.999999
7362 : 0
7362 : 1.0 1.44314e-09
7363 : 0
7363 : 0.981261 0.018739
7364 : 1
7364 : 1.4048e-05 0.999986
7365 : 1
7365 : 2.50411e-05 0.999975
7366 : 0
7366 : 0.736521 0.263479
7367 : 1
7367 : 0.364926 0.635074
7368 : 1
7368 : 0.00552081 0.994479
7369 : 0
7369 : 0.600434 0.399566
7370 : 1
7370 : 0.0153956 0.984604
7371 : 1
7371 : 1.33058e-05 0.999987
7372 : 1
7372 : 9.01752e-10 1.0
7373 : 1
7373 : 0.0206303 0.97937
7374 : 0
7374 : 0.937773 0.0622271
7375 : 1
7375 : 4.18676e-06 0.999996
7376 : 0
7376 : 0.848871 0.151129
7377 : 1
7377 : 0.0259335 0.974067
7378 : 1
7378 : 0.412213 0.587787
7379 : 1
7379 : 0.000379527 0.99962
7380 : 0
7380 : 1.0 1.93371e-08
7381 : 0
7381 : 0.996059 0.00394058
7382 : 0
7382 : 0.520796 0.479204
7383 : 0
7383 : 0.821724 0.178276
7384 : 0
7384 : 0.515772 0.484228
7385 : 0
7385 : 0.997676 0.00232439
7386 : 0
7386 : 0.993082 0.00691773
7387 : 0
7387 : 0.995099 0.00490079
7388 : 1
7388 : 0.0173518 0.982648
7389 : 0
7389 : 0.989536 0.0104643
7390 : 1
7390 : 0.00347134 0.996529
7391 : 0
7391 : 0.823204 0.176796
7392 : 1
7392 : 0.00232588 0.997674
7393 : 1
7393 : 1.66188e-05 0.999983
7394 : 0
7394 : 0.727524 0.272476
7395 : 1
7395 : 0.00017196 0.999828
7396 : 0
7396 : 1.0 8.30864e-09
7397 : 0
7397 : 0.999953 4.6887e-05
7398 : 1
7398 : 0.0917802 0.90822
7399 : 0
7399 : 0.983183 0.0168175
7400 : 0
7400 : 0.913356 0.0866435
7401 : 0
7401 : 0.999985 1.46218e-05
7402 : 0
7402 : 0.997317 0.0026827
7403 : 1
7403 : 0.0902668 0.909733
7404 : 1
7404 : 9.04549e-05 0.99991
7405 : 0
7405 : 0.999719 0.000281034
7406 : 1
7406 : 0.0177564 0.982244
7407 : 1
7407 : 5.78136e-06 0.999994
7408 : 0
7408 : 1.0 5.54403e-09
7409 : 0
7409 : 1.0 8.92211e-12
7410 : 0
7410 : 0.99798 0.00202029
7411 : 0
7411 : 0.792044 0.207956
7412 : 0
7412 : 0.995417 0.00458321
7413 : 1
7413 : 7.43928e-06 0.999993
7414 : 1
7414 : 0.000972368 0.999028
7415 : 1
7415 : 0.100452 0.899548
7416 : 0
7416 : 0.93729 0.06271
7417 : 1
7417 : 0.0239905 0.97601
7418 : 0
7418 : 1.0 6.36344e-09
7419 : 0
7419 : 1.0 8.91816e-12
7420 : 1
7420 : 0.00659077 0.993409
7421 : 1
7421 : 0.00026114 0.999739
7422 : 1
7422 : 5.03645e-13 1.0
7423 : 1
7423 : 4.51881e-08 1.0
7424 : 0
7424 : 0.999885 0.000115126
7425 : 0
7425 : 0.996146 0.00385371
7426 : 0
7426 : 0.998812 0.00118781
7427 : 1
7427 : 0.060017 0.939983
7428 : 0
7428 : 0.999908 9.17814e-05
7429 : 0
7429 : 0.689768 0.310232
7430 : 1
7430 : 0.000160918 0.999839
7431 : 1
7431 : 3.31537e-07 1.0
7432 : 1
7432 : 0.445491 0.554509
7433 : 0
7433 : 0.999655 0.000344892
7434 : 1
7434 : 0.00131092 0.998689
7435 : 0
7435 : 0.979102 0.0208976
7436 : 1
7436 : 3.7313e-05 0.999963
7437 : 0
7437 : 1.0 2.22402e-11
7438 : 0
7438 : 0.877753 0.122247
7439 : 1
7439 : 8.41235e-08 1.0
7440 : 1
7440 : 0.295694 0.704306
7441 : 0
7441 : 0.999966 3.3538e-05
7442 : 0
7442 : 0.982086 0.0179141
7443 : 1
7443 : 0.00412064 0.995879
7444 : 0
7444 : 0.997218 0.0027825
7445 : 1
7445 : 3.51393e-06 0.999996
7446 : 1
7446 : 5.38276e-10 1.0
7447 : 0
7447 : 0.996034 0.00396602
7448 : 1
7448 : 6.58831e-07 0.999999
7449 : 0
7449 : 0.882598 0.117402
7450 : 1
7450 : 2.69815e-07 1.0
7451 : 1
7451 : 0.000730813 0.999269
7452 : 1
7452 : 0.000459237 0.999541
7453 : 1
7453 : 0.0146686 0.985331
7454 : 1
7454 : 1.67752e-07 1.0
7455 : 1
7455 : 1.37475e-05 0.999986
7456 : 0
7456 : 1.0 2.4258e-09
7457 : 0
7457 : 0.996463 0.00353685
7458 : 1
7458 : 0.00664874 0.993351
7459 : 0
7459 : 0.999993 6.69822e-06
7460 : 0
7460 : 1.0 2.88213e-14
7461 : 1
7461 : 0.000471981 0.999528
7462 : 1
7462 : 0.371894 0.628106
7463 : 1
7463 : 2.21296e-10 1.0
7464 : 0
7464 : 0.99953 0.000470166
7465 : 1
7465 : 0.000198431 0.999802
7466 : 0
7466 : 0.719255 0.280745
7467 : 1
7467 : 0.000158998 0.999841
7468 : 1
7468 : 0.000186062 0.999814
7469 : 1
7469 : 3.8531e-05 0.999961
7470 : 0
7470 : 0.96349 0.0365096
7471 : 1
7471 : 0.114367 0.885633
7472 : 1
7472 : 0.0235879 0.976412
7473 : 1
7473 : 0.0152023 0.984798
7474 : 1
7474 : 0.153257 0.846743
7475 : 0
7475 : 0.531121 0.468879
7476 : 0
7476 : 0.569279 0.430721
7477 : 0
7477 : 0.999986 1.41123e-05
7478 : 0
7478 : 0.999999 1.13616e-06
7479 : 1
7479 : 0.00196119 0.998039
7480 : 0
7480 : 0.928106 0.0718943
7481 : 0
7481 : 0.99638 0.0036198
7482 : 1
7482 : 0.462875 0.537125
7483 : 0
7483 : 0.708808 0.291192
7484 : 1
7484 : 3.25399e-09 1.0
7485 : 0
7485 : 0.999192 0.000807861
7486 : 0
7486 : 0.999999 7.00695e-07
7487 : 0
7487 : 0.999643 0.000357413
7488 : 0
7488 : 0.940659 0.0593406
7489 : 1
7489 : 0.328394 0.671606
7490 : 1
7490 : 1.28626e-11 1.0
7491 : 0
7491 : 0.99999 1.02414e-05
7492 : 1
7492 : 8.80553e-07 0.999999
7493 : 1
7493 : 0.00184791 0.998152
7494 : 1
7494 : 0.005352 0.994648
7495 : 0
7495 : 0.999963 3.70289e-05
7496 : 0
7496 : 0.999527 0.000473237
7497 : 0
7497 : 0.999998 2.03651e-06
7498 : 0
7498 : 0.653676 0.346324
7499 : 0
7499 : 0.992333 0.00766751
7500 : 0
7500 : 0.988693 0.0113072
7501 : 0
7501 : 0.998292 0.00170785
7502 : 1
7502 : 0.0163921 0.983608
7503 : 1
7503 : 0.170996 0.829004
7504 : 1
7504 : 0.000306641 0.999693
7505 : 1
7505 : 0.000302834 0.999697
7506 : 1
7506 : 0.0667754 0.933225
7507 : 0
7507 : 0.98184 0.0181601
7508 : 0
7508 : 0.99994 5.9724e-05
7509 : 1
7509 : 0.000463889 0.999536
7510 : 1
7510 : 0.00316367 0.996836
7511 : 0
7511 : 0.757632 0.242368
7512 : 0
7512 : 0.998611 0.00138912
7513 : 0
7513 : 0.977644 0.0223557
7514 : 1
7514 : 0.00164026 0.99836
7515 : 0
7515 : 0.999823 0.000177409
7516 : 1
7516 : 1.10534e-07 1.0
7517 : 1
7517 : 0.0092923 0.990708
7518 : 0
7518 : 0.951627 0.0483726
7519 : 0
7519 : 0.99984 0.000160289
7520 : 1
7520 : 0.00183512 0.998165
7521 : 1
7521 : 0.000551011 0.999449
7522 : 0
7522 : 0.999999 1.2706e-06
7523 : 1
7523 : 4.09977e-07 1.0
7524 : 1
7524 : 2.71624e-07 1.0
7525 : 0
7525 : 0.998815 0.00118535
7526 : 1
7526 : 8.58242e-06 0.999991
7527 : 0
7527 : 0.662376 0.337624
7528 : 1
7528 : 7.32183e-13 1.0
7529 : 1
7529 : 0.00283497 0.997165
7530 : 0
7530 : 0.741296 0.258705
7531 : 1
7531 : 0.000124295 0.999876
7532 : 1
7532 : 0.0323405 0.967659
7533 : 0
7533 : 0.999944 5.57294e-05
7534 : 1
7534 : 3.28239e-06 0.999997
7535 : 1
7535 : 0.383073 0.616927
7536 : 1
7536 : 0.262129 0.737871
7537 : 0
7537 : 0.993088 0.00691201
7538 : 1
7538 : 4.67259e-08 1.0
7539 : 0
7539 : 0.99927 0.000730399
7540 : 0
7540 : 0.976722 0.0232784
7541 : 0
7541 : 0.726142 0.273858
7542 : 1
7542 : 0.00856353 0.991436
7543 : 1
7543 : 0.000364146 0.999636
7544 : 1
7544 : 4.37775e-06 0.999996
7545 : 1
7545 : 0.366789 0.633211
7546 : 0
7546 : 0.946164 0.0538362
7547 : 1
7547 : 0.000507737 0.999492
7548 : 1
7548 : 2.90285e-09 1.0
7549 : 0
7549 : 0.999737 0.0002626
7550 : 1
7550 : 0.00157644 0.998424
7551 : 1
7551 : 4.35248e-05 0.999956
7552 : 1
7552 : 8.20224e-05 0.999918
7553 : 1
7553 : 4.18872e-05 0.999958
7554 : 1
7554 : 9.61518e-07 0.999999
7555 : 1
7555 : 8.09487e-06 0.999992
7556 : 0
7556 : 0.999961 3.87946e-05
7557 : 0
7557 : 0.999898 0.000102019
7558 : 1
7558 : 2.55643e-05 0.999974
7559 : 1
7559 : 5.07922e-05 0.999949
7560 : 0
7560 : 0.999941 5.93784e-05
7561 : 0
7561 : 0.99993 6.95193e-05
7562 : 1
7562 : 0.00172386 0.998276
7563 : 0
7563 : 0.895356 0.104644
7564 : 1
7564 : 0.386766 0.613234
7565 : 0
7565 : 0.999981 1.92466e-05
7566 : 0
7566 : 0.96534 0.0346599
7567 : 1
7567 : 2.20728e-05 0.999978
7568 : 0
7568 : 0.999993 7.00401e-06
7569 : 1
7569 : 0.043856 0.956144
7570 : 0
7570 : 0.999999 5.40886e-07
7571 : 1
7571 : 0.135021 0.864979
7572 : 1
7572 : 1.33329e-10 1.0
7573 : 0
7573 : 0.922759 0.0772412
7574 : 0
7574 : 0.562138 0.437862
7575 : 0
7575 : 0.999358 0.000641595
7576 : 1
7576 : 0.353999 0.646001
7577 : 1
7577 : 0.00522879 0.994771
7578 : 1
7578 : 0.221623 0.778377
7579 : 1
7579 : 0.00165054 0.998349
7580 : 1
7580 : 0.000515314 0.999485
7581 : 0
7581 : 0.999377 0.000623306
7582 : 1
7582 : 0.00554535 0.994455
7583 : 0
7583 : 0.999999 8.99477e-07
7584 : 1
7584 : 0.000423861 0.999576
7585 : 1
7585 : 0.0437109 0.956289
7586 : 1
7586 : 0.121356 0.878644
7587 : 1
7587 : 2.72509e-06 0.999997
7588 : 0
7588 : 0.999999 1.1981e-06
7589 : 1
7589 : 0.000318786 0.999681
7590 : 1
7590 : 0.165027 0.834973
7591 : 0
7591 : 0.871831 0.128169
7592 : 1
7592 : 8.10482e-05 0.999919
7593 : 0
7593 : 1.0 1.51705e-08
7594 : 1
7594 : 2.07715e-06 0.999998
7595 : 1
7595 : 2.34052e-05 0.999977
7596 : 0
7596 : 0.862456 0.137544
7597 : 0
7597 : 1.0 6.35156e-08
7598 : 0
7598 : 0.999658 0.000341719
7599 : 0
7599 : 0.999999 1.26384e-06
7600 : 0
7600 : 0.994883 0.00511674
7601 : 1
7601 : 0.00181457 0.998185
7602 : 0
7602 : 0.901931 0.0980686
7603 : 1
7603 : 0.00137922 0.998621
7604 : 1
7604 : 0.0955626 0.904437
7605 : 0
7605 : 0.980815 0.0191846
7606 : 0
7606 : 0.996502 0.00349802
7607 : 0
7607 : 0.999999 6.51007e-07
7608 : 1
7608 : 2.37568e-05 0.999976
7609 : 1
7609 : 0.0158017 0.984198
7610 : 0
7610 : 0.998697 0.00130291
7611 : 0
7611 : 0.988396 0.0116039
7612 : 1
7612 : 0.000654953 0.999345
7613 : 1
7613 : 1.27421e-09 1.0
7614 : 0
7614 : 0.672327 0.327673
7615 : 1
7615 : 0.0147287 0.985271
7616 : 1
7616 : 0.0044269 0.995573
7617 : 0
7617 : 1.0 1.84034e-11
7618 : 1
7618 : 0.182562 0.817438
7619 : 0
7619 : 1.0 1.03785e-07
7620 : 1
7620 : 0.00333128 0.996669
7621 : 0
7621 : 0.998129 0.00187145
7622 : 1
7622 : 0.0118455 0.988155
7623 : 0
7623 : 0.999828 0.00017205
7624 : 0
7624 : 0.999695 0.000305019
7625 : 1
7625 : 0.000240853 0.999759
7626 : 0
7626 : 0.999845 0.000155045
7627 : 1
7627 : 0.428291 0.571709
7628 : 1
7628 : 0.000218995 0.999781
7629 : 1
7629 : 3.04093e-05 0.99997
7630 : 0
7630 : 0.999634 0.000365973
7631 : 1
7631 : 0.00219405 0.997806
7632 : 0
7632 : 1.0 7.35885e-14
7633 : 0
7633 : 0.999999 8.20718e-07
7634 : 1
7634 : 0.0100378 0.989962
7635 : 0
7635 : 0.992203 0.00779743
7636 : 0
7636 : 0.995061 0.00493856
7637 : 1
7637 : 0.000327372 0.999673
7638 : 0
7638 : 0.999996 4.10071e-06
7639 : 1
7639 : 0.143579 0.856421
7640 : 0
7640 : 1.0 6.4851e-08
7641 : 1
7641 : 0.00177564 0.998224
7642 : 0
7642 : 0.757057 0.242943
7643 : 1
7643 : 0.216839 0.783161
7644 : 0
7644 : 0.954863 0.0451371
7645 : 1
7645 : 0.269793 0.730207
7646 : 0
7646 : 0.817901 0.182099
7647 : 1
7647 : 0.00846769 0.991532
7648 : 1
7648 : 1.48839e-06 0.999999
7649 : 0
7649 : 0.999488 0.000511629
7650 : 0
7650 : 0.999971 2.91415e-05
7651 : 0
7651 : 0.967925 0.0320746
7652 : 1
7652 : 9.39912e-07 0.999999
7653 : 1
7653 : 0.496056 0.503944
7654 : 1
7654 : 0.433708 0.566292
7655 : 0
7655 : 0.983108 0.0168917
7656 : 0
7656 : 1.0 7.23642e-11
7657 : 0
7657 : 0.99952 0.000480428
7658 : 1
7658 : 0.0296781 0.970322
7659 : 1
7659 : 0.00798429 0.992016
7660 : 1
7660 : 0.402493 0.597507
7661 : 0
7661 : 0.999974 2.56487e-05
7662 : 1
7662 : 2.73467e-09 1.0
7663 : 1
7663 : 7.57906e-07 0.999999
7664 : 1
7664 : 0.00405977 0.99594
7665 : 1
7665 : 0.000772946 0.999227
7666 : 1
7666 : 0.0066947 0.993305
7667 : 1
7667 : 0.0483821 0.951618
7668 : 1
7668 : 0.0004176 0.999582
7669 : 0
7669 : 0.999941 5.95162e-05
7670 : 0
7670 : 0.997413 0.00258683
7671 : 1
7671 : 0.00284359 0.997156
7672 : 0
7672 : 1.0 3.20025e-07
7673 : 0
7673 : 0.791604 0.208396
7674 : 1
7674 : 3.97046e-11 1.0
7675 : 0
7675 : 0.999997 3.38386e-06
7676 : 0
7676 : 0.999996 4.06086e-06
7677 : 0
7677 : 0.991407 0.00859305
7678 : 1
7678 : 4.53265e-05 0.999955
7679 : 0
7679 : 0.99993 7.02702e-05
7680 : 1
7680 : 0.0517667 0.948233
7681 : 1
7681 : 0.00352223 0.996478
7682 : 0
7682 : 0.996685 0.0033148
7683 : 1
7683 : 0.0653911 0.934609
7684 : 1
7684 : 0.494231 0.505769
7685 : 0
7685 : 0.997529 0.00247058
7686 : 0
7686 : 0.998917 0.00108339
7687 : 0
7687 : 0.966138 0.0338624
7688 : 0
7688 : 0.99748 0.00251969
7689 : 0
7689 : 0.999999 1.05934e-06
7690 : 0
7690 : 0.999968 3.24823e-05
7691 : 0
7691 : 0.957342 0.0426577
7692 : 0
7692 : 0.998209 0.00179124
7693 : 0
7693 : 0.999995 4.84618e-06
7694 : 1
7694 : 0.000610526 0.99939
7695 : 1
7695 : 9.09616e-05 0.999909
7696 : 1
7696 : 2.10245e-06 0.999998
7697 : 0
7697 : 0.993203 0.00679668
7698 : 0
7698 : 0.999999 1.28546e-06
7699 : 1
7699 : 0.230898 0.769102
7700 : 1
7700 : 0.160456 0.839544
7701 : 1
7701 : 0.397997 0.602003
7702 : 0
7702 : 0.999998 2.43625e-06
7703 : 0
7703 : 0.970505 0.0294953
7704 : 1
7704 : 1.32485e-05 0.999987
7705 : 0
7705 : 0.994173 0.00582688
7706 : 1
7706 : 0.000422533 0.999577
7707 : 0
7707 : 0.997389 0.00261088
7708 : 1
7708 : 0.470116 0.529884
7709 : 0
7709 : 0.836441 0.163559
7710 : 0
7710 : 0.999953 4.72554e-05
7711 : 1
7711 : 1.40425e-05 0.999986
7712 : 0
7712 : 1.0 1.54885e-07
7713 : 0
7713 : 0.998521 0.00147909
7714 : 0
7714 : 0.999998 1.98586e-06
7715 : 1
7715 : 5.5467e-10 1.0
7716 : 1
7716 : 0.238958 0.761042
7717 : 1
7717 : 0.0310184 0.968982
7718 : 0
7718 : 0.996334 0.00366563
7719 : 1
7719 : 0.00310182 0.996898
7720 : 0
7720 : 0.849244 0.150756
7721 : 0
7721 : 0.999991 9.37257e-06
7722 : 1
7722 : 0.00542016 0.99458
7723 : 1
7723 : 0.00985774 0.990142
7724 : 0
7724 : 0.999987 1.31595e-05
7725 : 1
7725 : 0.124386 0.875614
7726 : 1
7726 : 0.0449756 0.955024
7727 : 0
7727 : 0.999997 2.95266e-06
7728 : 1
7728 : 0.000154758 0.999845
7729 : 0
7729 : 0.932933 0.0670672
7730 : 0
7730 : 0.999999 7.98522e-07
7731 : 0
7731 : 0.999286 0.000713638
7732 : 1
7732 : 6.81322e-09 1.0
7733 : 0
7733 : 0.997015 0.00298457
7734 : 0
7734 : 0.536005 0.463995
7735 : 1
7735 : 1.84715e-06 0.999998
7736 : 0
7736 : 0.993888 0.00611164
7737 : 1
7737 : 0.00501283 0.994987
7738 : 1
7738 : 3.32441e-07 1.0
7739 : 0
7739 : 1.0 1.10444e-07
7740 : 0
7740 : 0.999993 6.94163e-06
7741 : 0
7741 : 0.920787 0.0792132
7742 : 0
7742 : 0.999996 4.0331e-06
7743 : 0
7743 : 0.999992 8.11499e-06
7744 : 0
7744 : 1.0 4.29933e-10
7745 : 1
7745 : 4.48987e-06 0.999996
7746 : 0
7746 : 1.0 4.80728e-07
7747 : 1
7747 : 0.00131478 0.998685
7748 : 1
7748 : 7.35472e-06 0.999993
7749 : 0
7749 : 0.999968 3.22523e-05
7750 : 1
7750 : 0.00104632 0.998954
7751 : 1
7751 : 0.00251887 0.997481
7752 : 1
7752 : 4.14859e-08 1.0
7753 : 0
7753 : 0.999351 0.000649458
7754 : 0
7754 : 0.984389 0.0156113
7755 : 0
7755 : 0.917111 0.0828886
7756 : 1
7756 : 0.0353544 0.964646
7757 : 0
7757 : 0.999992 8.28412e-06
7758 : 1
7758 : 0.0142423 0.985758
7759 : 0
7759 : 0.996625 0.00337539
7760 : 1
7760 : 0.141163 0.858837
7761 : 0
7761 : 1.0 7.70925e-13
7762 : 0
7762 : 0.999992 7.99127e-06
7763 : 0
7763 : 0.999131 0.000869126
7764 : 1
7764 : 9.22513e-07 0.999999
7765 : 1
7765 : 5.30698e-12 1.0
7766 : 1
7766 : 0.00962087 0.990379
7767 : 0
7767 : 0.996082 0.00391817
7768 : 0
7768 : 1.0 5.99651e-08
7769 : 1
7769 : 0.000124532 0.999875
7770 : 1
7770 : 0.141167 0.858833
7771 : 0
7771 : 0.986848 0.0131521
7772 : 0
7772 : 0.637135 0.362865
7773 : 1
7773 : 0.0235809 0.976419
7774 : 1
7774 : 0.0500976 0.949902
7775 : 1
7775 : 1.54448e-08 1.0
7776 : 1
7776 : 0.0430127 0.956987
7777 : 0
7777 : 0.986201 0.0137989
7778 : 1
7778 : 0.163438 0.836562
7779 : 1
7779 : 0.0521303 0.94787
7780 : 0
7780 : 0.885808 0.114192
7781 : 0
7781 : 0.988594 0.0114064
7782 : 0
7782 : 0.714209 0.285791
7783 : 1
7783 : 0.000431029 0.999569
7784 : 0
7784 : 0.999677 0.000323129
7785 : 1
7785 : 0.000153639 0.999846
7786 : 0
7786 : 0.9866 0.0134003
7787 : 0
7787 : 0.999741 0.000259474
7788 : 1
7788 : 0.00104426 0.998956
7789 : 1
7789 : 5.0011e-07 1.0
7790 : 1
7790 : 0.00591152 0.994089
7791 : 1
7791 : 2.38395e-06 0.999998
7792 : 0
7792 : 0.843786 0.156214
7793 : 0
7793 : 0.999999 1.50535e-06
7794 : 0
7794 : 0.990146 0.00985386
7795 : 0
7795 : 0.999999 5.71375e-07
7796 : 1
7796 : 0.0283131 0.971687
7797 : 1
7797 : 7.74082e-06 0.999992
7798 : 1
7798 : 1.38917e-06 0.999999
7799 : 1
7799 : 6.73916e-08 1.0
7800 : 1
7800 : 0.0795839 0.920416
7801 : 1
7801 : 0.057933 0.942067
7802 : 0
7802 : 1.0 1.16295e-14
7803 : 1
7803 : 0.00874766 0.991252
7804 : 1
7804 : 0.00224694 0.997753
7805 : 0
7805 : 0.999875 0.000125491
7806 : 0
7806 : 1.0 5.65013e-15
7807 : 1
7807 : 0.000136622 0.999863
7808 : 0
7808 : 0.999981 1.94331e-05
7809 : 0
7809 : 0.992509 0.00749099
7810 : 0
7810 : 0.984596 0.0154038
7811 : 0
7811 : 0.976037 0.0239629
7812 : 0
7812 : 0.681722 0.318278
7813 : 1
7813 : 0.0317514 0.968249
7814 : 1
7814 : 0.00417741 0.995823
7815 : 0
7815 : 0.842065 0.157935
7816 : 1
7816 : 8.816e-05 0.999912
7817 : 0
7817 : 0.630065 0.369935
7818 : 1
7818 : 3.60274e-07 1.0
7819 : 0
7819 : 0.730942 0.269058
7820 : 1
7820 : 1.40694e-05 0.999986
7821 : 0
7821 : 0.999764 0.000235877
7822 : 0
7822 : 0.987029 0.0129707
7823 : 0
7823 : 0.999906 9.45003e-05
7824 : 0
7824 : 0.998329 0.00167087
7825 : 0
7825 : 0.992754 0.00724569
7826 : 1
7826 : 0.000442241 0.999558
7827 : 1
7827 : 2.46316e-05 0.999975
7828 : 1
7828 : 2.01912e-05 0.99998
7829 : 1
7829 : 0.00283106 0.997169
7830 : 1
7830 : 0.0273261 0.972674
7831 : 0
7831 : 0.997994 0.00200649
7832 : 1
7832 : 0.464443 0.535557
7833 : 1
7833 : 0.00112314 0.998877
7834 : 1
7834 : 0.0342069 0.965793
7835 : 1
7835 : 0.00597042 0.99403
7836 : 1
7836 : 0.0037917 0.996208
7837 : 1
7837 : 0.0994413 0.900559
7838 : 1
7838 : 7.75673e-06 0.999992
7839 : 1
7839 : 8.38988e-07 0.999999
7840 : 0
7840 : 0.988935 0.0110653
7841 : 1
7841 : 0.33785 0.66215
7842 : 0
7842 : 0.987748 0.0122517
7843 : 0
7843 : 0.655118 0.344882
7844 : 0
7844 : 0.999936 6.43195e-05
7845 : 1
7845 : 0.318663 0.681336
7846 : 1
7846 : 0.103344 0.896656
7847 : 1
7847 : 0.0637196 0.93628
7848 : 1
7848 : 6.35054e-06 0.999994
7849 : 1
7849 : 0.0071489 0.992851
7850 : 0
7850 : 0.998971 0.00102947
7851 : 0
7851 : 0.790488 0.209512
7852 : 0
7852 : 0.990202 0.00979839
7853 : 1
7853 : 1.17315e-08 1.0
7854 : 1
7854 : 0.451473 0.548527
7855 : 0
7855 : 0.678191 0.321809
7856 : 1
7856 : 0.0427376 0.957262
7857 : 0
7857 : 0.999892 0.00010804
7858 : 0
7858 : 0.999995 5.17705e-06
7859 : 0
7859 : 0.999999 1.16149e-06
7860 : 1
7860 : 0.331474 0.668526
7861 : 1
7861 : 0.0213474 0.978653
7862 : 0
7862 : 1.0 4.08041e-07
7863 : 0
7863 : 0.999972 2.78391e-05
7864 : 0
7864 : 0.995776 0.00422441
7865 : 1
7865 : 0.0578266 0.942173
7866 : 0
7866 : 0.999957 4.29233e-05
7867 : 0
7867 : 0.999989 1.14252e-05
7868 : 0
7868 : 0.951352 0.0486478
7869 : 1
7869 : 1.90431e-08 1.0
7870 : 1
7870 : 0.00456875 0.995431
7871 : 0
7871 : 0.999942 5.77659e-05
7872 : 1
7872 : 3.92789e-05 0.999961
7873 : 1
7873 : 3.44716e-08 1.0
7874 : 1
7874 : 0.0295785 0.970421
7875 : 1
7875 : 0.0297837 0.970216
7876 : 0
7876 : 0.926372 0.0736279
7877 : 0
7877 : 0.730588 0.269412
7878 : 1
7878 : 0.00217973 0.99782
7879 : 0
7879 : 0.946812 0.0531882
7880 : 1
7880 : 0.0461136 0.953886
7881 : 1
7881 : 0.000625047 0.999375
7882 : 1
7882 : 0.0297126 0.970287
7883 : 1
7883 : 0.0231215 0.976879
7884 : 0
7884 : 0.887356 0.112644
7885 : 0
7885 : 0.794804 0.205196
7886 : 0
7886 : 0.968219 0.031781
7887 : 0
7887 : 0.981102 0.018898
7888 : 0
7888 : 0.999983 1.65998e-05
7889 : 0
7889 : 0.982153 0.0178472
7890 : 1
7890 : 0.0513747 0.948625
7891 : 1
7891 : 0.00399689 0.996003
7892 : 1
7892 : 5.62564e-07 0.999999
7893 : 0
7893 : 0.679304 0.320696
7894 : 1
7894 : 2.51059e-05 0.999975
7895 : 0
7895 : 1.0 3.16459e-10
7896 : 0
7896 : 0.795675 0.204325
7897 : 0
7897 : 0.995776 0.00422421
7898 : 0
7898 : 0.999996 4.46798e-06
7899 : 0
7899 : 0.999758 0.000241687
7900 : 1
7900 : 0.00312191 0.996878
7901 : 1
7901 : 1.62466e-05 0.999984
7902 : 1
7902 : 2.59166e-09 1.0
7903 : 1
7903 : 0.302242 0.697758
7904 : 0
7904 : 0.998064 0.00193562
7905 : 1
7905 : 0.0392729 0.960727
7906 : 1
7906 : 0.113577 0.886423
7907 : 1
7907 : 3.26796e-05 0.999967
7908 : 0
7908 : 0.999743 0.000256896
7909 : 1
7909 : 2.93751e-05 0.999971
7910 : 0
7910 : 0.990555 0.00944487
7911 : 1
7911 : 9.29013e-05 0.999907
7912 : 0
7912 : 0.712646 0.287354
7913 : 1
7913 : 6.13568e-05 0.999939
7914 : 1
7914 : 9.5818e-10 1.0
7915 : 0
7915 : 0.995077 0.00492304
7916 : 1
7916 : 0.049405 0.950595
7917 : 0
7917 : 1.0 4.78492e-09
7918 : 1
7918 : 0.34791 0.65209
7919 : 0
7919 : 0.999994 6.25719e-06
7920 : 0
7920 : 0.911525 0.0884749
7921 : 0
7921 : 0.999877 0.000122674
7922 : 1
7922 : 1.10504e-06 0.999999
7923 : 1
7923 : 0.0653217 0.934678
7924 : 0
7924 : 0.999984 1.61423e-05
7925 : 1
7925 : 7.21173e-07 0.999999
7926 : 0
7926 : 0.997184 0.00281628
7927 : 1
7927 : 0.0114444 0.988556
7928 : 1
7928 : 0.000525577 0.999474
7929 : 1
7929 : 4.91264e-07 1.0
7930 : 1
7930 : 9.05337e-05 0.999909
7931 : 0
7931 : 0.999999 1.51719e-06
7932 : 1
7932 : 3.41267e-06 0.999997
7933 : 0
7933 : 0.979936 0.0200638
7934 : 1
7934 : 0.00121196 0.998788
7935 : 0
7935 : 0.702847 0.297153
7936 : 0
7936 : 0.970263 0.0297369
7937 : 1
7937 : 0.00464667 0.995353
7938 : 1
7938 : 0.00484883 0.995151
7939 : 0
7939 : 0.999573 0.000427203
7940 : 0
7940 : 1.0 8.66223e-10
7941 : 1
7941 : 0.00680589 0.993194
7942 : 0
7942 : 0.999219 0.000781367
7943 : 1
7943 : 0.000948332 0.999052
7944 : 0
7944 : 0.999997 2.63628e-06
7945 : 0
7945 : 0.667477 0.332523
7946 : 1
7946 : 9.70397e-05 0.999903
7947 : 1
7947 : 0.000114711 0.999885
7948 : 0
7948 : 0.992611 0.00738922
7949 : 1
7949 : 2.9852e-06 0.999997
7950 : 0
7950 : 0.999999 1.07773e-06
7951 : 0
7951 : 0.993942 0.0060577
7952 : 1
7952 : 1.2731e-08 1.0
7953 : 0
7953 : 0.999942 5.75394e-05
7954 : 0
7954 : 0.998983 0.00101674
7955 : 0
7955 : 0.999996 4.30073e-06
7956 : 1
7956 : 0.000386032 0.999614
7957 : 0
7957 : 0.771363 0.228637
7958 : 0
7958 : 0.999996 3.75503e-06
7959 : 1
7959 : 0.0119617 0.988038
7960 : 1
7960 : 3.639e-07 1.0
7961 : 0
7961 : 0.999888 0.00011194
7962 : 0
7962 : 0.997704 0.00229616
7963 : 1
7963 : 0.000153177 0.999847
7964 : 0
7964 : 0.999862 0.000138376
7965 : 1
7965 : 0.0284151 0.971585
7966 : 1
7966 : 0.304967 0.695033
7967 : 1
7967 : 0.00139082 0.998609
7968 : 0
7968 : 0.99999 1.00923e-05
7969 : 1
7969 : 0.000745233 0.999255
7970 : 0
7970 : 0.999955 4.49721e-05
7971 : 0
7971 : 0.999999 7.25541e-07
7972 : 0
7972 : 0.999048 0.000952282
7973 : 0
7973 : 1.0 6.94069e-10
7974 : 0
7974 : 0.999904 9.57518e-05
7975 : 1
7975 : 0.00368343 0.996317
7976 : 1
7976 : 0.156724 0.843276
7977 : 1
7977 : 0.0506693 0.949331
7978 : 0
7978 : 1.0 9.67625e-10
7979 : 0
7979 : 1.0 9.48004e-09
7980 : 0
7980 : 0.999988 1.16068e-05
7981 : 1
7981 : 1.86208e-09 1.0
7982 : 1
7982 : 0.0168507 0.983149
7983 : 0
7983 : 0.99998 1.97721e-05
7984 : 0
7984 : 0.930724 0.0692758
7985 : 1
7985 : 0.160268 0.839732
7986 : 1
7986 : 0.00324355 0.996756
7987 : 0
7987 : 0.941701 0.0582993
7988 : 1
7988 : 2.2025e-05 0.999978
7989 : 0
7989 : 0.678338 0.321662
7990 : 1
7990 : 0.000564699 0.999435
7991 : 0
7991 : 0.986307 0.0136931
7992 : 0
7992 : 0.999928 7.16123e-05
7993 : 0
7993 : 0.755838 0.244162
7994 : 0
7994 : 0.999882 0.000117999
7995 : 1
7995 : 0.0034227 0.996577
7996 : 0
7996 : 0.992351 0.00764904
7997 : 0
7997 : 0.996206 0.00379371
7998 : 1
7998 : 0.00747457 0.992525
7999 : 1
7999 : 0.00110648 0.998893
8000 : 1
8000 : 0.0840383 0.915962
8001 : 0
8001 : 1.0 4.24164e-10
8002 : 0
8002 : 0.999232 0.000768492
8003 : 1
8003 : 0.000654575 0.999345
8004 : 0
8004 : 0.999999 6.37093e-07
8005 : 0
8005 : 0.998573 0.00142692
8006 : 0
8006 : 0.999986 1.42479e-05
8007 : 0
8007 : 0.998413 0.00158719
8008 : 1
8008 : 1.39696e-09 1.0
8009 : 0
8009 : 0.999321 0.000679314
8010 : 1
8010 : 0.123516 0.876485
8011 : 1
8011 : 9.45606e-05 0.999905
8012 : 0
8012 : 0.758768 0.241232
8013 : 1
8013 : 0.0387947 0.961205
8014 : 1
8014 : 7.05405e-05 0.999929
8015 : 1
8015 : 6.86709e-06 0.999993
8016 : 1
8016 : 0.0460873 0.953913
8017 : 0
8017 : 0.999096 0.000904281
8018 : 1
8018 : 0.155404 0.844596
8019 : 0
8019 : 0.976697 0.0233034
8020 : 0
8020 : 0.994283 0.00571704
8021 : 1
8021 : 3.54986e-07 1.0
8022 : 0
8022 : 1.0 4.78492e-09
8023 : 1
8023 : 9.73779e-05 0.999903
8024 : 1
8024 : 0.00287015 0.99713
8025 : 0
8025 : 0.997621 0.00237939
8026 : 0
8026 : 0.999995 5.43507e-06
8027 : 1
8027 : 0.000684149 0.999316
8028 : 1
8028 : 4.62439e-08 1.0
8029 : 1
8029 : 0.000211871 0.999788
8030 : 0
8030 : 0.993812 0.00618803
8031 : 1
8031 : 5.27004e-07 0.999999
8032 : 1
8032 : 0.458508 0.541492
8033 : 1
8033 : 0.225855 0.774145
8034 : 0
8034 : 1.0 1.05622e-08
8035 : 0
8035 : 0.999801 0.000198598
8036 : 0
8036 : 0.980769 0.0192313
8037 : 1
8037 : 1.61476e-05 0.999984
8038 : 0
8038 : 1.0 1.06733e-09
8039 : 0
8039 : 0.999995 4.56797e-06
8040 : 0
8040 : 0.999962 3.81834e-05
8041 : 0
8041 : 1.0 3.11066e-07
8042 : 0
8042 : 0.999243 0.000757036
8043 : 1
8043 : 4.60334e-07 1.0
8044 : 0
8044 : 0.999929 7.09511e-05
8045 : 1
8045 : 0.0552087 0.944791
8046 : 0
8046 : 1.0 9.15218e-08
8047 : 0
8047 : 0.999774 0.00022556
8048 : 1
8048 : 0.2346 0.7654
8049 : 1
8049 : 5.38509e-05 0.999946
8050 : 1
8050 : 0.0891674 0.910833
8051 : 1
8051 : 5.44596e-06 0.999995
8052 : 0
8052 : 1.0 3.74831e-08
8053 : 0
8053 : 0.997072 0.00292778
8054 : 1
8054 : 4.425e-05 0.999956
8055 : 0
8055 : 0.508312 0.491688
8056 : 1
8056 : 5.63654e-09 1.0
8057 : 0
8057 : 0.995845 0.00415528
8058 : 1
8058 : 1.03092e-07 1.0
8059 : 0
8059 : 0.999998 2.02665e-06
8060 : 0
8060 : 0.999923 7.67149e-05
8061 : 1
8061 : 0.042544 0.957456
8062 : 0
8062 : 0.999982 1.7645e-05
8063 : 0
8063 : 0.995849 0.00415099
8064 : 0
8064 : 0.766228 0.233772
8065 : 0
8065 : 0.51031 0.48969
8066 : 1
8066 : 0.406588 0.593412
8067 : 1
8067 : 0.06242 0.93758
8068 : 1
8068 : 0.000135951 0.999864
8069 : 0
8069 : 0.927751 0.0722489
8070 : 1
8070 : 0.000497519 0.999502
8071 : 0
8071 : 0.99999 9.85395e-06
8072 : 1
8072 : 4.42017e-06 0.999996
8073 : 0
8073 : 0.997981 0.00201903
8074 : 0
8074 : 0.908491 0.0915087
8075 : 0
8075 : 0.574063 0.425937
8076 : 1
8076 : 1.00798e-05 0.99999
8077 : 1
8077 : 2.30068e-10 1.0
8078 : 1
8078 : 4.29771e-06 0.999996
8079 : 0
8079 : 0.993169 0.00683091
8080 : 0
8080 : 0.614688 0.385312
8081 : 0
8081 : 0.999986 1.40885e-05
8082 : 1
8082 : 2.03818e-10 1.0
8083 : 1
8083 : 1.62637e-08 1.0
8084 : 1
8084 : 8.48533e-05 0.999915
8085 : 0
8085 : 0.98771 0.0122899
8086 : 1
8086 : 0.0147534 0.985247
8087 : 1
8087 : 0.0203225 0.979677
8088 : 1
8088 : 0.00248298 0.997517
8089 : 1
8089 : 0.44213 0.55787
8090 : 0
8090 : 0.999952 4.77272e-05
8091 : 1
8091 : 0.00516846 0.994832
8092 : 0
8092 : 0.988943 0.0110573
8093 : 1
8093 : 0.229193 0.770807
8094 : 0
8094 : 0.97102 0.0289801
8095 : 0
8095 : 0.949595 0.0504047
8096 : 1
8096 : 4.71355e-07 1.0
8097 : 0
8097 : 0.999994 6.14859e-06
8098 : 1
8098 : 0.182042 0.817958
8099 : 0
8099 : 0.999839 0.000161086
8100 : 0
8100 : 1.0 1.11878e-10
8101 : 1
8101 : 0.0186234 0.981377
8102 : 1
8102 : 4.10394e-09 1.0
8103 : 1
8103 : 0.00480181 0.995198
8104 : 1
8104 : 0.0943943 0.905606
8105 : 0
8105 : 0.975781 0.0242192
8106 : 1
8106 : 0.0512453 0.948755
8107 : 0
8107 : 0.999975 2.54147e-05
8108 : 1
8108 : 0.0821349 0.917865
8109 : 0
8109 : 0.999992 7.78366e-06
8110 : 1
8110 : 0.0198732 0.980127
8111 : 0
8111 : 0.993696 0.0063036
8112 : 1
8112 : 0.185827 0.814173
8113 : 1
8113 : 2.40954e-08 1.0
8114 : 1
8114 : 0.000126885 0.999873
8115 : 0
8115 : 0.9994 0.000599605
8116 : 0
8116 : 1.0 1.29804e-08
8117 : 0
8117 : 0.994143 0.00585711
8118 : 1
8118 : 0.00029369 0.999706
8119 : 0
8119 : 1.0 1.31836e-07
8120 : 0
8120 : 0.872241 0.127758
8121 : 1
8121 : 5.79624e-07 0.999999
8122 : 1
8122 : 0.000875265 0.999125
8123 : 1
8123 : 0.000161628 0.999838
8124 : 0
8124 : 0.971255 0.0287452
8125 : 0
8125 : 0.999999 6.42213e-07
8126 : 0
8126 : 0.855112 0.144888
8127 : 1
8127 : 1.25544e-09 1.0
8128 : 1
8128 : 0.0682102 0.93179
8129 : 0
8129 : 0.99986 0.000140311
8130 : 0
8130 : 0.951193 0.0488068
8131 : 1
8131 : 6.40309e-05 0.999936
8132 : 0
8132 : 0.999971 2.87861e-05
8133 : 1
8133 : 0.0119588 0.988041
8134 : 0
8134 : 0.745775 0.254225
8135 : 0
8135 : 0.999607 0.000392665
8136 : 1
8136 : 0.0106697 0.98933
8137 : 1
8137 : 0.386762 0.613238
8138 : 0
8138 : 1.0 2.34203e-09
8139 : 1
8139 : 6.61117e-05 0.999934
8140 : 1
8140 : 3.07286e-05 0.999969
8141 : 0
8141 : 0.997845 0.00215528
8142 : 0
8142 : 0.888635 0.111365
8143 : 0
8143 : 0.959196 0.0408038
8144 : 0
8144 : 0.999549 0.000451474
8145 : 1
8145 : 0.000472873 0.999527
8146 : 0
8146 : 0.999999 7.84938e-07
8147 : 1
8147 : 1.15763e-07 1.0
8148 : 1
8148 : 9.61098e-06 0.99999
8149 : 0
8149 : 1.0 4.1765e-08
8150 : 0
8150 : 0.99989 0.000109903
8151 : 0
8151 : 0.999052 0.000947499
8152 : 0
8152 : 0.997831 0.00216861
8153 : 1
8153 : 8.07551e-08 1.0
8154 : 0
8154 : 0.950318 0.0496817
8155 : 1
8155 : 6.44479e-05 0.999936
8156 : 1
8156 : 0.089708 0.910292
8157 : 1
8157 : 5.93628e-06 0.999994
8158 : 1
8158 : 0.10151 0.89849
8159 : 1
8159 : 0.0158974 0.984103
8160 : 1
8160 : 0.00544352 0.994556
8161 : 1
8161 : 0.188667 0.811333
8162 : 1
8162 : 2.76962e-15 1.0
8163 : 0
8163 : 0.993933 0.00606738
8164 : 1
8164 : 0.00363142 0.996369
8165 : 0
8165 : 0.995883 0.00411688
8166 : 1
8166 : 0.0041125 0.995887
8167 : 0
8167 : 0.988426 0.0115743
8168 : 1
8168 : 3.71652e-05 0.999963
8169 : 1
8169 : 3.70511e-05 0.999963
8170 : 1
8170 : 0.0953298 0.90467
8171 : 0
8171 : 0.99997 3.03168e-05
8172 : 0
8172 : 0.990994 0.00900579
8173 : 0
8173 : 0.966345 0.0336552
8174 : 1
8174 : 0.000829 0.999171
8175 : 0
8175 : 0.999912 8.8032e-05
8176 : 0
8176 : 1.0 1.34998e-07
8177 : 0
8177 : 0.998026 0.00197388
8178 : 0
8178 : 0.998595 0.00140548
8179 : 1
8179 : 0.0330397 0.96696
8180 : 1
8180 : 0.00663071 0.993369
8181 : 1
8181 : 0.424717 0.575283
8182 : 1
8182 : 0.00138286 0.998617
8183 : 1
8183 : 1.68478e-05 0.999983
8184 : 0
8184 : 0.999177 0.000822882
8185 : 0
8185 : 0.613438 0.386562
8186 : 0
8186 : 0.99992 7.99235e-05
8187 : 1
8187 : 0.000137689 0.999862
8188 : 0
8188 : 0.998574 0.00142553
8189 : 0
8189 : 0.999986 1.40237e-05
8190 : 0
8190 : 0.519778 0.480222
8191 : 0
8191 : 0.747103 0.252897
8192 : 0
8192 : 0.885825 0.114175
8193 : 1
8193 : 0.206891 0.793109
8194 : 1
8194 : 1.13032e-06 0.999999
8195 : 1
8195 : 0.00180926 0.998191
8196 : 0
8196 : 0.917046 0.0829545
8197 : 1
8197 : 3.07066e-05 0.999969
8198 : 0
8198 : 0.999993 7.50321e-06
8199 : 1
8199 : 0.000149661 0.99985
8200 : 0
8200 : 0.760485 0.239516
8201 : 1
8201 : 1.06476e-06 0.999999
8202 : 1
8202 : 0.0940363 0.905964
8203 : 0
8203 : 0.999852 0.000148504
8204 : 0
8204 : 1.0 3.23234e-07
8205 : 1
8205 : 0.000154629 0.999845
8206 : 1
8206 : 0.00244106 0.997559
8207 : 1
8207 : 0.0143758 0.985624
8208 : 1
8208 : 0.000242423 0.999758
8209 : 0
8209 : 0.999973 2.71849e-05
8210 : 1
8210 : 0.03906 0.96094
8211 : 0
8211 : 0.984498 0.0155018
8212 : 1
8212 : 0.00186601 0.998134
8213 : 0
8213 : 1.0 7.7963e-13
8214 : 0
8214 : 0.882724 0.117276
8215 : 1
8215 : 0.000582988 0.999417
8216 : 1
8216 : 0.00371676 0.996283
8217 : 0
8217 : 0.884854 0.115146
8218 : 0
8218 : 0.999995 4.8107e-06
8219 : 1
8219 : 4.70571e-05 0.999953
8220 : 0
8220 : 0.996213 0.00378746
8221 : 1
8221 : 0.113295 0.886705
8222 : 0
8222 : 1.0 5.10393e-07
8223 : 1
8223 : 6.79543e-14 1.0
8224 : 1
8224 : 0.0329849 0.967015
8225 : 0
8225 : 0.999868 0.000132008
8226 : 0
8226 : 0.999009 0.000990836
8227 : 1
8227 : 3.98052e-06 0.999996
8228 : 1
8228 : 0.00766219 0.992338
8229 : 1
8229 : 0.00400188 0.995998
8230 : 1
8230 : 0.000579082 0.999421
8231 : 0
8231 : 0.902315 0.0976847
8232 : 0
8232 : 0.999995 5.51663e-06
8233 : 0
8233 : 1.0 4.84777e-07
8234 : 1
8234 : 0.0840854 0.915915
8235 : 0
8235 : 0.99868 0.00132019
8236 : 0
8236 : 0.999425 0.000575029
8237 : 0
8237 : 0.999997 2.74399e-06
8238 : 1
8238 : 0.000120353 0.99988
8239 : 0
8239 : 0.998036 0.00196377
8240 : 0
8240 : 0.980518 0.0194822
8241 : 0
8241 : 0.993694 0.00630633
8242 : 1
8242 : 0.00138649 0.998613
8243 : 0
8243 : 0.992471 0.00752943
8244 : 0
8244 : 0.999998 1.69064e-06
8245 : 0
8245 : 1.0 1.25115e-09
8246 : 1
8246 : 0.107179 0.892821
8247 : 1
8247 : 0.0065213 0.993479
8248 : 1
8248 : 0.158675 0.841325
8249 : 1
8249 : 0.00145195 0.998548
8250 : 0
8250 : 0.92593 0.0740696
8251 : 1
8251 : 0.00100503 0.998995
8252 : 1
8252 : 0.000357545 0.999642
8253 : 0
8253 : 0.999924 7.63589e-05
8254 : 0
8254 : 0.998112 0.00188818
8255 : 1
8255 : 0.00627949 0.99372
8256 : 1
8256 : 2.87463e-08 1.0
8257 : 1
8257 : 0.320974 0.679026
8258 : 1
8258 : 0.490734 0.509266
8259 : 0
8259 : 0.99948 0.000519761
8260 : 0
8260 : 0.994639 0.00536077
8261 : 0
8261 : 0.914689 0.085311
8262 : 0
8262 : 0.999901 9.94992e-05
8263 : 1
8263 : 0.00386417 0.996136
8264 : 0
8264 : 0.99974 0.000260272
8265 : 1
8265 : 4.03921e-05 0.99996
8266 : 0
8266 : 0.999997 3.11376e-06
8267 : 0
8267 : 0.579501 0.420499
8268 : 0
8268 : 0.999982 1.81712e-05
8269 : 1
8269 : 6.81953e-05 0.999932
8270 : 0
8270 : 0.996691 0.00330929
8271 : 1
8271 : 2.32311e-05 0.999977
8272 : 0
8272 : 0.999717 0.000282763
8273 : 0
8273 : 0.915927 0.0840735
8274 : 0
8274 : 0.719222 0.280778
8275 : 1
8275 : 0.000653217 0.999347
8276 : 1
8276 : 0.000301328 0.999699
8277 : 1
8277 : 0.028952 0.971048
8278 : 1
8278 : 4.90101e-06 0.999995
8279 : 1
8279 : 0.0105322 0.989468
8280 : 1
8280 : 0.000692259 0.999308
8281 : 1
8281 : 0.000672588 0.999327
8282 : 1
8282 : 0.179225 0.820775
8283 : 1
8283 : 0.00100321 0.998997
8284 : 0
8284 : 0.988188 0.0118122
8285 : 1
8285 : 0.0600533 0.939947
8286 : 1
8286 : 5.09568e-06 0.999995
8287 : 0
8287 : 0.589142 0.410858
8288 : 1
8288 : 1.48432e-11 1.0
8289 : 0
8289 : 0.985226 0.0147741
8290 : 0
8290 : 0.713862 0.286138
8291 : 1
8291 : 0.340569 0.659431
8292 : 1
8292 : 2.35392e-07 1.0
8293 : 0
8293 : 0.999999 1.09301e-06
8294 : 0
8294 : 1.0 1.63032e-07
8295 : 0
8295 : 0.999535 0.000465092
8296 : 0
8296 : 0.99995 4.98171e-05
8297 : 0
8297 : 1.0 1.22011e-07
8298 : 1
8298 : 6.72071e-05 0.999933
8299 : 0
8299 : 0.999602 0.000397755
8300 : 0
8300 : 0.900624 0.0993764
8301 : 1
8301 : 7.31368e-05 0.999927
8302 : 1
8302 : 0.00260497 0.997395
8303 : 0
8303 : 0.999811 0.000188563
8304 : 1
8304 : 2.53626e-10 1.0
8305 : 1
8305 : 0.000202159 0.999798
8306 : 1
8306 : 0.00119369 0.998806
8307 : 0
8307 : 0.999828 0.00017182
8308 : 0
8308 : 0.999763 0.000236747
8309 : 0
8309 : 0.999307 0.000693213
8310 : 1
8310 : 4.93429e-10 1.0
8311 : 0
8311 : 1.0 8.69602e-09
8312 : 1
8312 : 0.182523 0.817477
8313 : 0
8313 : 0.93775 0.0622504
8314 : 0
8314 : 0.97946 0.02054
8315 : 0
8315 : 1.0 3.34573e-09
8316 : 1
8316 : 0.000283403 0.999717
8317 : 0
8317 : 0.994562 0.00543795
8318 : 0
8318 : 0.99944 0.00055985
8319 : 1
8319 : 0.00139907 0.998601
8320 : 0
8320 : 0.999989 1.07929e-05
8321 : 1
8321 : 0.000547461 0.999453
8322 : 1
8322 : 0.0994825 0.900518
8323 : 1
8323 : 0.00650645 0.993493
8324 : 1
8324 : 0.0802451 0.919755
8325 : 0
8325 : 0.999913 8.69419e-05
8326 : 1
8326 : 9.63344e-06 0.99999
8327 : 1
8327 : 1.53632e-05 0.999985
8328 : 0
8328 : 0.990449 0.00955143
8329 : 0
8329 : 0.999988 1.19004e-05
8330 : 0
8330 : 1.0 1.84209e-12
8331 : 0
8331 : 0.955222 0.0447776
8332 : 1
8332 : 2.46321e-05 0.999975
8333 : 1
8333 : 0.00114498 0.998855
8334 : 0
8334 : 0.790831 0.209169
8335 : 1
8335 : 2.57163e-08 1.0
8336 : 0
8336 : 1.0 1.1447e-08
8337 : 1
8337 : 1.77225e-06 0.999998
8338 : 0
8338 : 0.984939 0.0150614
8339 : 0
8339 : 0.825262 0.174738
8340 : 0
8340 : 0.999548 0.000451818
8341 : 1
8341 : 9.91486e-06 0.99999
8342 : 1
8342 : 0.0165272 0.983473
8343 : 1
8343 : 7.30086e-06 0.999993
8344 : 1
8344 : 1.39191e-10 1.0
8345 : 0
8345 : 0.999859 0.000141224
8346 : 0
8346 : 0.849077 0.150923
8347 : 1
8347 : 0.00865353 0.991346
8348 : 0
8348 : 0.99997 2.96726e-05
8349 : 1
8349 : 0.0803248 0.919675
8350 : 1
8350 : 0.446162 0.553838
8351 : 0
8351 : 0.998715 0.001285
8352 : 1
8352 : 0.45726 0.54274
8353 : 0
8353 : 0.999741 0.000259032
8354 : 0
8354 : 0.999996 4.09238e-06
8355 : 1
8355 : 0.00269986 0.9973
8356 : 0
8356 : 0.999984 1.61722e-05
8357 : 1
8357 : 3.92057e-05 0.999961
8358 : 1
8358 : 0.106901 0.893099
8359 : 0
8359 : 1.0 7.02292e-12
8360 : 1
8360 : 3.20806e-09 1.0
8361 : 1
8361 : 0.351957 0.648043
8362 : 1
8362 : 1.30989e-08 1.0
8363 : 0
8363 : 0.997656 0.00234427
8364 : 1
8364 : 5.81637e-05 0.999942
8365 : 1
8365 : 0.000439946 0.99956
8366 : 0
8366 : 0.999955 4.52147e-05
8367 : 0
8367 : 0.999999 1.06765e-06
8368 : 1
8368 : 0.000425204 0.999575
8369 : 1
8369 : 0.0029285 0.997072
8370 : 1
8370 : 0.0998628 0.900137
8371 : 1
8371 : 0.0548684 0.945132
8372 : 0
8372 : 0.996569 0.00343144
8373 : 0
8373 : 1.0 3.65125e-07
8374 : 0
8374 : 0.999953 4.70512e-05
8375 : 1
8375 : 0.00459411 0.995406
8376 : 0
8376 : 1.0 4.61589e-07
8377 : 0
8377 : 0.977303 0.0226973
8378 : 0
8378 : 0.886425 0.113575
8379 : 1
8379 : 0.000151145 0.999849
8380 : 1
8380 : 2.19742e-05 0.999978
8381 : 0
8381 : 0.999999 6.83167e-07
8382 : 1
8382 : 7.54358e-10 1.0
8383 : 0
8383 : 0.548743 0.451257
8384 : 1
8384 : 1.2658e-11 1.0
8385 : 0
8385 : 0.670512 0.329488
8386 : 1
8386 : 0.00033431 0.999666
8387 : 0
8387 : 0.999999 7.61341e-07
8388 : 1
8388 : 0.262589 0.737411
8389 : 1
8389 : 0.000749646 0.99925
8390 : 1
8390 : 0.00804882 0.991951
8391 : 0
8391 : 1.0 3.99418e-07
8392 : 1
8392 : 0.321217 0.678783
8393 : 0
8393 : 0.998694 0.00130641
8394 : 1
8394 : 1.73939e-10 1.0
8395 : 0
8395 : 0.797783 0.202217
8396 : 1
8396 : 9.08945e-06 0.999991
8397 : 0
8397 : 0.999306 0.000693535
8398 : 1
8398 : 4.86708e-05 0.999951
8399 : 1
8399 : 2.90145e-05 0.999971
8400 : 0
8400 : 0.999942 5.8364e-05
8401 : 0
8401 : 0.999891 0.000109444
8402 : 0
8402 : 0.981693 0.0183067
8403 : 1
8403 : 0.00451833 0.995482
8404 : 0
8404 : 0.999924 7.636e-05
8405 : 0
8405 : 0.999774 0.000225797
8406 : 0
8406 : 0.992179 0.00782136
8407 : 1
8407 : 0.00153897 0.998461
8408 : 0
8408 : 0.998483 0.00151736
8409 : 0
8409 : 0.999662 0.000338484
8410 : 0
8410 : 0.988109 0.0118911
8411 : 1
8411 : 0.00276061 0.997239
8412 : 1
8412 : 2.93565e-05 0.999971
8413 : 0
8413 : 0.999951 4.8623e-05
8414 : 1
8414 : 0.000153599 0.999846
8415 : 1
8415 : 0.000130495 0.99987
8416 : 1
8416 : 0.000769251 0.999231
8417 : 0
8417 : 0.998786 0.00121416
8418 : 0
8418 : 0.999016 0.000984393
8419 : 1
8419 : 0.00198351 0.998016
8420 : 1
8420 : 0.174784 0.825216
8421 : 0
8421 : 0.999916 8.43325e-05
8422 : 1
8422 : 3.84123e-10 1.0
8423 : 0
8423 : 0.999997 2.63681e-06
8424 : 0
8424 : 0.730542 0.269458
8425 : 0
8425 : 0.999997 3.40822e-06
8426 : 0
8426 : 1.0 5.99902e-08
8427 : 1
8427 : 0.000111294 0.999889
8428 : 0
8428 : 0.796621 0.203379
8429 : 1
8429 : 1.54329e-07 1.0
8430 : 1
8430 : 0.0379576 0.962042
8431 : 0
8431 : 0.999999 1.21504e-06
8432 : 0
8432 : 0.999745 0.000255437
8433 : 1
8433 : 2.15793e-10 1.0
8434 : 1
8434 : 4.30664e-07 1.0
8435 : 0
8435 : 1.0 1.04869e-07
8436 : 0
8436 : 0.999645 0.000355169
8437 : 0
8437 : 1.0 4.65587e-09
8438 : 1
8438 : 0.00035429 0.999646
8439 : 1
8439 : 2.74169e-06 0.999997
8440 : 1
8440 : 8.86471e-05 0.999911
8441 : 1
8441 : 0.277503 0.722497
8442 : 1
8442 : 4.30385e-05 0.999957
8443 : 0
8443 : 0.999999 5.33182e-07
8444 : 1
8444 : 2.88861e-05 0.999971
8445 : 1
8445 : 0.000332468 0.999668
8446 : 0
8446 : 0.99875 0.00125045
8447 : 0
8447 : 0.999999 7.67032e-07
8448 : 1
8448 : 8.3918e-06 0.999992
8449 : 1
8449 : 1.45802e-11 1.0
8450 : 0
8450 : 0.999998 1.57361e-06
8451 : 1
8451 : 0.33083 0.66917
8452 : 0
8452 : 0.999158 0.000842353
8453 : 0
8453 : 0.996346 0.00365383
8454 : 0
8454 : 1.0 7.07714e-09
8455 : 1
8455 : 0.422073 0.577927
8456 : 1
8456 : 0.180481 0.819519
8457 : 1
8457 : 0.00230588 0.997694
8458 : 0
8458 : 0.998809 0.00119146
8459 : 0
8459 : 0.992722 0.00727774
8460 : 0
8460 : 0.800824 0.199176
8461 : 1
8461 : 5.56703e-07 0.999999
8462 : 0
8462 : 1.0 1.36651e-08
8463 : 1
8463 : 9.43255e-10 1.0
8464 : 1
8464 : 7.49009e-05 0.999925
8465 : 0
8465 : 0.517954 0.482046
8466 : 1
8466 : 0.304073 0.695927
8467 : 1
8467 : 0.0160337 0.983966
8468 : 0
8468 : 0.989615 0.010385
8469 : 0
8469 : 1.0 2.01889e-07
8470 : 1
8470 : 6.09325e-05 0.999939
8471 : 1
8471 : 0.00108897 0.998911
8472 : 0
8472 : 0.943503 0.056497
8473 : 1
8473 : 0.497855 0.502145
8474 : 1
8474 : 0.269189 0.730811
8475 : 1
8475 : 0.379966 0.620034
8476 : 1
8476 : 6.34794e-12 1.0
8477 : 0
8477 : 0.568001 0.431999
8478 : 1
8478 : 0.0961057 0.903894
8479 : 0
8479 : 0.999993 7.17485e-06
8480 : 1
8480 : 0.104277 0.895723
8481 : 1
8481 : 5.17047e-08 1.0
8482 : 0
8482 : 0.911869 0.0881311
8483 : 1
8483 : 2.17843e-06 0.999998
8484 : 0
8484 : 0.995875 0.00412496
8485 : 1
8485 : 3.98604e-08 1.0
8486 : 1
8486 : 1.36129e-05 0.999986
8487 : 0
8487 : 0.999999 1.49863e-06
8488 : 1
8488 : 1.95965e-06 0.999998
8489 : 0
8489 : 0.999216 0.000784366
8490 : 1
8490 : 7.68131e-07 0.999999
8491 : 1
8491 : 0.102156 0.897844
8492 : 0
8492 : 0.99997 3.02246e-05
8493 : 0
8493 : 0.658111 0.341889
8494 : 0
8494 : 0.999998 2.20242e-06
8495 : 0
8495 : 0.937173 0.0628271
8496 : 1
8496 : 3.42384e-05 0.999966
8497 : 0
8497 : 0.804453 0.195547
8498 : 0
8498 : 1.0 4.07748e-08
8499 : 0
8499 : 0.998991 0.0010093
8500 : 0
8500 : 0.955333 0.0446674
8501 : 0
8501 : 0.991672 0.0083282
8502 : 0
8502 : 1.0 3.57526e-10
8503 : 1
8503 : 5.71305e-09 1.0
8504 : 0
8504 : 0.593289 0.406711
8505 : 1
8505 : 0.141566 0.858434
8506 : 0
8506 : 0.999872 0.000127528
8507 : 1
8507 : 0.018862 0.981138
8508 : 1
8508 : 4.48714e-05 0.999955
8509 : 0
8509 : 0.998644 0.00135646
8510 : 0
8510 : 0.999951 4.87833e-05
8511 : 0
8511 : 1.0 3.30231e-07
8512 : 1
8512 : 0.361287 0.638713
8513 : 0
8513 : 0.99515 0.00485013
8514 : 0
8514 : 0.999883 0.000116945
8515 : 1
8515 : 2.69472e-06 0.999997
8516 : 1
8516 : 0.00157897 0.998421
8517 : 1
8517 : 0.000976525 0.999023
8518 : 0
8518 : 0.988249 0.0117512
8519 : 0
8519 : 0.682213 0.317787
8520 : 0
8520 : 1.0 3.3406e-09
8521 : 1
8521 : 0.0146439 0.985356
8522 : 0
8522 : 0.997483 0.0025168
8523 : 0
8523 : 0.999996 4.085e-06
8524 : 1
8524 : 0.00200143 0.997999
8525 : 0
8525 : 0.997701 0.00229858
8526 : 0
8526 : 0.999995 5.1143e-06
8527 : 0
8527 : 0.799879 0.200121
8528 : 1
8528 : 2.86987e-12 1.0
8529 : 0
8529 : 0.99993 7.02701e-05
8530 : 1
8530 : 2.62941e-07 1.0
8531 : 0
8531 : 1.0 3.13152e-08
8532 : 1
8532 : 0.0115016 0.988498
8533 : 0
8533 : 0.614559 0.385441
8534 : 1
8534 : 1.98437e-06 0.999998
8535 : 1
8535 : 0.186232 0.813768
8536 : 0
8536 : 0.999473 0.00052672
8537 : 0
8537 : 0.999953 4.70645e-05
8538 : 1
8538 : 0.415442 0.584558
8539 : 1
8539 : 0.029368 0.970632
8540 : 1
8540 : 5.01505e-06 0.999995
8541 : 1
8541 : 1.05148e-09 1.0
8542 : 1
8542 : 0.0102581 0.989742
8543 : 1
8543 : 3.99878e-05 0.99996
8544 : 0
8544 : 0.638745 0.361255
8545 : 1
8545 : 9.70956e-16 1.0
8546 : 0
8546 : 0.982859 0.0171413
8547 : 1
8547 : 0.000209894 0.99979
8548 : 1
8548 : 0.00470251 0.995298
8549 : 0
8549 : 0.999952 4.77497e-05
8550 : 1
8550 : 0.049025 0.950975
8551 : 0
8551 : 0.972064 0.0279355
8552 : 0
8552 : 0.992977 0.00702334
8553 : 0
8553 : 0.961156 0.0388436
8554 : 0
8554 : 0.999959 4.13399e-05
8555 : 0
8555 : 1.0 8.85191e-10
8556 : 1
8556 : 0.0130409 0.986959
8557 : 0
8557 : 0.99989 0.000110039
8558 : 0
8558 : 0.996911 0.00308862
8559 : 1
8559 : 1.24922e-12 1.0
8560 : 1
8560 : 1.06388e-05 0.999989
8561 : 1
8561 : 1.60102e-05 0.999984
8562 : 1
8562 : 0.0190772 0.980923
8563 : 1
8563 : 0.0188452 0.981155
8564 : 1
8564 : 0.00304938 0.996951
8565 : 1
8565 : 0.0667708 0.933229
8566 : 0
8566 : 1.0 1.52403e-07
8567 : 0
8567 : 0.984297 0.0157031
8568 : 1
8568 : 0.0382672 0.961733
8569 : 1
8569 : 4.97592e-14 1.0
8570 : 0
8570 : 0.999633 0.000366817
8571 : 1
8571 : 0.000363111 0.999637
8572 : 0
8572 : 0.9708 0.0292003
8573 : 0
8573 : 0.992718 0.00728225
8574 : 0
8574 : 0.999928 7.23391e-05
8575 : 0
8575 : 1.0 1.13383e-09
8576 : 0
8576 : 0.99997 2.99958e-05
8577 : 0
8577 : 1.0 7.2638e-09
8578 : 1
8578 : 0.0530993 0.946901
8579 : 1
8579 : 5.20472e-05 0.999948
8580 : 0
8580 : 1.0 2.56658e-10
8581 : 1
8581 : 0.118352 0.881648
8582 : 0
8582 : 1.0 8.19373e-09
8583 : 1
8583 : 0.00445383 0.995546
8584 : 1
8584 : 0.339903 0.660097
8585 : 0
8585 : 0.992346 0.00765368
8586 : 0
8586 : 0.92696 0.0730397
8587 : 0
8587 : 0.999728 0.000271766
8588 : 1
8588 : 0.00102601 0.998974
8589 : 1
8589 : 0.0335795 0.96642
8590 : 1
8590 : 9.71418e-05 0.999903
8591 : 0
8591 : 0.998483 0.00151734
8592 : 1
8592 : 0.00644262 0.993557
8593 : 0
8593 : 0.999581 0.000419128
8594 : 0
8594 : 0.999987 1.29628e-05
8595 : 1
8595 : 0.476085 0.523915
8596 : 1
8596 : 0.0180406 0.981959
8597 : 1
8597 : 0.000271703 0.999728
8598 : 0
8598 : 0.999946 5.37787e-05
8599 : 0
8599 : 0.999985 1.51609e-05
8600 : 1
8600 : 4.83212e-06 0.999995
8601 : 1
8601 : 5.49723e-06 0.999994
8602 : 0
8602 : 0.994879 0.00512093
8603 : 1
8603 : 0.146653 0.853347
8604 : 0
8604 : 0.970352 0.0296482
8605 : 0
8605 : 0.999928 7.23662e-05
8606 : 0
8606 : 0.958395 0.0416051
8607 : 1
8607 : 0.431197 0.568803
8608 : 0
8608 : 0.999985 1.47877e-05
8609 : 1
8609 : 0.00444992 0.99555
8610 : 1
8610 : 4.18578e-06 0.999996
8611 : 1
8611 : 5.73348e-07 0.999999
8612 : 1
8612 : 0.000230813 0.999769
8613 : 1
8613 : 9.25568e-09 1.0
8614 : 0
8614 : 0.999356 0.000643668
8615 : 1
8615 : 3.5845e-05 0.999964
8616 : 0
8616 : 0.997286 0.00271445
8617 : 0
8617 : 0.998613 0.00138741
8618 : 0
8618 : 0.998807 0.0011931
8619 : 0
8619 : 1.0 3.17499e-11
8620 : 1
8620 : 0.136037 0.863963
8621 : 1
8621 : 8.41088e-08 1.0
8622 : 1
8622 : 0.000319923 0.99968
8623 : 1
8623 : 0.0452533 0.954747
8624 : 0
8624 : 0.995752 0.00424822
8625 : 0
8625 : 1.0 3.84118e-09
8626 : 0
8626 : 0.995832 0.00416794
8627 : 0
8627 : 0.989993 0.0100074
8628 : 1
8628 : 5.61593e-09 1.0
8629 : 1
8629 : 0.000993631 0.999006
8630 : 1
8630 : 0.0028977 0.997102
8631 : 0
8631 : 0.866043 0.133957
8632 : 1
8632 : 5.86256e-07 0.999999
8633 : 1
8633 : 1.58145e-08 1.0
8634 : 0
8634 : 0.975415 0.0245851
8635 : 0
8635 : 0.786716 0.213284
8636 : 1
8636 : 4.96291e-06 0.999995
8637 : 1
8637 : 1.0851e-07 1.0
8638 : 1
8638 : 4.12374e-06 0.999996
8639 : 0
8639 : 1.0 1.00225e-09
8640 : 0
8640 : 0.917127 0.0828727
8641 : 0
8641 : 1.0 1.94709e-10
8642 : 1
8642 : 5.7789e-05 0.999942
8643 : 0
8643 : 0.999968 3.20466e-05
8644 : 0
8644 : 0.989784 0.0102164
8645 : 1
8645 : 0.0840121 0.915988
8646 : 1
8646 : 0.00014631 0.999854
8647 : 1
8647 : 0.286932 0.713068
8648 : 1
8648 : 1.47875e-05 0.999985
8649 : 0
8649 : 0.999541 0.000459357
8650 : 0
8650 : 1.0 2.9987e-15
8651 : 1
8651 : 1.40199e-07 1.0
8652 : 0
8652 : 0.999918 8.23818e-05
8653 : 1
8653 : 0.0021704 0.99783
8654 : 1
8654 : 0.221392 0.778608
8655 : 0
8655 : 0.610907 0.389093
8656 : 0
8656 : 0.99996 4.04468e-05
8657 : 1
8657 : 5.51958e-05 0.999945
8658 : 1
8658 : 0.000162155 0.999838
8659 : 1
8659 : 0.000338521 0.999661
8660 : 0
8660 : 0.989125 0.0108755
8661 : 1
8661 : 0.0042484 0.995752
8662 : 0
8662 : 0.999985 1.4542e-05
8663 : 1
8663 : 0.0132961 0.986704
8664 : 1
8664 : 0.25111 0.74889
8665 : 0
8665 : 0.964144 0.0358563
8666 : 1
8666 : 0.00755576 0.992444
8667 : 0
8667 : 0.999062 0.00093823
8668 : 1
8668 : 9.81972e-09 1.0
8669 : 0
8669 : 0.999388 0.000612388
8670 : 1
8670 : 0.00411017 0.99589
8671 : 1
8671 : 1.17257e-05 0.999988
8672 : 1
8672 : 7.16834e-05 0.999928
8673 : 1
8673 : 0.200557 0.799443
8674 : 0
8674 : 0.999779 0.000220725
8675 : 1
8675 : 6.76114e-11 1.0
8676 : 0
8676 : 0.865346 0.134654
8677 : 1
8677 : 2.49756e-13 1.0
8678 : 0
8678 : 0.999955 4.5049e-05
8679 : 0
8679 : 1.0 8.43011e-08
8680 : 0
8680 : 0.999236 0.000763533
8681 : 0
8681 : 1.0 2.99321e-17
8682 : 0
8682 : 0.999447 0.000552924
8683 : 0
8683 : 0.962517 0.0374826
8684 : 0
8684 : 0.99999 1.05171e-05
8685 : 0
8685 : 0.999317 0.000683047
8686 : 0
8686 : 0.88525 0.11475
8687 : 0
8687 : 0.993123 0.00687681
8688 : 0
8688 : 0.997789 0.00221138
8689 : 0
8689 : 0.999921 7.85511e-05
8690 : 0
8690 : 0.999994 6.35105e-06
8691 : 1
8691 : 4.26621e-06 0.999996
8692 : 0
8692 : 0.999999 6.48515e-07
8693 : 1
8693 : 0.000732622 0.999267
8694 : 0
8694 : 0.990681 0.00931928
8695 : 1
8695 : 0.245373 0.754627
8696 : 0
8696 : 0.985014 0.0149855
8697 : 1
8697 : 2.27673e-05 0.999977
8698 : 0
8698 : 1.0 3.24638e-07
8699 : 1
8699 : 0.00149946 0.998501
8700 : 0
8700 : 0.999345 0.000654456
8701 : 0
8701 : 1.0 5.21656e-08
8702 : 1
8702 : 0.00212586 0.997874
8703 : 1
8703 : 0.0897405 0.910259
8704 : 1
8704 : 0.327049 0.672951
8705 : 1
8705 : 0.0069133 0.993087
8706 : 0
8706 : 0.983866 0.0161338
8707 : 1
8707 : 0.00443137 0.995569
8708 : 1
8708 : 3.97891e-07 1.0
8709 : 1
8709 : 0.00374142 0.996259
8710 : 0
8710 : 1.0 3.43964e-07
8711 : 1
8711 : 0.343768 0.656232
8712 : 1
8712 : 0.000681014 0.999319
8713 : 1
8713 : 1.48726e-07 1.0
8714 : 0
8714 : 0.998613 0.001387
8715 : 1
8715 : 8.78109e-05 0.999912
8716 : 0
8716 : 0.961461 0.0385394
8717 : 0
8717 : 1.0 6.87302e-09
8718 : 0
8718 : 0.999999 8.00815e-07
8719 : 1
8719 : 0.00330893 0.996691
8720 : 1
8720 : 0.0188316 0.981168
8721 : 0
8721 : 0.952426 0.0475743
8722 : 1
8722 : 1.79524e-08 1.0
8723 : 0
8723 : 0.695841 0.304159
8724 : 0
8724 : 0.999999 1.08936e-06
8725 : 1
8725 : 0.00024609 0.999754
8726 : 0
8726 : 1.0 7.47591e-10
8727 : 0
8727 : 0.997466 0.00253431
8728 : 1
8728 : 0.000536141 0.999464
8729 : 1
8729 : 0.00491499 0.995085
8730 : 1
8730 : 0.00356456 0.996435
8731 : 0
8731 : 0.747121 0.252879
8732 : 1
8732 : 1.94109e-06 0.999998
8733 : 1
8733 : 0.00126693 0.998733
8734 : 0
8734 : 0.975495 0.0245046
8735 : 0
8735 : 0.963218 0.0367824
8736 : 1
8736 : 7.69798e-05 0.999923
8737 : 0
8737 : 0.999916 8.42591e-05
8738 : 0
8738 : 0.64668 0.35332
8739 : 1
8739 : 0.000121965 0.999878
8740 : 1
8740 : 3.43249e-07 1.0
8741 : 0
8741 : 0.999564 0.000435626
8742 : 1
8742 : 0.0824427 0.917557
8743 : 1
8743 : 0.0129797 0.98702
8744 : 0
8744 : 0.672689 0.327311
8745 : 1
8745 : 0.000215248 0.999785
8746 : 1
8746 : 8.18166e-06 0.999992
8747 : 0
8747 : 0.998567 0.0014333
8748 : 0
8748 : 0.999966 3.41446e-05
8749 : 0
8749 : 1.0 3.38566e-09
8750 : 0
8750 : 1.0 4.94352e-07
8751 : 0
8751 : 0.559491 0.440509
8752 : 0
8752 : 0.999999 1.44205e-06
8753 : 0
8753 : 0.589947 0.410053
8754 : 0
8754 : 0.954679 0.0453209
8755 : 1
8755 : 8.74454e-05 0.999913
8756 : 0
8756 : 0.994615 0.00538534
8757 : 0
8757 : 0.999967 3.29143e-05
8758 : 1
8758 : 3.48054e-06 0.999996
8759 : 1
8759 : 0.100889 0.899111
8760 : 0
8760 : 0.999983 1.65568e-05
8761 : 0
8761 : 0.949724 0.0502758
8762 : 1
8762 : 5.99883e-07 0.999999
8763 : 1
8763 : 0.324067 0.675932
8764 : 0
8764 : 1.0 2.88765e-07
8765 : 0
8765 : 0.894034 0.105966
8766 : 1
8766 : 0.157502 0.842498
8767 : 1
8767 : 5.39917e-05 0.999946
8768 : 1
8768 : 0.309256 0.690744
8769 : 1
8769 : 0.0108131 0.989187
8770 : 0
8770 : 0.999427 0.000573235
8771 : 0
8771 : 0.998441 0.00155873
8772 : 1
8772 : 0.191926 0.808074
8773 : 0
8773 : 1.0 3.08675e-12
8774 : 0
8774 : 0.97261 0.0273904
8775 : 0
8775 : 0.705516 0.294484
8776 : 0
8776 : 0.999984 1.63859e-05
8777 : 0
8777 : 0.999959 4.05604e-05
8778 : 0
8778 : 0.993601 0.00639943
8779 : 1
8779 : 2.30442e-09 1.0
8780 : 0
8780 : 0.98732 0.0126804
8781 : 1
8781 : 0.0569342 0.943066
8782 : 0
8782 : 0.94371 0.05629
8783 : 0
8783 : 0.999999 9.29423e-07
8784 : 1
8784 : 3.10641e-06 0.999997
8785 : 0
8785 : 0.989665 0.0103348
8786 : 0
8786 : 0.970956 0.029044
8787 : 0
8787 : 0.876452 0.123548
8788 : 1
8788 : 0.00633043 0.99367
8789 : 1
8789 : 0.00012957 0.99987
8790 : 0
8790 : 0.998468 0.00153252
8791 : 1
8791 : 0.00527376 0.994726
8792 : 1
8792 : 2.47132e-14 1.0
8793 : 1
8793 : 0.00094787 0.999052
8794 : 1
8794 : 6.34076e-05 0.999937
8795 : 1
8795 : 0.00136072 0.998639
8796 : 1
8796 : 0.130501 0.869499
8797 : 1
8797 : 9.17281e-11 1.0
8798 : 0
8798 : 0.998962 0.00103836
8799 : 1
8799 : 1.88067e-05 0.999981
8800 : 1
8800 : 4.391e-08 1.0
8801 : 1
8801 : 0.00113296 0.998867
8802 : 1
8802 : 7.09701e-09 1.0
8803 : 0
8803 : 0.999429 0.000571496
8804 : 0
8804 : 0.988474 0.0115263
8805 : 0
8805 : 1.0 1.67261e-07
8806 : 0
8806 : 0.999998 1.55511e-06
8807 : 1
8807 : 4.38142e-05 0.999956
8808 : 0
8808 : 0.997083 0.00291712
8809 : 1
8809 : 1.20703e-06 0.999999
8810 : 0
8810 : 1.0 1.76648e-08
8811 : 0
8811 : 0.64301 0.35699
8812 : 0
8812 : 1.0 3.27632e-07
8813 : 0
8813 : 0.999639 0.000361265
8814 : 0
8814 : 0.999014 0.000985509
8815 : 1
8815 : 0.073473 0.926527
8816 : 1
8816 : 0.0134983 0.986502
8817 : 1
8817 : 0.223502 0.776498
8818 : 1
8818 : 0.000262199 0.999738
8819 : 1
8819 : 3.47937e-10 1.0
8820 : 0
8820 : 0.999999 6.82287e-07
8821 : 1
8821 : 3.16133e-08 1.0
8822 : 0
8822 : 0.999895 0.000104788
8823 : 1
8823 : 0.000636352 0.999364
8824 : 0
8824 : 1.0 1.52161e-10
8825 : 0
8825 : 0.999937 6.33693e-05
8826 : 0
8826 : 0.997105 0.00289452
8827 : 1
8827 : 2.19632e-06 0.999998
8828 : 1
8828 : 5.39349e-05 0.999946
8829 : 1
8829 : 0.000390941 0.999609
8830 : 0
8830 : 0.99988 0.000120022
8831 : 1
8831 : 0.0803157 0.919684
8832 : 0
8832 : 0.999749 0.000250629
8833 : 1
8833 : 5.30078e-08 1.0
8834 : 0
8834 : 0.992804 0.00719571
8835 : 1
8835 : 0.00388707 0.996113
8836 : 1
8836 : 0.225402 0.774598
8837 : 0
8837 : 0.897518 0.102482
8838 : 1
8838 : 0.021606 0.978394
8839 : 1
8839 : 0.0164379 0.983562
8840 : 0
8840 : 0.633289 0.366711
8841 : 0
8841 : 0.999621 0.000379312
8842 : 1
8842 : 5.66666e-06 0.999994
8843 : 1
8843 : 0.0435363 0.956464
8844 : 0
8844 : 0.999996 3.73762e-06
8845 : 0
8845 : 1.0 2.44057e-10
8846 : 1
8846 : 0.31377 0.68623
8847 : 1
8847 : 0.00235042 0.99765
8848 : 1
8848 : 0.0316548 0.968345
8849 : 0
8849 : 0.999895 0.000104641
8850 : 0
8850 : 0.998963 0.00103746
8851 : 0
8851 : 0.998877 0.00112311
8852 : 0
8852 : 0.999307 0.000693274
8853 : 0
8853 : 0.999885 0.000115053
8854 : 1
8854 : 0.238771 0.761229
8855 : 1
8855 : 9.85798e-10 1.0
8856 : 0
8856 : 0.996051 0.00394849
8857 : 1
8857 : 8.2978e-05 0.999917
8858 : 0
8858 : 0.999945 5.54848e-05
8859 : 0
8859 : 0.999604 0.000396335
8860 : 1
8860 : 0.250184 0.749816
8861 : 1
8861 : 0.00158341 0.998417
8862 : 1
8862 : 0.000309759 0.99969
8863 : 1
8863 : 0.000140175 0.99986
8864 : 1
8864 : 4.81207e-07 1.0
8865 : 1
8865 : 0.000124513 0.999875
8866 : 0
8866 : 0.999855 0.000145093
8867 : 1
8867 : 0.0104707 0.989529
8868 : 0
8868 : 0.957372 0.0426279
8869 : 1
8869 : 0.00108867 0.998911
8870 : 1
8870 : 0.000261285 0.999739
8871 : 0
8871 : 0.999987 1.32136e-05
8872 : 0
8872 : 1.0 1.97559e-09
8873 : 0
8873 : 0.998063 0.00193678
8874 : 0
8874 : 0.999458 0.00054211
8875 : 0
8875 : 1.0 4.47849e-11
8876 : 0
8876 : 0.99866 0.00133958
8877 : 1
8877 : 0.233011 0.766989
8878 : 1
8878 : 0.00881062 0.991189
8879 : 1
8879 : 0.120745 0.879255
8880 : 0
8880 : 0.993787 0.00621337
8881 : 1
8881 : 1.87649e-09 1.0
8882 : 1
8882 : 1.99847e-10 1.0
8883 : 1
8883 : 0.000162229 0.999838
8884 : 1
8884 : 0.00208699 0.997913
8885 : 0
8885 : 1.0 3.72106e-09
8886 : 0
8886 : 1.0 6.59932e-12
8887 : 0
8887 : 0.9987 0.00129969
8888 : 1
8888 : 1.17259e-05 0.999988
8889 : 1
8889 : 0.000471977 0.999528
8890 : 0
8890 : 0.9994 0.000600384
8891 : 0
8891 : 0.953228 0.0467725
8892 : 1
8892 : 3.33594e-07 1.0
8893 : 0
8893 : 1.0 2.25071e-08
8894 : 0
8894 : 0.999992 7.65241e-06
8895 : 0
8895 : 0.999955 4.4896e-05
8896 : 0
8896 : 0.999998 1.62619e-06
8897 : 1
8897 : 0.0124656 0.987534
8898 : 1
8898 : 6.15706e-06 0.999994
8899 : 0
8899 : 1.0 4.87549e-07
8900 : 0
8900 : 1.0 4.65073e-09
8901 : 1
8901 : 6.35223e-07 0.999999
8902 : 1
8902 : 0.000680861 0.999319
8903 : 0
8903 : 0.99199 0.00800969
8904 : 0
8904 : 0.999995 4.58807e-06
8905 : 0
8905 : 0.701194 0.298806
8906 : 1
8906 : 0.427604 0.572396
8907 : 1
8907 : 0.227761 0.772239
8908 : 1
8908 : 0.213577 0.786423
8909 : 0
8909 : 1.0 1.05819e-08
8910 : 0
8910 : 0.999999 6.62318e-07
8911 : 0
8911 : 0.999815 0.000185127
8912 : 0
8912 : 1.0 2.64025e-08
8913 : 1
8913 : 5.57651e-13 1.0
8914 : 0
8914 : 0.999992 7.57856e-06
8915 : 0
8915 : 0.968008 0.0319925
8916 : 0
8916 : 0.824367 0.175634
8917 : 0
8917 : 0.570893 0.429107
8918 : 0
8918 : 0.980709 0.0192913
8919 : 0
8919 : 0.993505 0.00649518
8920 : 1
8920 : 3.32718e-06 0.999997
8921 : 0
8921 : 0.999785 0.000214862
8922 : 0
8922 : 0.975106 0.0248943
8923 : 1
8923 : 0.396797 0.603203
8924 : 1
8924 : 0.0270363 0.972964
8925 : 0
8925 : 0.952986 0.0470137
8926 : 0
8926 : 0.996152 0.00384767
8927 : 1
8927 : 0.0551696 0.94483
8928 : 0
8928 : 0.999961 3.93194e-05
8929 : 1
8929 : 0.0150579 0.984942
8930 : 0
8930 : 0.678135 0.321865
8931 : 0
8931 : 0.995531 0.00446925
8932 : 0
8932 : 0.999994 5.6104e-06
8933 : 1
8933 : 2.11651e-05 0.999979
8934 : 0
8934 : 0.878535 0.121465
8935 : 1
8935 : 2.94656e-06 0.999997
8936 : 1
8936 : 6.77672e-06 0.999993
8937 : 1
8937 : 0.482998 0.517002
8938 : 1
8938 : 0.00151574 0.998484
8939 : 1
8939 : 7.14363e-05 0.999929
8940 : 0
8940 : 0.958409 0.0415912
8941 : 0
8941 : 1.0 3.36716e-11
8942 : 0
8942 : 0.999962 3.84944e-05
8943 : 0
8943 : 1.0 1.79624e-07
8944 : 0
8944 : 0.998694 0.00130621
8945 : 0
8945 : 0.988703 0.0112971
8946 : 0
8946 : 0.99382 0.00618003
8947 : 1
8947 : 6.19405e-09 1.0
8948 : 1
8948 : 0.00216072 0.997839
8949 : 1
8949 : 0.0275361 0.972464
8950 : 0
8950 : 0.916991 0.083009
8951 : 0
8951 : 0.999952 4.74792e-05
8952 : 1
8952 : 8.31025e-07 0.999999
8953 : 1
8953 : 0.000110643 0.999889
8954 : 0
8954 : 0.964986 0.0350137
8955 : 1
8955 : 1.15064e-05 0.999988
8956 : 0
8956 : 0.999796 0.00020423
8957 : 1
8957 : 0.0150409 0.984959
8958 : 1
8958 : 0.000100329 0.9999
8959 : 1
8959 : 1.20627e-06 0.999999
8960 : 1
8960 : 6.2366e-05 0.999938
8961 : 1
8961 : 2.50039e-07 1.0
8962 : 0
8962 : 0.999331 0.000669093
8963 : 0
8963 : 0.97464 0.0253601
8964 : 1
8964 : 0.305531 0.694469
8965 : 1
8965 : 4.87006e-06 0.999995
8966 : 1
8966 : 0.00858686 0.991413
8967 : 0
8967 : 0.993387 0.006613
8968 : 1
8968 : 0.247851 0.752149
8969 : 1
8969 : 0.0357177 0.964282
8970 : 1
8970 : 9.04069e-07 0.999999
8971 : 0
8971 : 0.999827 0.000172597
8972 : 0
8972 : 0.999994 6.17789e-06
8973 : 1
8973 : 0.000167535 0.999832
8974 : 1
8974 : 0.000440555 0.999559
8975 : 1
8975 : 0.000452798 0.999547
8976 : 1
8976 : 2.62107e-13 1.0
8977 : 1
8977 : 1.03121e-06 0.999999
8978 : 0
8978 : 0.999916 8.35897e-05
8979 : 0
8979 : 0.999986 1.40422e-05
8980 : 1
8980 : 7.06949e-09 1.0
8981 : 0
8981 : 0.982313 0.0176871
8982 : 1
8982 : 4.40374e-06 0.999996
8983 : 1
8983 : 4.97266e-08 1.0
8984 : 0
8984 : 0.999929 7.14159e-05
8985 : 1
8985 : 0.000204515 0.999795
8986 : 0
8986 : 0.999467 0.000532493
8987 : 0
8987 : 0.888284 0.111716
8988 : 0
8988 : 0.874104 0.125896
8989 : 0
8989 : 0.868446 0.131554
8990 : 1
8990 : 3.63387e-05 0.999964
8991 : 0
8991 : 0.999919 8.13348e-05
8992 : 1
8992 : 1.82086e-06 0.999998
8993 : 1
8993 : 0.372866 0.627134
8994 : 0
8994 : 0.998935 0.0010647
8995 : 1
8995 : 0.0107896 0.98921
8996 : 0
8996 : 0.999394 0.000606156
8997 : 0
8997 : 0.995236 0.00476379
8998 : 1
8998 : 0.0105466 0.989453
8999 : 0
8999 : 0.970584 0.0294161
9000 : 1
9000 : 3.35552e-09 1.0
9001 : 1
9001 : 3.59506e-06 0.999996
9002 : 0
9002 : 0.999758 0.000242163
9003 : 1
9003 : 0.273624 0.726376
9004 : 1
9004 : 0.00129273 0.998707
9005 : 0
9005 : 0.99935 0.000649972
9006 : 1
9006 : 5.34689e-05 0.999946
9007 : 1
9007 : 0.000985602 0.999014
9008 : 0
9008 : 0.999998 2.13875e-06
9009 : 1
9009 : 0.238881 0.761119
9010 : 1
9010 : 0.0177947 0.982205
9011 : 0
9011 : 0.95112 0.0488795
9012 : 0
9012 : 0.986155 0.0138451
9013 : 1
9013 : 8.3801e-05 0.999916
9014 : 1
9014 : 0.345196 0.654804
9015 : 0
9015 : 0.956142 0.0438581
9016 : 0
9016 : 0.881373 0.118627
9017 : 1
9017 : 0.000372256 0.999628
9018 : 1
9018 : 0.000604848 0.999395
9019 : 0
9019 : 0.999082 0.000917693
9020 : 0
9020 : 0.999998 2.18956e-06
9021 : 1
9021 : 0.00728693 0.992713
9022 : 1
9022 : 6.25938e-07 0.999999
9023 : 1
9023 : 4.58986e-06 0.999995
9024 : 0
9024 : 0.999983 1.73564e-05
9025 : 0
9025 : 0.912742 0.0872582
9026 : 1
9026 : 0.00912949 0.990871
9027 : 1
9027 : 8.45383e-08 1.0
9028 : 1
9028 : 0.00134894 0.998651
9029 : 0
9029 : 0.556999 0.443001
9030 : 1
9030 : 0.0011932 0.998807
9031 : 1
9031 : 0.0103976 0.989603
9032 : 0
9032 : 0.999991 8.60403e-06
9033 : 0
9033 : 0.967397 0.0326032
9034 : 1
9034 : 0.0304856 0.969514
9035 : 0
9035 : 0.750831 0.249169
9036 : 1
9036 : 8.00416e-05 0.99992
9037 : 1
9037 : 0.0270478 0.972952
9038 : 1
9038 : 5.5207e-08 1.0
9039 : 0
9039 : 0.98317 0.0168301
9040 : 1
9040 : 0.00106901 0.998931
9041 : 0
9041 : 0.999781 0.000218792
9042 : 0
9042 : 0.973166 0.0268341
9043 : 0
9043 : 0.953474 0.046526
9044 : 1
9044 : 0.00100513 0.998995
9045 : 1
9045 : 1.0537e-08 1.0
9046 : 0
9046 : 0.999125 0.00087515
9047 : 0
9047 : 0.999956 4.35233e-05
9048 : 0
9048 : 0.998914 0.00108593
9049 : 0
9049 : 0.998943 0.00105701
9050 : 0
9050 : 0.999898 0.000101698
9051 : 1
9051 : 0.00124078 0.998759
9052 : 0
9052 : 1.0 5.12096e-11
9053 : 0
9053 : 1.0 2.75816e-16
9054 : 1
9054 : 0.475276 0.524724
9055 : 0
9055 : 0.999154 0.00084551
9056 : 0
9056 : 0.999627 0.000372974
9057 : 0
9057 : 1.0 1.53193e-11
9058 : 1
9058 : 0.0146273 0.985373
9059 : 1
9059 : 3.69423e-09 1.0
9060 : 0
9060 : 0.976955 0.0230454
9061 : 1
9061 : 5.0674e-05 0.999949
9062 : 1
9062 : 0.00318737 0.996813
9063 : 1
9063 : 0.00409347 0.995907
9064 : 0
9064 : 0.793674 0.206326
9065 : 0
9065 : 0.999894 0.00010562
9066 : 1
9066 : 1.54735e-06 0.999998
9067 : 1
9067 : 3.46095e-05 0.999965
9068 : 0
9068 : 0.968025 0.0319751
9069 : 1
9069 : 0.00208447 0.997916
9070 : 0
9070 : 0.773614 0.226386
9071 : 0
9071 : 0.801414 0.198586
9072 : 1
9072 : 0.000154898 0.999845
9073 : 1
9073 : 2.93503e-10 1.0
9074 : 0
9074 : 0.992624 0.00737646
9075 : 0
9075 : 0.893361 0.106639
9076 : 0
9076 : 0.990752 0.00924821
9077 : 0
9077 : 0.999919 8.12795e-05
9078 : 0
9078 : 0.995604 0.00439598
9079 : 0
9079 : 0.999152 0.000847889
9080 : 1
9080 : 0.119579 0.880421
9081 : 0
9081 : 0.99988 0.000119682
9082 : 0
9082 : 0.656971 0.343029
9083 : 1
9083 : 0.404633 0.595367
9084 : 1
9084 : 9.54151e-07 0.999999
9085 : 1
9085 : 2.74337e-05 0.999973
9086 : 1
9086 : 0.445191 0.554809
9087 : 0
9087 : 0.952543 0.047457
9088 : 0
9088 : 0.993625 0.00637508
9089 : 1
9089 : 0.265077 0.734923
9090 : 0
9090 : 0.999714 0.000286434
9091 : 0
9091 : 0.999891 0.000109328
9092 : 0
9092 : 0.997953 0.00204749
9093 : 0
9093 : 0.834783 0.165217
9094 : 0
9094 : 0.999988 1.19968e-05
9095 : 1
9095 : 0.000702037 0.999298
9096 : 0
9096 : 0.91549 0.0845102
9097 : 0
9097 : 0.995022 0.00497792
9098 : 0
9098 : 1.0 1.21445e-07
9099 : 1
9099 : 0.00512992 0.99487
9100 : 0
9100 : 0.99904 0.000960152
9101 : 1
9101 : 0.125548 0.874452
9102 : 0
9102 : 0.999917 8.34001e-05
9103 : 1
9103 : 0.000940481 0.999059
9104 : 1
9104 : 2.43294e-05 0.999976
9105 : 1
9105 : 0.0931272 0.906873
9106 : 1
9106 : 1.1349e-05 0.999989
9107 : 0
9107 : 0.893787 0.106213
9108 : 1
9108 : 2.20304e-05 0.999978
9109 : 0
9109 : 0.999997 3.19736e-06
9110 : 0
9110 : 0.999941 5.93742e-05
9111 : 1
9111 : 0.000267911 0.999732
9112 : 0
9112 : 1.0 1.48292e-08
9113 : 0
9113 : 1.0 2.69724e-12
9114 : 0
9114 : 0.965744 0.0342559
9115 : 1
9115 : 0.00146312 0.998537
9116 : 0
9116 : 0.960913 0.0390869
9117 : 1
9117 : 0.0511908 0.948809
9118 : 1
9118 : 0.0218832 0.978117
9119 : 1
9119 : 1.4117e-09 1.0
9120 : 0
9120 : 1.0 1.38033e-07
9121 : 0
9121 : 0.912592 0.0874078
9122 : 1
9122 : 0.1607 0.8393
9123 : 1
9123 : 0.463836 0.536164
9124 : 0
9124 : 0.984736 0.0152636
9125 : 1
9125 : 0.000765474 0.999234
9126 : 1
9126 : 0.1624 0.8376
9127 : 0
9127 : 0.697704 0.302296
9128 : 1
9128 : 0.481816 0.518184
9129 : 0
9129 : 0.996213 0.0037874
9130 : 0
9130 : 0.999635 0.000364704
9131 : 0
9131 : 0.987406 0.0125937
9132 : 1
9132 : 0.0232311 0.976769
9133 : 1
9133 : 9.55695e-09 1.0
9134 : 1
9134 : 0.000569587 0.99943
9135 : 1
9135 : 0.000129283 0.999871
9136 : 1
9136 : 3.13422e-05 0.999969
9137 : 0
9137 : 1.0 4.9556e-07
9138 : 1
9138 : 3.99752e-07 1.0
9139 : 1
9139 : 0.000367488 0.999632
9140 : 0
9140 : 0.977869 0.0221312
9141 : 1
9141 : 0.261257 0.738743
9142 : 1
9142 : 0.042736 0.957264
9143 : 0
9143 : 0.992328 0.00767236
9144 : 1
9144 : 0.00972356 0.990276
9145 : 0
9145 : 0.989174 0.0108265
9146 : 0
9146 : 0.998774 0.00122572
9147 : 1
9147 : 0.00699821 0.993002
9148 : 1
9148 : 0.136667 0.863333
9149 : 1
9149 : 0.00221729 0.997783
9150 : 0
9150 : 0.983256 0.0167442
9151 : 1
9151 : 7.87726e-05 0.999921
9152 : 0
9152 : 0.610166 0.389834
9153 : 1
9153 : 7.44139e-07 0.999999
9154 : 1
9154 : 0.412653 0.587347
9155 : 1
9155 : 6.6509e-05 0.999933
9156 : 0
9156 : 0.991199 0.00880146
9157 : 1
9157 : 0.0434266 0.956573
9158 : 1
9158 : 0.000112672 0.999887
9159 : 0
9159 : 0.616677 0.383323
9160 : 0
9160 : 1.0 2.40525e-08
9161 : 1
9161 : 2.50578e-05 0.999975
9162 : 1
9162 : 0.429285 0.570715
9163 : 0
9163 : 0.990562 0.0094383
9164 : 1
9164 : 6.66758e-05 0.999933
9165 : 1
9165 : 2.4808e-16 1.0
9166 : 0
9166 : 0.999999 7.51653e-07
9167 : 1
9167 : 0.00439292 0.995607
9168 : 1
9168 : 1.88036e-07 1.0
9169 : 0
9169 : 0.611722 0.388279
9170 : 0
9170 : 0.748875 0.251125
9171 : 1
9171 : 0.000238918 0.999761
9172 : 0
9172 : 0.911602 0.0883981
9173 : 0
9173 : 0.993159 0.00684116
9174 : 1
9174 : 0.00814426 0.991856
9175 : 1
9175 : 0.00374537 0.996255
9176 : 0
9176 : 0.975688 0.0243121
9177 : 1
9177 : 0.000198022 0.999802
9178 : 0
9178 : 0.999804 0.000195514
9179 : 1
9179 : 1.26164e-08 1.0
9180 : 0
9180 : 0.974939 0.0250611
9181 : 0
9181 : 0.752265 0.247735
9182 : 0
9182 : 0.580165 0.419835
9183 : 0
9183 : 0.974254 0.0257456
9184 : 1
9184 : 4.61577e-05 0.999954
9185 : 1
9185 : 4.40702e-05 0.999956
9186 : 0
9186 : 0.999998 1.62096e-06
9187 : 1
9187 : 3.57279e-05 0.999964
9188 : 1
9188 : 0.0171513 0.982849
9189 : 1
9189 : 0.00245176 0.997548
9190 : 1
9190 : 2.63911e-10 1.0
9191 : 1
9191 : 8.80538e-06 0.999991
9192 : 1
9192 : 0.0469004 0.9531
9193 : 1
9193 : 0.000256494 0.999744
9194 : 0
9194 : 0.958023 0.0419768
9195 : 0
9195 : 0.999846 0.000154374
9196 : 0
9196 : 0.999997 3.02978e-06
9197 : 0
9197 : 1.0 9.65204e-10
9198 : 0
9198 : 0.711266 0.288734
9199 : 1
9199 : 2.09608e-06 0.999998
9200 : 1
9200 : 0.00657048 0.993429
9201 : 0
9201 : 0.999999 1.43637e-06
9202 : 0
9202 : 0.869802 0.130198
9203 : 1
9203 : 0.00594492 0.994055
9204 : 1
9204 : 0.0405137 0.959486
9205 : 0
9205 : 0.999914 8.56817e-05
9206 : 0
9206 : 0.564829 0.435171
9207 : 1
9207 : 6.08815e-10 1.0
9208 : 0
9208 : 0.94317 0.0568305
9209 : 0
9209 : 0.989616 0.0103837
9210 : 0
9210 : 1.0 4.31588e-11
9211 : 0
9211 : 0.984095 0.015905
9212 : 1
9212 : 1.54751e-06 0.999998
9213 : 0
9213 : 0.993546 0.00645359
9214 : 1
9214 : 0.00189919 0.998101
9215 : 0
9215 : 1.0 2.06566e-16
9216 : 1
9216 : 0.00201897 0.997981
9217 : 1
9217 : 1.22256e-06 0.999999
9218 : 1
9218 : 6.02888e-08 1.0
9219 : 0
9219 : 0.998693 0.0013073
9220 : 1
9220 : 0.129631 0.870369
9221 : 1
9221 : 0.000610822 0.999389
9222 : 1
9222 : 4.01793e-05 0.99996
9223 : 0
9223 : 0.998676 0.00132442
9224 : 1
9224 : 2.55251e-05 0.999974
9225 : 0
9225 : 0.99997 2.98563e-05
9226 : 0
9226 : 0.991972 0.00802754
9227 : 1
9227 : 0.0102664 0.989734
9228 : 0
9228 : 0.999891 0.000108557
9229 : 0
9229 : 0.999981 1.88906e-05
9230 : 1
9230 : 0.00160018 0.9984
9231 : 1
9231 : 2.2446e-09 1.0
9232 : 0
9232 : 0.954194 0.0458058
9233 : 1
9233 : 0.00552892 0.994471
9234 : 1
9234 : 0.0339363 0.966064
9235 : 1
9235 : 0.256039 0.74396
9236 : 1
9236 : 0.090375 0.909625
9237 : 0
9237 : 0.786371 0.213629
9238 : 1
9238 : 0.300237 0.699763
9239 : 0
9239 : 0.738913 0.261087
9240 : 0
9240 : 0.999855 0.000145382
9241 : 1
9241 : 4.41169e-06 0.999996
9242 : 1
9242 : 0.126146 0.873854
9243 : 0
9243 : 0.983523 0.0164766
9244 : 1
9244 : 8.70518e-06 0.999991
9245 : 1
9245 : 1.69098e-06 0.999998
9246 : 1
9246 : 6.59181e-05 0.999934
9247 : 0
9247 : 0.99986 0.000139623
9248 : 1
9248 : 0.230292 0.769708
9249 : 1
9249 : 3.11274e-05 0.999969
9250 : 0
9250 : 0.999536 0.000463931
9251 : 0
9251 : 0.999997 2.77566e-06
9252 : 0
9252 : 1.0 2.04278e-10
9253 : 1
9253 : 0.0393293 0.960671
9254 : 1
9254 : 0.307991 0.692009
9255 : 1
9255 : 4.57202e-05 0.999954
9256 : 0
9256 : 0.942915 0.0570847
9257 : 0
9257 : 0.585024 0.414976
9258 : 1
9258 : 0.028699 0.971301
9259 : 1
9259 : 2.91524e-09 1.0
9260 : 1
9260 : 0.00661209 0.993388
9261 : 1
9261 : 4.5705e-05 0.999954
9262 : 0
9262 : 0.999978 2.23255e-05
9263 : 1
9263 : 0.000546481 0.999454
9264 : 0
9264 : 0.999964 3.64192e-05
9265 : 0
9265 : 0.999944 5.55697e-05
9266 : 1
9266 : 0.000147872 0.999852
9267 : 0
9267 : 0.99883 0.00116974
9268 : 1
9268 : 0.0269322 0.973068
9269 : 0
9269 : 0.632217 0.367783
9270 : 0
9270 : 0.999994 5.66204e-06
9271 : 0
9271 : 0.989438 0.0105622
9272 : 1
9272 : 0.306997 0.693003
9273 : 1
9273 : 0.00635042 0.99365
9274 : 1
9274 : 4.93979e-05 0.999951
9275 : 1
9275 : 0.000988702 0.999011
9276 : 0
9276 : 0.999993 6.60395e-06
9277 : 1
9277 : 2.00651e-12 1.0
9278 : 1
9278 : 0.321869 0.678131
9279 : 1
9279 : 2.24237e-06 0.999998
9280 : 0
9280 : 0.908897 0.091103
9281 : 1
9281 : 4.895e-07 1.0
9282 : 1
9282 : 9.40164e-07 0.999999
9283 : 1
9283 : 0.416761 0.583239
9284 : 1
9284 : 0.0363577 0.963642
9285 : 1
9285 : 1.08254e-08 1.0
9286 : 0
9286 : 0.980377 0.0196231
9287 : 1
9287 : 4.84434e-07 1.0
9288 : 0
9288 : 0.997574 0.00242644
9289 : 1
9289 : 0.00335333 0.996647
9290 : 1
9290 : 0.000259928 0.99974
9291 : 1
9291 : 4.91804e-07 1.0
9292 : 0
9292 : 0.999985 1.45298e-05
9293 : 0
9293 : 0.941279 0.0587212
9294 : 1
9294 : 0.00353789 0.996462
9295 : 1
9295 : 1.44171e-07 1.0
9296 : 0
9296 : 0.99936 0.000639557
9297 : 1
9297 : 4.90556e-08 1.0
9298 : 1
9298 : 0.0015946 0.998405
9299 : 0
9299 : 0.999996 4.25702e-06
9300 : 1
9300 : 4.03897e-06 0.999996
9301 : 1
9301 : 0.178129 0.821871
9302 : 1
9302 : 0.00399632 0.996004
9303 : 0
9303 : 0.993003 0.00699725
9304 : 0
9304 : 0.949863 0.0501371
9305 : 1
9305 : 0.00770039 0.9923
9306 : 1
9306 : 0.0335273 0.966473
9307 : 0
9307 : 0.980157 0.0198427
9308 : 0
9308 : 0.579042 0.420958
9309 : 1
9309 : 0.00143055 0.998569
9310 : 1
9310 : 0.00208098 0.997919
9311 : 1
9311 : 0.207044 0.792956
9312 : 0
9312 : 0.970993 0.0290067
9313 : 1
9313 : 2.17394e-05 0.999978
9314 : 1
9314 : 0.1697 0.8303
9315 : 0
9315 : 0.937014 0.0629857
9316 : 0
9316 : 0.982326 0.0176739
9317 : 0
9317 : 0.813166 0.186834
9318 : 1
9318 : 0.0348723 0.965128
9319 : 1
9319 : 0.000161779 0.999838
9320 : 0
9320 : 0.99983 0.000169598
9321 : 1
9321 : 0.0115243 0.988476
9322 : 0
9322 : 0.999956 4.36898e-05
9323 : 1
9323 : 0.000190994 0.999809
9324 : 1
9324 : 0.0505523 0.949448
9325 : 0
9325 : 1.0 2.87211e-09
9326 : 1
9326 : 2.15181e-06 0.999998
9327 : 0
9327 : 0.9721 0.0279002
9328 : 0
9328 : 0.930876 0.0691238
9329 : 0
9329 : 0.99914 0.000859797
9330 : 1
9330 : 5.19303e-05 0.999948
9331 : 0
9331 : 0.969217 0.0307831
9332 : 0
9332 : 0.997443 0.00255688
9333 : 0
9333 : 0.903018 0.0969816
9334 : 1
9334 : 3.06088e-10 1.0
9335 : 1
9335 : 0.0967896 0.90321
9336 : 1
9336 : 3.35315e-06 0.999997
9337 : 0
9337 : 0.999879 0.00012065
9338 : 0
9338 : 0.997145 0.00285488
9339 : 1
9339 : 0.00240678 0.997593
9340 : 0
9340 : 0.991938 0.00806213
9341 : 0
9341 : 0.987493 0.0125074
9342 : 1
9342 : 2.40877e-10 1.0
9343 : 1
9343 : 0.0333929 0.966607
9344 : 1
9344 : 0.000176132 0.999824
9345 : 1
9345 : 2.60809e-07 1.0
9346 : 1
9346 : 2.29584e-06 0.999998
9347 : 1
9347 : 0.202813 0.797187
9348 : 0
9348 : 0.59865 0.40135
9349 : 0
9349 : 0.999993 6.78951e-06
9350 : 0
9350 : 0.709675 0.290325
9351 : 0
9351 : 0.999943 5.67398e-05
9352 : 0
9352 : 1.0 1.06741e-07
9353 : 0
9353 : 0.999597 0.000402995
9354 : 1
9354 : 0.257513 0.742487
9355 : 0
9355 : 0.968148 0.0318515
9356 : 1
9356 : 7.68311e-07 0.999999
9357 : 1
9357 : 0.394809 0.605191
9358 : 1
9358 : 6.43382e-05 0.999936
9359 : 1
9359 : 0.284055 0.715945
9360 : 1
9360 : 2.04504e-05 0.99998
9361 : 1
9361 : 0.00156729 0.998433
9362 : 1
9362 : 0.00196537 0.998035
9363 : 1
9363 : 0.156105 0.843895
9364 : 1
9364 : 0.00289735 0.997103
9365 : 1
9365 : 0.00152805 0.998472
9366 : 1
9366 : 6.75767e-10 1.0
9367 : 0
9367 : 0.999999 1.26365e-06
9368 : 0
9368 : 0.981875 0.0181255
9369 : 1
9369 : 0.000477576 0.999522
9370 : 0
9370 : 0.930265 0.0697352
9371 : 0
9371 : 0.999982 1.79874e-05
9372 : 1
9372 : 4.32306e-05 0.999957
9373 : 1
9373 : 0.104523 0.895477
9374 : 0
9374 : 0.997955 0.00204521
9375 : 1
9375 : 7.79576e-06 0.999992
9376 : 0
9376 : 0.894887 0.105113
9377 : 1
9377 : 0.00285257 0.997147
9378 : 1
9378 : 0.000196333 0.999804
9379 : 0
9379 : 1.0 4.9276e-16
9380 : 1
9380 : 4.47281e-08 1.0
9381 : 0
9381 : 0.999985 1.53359e-05
9382 : 0
9382 : 0.999998 1.76407e-06
9383 : 1
9383 : 0.0437007 0.956299
9384 : 0
9384 : 0.986478 0.0135218
9385 : 0
9385 : 1.0 3.38784e-09
9386 : 1
9386 : 0.00121006 0.99879
9387 : 1
9387 : 5.88229e-05 0.999941
9388 : 1
9388 : 4.4498e-05 0.999955
9389 : 0
9389 : 1.0 7.49318e-08
9390 : 0
9390 : 0.999665 0.000334966
9391 : 0
9391 : 0.999998 2.04489e-06
9392 : 0
9392 : 0.999992 8.11816e-06
9393 : 1
9393 : 0.277564 0.722436
9394 : 1
9394 : 0.00159897 0.998401
9395 : 0
9395 : 0.99975 0.00025025
9396 : 1
9396 : 0.00345777 0.996542
9397 : 1
9397 : 0.000513372 0.999487
9398 : 0
9398 : 0.522786 0.477214
9399 : 0
9399 : 1.0 3.58865e-07
9400 : 0
9400 : 0.999999 1.05402e-06
9401 : 1
9401 : 2.06278e-05 0.999979
9402 : 1
9402 : 0.00030322 0.999697
9403 : 0
9403 : 1.0 1.23852e-08
9404 : 1
9404 : 0.0733371 0.926663
9405 : 0
9405 : 0.989532 0.0104684
9406 : 0
9406 : 0.999986 1.44572e-05
9407 : 1
9407 : 0.0152318 0.984768
9408 : 0
9408 : 0.998322 0.00167783
9409 : 1
9409 : 9.53662e-08 1.0
9410 : 1
9410 : 0.00201625 0.997984
9411 : 0
9411 : 0.997182 0.00281754
9412 : 0
9412 : 0.999991 9.07087e-06
9413 : 1
9413 : 0.0389235 0.961077
9414 : 1
9414 : 3.94431e-07 1.0
9415 : 1
9415 : 0.0356132 0.964387
9416 : 1
9416 : 0.000368221 0.999632
9417 : 1
9417 : 5.7918e-08 1.0
9418 : 0
9418 : 0.863753 0.136247
9419 : 1
9419 : 3.26343e-06 0.999997
9420 : 1
9420 : 1.10445e-05 0.999989
9421 : 1
9421 : 2.26434e-07 1.0
9422 : 0
9422 : 0.999956 4.41013e-05
9423 : 1
9423 : 0.000381202 0.999619
9424 : 1
9424 : 5.33149e-06 0.999995
9425 : 1
9425 : 0.000128338 0.999872
9426 : 0
9426 : 0.999993 6.80659e-06
9427 : 1
9427 : 1.06411e-09 1.0
9428 : 1
9428 : 0.000120715 0.999879
9429 : 0
9429 : 0.943262 0.0567384
9430 : 1
9430 : 1.8774e-05 0.999981
9431 : 1
9431 : 2.74651e-05 0.999973
9432 : 0
9432 : 0.930347 0.0696526
9433 : 1
9433 : 6.19231e-07 0.999999
9434 : 0
9434 : 1.0 1.66569e-07
9435 : 1
9435 : 0.000491171 0.999509
9436 : 1
9436 : 0.0530905 0.94691
9437 : 1
9437 : 1.40647e-07 1.0
9438 : 0
9438 : 0.998602 0.00139765
9439 : 0
9439 : 0.999311 0.000688965
9440 : 0
9440 : 0.997077 0.00292294
9441 : 1
9441 : 1.78841e-17 1.0
9442 : 0
9442 : 0.999954 4.63641e-05
9443 : 1
9443 : 1.13849e-05 0.999989
9444 : 0
9444 : 0.999905 9.54852e-05
9445 : 1
9445 : 6.93858e-05 0.999931
9446 : 0
9446 : 0.995852 0.00414791
9447 : 0
9447 : 0.999985 1.50858e-05
9448 : 0
9448 : 0.97678 0.0232201
9449 : 1
9449 : 0.000212762 0.999787
9450 : 0
9450 : 0.999967 3.28585e-05
9451 : 0
9451 : 0.995931 0.00406907
9452 : 0
9452 : 0.999252 0.00074776
9453 : 1
9453 : 0.000300491 0.9997
9454 : 0
9454 : 0.999365 0.000635198
9455 : 0
9455 : 0.999999 1.27228e-06
9456 : 1
9456 : 0.00104925 0.998951
9457 : 0
9457 : 1.0 4.3139e-08
9458 : 1
9458 : 0.000326493 0.999674
9459 : 0
9459 : 0.999524 0.000475513
9460 : 0
9460 : 0.865347 0.134653
9461 : 0
9461 : 0.995127 0.00487325
9462 : 0
9462 : 0.997832 0.00216753
9463 : 1
9463 : 0.497233 0.502767
9464 : 0
9464 : 0.999999 1.04678e-06
9465 : 1
9465 : 0.00718227 0.992818
9466 : 0
9466 : 0.656044 0.343956
9467 : 0
9467 : 0.994589 0.00541137
9468 : 0
9468 : 1.0 3.38849e-07
9469 : 0
9469 : 0.999992 7.57398e-06
9470 : 1
9470 : 0.132845 0.867155
9471 : 0
9471 : 0.931383 0.0686165
9472 : 1
9472 : 0.000511245 0.999489
9473 : 0
9473 : 0.779571 0.220429
9474 : 1
9474 : 0.0053138 0.994686
9475 : 0
9475 : 0.999488 0.00051185
9476 : 1
9476 : 0.204493 0.795507
9477 : 0
9477 : 0.999985 1.46519e-05
9478 : 0
9478 : 0.727552 0.272448
9479 : 0
9479 : 0.831434 0.168566
9480 : 1
9480 : 4.06278e-07 1.0
9481 : 1
9481 : 0.0140209 0.985979
9482 : 1
9482 : 0.0106081 0.989392
9483 : 0
9483 : 0.626759 0.373241
9484 : 0
9484 : 0.997721 0.00227929
9485 : 0
9485 : 0.999945 5.47382e-05
9486 : 0
9486 : 0.999998 1.69575e-06
9487 : 0
9487 : 0.999992 7.85146e-06
9488 : 1
9488 : 8.03524e-07 0.999999
9489 : 1
9489 : 0.0182218 0.981778
9490 : 0
9490 : 0.993033 0.00696741
9491 : 0
9491 : 0.999972 2.80581e-05
9492 : 0
9492 : 1.0 3.08262e-11
9493 : 1
9493 : 1.57115e-09 1.0
9494 : 0
9494 : 1.0 5.68838e-08
9495 : 1
9495 : 8.75814e-05 0.999912
9496 : 1
9496 : 0.0502312 0.949769
9497 : 1
9497 : 1.42901e-06 0.999999
9498 : 0
9498 : 1.0 4.6839e-07
9499 : 0
9499 : 0.999972 2.80529e-05
9500 : 1
9500 : 3.2633e-11 1.0
9501 : 1
9501 : 0.489983 0.510017
9502 : 0
9502 : 1.0 2.36438e-07
9503 : 1
9503 : 0.000116945 0.999883
9504 : 1
9504 : 0.00173131 0.998269
9505 : 0
9505 : 0.940515 0.059485
9506 : 0
9506 : 1.0 1.21839e-07
9507 : 0
9507 : 1.0 4.14265e-07
9508 : 0
9508 : 0.999884 0.000116022
9509 : 1
9509 : 1.26846e-05 0.999987
9510 : 1
9510 : 0.0302337 0.969766
9511 : 0
9511 : 0.999999 5.68894e-07
9512 : 0
9512 : 0.953105 0.046895
9513 : 0
9513 : 0.994909 0.00509064
9514 : 0
9514 : 1.0 7.31927e-09
9515 : 1
9515 : 1.35939e-06 0.999999
9516 : 1
9516 : 0.021128 0.978872
9517 : 0
9517 : 0.999991 9.0435e-06
9518 : 1
9518 : 0.461959 0.538041
9519 : 0
9519 : 0.999975 2.47443e-05
9520 : 0
9520 : 0.999997 2.66857e-06
9521 : 1
9521 : 0.00139136 0.998609
9522 : 0
9522 : 1.0 4.43701e-14
9523 : 1
9523 : 0.000240822 0.999759
9524 : 1
9524 : 1.27358e-09 1.0
9525 : 0
9525 : 0.980666 0.0193342
9526 : 0
9526 : 0.999871 0.000129417
9527 : 0
9527 : 0.997279 0.00272117
9528 : 0
9528 : 0.999994 6.48932e-06
9529 : 0
9529 : 0.999889 0.000111021
9530 : 0
9530 : 0.935019 0.0649808
9531 : 0
9531 : 0.971795 0.0282046
9532 : 0
9532 : 0.996446 0.00355382
9533 : 1
9533 : 2.25109e-05 0.999978
9534 : 1
9534 : 0.100927 0.899073
9535 : 1
9535 : 0.00236394 0.997636
9536 : 0
9536 : 0.86092 0.13908
9537 : 1
9537 : 0.00216996 0.99783
9538 : 0
9538 : 0.99577 0.00422968
9539 : 0
9539 : 0.993054 0.00694586
9540 : 0
9540 : 0.999969 3.13382e-05
9541 : 0
9541 : 0.801948 0.198052
9542 : 0
9542 : 0.999945 5.46259e-05
9543 : 0
9543 : 0.99811 0.00189018
9544 : 0
9544 : 0.989294 0.0107065
9545 : 0
9545 : 0.999772 0.000228098
9546 : 1
9546 : 0.00277187 0.997228
9547 : 1
9547 : 0.0568967 0.943103
9548 : 1
9548 : 2.86665e-08 1.0
9549 : 1
9549 : 1.79316e-06 0.999998
9550 : 1
9550 : 0.00163565 0.998364
9551 : 1
9551 : 7.932e-06 0.999992
9552 : 1
9552 : 9.34181e-05 0.999907
9553 : 1
9553 : 8.61673e-06 0.999991
9554 : 1
9554 : 0.0329844 0.967016
9555 : 0
9555 : 0.831165 0.168835
9556 : 1
9556 : 0.000764447 0.999236
9557 : 0
9557 : 0.967995 0.0320054
9558 : 0
9558 : 0.932351 0.0676489
9559 : 0
9559 : 0.999274 0.000726336
9560 : 1
9560 : 0.000188485 0.999812
9561 : 0
9561 : 0.997395 0.00260501
9562 : 0
9562 : 0.999983 1.73679e-05
9563 : 1
9563 : 0.000532541 0.999467
9564 : 0
9564 : 0.994304 0.00569612
9565 : 1
9565 : 2.33833e-05 0.999977
9566 : 0
9566 : 0.999061 0.000938616
9567 : 1
9567 : 0.000406176 0.999594
9568 : 0
9568 : 0.99961 0.000389588
9569 : 1
9569 : 0.00102552 0.998975
9570 : 0
9570 : 0.52054 0.47946
9571 : 1
9571 : 0.412322 0.587678
9572 : 1
9572 : 0.0214482 0.978552
9573 : 0
9573 : 0.84203 0.15797
9574 : 0
9574 : 0.970393 0.0296071
9575 : 0
9575 : 0.999311 0.000689353
9576 : 1
9576 : 8.79048e-05 0.999912
9577 : 1
9577 : 0.371489 0.628511
9578 : 0
9578 : 0.811954 0.188046
9579 : 0
9579 : 0.999995 4.8438e-06
9580 : 0
9580 : 0.999486 0.000514275
9581 : 1
9581 : 0.360738 0.639262
9582 : 0
9582 : 1.0 4.34728e-08
9583 : 1
9583 : 0.00308324 0.996917
9584 : 1
9584 : 8.94967e-09 1.0
9585 : 1
9585 : 0.00299161 0.997008
9586 : 1
9586 : 0.000488801 0.999511
9587 : 0
9587 : 0.998464 0.001536
9588 : 0
9588 : 0.999957 4.26207e-05
9589 : 1
9589 : 3.72483e-05 0.999963
9590 : 1
9590 : 0.00022142 0.999779
9591 : 0
9591 : 0.750421 0.249579
9592 : 0
9592 : 0.697947 0.302053
9593 : 0
9593 : 0.679392 0.320608
9594 : 0
9594 : 0.997635 0.00236496
9595 : 0
9595 : 1.0 5.88288e-09
9596 : 1
9596 : 0.00599316 0.994007
9597 : 0
9597 : 0.999954 4.6053e-05
9598 : 0
9598 : 0.851318 0.148682
9599 : 1
9599 : 6.25541e-05 0.999937
9600 : 0
9600 : 0.90523 0.0947698
9601 : 1
9601 : 0.496248 0.503752
9602 : 1
9602 : 0.35296 0.64704
9603 : 0
9603 : 0.999987 1.34535e-05
9604 : 1
9604 : 0.000218974 0.999781
9605 : 1
9605 : 0.327768 0.672232
9606 : 1
9606 : 0.000766308 0.999234
9607 : 1
9607 : 6.11899e-09 1.0
9608 : 1
9608 : 0.00368965 0.99631
9609 : 1
9609 : 0.00136421 0.998636
9610 : 0
9610 : 0.999986 1.36296e-05
9611 : 0
9611 : 0.999999 1.23652e-06
9612 : 1
9612 : 0.000147582 0.999852
9613 : 1
9613 : 4.62781e-08 1.0
9614 : 1
9614 : 0.143123 0.856877
9615 : 1
9615 : 0.026136 0.973864
9616 : 1
9616 : 0.00362404 0.996376
9617 : 1
9617 : 0.330946 0.669054
9618 : 1
9618 : 3.60984e-05 0.999964
9619 : 1
9619 : 0.002108 0.997892
9620 : 0
9620 : 0.943973 0.0560269
9621 : 0
9621 : 0.999979 2.07893e-05
9622 : 0
9622 : 0.997091 0.00290887
9623 : 0
9623 : 0.99962 0.000380179
9624 : 1
9624 : 1.34837e-08 1.0
9625 : 0
9625 : 0.751758 0.248242
9626 : 1
9626 : 0.29335 0.70665
9627 : 0
9627 : 0.999999 1.26699e-06
9628 : 0
9628 : 0.998669 0.00133089
9629 : 0
9629 : 0.996011 0.00398902
9630 : 1
9630 : 3.71036e-06 0.999996
9631 : 0
9631 : 0.823515 0.176485
9632 : 0
9632 : 1.0 1.56909e-08
9633 : 0
9633 : 0.986664 0.0133362
9634 : 1
9634 : 0.000315035 0.999685
9635 : 1
9635 : 0.00900734 0.990993
9636 : 0
9636 : 0.999846 0.000153872
9637 : 1
9637 : 1.93288e-07 1.0
9638 : 0
9638 : 0.574186 0.425814
9639 : 1
9639 : 0.000590396 0.99941
9640 : 0
9640 : 0.999036 0.000963728
9641 : 0
9641 : 0.6497 0.3503
9642 : 0
9642 : 0.999972 2.75724e-05
9643 : 1
9643 : 0.000960254 0.99904
9644 : 0
9644 : 1.0 2.00656e-07
9645 : 1
9645 : 2.32045e-05 0.999977
9646 : 1
9646 : 0.00770201 0.992298
9647 : 1
9647 : 7.79271e-09 1.0
9648 : 0
9648 : 1.0 4.21492e-09
9649 : 1
9649 : 1.07438e-05 0.999989
9650 : 0
9650 : 1.0 4.73406e-07
9651 : 1
9651 : 3.89244e-06 0.999996
9652 : 1
9652 : 0.0684396 0.93156
9653 : 0
9653 : 1.0 5.50905e-12
9654 : 1
9654 : 0.0052356 0.994764
9655 : 1
9655 : 0.0737218 0.926278
9656 : 1
9656 : 0.00479475 0.995205
9657 : 1
9657 : 2.04621e-10 1.0
9658 : 0
9658 : 0.999531 0.000468923
9659 : 1
9659 : 2.62945e-07 1.0
9660 : 1
9660 : 6.3048e-09 1.0
9661 : 1
9661 : 0.000438486 0.999561
9662 : 0
9662 : 0.612557 0.387443
9663 : 1
9663 : 0.0134365 0.986564
9664 : 1
9664 : 0.0133665 0.986634
9665 : 0
9665 : 0.999937 6.33508e-05
9666 : 0
9666 : 0.99997 2.95041e-05
9667 : 1
9667 : 4.71262e-08 1.0
9668 : 0
9668 : 0.928493 0.0715066
9669 : 1
9669 : 0.000223007 0.999777
9670 : 0
9670 : 0.999878 0.000121596
9671 : 1
9671 : 2.16852e-07 1.0
9672 : 0
9672 : 0.999998 1.56682e-06
9673 : 1
9673 : 0.0565441 0.943456
9674 : 1
9674 : 1.56453e-05 0.999984
9675 : 1
9675 : 2.40719e-05 0.999976
9676 : 0
9676 : 0.999999 9.37334e-07
9677 : 1
9677 : 1.8722e-08 1.0
9678 : 1
9678 : 0.00165783 0.998342
9679 : 1
9679 : 0.000218641 0.999781
9680 : 1
9680 : 0.00135929 0.998641
9681 : 1
9681 : 0.00662138 0.993379
9682 : 0
9682 : 1.0 2.76597e-13
9683 : 0
9683 : 0.999879 0.00012065
9684 : 1
9684 : 2.64535e-07 1.0
9685 : 0
9685 : 0.999966 3.4276e-05
9686 : 0
9686 : 0.880396 0.119604
9687 : 0
9687 : 0.99918 0.0008204
9688 : 1
9688 : 0.0500495 0.949951
9689 : 0
9689 : 0.966813 0.0331874
9690 : 1
9690 : 0.000456487 0.999543
9691 : 0
9691 : 0.943572 0.0564275
9692 : 0
9692 : 0.931606 0.0683942
9693 : 0
9693 : 1.0 7.79176e-08
9694 : 1
9694 : 0.00827717 0.991723
9695 : 1
9695 : 0.312892 0.687108
9696 : 1
9696 : 0.000237265 0.999763
9697 : 0
9697 : 0.996707 0.00329311
9698 : 1
9698 : 0.000153565 0.999846
9699 : 1
9699 : 0.0434084 0.956592
9700 : 1
9700 : 0.292028 0.707972
9701 : 1
9701 : 0.34839 0.65161
9702 : 1
9702 : 0.351464 0.648536
9703 : 1
9703 : 0.00204363 0.997956
9704 : 0
9704 : 1.0 1.34862e-10
9705 : 0
9705 : 0.98581 0.0141898
9706 : 1
9706 : 0.000293105 0.999707
9707 : 1
9707 : 0.000180467 0.99982
9708 : 1
9708 : 1.96477e-05 0.99998
9709 : 1
9709 : 0.0175581 0.982442
9710 : 0
9710 : 0.995723 0.00427717
9711 : 0
9711 : 1.0 2.25953e-12
9712 : 0
9712 : 0.999856 0.000143889
9713 : 1
9713 : 0.00424017 0.99576
9714 : 0
9714 : 0.986261 0.0137385
9715 : 1
9715 : 0.00220427 0.997796
9716 : 0
9716 : 0.996025 0.00397495
9717 : 0
9717 : 1.0 2.24664e-07
9718 : 0
9718 : 0.950505 0.0494949
9719 : 0
9719 : 0.994477 0.00552301
9720 : 0
9720 : 0.965501 0.034499
9721 : 0
9721 : 1.0 1.18853e-10
9722 : 0
9722 : 0.999993 6.58724e-06
9723 : 1
9723 : 0.00367599 0.996324
9724 : 1
9724 : 0.242794 0.757206
9725 : 1
9725 : 0.156183 0.843817
9726 : 0
9726 : 0.999995 4.48721e-06
9727 : 0
9727 : 0.952278 0.0477223
9728 : 0
9728 : 1.0 2.86203e-15
9729 : 0
9729 : 0.999913 8.74417e-05
9730 : 0
9730 : 0.936189 0.0638114
9731 : 1
9731 : 0.00015925 0.999841
9732 : 0
9732 : 0.999999 1.17235e-06
9733 : 0
9733 : 0.999998 2.33803e-06
9734 : 1
9734 : 0.000205938 0.999794
9735 : 0
9735 : 1.0 1.40134e-12
9736 : 1
9736 : 0.0826496 0.91735
9737 : 0
9737 : 0.998076 0.00192418
9738 : 1
9738 : 0.000351159 0.999649
9739 : 0
9739 : 0.999562 0.000438053
9740 : 0
9740 : 0.704346 0.295654
9741 : 0
9741 : 0.99976 0.000240052
9742 : 1
9742 : 9.90177e-08 1.0
9743 : 0
9743 : 0.97211 0.0278897
9744 : 0
9744 : 1.0 1.82639e-13
9745 : 0
9745 : 0.999814 0.000186361
9746 : 0
9746 : 0.999821 0.000179248
9747 : 1
9747 : 0.0103692 0.989631
9748 : 1
9748 : 4.82865e-13 1.0
9749 : 1
9749 : 5.73357e-06 0.999994
9750 : 0
9750 : 0.999988 1.17572e-05
9751 : 1
9751 : 2.96443e-06 0.999997
9752 : 0
9752 : 0.986487 0.0135132
9753 : 0
9753 : 0.999986 1.37689e-05
9754 : 0
9754 : 0.999455 0.000545401
9755 : 1
9755 : 0.090485 0.909515
9756 : 0
9756 : 0.960578 0.0394224
9757 : 0
9757 : 0.999566 0.000434233
9758 : 1
9758 : 8.66754e-11 1.0
9759 : 0
9759 : 0.99964 0.000359613
9760 : 0
9760 : 0.954593 0.0454073
9761 : 1
9761 : 0.496476 0.503524
9762 : 0
9762 : 1.0 3.34852e-11
9763 : 0
9763 : 0.999979 2.05194e-05
9764 : 1
9764 : 1.71516e-05 0.999983
9765 : 1
9765 : 6.47691e-07 0.999999
9766 : 1
9766 : 0.000129681 0.99987
9767 : 1
9767 : 0.00389735 0.996103
9768 : 0
9768 : 0.988403 0.0115969
9769 : 1
9769 : 7.73564e-06 0.999992
9770 : 1
9770 : 0.0209539 0.979046
9771 : 0
9771 : 0.985698 0.0143023
9772 : 1
9772 : 9.57075e-06 0.99999
9773 : 0
9773 : 0.994676 0.00532406
9774 : 1
9774 : 6.15572e-06 0.999994
9775 : 1
9775 : 2.4704e-05 0.999975
9776 : 1
9776 : 0.00583232 0.994168
9777 : 1
9777 : 0.00247664 0.997523
9778 : 0
9778 : 0.994253 0.00574659
9779 : 1
9779 : 1.62968e-09 1.0
9780 : 0
9780 : 0.964991 0.0350088
9781 : 0
9781 : 0.997418 0.0025817
9782 : 0
9782 : 0.999447 0.000553001
9783 : 1
9783 : 0.000471378 0.999529
9784 : 1
9784 : 0.0056656 0.994334
9785 : 1
9785 : 3.69858e-05 0.999963
9786 : 1
9786 : 0.00208953 0.99791
9787 : 0
9787 : 0.999977 2.34804e-05
9788 : 1
9788 : 8.44484e-07 0.999999
9789 : 1
9789 : 0.00111122 0.998889
9790 : 0
9790 : 0.949568 0.050432
9791 : 1
9791 : 0.486721 0.513279
9792 : 0
9792 : 0.99998 1.96305e-05
9793 : 0
9793 : 0.840757 0.159243
9794 : 0
9794 : 0.99999 9.70159e-06
9795 : 0
9795 : 0.999983 1.731e-05
9796 : 0
9796 : 0.868243 0.131757
9797 : 1
9797 : 0.114641 0.885359
9798 : 1
9798 : 0.000371011 0.999629
9799 : 1
9799 : 1.35882e-08 1.0
9800 : 0
9800 : 0.950925 0.0490745
9801 : 0
9801 : 0.999996 3.61101e-06
9802 : 0
9802 : 0.995809 0.00419081
9803 : 0
9803 : 1.0 8.54159e-12
9804 : 0
9804 : 0.999994 5.557e-06
9805 : 0
9805 : 1.0 1.43745e-07
9806 : 1
9806 : 7.91188e-12 1.0
9807 : 1
9807 : 0.00976944 0.990231
9808 : 1
9808 : 0.0106166 0.989383
9809 : 1
9809 : 0.0247297 0.97527
9810 : 0
9810 : 1.0 1.82861e-08
9811 : 0
9811 : 0.999555 0.00044476
9812 : 0
9812 : 0.970164 0.0298359
9813 : 0
9813 : 1.0 1.32258e-10
9814 : 1
9814 : 0.243288 0.756712
9815 : 1
9815 : 0.00110813 0.998892
9816 : 0
9816 : 0.990263 0.00973686
9817 : 0
9817 : 0.845419 0.154581
9818 : 1
9818 : 2.12403e-06 0.999998
9819 : 1
9819 : 0.00124788 0.998752
9820 : 0
9820 : 0.999998 1.74602e-06
9821 : 1
9821 : 0.00221348 0.997787
9822 : 0
9822 : 0.998992 0.00100771
9823 : 1
9823 : 5.39424e-09 1.0
9824 : 0
9824 : 0.99974 0.000259554
9825 : 1
9825 : 0.00609212 0.993908
9826 : 1
9826 : 1.38679e-05 0.999986
9827 : 0
9827 : 0.685106 0.314894
9828 : 1
9828 : 8.51621e-07 0.999999
9829 : 1
9829 : 1.24657e-09 1.0
9830 : 0
9830 : 0.998645 0.00135462
9831 : 0
9831 : 0.998412 0.00158757
9832 : 1
9832 : 0.000392375 0.999608
9833 : 1
9833 : 1.6009e-05 0.999984
9834 : 0
9834 : 0.999993 7.47103e-06
9835 : 1
9835 : 5.1086e-06 0.999995
9836 : 1
9836 : 0.0117634 0.988237
9837 : 1
9837 : 0.00488067 0.995119
9838 : 1
9838 : 2.79066e-06 0.999997
9839 : 0
9839 : 0.957848 0.0421516
9840 : 1
9840 : 1.03833e-05 0.99999
9841 : 1
9841 : 0.182014 0.817986
9842 : 0
9842 : 0.999962 3.83743e-05
9843 : 1
9843 : 0.000122499 0.999878
9844 : 1
9844 : 0.00168892 0.998311
9845 : 1
9845 : 0.36436 0.63564
9846 : 0
9846 : 0.999966 3.42841e-05
9847 : 1
9847 : 2.37703e-10 1.0
9848 : 0
9848 : 1.0 7.57131e-15
9849 : 1
9849 : 4.33137e-09 1.0
9850 : 1
9850 : 0.000440676 0.999559
9851 : 1
9851 : 6.49792e-05 0.999935
9852 : 0
9852 : 0.698213 0.301787
9853 : 0
9853 : 0.997211 0.00278925
9854 : 1
9854 : 0.000275777 0.999724
9855 : 0
9855 : 0.999929 7.11389e-05
9856 : 0
9856 : 1.0 9.5242e-11
9857 : 0
9857 : 1.0 1.12316e-09
9858 : 0
9858 : 0.96889 0.0311096
9859 : 1
9859 : 0.152858 0.847142
9860 : 0
9860 : 0.999764 0.00023643
9861 : 1
9861 : 0.212395 0.787605
9862 : 1
9862 : 0.446838 0.553162
9863 : 0
9863 : 0.994588 0.00541154
9864 : 0
9864 : 0.999628 0.000372464
9865 : 0
9865 : 0.541487 0.458513
9866 : 1
9866 : 0.0180718 0.981928
9867 : 1
9867 : 1.10204e-06 0.999999
9868 : 0
9868 : 0.999669 0.00033074
9869 : 1
9869 : 6.16688e-06 0.999994
9870 : 0
9870 : 0.999252 0.000747614
9871 : 1
9871 : 0.00388846 0.996112
9872 : 0
9872 : 0.9999 0.000100035
9873 : 1
9873 : 3.56598e-06 0.999996
9874 : 0
9874 : 0.999963 3.7505e-05
9875 : 0
9875 : 0.993393 0.00660733
9876 : 0
9876 : 1.0 2.04699e-07
9877 : 0
9877 : 0.992545 0.00745466
9878 : 0
9878 : 0.99977 0.000230403
9879 : 1
9879 : 0.000435049 0.999565
9880 : 1
9880 : 1.83332e-12 1.0
9881 : 0
9881 : 0.998106 0.00189431
9882 : 1
9882 : 1.4282e-05 0.999986
9883 : 0
9883 : 0.999965 3.54498e-05
9884 : 0
9884 : 0.999662 0.00033835
9885 : 1
9885 : 0.00212026 0.99788
9886 : 1
9886 : 4.20468e-07 1.0
9887 : 1
9887 : 6.74474e-05 0.999933
9888 : 0
9888 : 0.996876 0.0031244
9889 : 1
9889 : 5.07099e-15 1.0
9890 : 1
9890 : 0.000507807 0.999492
9891 : 1
9891 : 0.00181067 0.998189
9892 : 0
9892 : 1.0 7.97414e-11
9893 : 0
9893 : 1.0 2.84862e-07
9894 : 0
9894 : 0.504783 0.495217
9895 : 0
9895 : 0.999623 0.000377479
9896 : 0
9896 : 0.937759 0.0622409
9897 : 0
9897 : 0.966316 0.033684
9898 : 0
9898 : 0.998187 0.00181288
9899 : 1
9899 : 0.161736 0.838264
9900 : 0
9900 : 1.0 2.45125e-11
9901 : 0
9901 : 1.0 2.204e-07
9902 : 0
9902 : 0.999997 3.07567e-06
9903 : 0
9903 : 0.983141 0.0168594
9904 : 0
9904 : 0.999985 1.51872e-05
9905 : 0
9905 : 0.999928 7.15204e-05
9906 : 0
9906 : 0.999996 3.72014e-06
9907 : 0
9907 : 1.0 2.44143e-07
9908 : 0
9908 : 0.981955 0.0180455
9909 : 0
9909 : 0.999602 0.000397768
9910 : 0
9910 : 0.965324 0.0346757
9911 : 1
9911 : 0.00258292 0.997417
9912 : 0
9912 : 0.982328 0.0176722
9913 : 0
9913 : 1.0 1.15437e-08
9914 : 1
9914 : 0.0107914 0.989209
9915 : 0
9915 : 1.0 5.28931e-12
9916 : 1
9916 : 8.19634e-07 0.999999
9917 : 1
9917 : 0.0064262 0.993574
9918 : 1
9918 : 1.45981e-06 0.999999
9919 : 1
9919 : 0.258457 0.741543
9920 : 1
9920 : 0.00135767 0.998642
9921 : 1
9921 : 9.8306e-05 0.999902
9922 : 1
9922 : 0.434241 0.565759
9923 : 0
9923 : 0.999984 1.54954e-05
9924 : 0
9924 : 1.0 4.67335e-08
9925 : 1
9925 : 2.06209e-06 0.999998
9926 : 1
9926 : 0.000685516 0.999314
9927 : 0
9927 : 0.999238 0.000762279
9928 : 0
9928 : 0.999954 4.55178e-05
9929 : 1
9929 : 0.314747 0.685253
9930 : 0
9930 : 0.999054 0.000946089
9931 : 1
9931 : 0.000175232 0.999825
9932 : 1
9932 : 0.00234132 0.997659
9933 : 1
9933 : 3.77555e-06 0.999996
9934 : 1
9934 : 1.98243e-06 0.999998
9935 : 1
9935 : 1.56009e-06 0.999998
9936 : 0
9936 : 0.99984 0.0001599
9937 : 1
9937 : 0.000964619 0.999035
9938 : 1
9938 : 0.000279429 0.999721
9939 : 0
9939 : 0.999987 1.3435e-05
9940 : 1
9940 : 4.61372e-05 0.999954
9941 : 1
9941 : 1.90076e-06 0.999998
9942 : 1
9942 : 1.08626e-05 0.999989
9943 : 1
9943 : 4.31064e-07 1.0
9944 : 1
9944 : 0.00104976 0.99895
9945 : 0
9945 : 0.999636 0.000364075
9946 : 1
9946 : 8.04162e-05 0.99992
9947 : 1
9947 : 3.92721e-05 0.999961
9948 : 0
9948 : 0.998781 0.00121866
9949 : 1
9949 : 3.59321e-05 0.999964
9950 : 0
9950 : 0.970739 0.029261
9951 : 0
9951 : 0.99995 4.97192e-05
9952 : 0
9952 : 0.995686 0.00431428
9953 : 0
9953 : 0.999698 0.000302456
9954 : 1
9954 : 2.36028e-15 1.0
9955 : 1
9955 : 1.02118e-12 1.0
9956 : 1
9956 : 0.00252721 0.997473
9957 : 0
9957 : 0.87494 0.12506
9958 : 0
9958 : 0.986888 0.0131123
9959 : 1
9959 : 0.0076036 0.992396
9960 : 0
9960 : 0.949283 0.0507171
9961 : 0
9961 : 0.999995 4.6e-06
9962 : 1
9962 : 0.000168624 0.999831
9963 : 0
9963 : 0.999981 1.8712e-05
9964 : 0
9964 : 1.0 8.04188e-08
9965 : 0
9965 : 0.999988 1.19494e-05
9966 : 0
9966 : 1.0 2.66414e-12
9967 : 1
9967 : 2.71094e-05 0.999973
9968 : 1
9968 : 9.4692e-07 0.999999
9969 : 1
9969 : 3.51948e-05 0.999965
9970 : 1
9970 : 0.230006 0.769994
9971 : 0
9971 : 0.999999 8.58661e-07
9972 : 0
9972 : 0.999945 5.48484e-05
9973 : 1
9973 : 2.51488e-09 1.0
9974 : 0
9974 : 1.0 5.83128e-08
9975 : 1
9975 : 1.69925e-05 0.999983
9976 : 1
9976 : 0.000379309 0.999621
9977 : 0
9977 : 0.999988 1.22764e-05
9978 : 1
9978 : 0.0135233 0.986477
9979 : 0
9979 : 0.998871 0.00112857
9980 : 0
9980 : 0.98996 0.0100402
9981 : 1
9981 : 0.295099 0.704901
9982 : 1
9982 : 8.26779e-06 0.999992
9983 : 0
9983 : 0.999983 1.70418e-05
9984 : 1
9984 : 0.0301887 0.969811
9985 : 1
9985 : 2.38864e-05 0.999976
9986 : 1
9986 : 0.0179403 0.98206
9987 : 1
9987 : 0.00158157 0.998418
9988 : 1
9988 : 0.282584 0.717416
9989 : 1
9989 : 0.000116608 0.999883
9990 : 0
9990 : 0.9847 0.0152996
9991 : 1
9991 : 0.000158215 0.999842
9992 : 1
9992 : 0.00598017 0.99402
9993 : 1
9993 : 0.0228772 0.977123
9994 : 0
9994 : 0.999999 1.15227e-06
9995 : 0
9995 : 0.63717 0.36283
9996 : 1
9996 : 3.91653e-06 0.999996
9997 : 1
9997 : 0.000922669 0.999077
9998 : 0
9998 : 0.999969 3.05129e-05
9999 : 0
9999 : 0.998474 0.00152571
10000 : 1
10000 : 0.00015698 0.999843
10001 : 0
10001 : 0.809408 0.190592
10002 : 0
10002 : 0.999995 4.89542e-06
10003 : 1
10003 : 2.082e-07 1.0
10004 : 1
10004 : 0.0156948 0.984305
10005 : 0
10005 : 0.999991 8.70885e-06
10006 : 0
10006 : 0.996294 0.00370552
10007 : 0
10007 : 0.9999 0.000100063
10008 : 0
10008 : 1.0 6.95202e-09
10009 : 0
10009 : 0.662196 0.337804
10010 : 1
10010 : 3.32539e-06 0.999997
10011 : 1
10011 : 2.53997e-08 1.0
10012 : 0
10012 : 1.0 2.19327e-07
10013 : 0
10013 : 1.0 1.487e-08
10014 : 0
10014 : 0.992987 0.00701315
10015 : 1
10015 : 2.15001e-05 0.999978
10016 : 1
10016 : 0.000280782 0.999719
10017 : 0
10017 : 0.990344 0.00965646
10018 : 0
10018 : 0.985634 0.0143665
10019 : 0
10019 : 0.998461 0.00153888
10020 : 0
10020 : 0.86267 0.13733
10021 : 0
10021 : 0.999992 8.08175e-06
10022 : 0
10022 : 0.867774 0.132226
10023 : 1
10023 : 3.06643e-05 0.999969
10024 : 1
10024 : 5.50219e-09 1.0
10025 : 1
10025 : 7.6852e-06 0.999992
10026 : 1
10026 : 0.00088423 0.999116
10027 : 1
10027 : 7.34038e-05 0.999927
10028 : 0
10028 : 0.998009 0.00199087
10029 : 1
10029 : 1.90904e-09 1.0
10030 : 1
10030 : 9.86323e-06 0.99999
10031 : 1
10031 : 0.000669573 0.99933
10032 : 0
10032 : 0.999805 0.00019507
10033 : 0
10033 : 0.999486 0.000514102
10034 : 1
10034 : 1.0861e-05 0.999989
10035 : 1
10035 : 0.0534282 0.946572
10036 : 1
10036 : 2.8738e-09 1.0
10037 : 0
10037 : 0.999418 0.000582218
10038 : 1
10038 : 0.00181758 0.998182
10039 : 1
10039 : 4.45217e-05 0.999955
10040 : 0
10040 : 0.576822 0.423178
10041 : 1
10041 : 1.91956e-06 0.999998
10042 : 1
10042 : 0.0161984 0.983802
10043 : 0
10043 : 0.997938 0.0020625
10044 : 0
10044 : 1.0 3.61435e-09
10045 : 1
10045 : 0.0134849 0.986515
10046 : 1
10046 : 0.495094 0.504906
10047 : 1
10047 : 1.06688e-05 0.999989
10048 : 1
10048 : 8.51274e-11 1.0
10049 : 0
10049 : 0.993554 0.00644599
10050 : 0
10050 : 1.0 2.14044e-07
10051 : 0
10051 : 0.97991 0.0200902
10052 : 0
10052 : 0.999943 5.70187e-05
10053 : 1
10053 : 0.0166625 0.983338
10054 : 0
10054 : 0.998181 0.00181938
10055 : 0
10055 : 0.633917 0.366083
10056 : 1
10056 : 0.14057 0.85943
10057 : 1
10057 : 0.105764 0.894236
10058 : 1
10058 : 0.0088413 0.991159
10059 : 1
10059 : 0.001255 0.998745
10060 : 1
10060 : 0.000187266 0.999813
10061 : 0
10061 : 0.57585 0.42415
10062 : 0
10062 : 1.0 4.44758e-10
10063 : 1
10063 : 0.0079707 0.992029
10064 : 0
10064 : 0.816478 0.183522
10065 : 1
10065 : 0.0105232 0.989477
10066 : 0
10066 : 0.672747 0.327253
10067 : 0
10067 : 0.974159 0.0258411
10068 : 0
10068 : 0.999354 0.000646287
10069 : 0
10069 : 0.986662 0.013338
10070 : 1
10070 : 0.372299 0.627701
10071 : 0
10071 : 1.0 1.10357e-14
10072 : 0
10072 : 0.99657 0.00342983
10073 : 1
10073 : 0.0056906 0.994309
10074 : 0
10074 : 0.99979 0.000210195
10075 : 0
10075 : 0.999998 2.40756e-06
10076 : 1
10076 : 0.264634 0.735366
10077 : 0
10077 : 0.99955 0.000450123
10078 : 0
10078 : 0.664103 0.335897
10079 : 0
10079 : 0.999844 0.000155596
10080 : 1
10080 : 5.71791e-08 1.0
10081 : 1
10081 : 0.0278585 0.972141
10082 : 1
10082 : 0.000376811 0.999623
10083 : 0
10083 : 0.984021 0.0159791
10084 : 1
10084 : 7.06693e-08 1.0
10085 : 0
10085 : 0.96681 0.0331901
10086 : 1
10086 : 0.000334161 0.999666
10087 : 1
10087 : 4.44457e-10 1.0
10088 : 0
10088 : 1.0 1.11242e-14
10089 : 0
10089 : 0.999999 8.39015e-07
10090 : 0
10090 : 0.999996 3.64855e-06
10091 : 0
10091 : 0.984298 0.0157025
10092 : 1
10092 : 6.68807e-07 0.999999
10093 : 0
10093 : 0.999891 0.000109095
10094 : 1
10094 : 8.07168e-06 0.999992
10095 : 0
10095 : 0.997817 0.00218273
10096 : 1
10096 : 0.000422124 0.999578
10097 : 1
10097 : 0.00028767 0.999712
10098 : 1
10098 : 4.51712e-05 0.999955
10099 : 1
10099 : 0.225283 0.774717
10100 : 0
10100 : 0.767315 0.232685
10101 : 0
10101 : 0.990042 0.00995839
10102 : 1
10102 : 0.269172 0.730828
10103 : 0
10103 : 1.0 1.47758e-07
10104 : 1
10104 : 1.49379e-06 0.999999
10105 : 1
10105 : 0.18771 0.81229
10106 : 0
10106 : 0.999454 0.00054568
10107 : 0
10107 : 0.91362 0.0863795
10108 : 1
10108 : 0.000160538 0.999839
10109 : 0
10109 : 0.999992 7.94619e-06
10110 : 1
10110 : 1.0514e-05 0.999989
10111 : 1
10111 : 0.47596 0.52404
10112 : 0
10112 : 0.909743 0.0902568
10113 : 1
10113 : 1.3963e-08 1.0
10114 : 0
10114 : 0.991196 0.00880416
10115 : 0
10115 : 0.999982 1.76753e-05
10116 : 1
10116 : 0.000359324 0.999641
10117 : 0
10117 : 0.982016 0.0179838
10118 : 0
10118 : 0.998068 0.001932
10119 : 0
10119 : 0.947446 0.0525541
10120 : 0
10120 : 0.997104 0.00289617
10121 : 0
10121 : 0.99999 9.67739e-06
10122 : 0
10122 : 0.986376 0.0136238
10123 : 1
10123 : 0.000430998 0.999569
10124 : 1
10124 : 1.07881e-10 1.0
10125 : 0
10125 : 1.0 1.66768e-08
10126 : 0
10126 : 1.0 2.13185e-07
10127 : 1
10127 : 0.162976 0.837024
10128 : 0
10128 : 0.984288 0.0157123
10129 : 0
10129 : 1.0 2.57227e-08
10130 : 0
10130 : 0.99995 4.9574e-05
10131 : 1
10131 : 0.0203493 0.979651
10132 : 0
10132 : 0.998331 0.0016687
10133 : 0
10133 : 0.999999 6.73319e-07
10134 : 0
10134 : 0.99993 7.04507e-05
10135 : 1
10135 : 1.1317e-08 1.0
10136 : 1
10136 : 0.00950475 0.990495
10137 : 1
10137 : 0.00104714 0.998953
10138 : 1
10138 : 0.000114132 0.999886
10139 : 1
10139 : 0.00711097 0.992889
10140 : 1
10140 : 0.00502356 0.994976
10141 : 1
10141 : 1.88253e-05 0.999981
10142 : 0
10142 : 0.963924 0.0360763
10143 : 1
10143 : 0.297252 0.702748
10144 : 1
10144 : 0.000440889 0.999559
10145 : 0
10145 : 0.99147 0.00853041
10146 : 0
10146 : 0.973528 0.0264719
10147 : 1
10147 : 0.000423438 0.999577
10148 : 1
10148 : 6.25739e-10 1.0
10149 : 1
10149 : 0.466633 0.533367
10150 : 0
10150 : 0.997159 0.00284133
10151 : 0
10151 : 0.98569 0.0143099
10152 : 0
10152 : 0.999978 2.19538e-05
10153 : 1
10153 : 0.0406274 0.959373
10154 : 0
10154 : 0.999398 0.000602255
10155 : 1
10155 : 0.00443611 0.995564
10156 : 0
10156 : 0.999917 8.29586e-05
10157 : 0
10157 : 0.999391 0.000608639
10158 : 1
10158 : 0.174513 0.825487
10159 : 0
10159 : 0.90713 0.0928698
10160 : 0
10160 : 0.999861 0.000139103
10161 : 1
10161 : 0.017938 0.982062
10162 : 1
10162 : 2.36775e-05 0.999976
10163 : 1
10163 : 7.7316e-06 0.999992
10164 : 1
10164 : 0.0205314 0.979469
10165 : 1
10165 : 7.11253e-06 0.999993
10166 : 1
10166 : 9.70813e-05 0.999903
10167 : 1
10167 : 5.96012e-07 0.999999
10168 : 0
10168 : 0.998204 0.00179616
10169 : 1
10169 : 6.37161e-07 0.999999
10170 : 1
10170 : 0.000627641 0.999372
10171 : 0
10171 : 0.997281 0.00271875
10172 : 1
10172 : 0.000234666 0.999765
10173 : 0
10173 : 0.999951 4.93666e-05
10174 : 0
10174 : 0.999667 0.000332952
10175 : 0
10175 : 0.915143 0.084857
10176 : 1
10176 : 0.000876448 0.999124
10177 : 1
10177 : 3.59908e-06 0.999996
10178 : 0
10178 : 0.992281 0.0077186
10179 : 1
10179 : 2.55681e-05 0.999974
10180 : 0
10180 : 0.999775 0.000225307
10181 : 0
10181 : 0.996471 0.00352944
10182 : 0
10182 : 1.0 1.33009e-09
10183 : 0
10183 : 0.941685 0.0583152
10184 : 0
10184 : 0.999812 0.000187781
10185 : 1
10185 : 0.00622993 0.99377
10186 : 1
10186 : 6.97394e-05 0.99993
10187 : 0
10187 : 0.778307 0.221693
10188 : 0
10188 : 0.999902 9.83427e-05
10189 : 1
10189 : 9.02421e-07 0.999999
10190 : 1
10190 : 2.79016e-06 0.999997
10191 : 0
10191 : 0.989142 0.0108584
10192 : 0
10192 : 0.956212 0.0437878
10193 : 0
10193 : 1.0 2.91445e-08
10194 : 0
10194 : 0.901203 0.0987973
10195 : 1
10195 : 1.11869e-06 0.999999
10196 : 1
10196 : 3.91522e-06 0.999996
10197 : 1
10197 : 0.000455847 0.999544
10198 : 1
10198 : 0.0187914 0.981209
10199 : 0
10199 : 0.999864 0.000135833
10200 : 0
10200 : 0.99991 8.98432e-05
10201 : 0
10201 : 0.999988 1.19329e-05
10202 : 1
10202 : 0.000140495 0.999859
10203 : 1
10203 : 0.00259095 0.997409
10204 : 0
10204 : 0.999716 0.000283851
10205 : 0
10205 : 0.988813 0.0111871
10206 : 0
10206 : 0.75638 0.24362
10207 : 1
10207 : 0.00307308 0.996927
10208 : 1
10208 : 0.00320647 0.996794
10209 : 1
10209 : 0.213788 0.786212
10210 : 0
10210 : 0.999989 1.10082e-05
10211 : 0
10211 : 0.999588 0.000412452
10212 : 0
10212 : 0.771721 0.228279
10213 : 1
10213 : 0.0340389 0.965961
10214 : 1
10214 : 1.89918e-05 0.999981
10215 : 0
10215 : 1.0 2.68997e-11
10216 : 0
10216 : 0.997629 0.00237122
10217 : 1
10217 : 6.72664e-05 0.999933
10218 : 0
10218 : 1.0 2.01538e-08
10219 : 0
10219 : 0.991494 0.00850588
10220 : 1
10220 : 7.10304e-09 1.0
10221 : 1
10221 : 0.00258165 0.997418
10222 : 1
10222 : 0.0199345 0.980065
10223 : 0
10223 : 1.0 2.55412e-08
10224 : 0
10224 : 0.999994 5.93068e-06
10225 : 0
10225 : 0.999962 3.84283e-05
10226 : 0
10226 : 0.617069 0.382931
10227 : 0
10227 : 0.999999 1.07043e-06
10228 : 0
10228 : 0.981593 0.0184068
10229 : 0
10229 : 0.999905 9.46166e-05
10230 : 0
10230 : 0.516902 0.483098
10231 : 1
10231 : 2.3634e-06 0.999998
10232 : 1
10232 : 0.010372 0.989628
10233 : 1
10233 : 2.87259e-07 1.0
10234 : 0
10234 : 0.998688 0.00131246
10235 : 0
10235 : 0.999962 3.7779e-05
10236 : 0
10236 : 1.0 1.68773e-13
10237 : 0
10237 : 0.999849 0.000150935
10238 : 1
10238 : 4.71291e-09 1.0
10239 : 1
10239 : 0.000329041 0.999671
10240 : 0
10240 : 0.999547 0.000453159
10241 : 1
10241 : 0.0351479 0.964852
10242 : 1
10242 : 9.87439e-12 1.0
10243 : 1
10243 : 0.000862247 0.999138
10244 : 1
10244 : 7.72202e-05 0.999923
10245 : 1
10245 : 0.000153519 0.999847
10246 : 1
10246 : 0.001952 0.998048
10247 : 1
10247 : 1.04114e-07 1.0
10248 : 0
10248 : 0.987466 0.0125343
10249 : 1
10249 : 1.7315e-06 0.999998
10250 : 0
10250 : 0.999726 0.000273782
10251 : 0
10251 : 0.999999 1.25713e-06
10252 : 0
10252 : 0.999614 0.000385997
10253 : 1
10253 : 0.00197471 0.998025
10254 : 1
10254 : 1.93121e-05 0.999981
10255 : 0
10255 : 0.997383 0.00261686
10256 : 1
10256 : 0.00105162 0.998948
10257 : 1
10257 : 0.000155434 0.999845
10258 : 1
10258 : 4.51678e-18 1.0
10259 : 1
10259 : 4.14361e-08 1.0
10260 : 0
10260 : 0.999676 0.000323593
10261 : 1
10261 : 0.0066818 0.993318
10262 : 1
10262 : 1.34532e-07 1.0
10263 : 1
10263 : 9.63115e-06 0.99999
10264 : 0
10264 : 0.977533 0.0224669
10265 : 0
10265 : 0.987429 0.0125712
10266 : 0
10266 : 1.0 4.15889e-08
10267 : 0
10267 : 0.999916 8.40307e-05
10268 : 0
10268 : 0.671041 0.328958
10269 : 1
10269 : 0.000202936 0.999797
10270 : 0
10270 : 1.0 1.43131e-07
10271 : 1
10271 : 0.0176465 0.982354
10272 : 0
10272 : 0.895846 0.104154
10273 : 0
10273 : 0.999964 3.55051e-05
10274 : 0
10274 : 0.977303 0.0226973
10275 : 1
10275 : 0.000168262 0.999832
10276 : 1
10276 : 0.404641 0.595359
10277 : 1
10277 : 0.168876 0.831124
10278 : 1
10278 : 0.000769531 0.999231
10279 : 1
10279 : 0.0136766 0.986323
10280 : 0
10280 : 0.999997 2.76011e-06
10281 : 1
10281 : 0.000206576 0.999793
10282 : 0
10282 : 0.981429 0.0185705
10283 : 1
10283 : 0.00274751 0.997253
10284 : 1
10284 : 0.0550781 0.944922
10285 : 1
10285 : 0.0803302 0.91967
10286 : 0
10286 : 0.980475 0.0195249
10287 : 0
10287 : 0.99922 0.000780186
10288 : 0
10288 : 0.949025 0.0509747
10289 : 0
10289 : 0.999977 2.29743e-05
10290 : 1
10290 : 0.00718061 0.992819
10291 : 1
10291 : 0.00134937 0.998651
10292 : 1
10292 : 0.131918 0.868082
10293 : 0
10293 : 0.548621 0.451379
10294 : 0
10294 : 1.0 3.66595e-12
10295 : 1
10295 : 0.0208381 0.979162
10296 : 0
10296 : 0.999747 0.000252585
10297 : 1
10297 : 4.99782e-10 1.0
10298 : 1
10298 : 1.14435e-06 0.999999
10299 : 0
10299 : 0.999993 6.72904e-06
10300 : 1
10300 : 0.000908711 0.999091
10301 : 0
10301 : 0.993262 0.00673854
10302 : 1
10302 : 0.0434629 0.956537
10303 : 1
10303 : 0.00680949 0.993191
10304 : 1
10304 : 6.05906e-08 1.0
10305 : 1
10305 : 8.07605e-07 0.999999
10306 : 1
10306 : 0.000340787 0.999659
10307 : 1
10307 : 0.379855 0.620145
10308 : 0
10308 : 0.999992 8.18687e-06
10309 : 0
10309 : 0.999949 5.07177e-05
10310 : 0
10310 : 0.982164 0.0178359
10311 : 0
10311 : 0.984336 0.0156638
10312 : 0
10312 : 1.0 3.60284e-12
10313 : 1
10313 : 0.000924194 0.999076
10314 : 0
10314 : 0.999993 7.09377e-06
10315 : 1
10315 : 1.97425e-12 1.0
10316 : 1
10316 : 0.139792 0.860208
10317 : 1
10317 : 0.000144995 0.999855
10318 : 0
10318 : 1.0 3.18481e-09
10319 : 0
10319 : 0.943809 0.056191
10320 : 1
10320 : 0.00127918 0.998721
10321 : 1
10321 : 3.34322e-07 1.0
10322 : 0
10322 : 0.987265 0.0127353
10323 : 1
10323 : 4.23421e-07 1.0
10324 : 1
10324 : 0.104606 0.895394
10325 : 1
10325 : 0.360527 0.639473
10326 : 1
10326 : 1.51825e-05 0.999985
10327 : 1
10327 : 0.00598016 0.99402
10328 : 0
10328 : 0.999995 5.43977e-06
10329 : 1
10329 : 0.00348963 0.99651
10330 : 0
10330 : 0.99757 0.00243007
10331 : 0
10331 : 1.0 3.83751e-08
10332 : 1
10332 : 9.23596e-08 1.0
10333 : 1
10333 : 0.186481 0.813519
10334 : 0
10334 : 0.999963 3.74688e-05
10335 : 1
10335 : 0.00057417 0.999426
10336 : 1
10336 : 0.120013 0.879987
10337 : 1
10337 : 0.162072 0.837928
10338 : 0
10338 : 0.967503 0.0324969
10339 : 1
10339 : 9.40953e-05 0.999906
10340 : 0
10340 : 0.6907 0.3093
10341 : 0
10341 : 0.999994 6.24293e-06
10342 : 1
10342 : 0.00145287 0.998547
10343 : 0
10343 : 0.999912 8.79951e-05
10344 : 0
10344 : 0.763323 0.236677
10345 : 1
10345 : 0.265988 0.734012
10346 : 0
10346 : 0.999815 0.000185506
10347 : 0
10347 : 0.55331 0.44669
10348 : 1
10348 : 0.0935684 0.906432
10349 : 1
10349 : 0.00348507 0.996515
10350 : 1
10350 : 1.81186e-06 0.999998
10351 : 0
10351 : 1.0 1.98501e-07
10352 : 1
10352 : 0.00760142 0.992399
10353 : 0
10353 : 0.999386 0.000613987
10354 : 1
10354 : 0.00980517 0.990195
10355 : 1
10355 : 0.0125378 0.987462
10356 : 0
10356 : 0.975593 0.0244072
10357 : 1
10357 : 0.00156139 0.998439
10358 : 0
10358 : 0.999996 3.61526e-06
10359 : 0
10359 : 0.894831 0.105169
10360 : 1
10360 : 0.0884206 0.911579
10361 : 0
10361 : 0.99999 1.05142e-05
10362 : 0
10362 : 0.999995 4.57478e-06
10363 : 0
10363 : 0.999989 1.10989e-05
10364 : 1
10364 : 3.54943e-11 1.0
10365 : 0
10365 : 0.779752 0.220248
10366 : 1
10366 : 0.470501 0.529499
10367 : 1
10367 : 0.081033 0.918967
10368 : 1
10368 : 0.0151014 0.984899
10369 : 0
10369 : 1.0 3.14782e-09
10370 : 1
10370 : 0.000910913 0.999089
10371 : 1
10371 : 0.00835571 0.991644
10372 : 1
10372 : 0.00125982 0.99874
10373 : 0
10373 : 0.976319 0.0236806
10374 : 1
10374 : 0.0269319 0.973068
10375 : 0
10375 : 0.595143 0.404857
10376 : 0
10376 : 1.0 6.75928e-12
10377 : 0
10377 : 0.788477 0.211523
10378 : 0
10378 : 0.999619 0.000381253
10379 : 1
10379 : 7.41243e-06 0.999993
10380 : 1
10380 : 0.00320065 0.996799
10381 : 1
10381 : 0.389891 0.610109
10382 : 0
10382 : 0.966805 0.0331948
10383 : 0
10383 : 0.923264 0.0767356
10384 : 1
10384 : 3.62603e-06 0.999996
10385 : 1
10385 : 0.000181945 0.999818
10386 : 0
10386 : 0.999938 6.2184e-05
10387 : 0
10387 : 0.666656 0.333344
10388 : 0
10388 : 1.0 1.3361e-07
10389 : 1
10389 : 0.000994183 0.999006
10390 : 1
10390 : 6.07982e-12 1.0
10391 : 0
10391 : 0.857733 0.142267
10392 : 1
10392 : 0.169037 0.830963
10393 : 0
10393 : 0.999837 0.000163299
10394 : 0
10394 : 0.890915 0.109085
10395 : 0
10395 : 0.993309 0.00669076
10396 : 1
10396 : 0.0360575 0.963943
10397 : 0
10397 : 0.999498 0.000501662
10398 : 0
10398 : 1.0 1.18149e-08
10399 : 1
10399 : 0.100145 0.899855
10400 : 1
10400 : 1.09638e-09 1.0
10401 : 0
10401 : 0.980001 0.0199995
10402 : 0
10402 : 0.999914 8.62458e-05
10403 : 1
10403 : 3.0222e-08 1.0
10404 : 0
10404 : 0.758379 0.241621
10405 : 0
10405 : 0.999613 0.000387156
10406 : 1
10406 : 0.103959 0.896041
10407 : 0
10407 : 0.947001 0.0529988
10408 : 0
10408 : 0.994721 0.00527935
10409 : 1
10409 : 0.000407651 0.999592
10410 : 0
10410 : 0.999999 8.98104e-07
10411 : 0
10411 : 0.761863 0.238137
10412 : 0
10412 : 0.999993 7.03543e-06
10413 : 0
10413 : 0.995928 0.00407207
10414 : 1
10414 : 0.302078 0.697922
10415 : 0
10415 : 0.999918 8.19476e-05
10416 : 0
10416 : 0.986991 0.0130088
10417 : 0
10417 : 0.994578 0.00542174
10418 : 1
10418 : 0.319609 0.680391
10419 : 1
10419 : 0.0693174 0.930683
10420 : 1
10420 : 0.0208185 0.979182
10421 : 1
10421 : 3.24956e-05 0.999968
10422 : 1
10422 : 5.07922e-05 0.999949
10423 : 0
10423 : 1.0 2.68997e-11
10424 : 0
10424 : 0.990525 0.00947466
10425 : 1
10425 : 0.00132307 0.998677
10426 : 0
10426 : 0.997313 0.00268678
10427 : 1
10427 : 0.00757423 0.992426
10428 : 0
10428 : 0.954733 0.0452671
10429 : 1
10429 : 0.0949847 0.905015
10430 : 0
10430 : 0.937862 0.0621378
10431 : 0
10431 : 0.999987 1.29045e-05
10432 : 1
10432 : 2.45255e-05 0.999976
10433 : 1
10433 : 0.000239133 0.999761
10434 : 1
10434 : 1.08527e-05 0.999989
10435 : 1
10435 : 0.00110226 0.998898
10436 : 1
10436 : 0.000658878 0.999341
10437 : 0
10437 : 0.999321 0.00067879
10438 : 1
10438 : 0.00104717 0.998953
10439 : 0
10439 : 0.939807 0.0601931
10440 : 1
10440 : 0.3847 0.6153
10441 : 0
10441 : 1.0 8.18828e-11
10442 : 1
10442 : 0.00585258 0.994147
10443 : 1
10443 : 0.00534826 0.994652
10444 : 1
10444 : 0.000164205 0.999836
10445 : 1
10445 : 1.95731e-11 1.0
10446 : 0
10446 : 0.999293 0.00070678
10447 : 0
10447 : 0.859472 0.140528
10448 : 1
10448 : 7.6035e-13 1.0
10449 : 1
10449 : 5.75124e-09 1.0
10450 : 0
10450 : 0.999998 1.87953e-06
10451 : 0
10451 : 1.0 6.00548e-08
10452 : 1
10452 : 0.000621487 0.999379
10453 : 1
10453 : 0.0155436 0.984456
10454 : 0
10454 : 0.931359 0.0686405
10455 : 0
10455 : 0.998355 0.0016452
10456 : 1
10456 : 0.000241672 0.999758
10457 : 1
10457 : 0.317745 0.682254
10458 : 1
10458 : 9.4705e-06 0.999991
10459 : 1
10459 : 0.0146915 0.985309
10460 : 0
10460 : 0.999188 0.000811872
10461 : 0
10461 : 0.999595 0.000404897
10462 : 0
10462 : 0.999968 3.25021e-05
10463 : 0
10463 : 0.554841 0.445159
10464 : 1
10464 : 0.00816703 0.991833
10465 : 1
10465 : 5.27452e-08 1.0
10466 : 1
10466 : 0.215001 0.784999
10467 : 0
10467 : 1.0 1.29849e-10
10468 : 0
10468 : 0.999997 2.99792e-06
10469 : 0
10469 : 0.976681 0.0233195
10470 : 0
10470 : 1.0 5.29229e-08
10471 : 0
10471 : 0.982037 0.0179626
10472 : 0
10472 : 0.999916 8.35662e-05
10473 : 1
10473 : 0.0246232 0.975377
10474 : 1
10474 : 5.13951e-11 1.0
10475 : 0
10475 : 0.999987 1.26761e-05
10476 : 0
10476 : 0.978448 0.0215521
10477 : 0
10477 : 0.995706 0.00429375
10478 : 1
10478 : 5.28064e-07 0.999999
10479 : 0
10479 : 0.939188 0.0608125
10480 : 0
10480 : 0.973682 0.0263183
10481 : 0
10481 : 0.922926 0.0770738
10482 : 0
10482 : 0.984131 0.015869
10483 : 1
10483 : 0.252399 0.747601
10484 : 1
10484 : 0.183981 0.816019
10485 : 1
10485 : 1.50902e-05 0.999985
10486 : 0
10486 : 0.99994 5.98104e-05
10487 : 1
10487 : 8.90957e-12 1.0
10488 : 1
10488 : 2.42599e-05 0.999976
10489 : 0
10489 : 0.991561 0.00843862
10490 : 0
10490 : 0.859956 0.140044
10491 : 0
10491 : 0.998637 0.00136344
10492 : 1
10492 : 0.000734252 0.999266
10493 : 1
10493 : 0.00508803 0.994912
10494 : 1
10494 : 0.0022899 0.99771
10495 : 0
10495 : 0.999995 4.87049e-06
10496 : 1
10496 : 0.000710377 0.99929
10497 : 0
10497 : 0.994752 0.00524831
10498 : 0
10498 : 0.999725 0.000275165
10499 : 1
10499 : 0.000556281 0.999444
10500 : 1
10500 : 0.000909143 0.999091
10501 : 1
10501 : 4.36738e-05 0.999956
10502 : 1
10502 : 0.0023697 0.99763
10503 : 1
10503 : 0.0901887 0.909811
10504 : 0
10504 : 0.999897 0.00010255
10505 : 0
10505 : 0.819935 0.180065
10506 : 0
10506 : 0.941219 0.0587809
10507 : 0
10507 : 0.981952 0.0180476
10508 : 0
10508 : 0.962567 0.0374328
10509 : 1
10509 : 0.0160054 0.983995
10510 : 0
10510 : 0.996348 0.0036516
10511 : 0
10511 : 0.999998 2.2333e-06
10512 : 0
10512 : 0.999936 6.38153e-05
10513 : 0
10513 : 0.585117 0.414883
10514 : 0
10514 : 0.710635 0.289365
10515 : 0
10515 : 0.999469 0.000531139
10516 : 1
10516 : 7.8015e-07 0.999999
10517 : 0
10517 : 0.778121 0.221879
10518 : 1
10518 : 0.00217696 0.997823
10519 : 0
10519 : 0.999762 0.000237538
10520 : 1
10520 : 0.00213267 0.997867
10521 : 0
10521 : 0.999999 5.66312e-07
10522 : 1
10522 : 0.0235195 0.976481
10523 : 1
10523 : 1.62738e-05 0.999984
10524 : 1
10524 : 0.0196991 0.980301
10525 : 1
10525 : 0.0131519 0.986848
10526 : 1
10526 : 0.000227445 0.999773
10527 : 1
10527 : 0.0483808 0.951619
10528 : 0
10528 : 0.988871 0.0111287
10529 : 0
10529 : 0.999975 2.51825e-05
10530 : 0
10530 : 0.999996 3.50622e-06
10531 : 1
10531 : 0.000497884 0.999502
10532 : 1
10532 : 0.0201193 0.979881
10533 : 0
10533 : 0.999935 6.47672e-05
10534 : 1
10534 : 0.00440307 0.995597
10535 : 0
10535 : 0.999055 0.000944667
10536 : 0
10536 : 0.987636 0.0123638
10537 : 1
10537 : 0.175206 0.824794
10538 : 0
10538 : 0.998624 0.00137621
10539 : 0
10539 : 0.996299 0.00370063
10540 : 1
10540 : 0.00031313 0.999687
10541 : 1
10541 : 1.86299e-05 0.999981
10542 : 1
10542 : 0.133336 0.866664
10543 : 0
10543 : 0.99931 0.000690217
10544 : 0
10544 : 0.999935 6.45661e-05
10545 : 0
10545 : 1.0 4.69092e-11
10546 : 0
10546 : 0.99962 0.000380203
10547 : 0
10547 : 0.67379 0.32621
10548 : 1
10548 : 0.01379 0.98621
10549 : 0
10549 : 0.99995 5.02845e-05
10550 : 1
10550 : 0.000627789 0.999372
10551 : 1
10551 : 8.71088e-08 1.0
10552 : 0
10552 : 1.0 2.93828e-13
10553 : 0
10553 : 0.998577 0.00142292
10554 : 1
10554 : 0.0269454 0.973055
10555 : 0
10555 : 1.0 2.12431e-14
10556 : 1
10556 : 0.000122944 0.999877
10557 : 0
10557 : 0.995925 0.00407497
10558 : 1
10558 : 0.000476622 0.999523
10559 : 1
10559 : 1.40453e-05 0.999986
10560 : 0
10560 : 0.628277 0.371724
10561 : 1
10561 : 4.821e-05 0.999952
10562 : 1
10562 : 4.35673e-07 1.0
10563 : 1
10563 : 4.19628e-07 1.0
10564 : 1
10564 : 0.00215241 0.997848
10565 : 1
10565 : 0.00141706 0.998583
10566 : 1
10566 : 1.50112e-09 1.0
10567 : 1
10567 : 1.2742e-10 1.0
10568 : 1
10568 : 0.00363214 0.996368
10569 : 0
10569 : 0.995985 0.0040147
10570 : 1
10570 : 4.91719e-06 0.999995
10571 : 1
10571 : 4.37872e-10 1.0
10572 : 0
10572 : 0.989738 0.0102621
10573 : 0
10573 : 0.999845 0.000155004
10574 : 0
10574 : 0.999997 2.90205e-06
10575 : 0
10575 : 0.989635 0.0103651
10576 : 0
10576 : 0.999528 0.000472193
10577 : 1
10577 : 0.00884887 0.991151
10578 : 1
10578 : 0.204288 0.795712
10579 : 0
10579 : 0.959918 0.0400819
10580 : 1
10580 : 1.18337e-05 0.999988
10581 : 1
10581 : 1.56324e-06 0.999998
10582 : 0
10582 : 0.997765 0.0022352
10583 : 1
10583 : 0.0173574 0.982643
10584 : 1
10584 : 6.35104e-09 1.0
10585 : 1
10585 : 0.00784158 0.992158
10586 : 1
10586 : 0.430481 0.569519
10587 : 1
10587 : 0.0213974 0.978603
10588 : 1
10588 : 1.49263e-05 0.999985
10589 : 0
10589 : 0.999222 0.000778234
10590 : 1
10590 : 0.182817 0.817183
10591 : 0
10591 : 0.990118 0.0098825
10592 : 1
10592 : 0.00065568 0.999344
10593 : 1
10593 : 0.00363889 0.996361
10594 : 1
10594 : 1.01985e-06 0.999999
10595 : 1
10595 : 0.000102328 0.999898
10596 : 0
10596 : 0.999298 0.000701974
10597 : 0
10597 : 0.998946 0.00105379
10598 : 1
10598 : 1.09007e-08 1.0
10599 : 1
10599 : 0.000260482 0.999739
10600 : 1
10600 : 0.00192521 0.998075
10601 : 1
10601 : 0.104823 0.895177
10602 : 1
10602 : 0.000186613 0.999813
10603 : 1
10603 : 0.00018392 0.999816
10604 : 1
10604 : 0.0584125 0.941588
10605 : 1
10605 : 0.191165 0.808835
10606 : 1
10606 : 5.32583e-06 0.999995
10607 : 0
10607 : 0.993241 0.00675925
10608 : 1
10608 : 0.0285025 0.971497
10609 : 0
10609 : 0.840433 0.159567
10610 : 1
10610 : 0.00146778 0.998532
10611 : 0
10611 : 0.999976 2.36234e-05
10612 : 0
10612 : 0.618215 0.381785
10613 : 0
10613 : 0.746004 0.253996
10614 : 0
10614 : 0.999996 4.13675e-06
10615 : 0
10615 : 0.999998 1.67469e-06
10616 : 0
10616 : 0.9988 0.00120031
10617 : 0
10617 : 0.727645 0.272355
10618 : 0
10618 : 0.992414 0.00758565
10619 : 0
10619 : 0.907451 0.0925487
10620 : 1
10620 : 0.00110913 0.998891
10621 : 0
10621 : 1.0 2.95173e-07
10622 : 0
10622 : 0.81817 0.18183
10623 : 0
10623 : 0.998298 0.00170189
10624 : 0
10624 : 1.0 3.89319e-10
10625 : 1
10625 : 0.000186091 0.999814
10626 : 1
10626 : 4.80074e-06 0.999995
10627 : 0
10627 : 0.999716 0.000283951
10628 : 0
10628 : 1.0 4.83925e-09
10629 : 1
10629 : 4.48481e-06 0.999996
10630 : 0
10630 : 0.999998 2.38265e-06
10631 : 0
10631 : 0.999983 1.73419e-05
10632 : 1
10632 : 0.000710458 0.99929
10633 : 1
10633 : 0.00185313 0.998147
10634 : 0
10634 : 0.999996 3.71612e-06
10635 : 0
10635 : 0.932824 0.0671761
10636 : 1
10636 : 0.0911761 0.908824
10637 : 0
10637 : 0.99998 2.02998e-05
10638 : 0
10638 : 0.999977 2.33022e-05
10639 : 1
10639 : 7.74666e-08 1.0
10640 : 1
10640 : 0.00442518 0.995575
10641 : 1
10641 : 0.00149467 0.998505
10642 : 1
10642 : 7.21743e-05 0.999928
10643 : 0
10643 : 0.999997 3.43288e-06
10644 : 0
10644 : 0.979241 0.0207594
10645 : 1
10645 : 4.30337e-15 1.0
10646 : 1
10646 : 0.00201519 0.997985
10647 : 0
10647 : 0.727318 0.272682
10648 : 1
10648 : 0.00422511 0.995775
10649 : 0
10649 : 0.998982 0.00101782
10650 : 0
10650 : 0.99429 0.00570982
10651 : 1
10651 : 0.2626 0.7374
10652 : 0
10652 : 0.67356 0.32644
10653 : 0
10653 : 0.999998 2.03449e-06
10654 : 0
10654 : 0.997536 0.00246374
10655 : 0
10655 : 1.0 2.78317e-07
10656 : 1
10656 : 2.87732e-09 1.0
10657 : 0
10657 : 0.999611 0.00038874
10658 : 1
10658 : 0.00565756 0.994342
10659 : 1
10659 : 2.06713e-06 0.999998
10660 : 0
10660 : 0.999674 0.000325563
10661 : 0
10661 : 0.996088 0.00391175
10662 : 0
10662 : 0.657141 0.342859
10663 : 0
10663 : 0.99699 0.00300996
10664 : 0
10664 : 1.0 3.2046e-07
10665 : 0
10665 : 0.995519 0.00448133
10666 : 0
10666 : 0.506148 0.493852
10667 : 1
10667 : 0.000414095 0.999586
10668 : 0
10668 : 1.0 1.09193e-13
10669 : 0
10669 : 0.999994 5.63787e-06
10670 : 1
10670 : 0.0172894 0.982711
10671 : 0
10671 : 0.999973 2.66654e-05
10672 : 1
10672 : 0.276414 0.723586
10673 : 1
10673 : 0.00436395 0.995636
10674 : 0
10674 : 1.0 6.72803e-08
10675 : 1
10675 : 0.145356 0.854644
10676 : 1
10676 : 0.00131153 0.998688
10677 : 0
10677 : 0.870893 0.129107
10678 : 0
10678 : 0.99999 9.72357e-06
10679 : 0
10679 : 0.999996 4.43855e-06
10680 : 1
10680 : 0.00102386 0.998976
10681 : 0
10681 : 1.0 4.63246e-07
10682 : 1
10682 : 0.000200732 0.999799
10683 : 1
10683 : 0.000128367 0.999872
10684 : 1
10684 : 3.5673e-08 1.0
10685 : 1
10685 : 0.0461641 0.953836
10686 : 0
10686 : 0.997526 0.00247377
10687 : 1
10687 : 0.222671 0.777329
10688 : 1
10688 : 0.00125369 0.998746
10689 : 1
10689 : 2.90196e-05 0.999971
10690 : 0
10690 : 0.983313 0.0166872
10691 : 0
10691 : 0.999658 0.000342203
10692 : 1
10692 : 0.00434266 0.995657
10693 : 0
10693 : 0.90644 0.0935598
10694 : 0
10694 : 0.999412 0.000588155
10695 : 1
10695 : 8.14963e-10 1.0
10696 : 1
10696 : 0.00118448 0.998816
10697 : 1
10697 : 5.17292e-06 0.999995
10698 : 1
10698 : 0.0900984 0.909902
10699 : 0
10699 : 0.998875 0.00112475
10700 : 0
10700 : 0.999998 1.86335e-06
10701 : 1
10701 : 0.00147193 0.998528
10702 : 0
10702 : 0.93222 0.0677796
10703 : 1
10703 : 0.0228229 0.977177
10704 : 0
10704 : 0.999972 2.80031e-05
10705 : 1
10705 : 0.012022 0.987978
10706 : 0
10706 : 0.999997 2.88581e-06
10707 : 1
10707 : 3.45151e-07 1.0
10708 : 1
10708 : 0.00014079 0.999859
10709 : 1
10709 : 5.71595e-08 1.0
10710 : 1
10710 : 0.00904967 0.99095
10711 : 0
10711 : 0.999899 0.000101286
10712 : 1
10712 : 1.46247e-05 0.999985
10713 : 1
10713 : 0.015148 0.984852
10714 : 0
10714 : 0.998998 0.00100229
10715 : 1
10715 : 0.000180463 0.99982
10716 : 0
10716 : 0.998585 0.00141536
10717 : 1
10717 : 0.00205015 0.99795
10718 : 0
10718 : 0.998635 0.00136476
10719 : 1
10719 : 9.65145e-08 1.0
10720 : 0
10720 : 0.991724 0.00827589
10721 : 0
10721 : 0.999854 0.000145714
10722 : 0
10722 : 1.0 3.18001e-07
10723 : 1
10723 : 4.89229e-05 0.999951
10724 : 1
10724 : 0.0121556 0.987844
10725 : 1
10725 : 3.04964e-05 0.999969
10726 : 0
10726 : 0.999833 0.000166704
10727 : 0
10727 : 1.0 1.52731e-07
10728 : 0
10728 : 0.997659 0.00234105
10729 : 0
10729 : 1.0 2.79832e-11
10730 : 1
10730 : 3.35281e-09 1.0
10731 : 1
10731 : 0.0221905 0.97781
10732 : 0
10732 : 0.997804 0.00219633
10733 : 1
10733 : 0.00138478 0.998615
10734 : 0
10734 : 0.981671 0.0183292
10735 : 1
10735 : 0.127706 0.872294
10736 : 1
10736 : 0.0464627 0.953537
10737 : 0
10737 : 0.999915 8.54969e-05
10738 : 1
10738 : 0.00543007 0.99457
10739 : 1
10739 : 0.000241385 0.999759
10740 : 0
10740 : 1.0 1.73677e-09
10741 : 1
10741 : 0.000425661 0.999574
10742 : 1
10742 : 3.50418e-06 0.999996
10743 : 0
10743 : 0.868548 0.131452
10744 : 0
10744 : 0.999289 0.00071127
10745 : 0
10745 : 0.992948 0.00705251
10746 : 0
10746 : 0.683038 0.316962
10747 : 0
10747 : 0.999976 2.37208e-05
10748 : 0
10748 : 0.999951 4.89808e-05
10749 : 0
10749 : 0.999989 1.0869e-05
10750 : 1
10750 : 0.0179503 0.98205
10751 : 0
10751 : 0.999966 3.38271e-05
10752 : 0
10752 : 0.99999 9.51601e-06
10753 : 0
10753 : 0.935348 0.0646519
10754 : 0
10754 : 0.992423 0.00757731
10755 : 1
10755 : 0.00104442 0.998956
10756 : 1
10756 : 0.35047 0.64953
10757 : 0
10757 : 0.999445 0.000555101
10758 : 1
10758 : 6.80436e-10 1.0
10759 : 1
10759 : 0.00648191 0.993518
10760 : 0
10760 : 0.99844 0.00156031
10761 : 0
10761 : 0.987613 0.0123866
10762 : 0
10762 : 0.999759 0.000241045
10763 : 0
10763 : 0.985807 0.0141932
10764 : 0
10764 : 0.999999 5.94763e-07
10765 : 1
10765 : 4.63281e-06 0.999995
10766 : 1
10766 : 7.11145e-09 1.0
10767 : 1
10767 : 8.26329e-06 0.999992
10768 : 1
10768 : 2.4367e-06 0.999998
10769 : 1
10769 : 8.90791e-08 1.0
10770 : 0
10770 : 0.736943 0.263057
10771 : 1
10771 : 0.000129972 0.99987
10772 : 0
10772 : 0.962484 0.0375155
10773 : 1
10773 : 0.00132032 0.99868
10774 : 0
10774 : 0.999922 7.81756e-05
10775 : 0
10775 : 0.999957 4.29531e-05
10776 : 0
10776 : 0.999991 8.60055e-06
10777 : 0
10777 : 0.964992 0.0350079
10778 : 0
10778 : 0.999644 0.00035576
10779 : 0
10779 : 0.99955 0.000449513
10780 : 0
10780 : 0.999998 1.84909e-06
10781 : 0
10781 : 1.0 5.64581e-08
10782 : 1
10782 : 0.000362892 0.999637
10783 : 0
10783 : 0.990746 0.0092542
10784 : 0
10784 : 0.999999 1.11428e-06
10785 : 0
10785 : 0.915299 0.0847012
10786 : 0
10786 : 0.996702 0.00329759
10787 : 1
10787 : 3.33126e-05 0.999967
10788 : 1
10788 : 0.101306 0.898694
10789 : 0
10789 : 0.999207 0.000792667
10790 : 1
10790 : 0.00141579 0.998584
10791 : 0
10791 : 0.999659 0.00034065
10792 : 0
10792 : 0.999113 0.000886967
10793 : 0
10793 : 0.999445 0.00055513
10794 : 1
10794 : 4.4268e-05 0.999956
10795 : 0
10795 : 0.990635 0.00936504
10796 : 0
10796 : 0.986303 0.013697
10797 : 0
10797 : 0.969721 0.0302787
10798 : 1
10798 : 0.00159707 0.998403
10799 : 0
10799 : 0.986147 0.0138529
10800 : 0
10800 : 0.995472 0.0045284
10801 : 1
10801 : 0.225547 0.774454
10802 : 0
10802 : 1.0 5.7223e-08
10803 : 0
10803 : 0.999809 0.000190829
10804 : 0
10804 : 0.953771 0.0462289
10805 : 0
10805 : 0.957561 0.0424389
10806 : 1
10806 : 0.00427658 0.995723
10807 : 0
10807 : 0.999999 9.48482e-07
10808 : 0
10808 : 0.94806 0.0519401
10809 : 0
10809 : 0.999999 9.22861e-07
10810 : 0
10810 : 0.968913 0.0310866
10811 : 1
10811 : 2.90782e-07 1.0
10812 : 0
10812 : 0.998115 0.00188465
10813 : 0
10813 : 0.999999 9.63658e-07
10814 : 0
10814 : 0.999787 0.000212542
10815 : 0
10815 : 1.0 2.87651e-07
10816 : 0
10816 : 0.546865 0.453135
10817 : 0
10817 : 0.967119 0.0328812
10818 : 1
10818 : 0.236518 0.763482
10819 : 0
10819 : 0.989794 0.0102062
10820 : 0
10820 : 0.534311 0.465689
10821 : 1
10821 : 0.0219099 0.97809
10822 : 0
10822 : 0.933171 0.0668287
10823 : 0
10823 : 0.998855 0.0011446
10824 : 0
10824 : 1.0 1.74411e-07
10825 : 1
10825 : 3.83241e-05 0.999962
10826 : 1
10826 : 6.47953e-07 0.999999
10827 : 0
10827 : 0.994577 0.0054228
10828 : 0
10828 : 0.999989 1.06479e-05
10829 : 1
10829 : 0.0601294 0.939871
10830 : 0
10830 : 0.862958 0.137042
10831 : 1
10831 : 0.245358 0.754642
10832 : 1
10832 : 0.00194732 0.998053
10833 : 0
10833 : 0.999839 0.000161357
10834 : 1
10834 : 0.454836 0.545164
10835 : 0
10835 : 0.999455 0.000544974
10836 : 1
10836 : 0.0157771 0.984223
10837 : 0
10837 : 0.904507 0.0954928
10838 : 1
10838 : 0.198409 0.801591
10839 : 0
10839 : 0.999648 0.000352007
10840 : 0
10840 : 0.999957 4.29383e-05
10841 : 0
10841 : 1.0 3.7581e-08
10842 : 0
10842 : 0.903522 0.0964778
10843 : 0
10843 : 0.989904 0.0100964
10844 : 1
10844 : 0.016911 0.983089
10845 : 1
10845 : 6.09528e-08 1.0
10846 : 0
10846 : 0.925917 0.074083
10847 : 1
10847 : 2.47279e-07 1.0
10848 : 1
10848 : 5.34454e-11 1.0
10849 : 0
10849 : 0.994515 0.0054851
10850 : 1
10850 : 0.107409 0.892591
10851 : 1
10851 : 4.04641e-09 1.0
10852 : 0
10852 : 0.98161 0.01839
10853 : 1
10853 : 5.84601e-10 1.0
10854 : 1
10854 : 2.1874e-05 0.999978
10855 : 1
10855 : 3.12811e-07 1.0
10856 : 0
10856 : 0.999985 1.50955e-05
10857 : 1
10857 : 0.00975693 0.990243
10858 : 1
10858 : 2.89288e-07 1.0
10859 : 0
10859 : 0.882224 0.117776
10860 : 0
10860 : 0.987938 0.0120624
10861 : 0
10861 : 0.98434 0.0156601
10862 : 0
10862 : 1.0 9.53006e-10
10863 : 1
10863 : 1.51618e-07 1.0
10864 : 1
10864 : 0.00939266 0.990607
10865 : 0
10865 : 0.983397 0.016603
10866 : 1
10866 : 1.08283e-05 0.999989
10867 : 0
10867 : 0.999989 1.14403e-05
10868 : 0
10868 : 0.991886 0.00811357
10869 : 1
10869 : 1.63668e-06 0.999998
10870 : 0
10870 : 0.994 0.00599969
10871 : 0
10871 : 0.999946 5.42969e-05
10872 : 1
10872 : 0.00248276 0.997517
10873 : 0
10873 : 1.0 1.52437e-08
10874 : 0
10874 : 0.99994 6.04297e-05
10875 : 1
10875 : 3.63366e-05 0.999964
10876 : 1
10876 : 2.86798e-06 0.999997
10877 : 0
10877 : 0.99953 0.000469503
10878 : 0
10878 : 0.99999 9.99301e-06
10879 : 1
10879 : 4.94037e-07 1.0
10880 : 0
10880 : 0.999753 0.000247141
10881 : 1
10881 : 0.00880381 0.991196
10882 : 0
10882 : 0.939701 0.0602991
10883 : 1
10883 : 0.000106778 0.999893
10884 : 0
10884 : 0.999691 0.00030912
10885 : 0
10885 : 0.782985 0.217015
10886 : 0
10886 : 1.0 6.41619e-10
10887 : 0
10887 : 0.999993 6.73426e-06
10888 : 1
10888 : 8.69359e-08 1.0
10889 : 0
10889 : 0.999975 2.54015e-05
10890 : 1
10890 : 0.499377 0.500623
10891 : 0
10891 : 0.943118 0.0568821
10892 : 0
10892 : 0.980489 0.0195108
10893 : 0
10893 : 1.0 5.06546e-09
10894 : 0
10894 : 0.999859 0.000140664
10895 : 1
10895 : 0.000154689 0.999845
10896 : 0
10896 : 0.841794 0.158206
10897 : 0
10897 : 0.613396 0.386604
10898 : 1
10898 : 3.2049e-05 0.999968
10899 : 1
10899 : 0.00192016 0.99808
10900 : 1
10900 : 0.110861 0.889139
10901 : 0
10901 : 0.99991 8.95805e-05
10902 : 1
10902 : 1.69066e-09 1.0
10903 : 1
10903 : 3.99009e-07 1.0
10904 : 0
10904 : 0.679028 0.320972
10905 : 0
10905 : 0.997762 0.00223817
10906 : 0
10906 : 0.998689 0.00131091
10907 : 1
10907 : 1.28704e-11 1.0
10908 : 1
10908 : 0.343768 0.656232
10909 : 1
10909 : 0.0251499 0.97485
10910 : 0
10910 : 0.997553 0.00244655
10911 : 0
10911 : 0.995576 0.0044236
10912 : 1
10912 : 0.0263528 0.973647
10913 : 1
10913 : 0.0130952 0.986905
10914 : 1
10914 : 0.443316 0.556684
10915 : 0
10915 : 0.999654 0.000345526
10916 : 0
10916 : 0.869596 0.130404
10917 : 0
10917 : 0.999971 2.91906e-05
10918 : 0
10918 : 1.0 2.05636e-07
10919 : 1
10919 : 9.20161e-06 0.999991
10920 : 0
10920 : 0.991008 0.00899199
10921 : 0
10921 : 0.977742 0.0222581
10922 : 1
10922 : 0.014196 0.985804
10923 : 0
10923 : 0.999004 0.000996361
10924 : 0
10924 : 0.970371 0.0296286
10925 : 1
10925 : 5.96979e-05 0.99994
10926 : 1
10926 : 0.103942 0.896058
10927 : 0
10927 : 0.999944 5.56047e-05
10928 : 0
10928 : 1.0 2.26355e-10
10929 : 1
10929 : 0.107826 0.892174
10930 : 0
10930 : 0.710668 0.289332
10931 : 0
10931 : 0.994507 0.00549288
10932 : 1
10932 : 1.06518e-10 1.0
10933 : 1
10933 : 0.372393 0.627607
10934 : 0
10934 : 0.998913 0.00108712
10935 : 1
10935 : 8.02223e-07 0.999999
10936 : 1
10936 : 0.00375619 0.996244
10937 : 1
10937 : 0.0473666 0.952633
10938 : 1
10938 : 0.00338478 0.996615
10939 : 1
10939 : 9.49896e-05 0.999905
10940 : 1
10940 : 1.71893e-07 1.0
10941 : 0
10941 : 0.993692 0.00630791
10942 : 0
10942 : 0.998147 0.00185279
10943 : 0
10943 : 0.965291 0.0347094
10944 : 1
10944 : 0.000125687 0.999874
10945 : 0
10945 : 0.999971 2.88775e-05
10946 : 1
10946 : 0.000162664 0.999837
10947 : 0
10947 : 0.999988 1.15725e-05
10948 : 1
10948 : 0.293546 0.706454
10949 : 0
10949 : 0.997299 0.00270128
10950 : 0
10950 : 0.999968 3.16854e-05
10951 : 1
10951 : 2.7017e-08 1.0
10952 : 1
10952 : 3.23132e-05 0.999968
10953 : 0
10953 : 0.999994 5.76596e-06
10954 : 1
10954 : 6.45853e-06 0.999994
10955 : 0
10955 : 0.999015 0.0009851
10956 : 0
10956 : 0.999971 2.92896e-05
10957 : 1
10957 : 0.393548 0.606452
10958 : 0
10958 : 0.999051 0.000949144
10959 : 1
10959 : 0.168031 0.831969
10960 : 0
10960 : 0.999998 2.0637e-06
10961 : 1
10961 : 0.195969 0.804031
10962 : 1
10962 : 0.000760864 0.999239
10963 : 1
10963 : 0.00011595 0.999884
10964 : 0
10964 : 0.99995 5.00111e-05
10965 : 0
10965 : 0.999995 4.77912e-06
10966 : 1
10966 : 0.00121321 0.998787
10967 : 0
10967 : 1.0 4.09572e-08
10968 : 1
10968 : 9.64062e-07 0.999999
10969 : 1
10969 : 9.80202e-12 1.0
10970 : 0
10970 : 1.0 1.16791e-08
10971 : 0
10971 : 0.979488 0.0205122
10972 : 0
10972 : 0.984781 0.0152187
10973 : 1
10973 : 0.00237011 0.99763
10974 : 1
10974 : 9.75047e-06 0.99999
10975 : 0
10975 : 0.999784 0.000215967
10976 : 1
10976 : 1.0017e-05 0.99999
10977 : 0
10977 : 0.999805 0.000194751
10978 : 1
10978 : 8.09194e-05 0.999919
10979 : 1
10979 : 0.000749775 0.99925
10980 : 0
10980 : 1.0 1.00833e-08
10981 : 1
10981 : 0.00452733 0.995473
10982 : 1
10982 : 2.6288e-09 1.0
10983 : 1
10983 : 5.27032e-05 0.999947
10984 : 1
10984 : 0.000896512 0.999103
10985 : 1
10985 : 4.08819e-06 0.999996
10986 : 0
10986 : 0.999935 6.48709e-05
10987 : 0
10987 : 0.999025 0.000975386
10988 : 0
10988 : 0.947421 0.0525792
10989 : 0
10989 : 0.994049 0.00595089
10990 : 1
10990 : 0.00102855 0.998971
10991 : 0
10991 : 0.999963 3.72355e-05
10992 : 0
10992 : 0.999996 3.88675e-06
10993 : 1
10993 : 1.19897e-07 1.0
10994 : 1
10994 : 7.23729e-06 0.999993
10995 : 0
10995 : 0.95566 0.0443403
10996 : 1
10996 : 3.48678e-12 1.0
10997 : 0
10997 : 0.8964 0.1036
10998 : 1
10998 : 8.02601e-08 1.0
10999 : 0
10999 : 0.786761 0.213239
11000 : 1
11000 : 0.394443 0.605557
11001 : 1
11001 : 0.031868 0.968132
11002 : 1
11002 : 0.0453798 0.95462
11003 : 0
11003 : 0.857954 0.142046
11004 : 1
11004 : 0.245068 0.754932
11005 : 1
11005 : 0.000332179 0.999668
11006 : 1
11006 : 7.89249e-10 1.0
11007 : 1
11007 : 0.065758 0.934242
11008 : 1
11008 : 0.31427 0.68573
11009 : 1
11009 : 0.109128 0.890872
11010 : 1
11010 : 0.000571438 0.999429
11011 : 0
11011 : 0.974268 0.025732
11012 : 0
11012 : 0.999032 0.000967735
11013 : 1
11013 : 0.0214634 0.978537
11014 : 1
11014 : 0.0103563 0.989644
11015 : 0
11015 : 0.94391 0.0560904
11016 : 1
11016 : 0.000893265 0.999107
11017 : 0
11017 : 0.89778 0.10222
11018 : 0
11018 : 0.988058 0.011942
11019 : 1
11019 : 1.11027e-05 0.999989
11020 : 1
11020 : 0.000482523 0.999517
11021 : 1
11021 : 0.00164029 0.99836
11022 : 0
11022 : 1.0 2.48758e-07
11023 : 1
11023 : 0.000836609 0.999163
11024 : 1
11024 : 0.000955311 0.999045
11025 : 0
11025 : 1.0 9.92857e-08
11026 : 0
11026 : 0.99984 0.000160237
11027 : 0
11027 : 0.998192 0.00180778
11028 : 0
11028 : 0.999999 1.14756e-06
11029 : 0
11029 : 0.997345 0.00265525
11030 : 0
11030 : 0.987135 0.0128653
11031 : 0
11031 : 0.998394 0.00160604
11032 : 0
11032 : 0.995287 0.00471329
11033 : 0
11033 : 0.965393 0.0346074
11034 : 1
11034 : 0.00439612 0.995604
11035 : 1
11035 : 0.248095 0.751905
11036 : 1
11036 : 5.46729e-05 0.999945
11037 : 1
11037 : 8.5038e-07 0.999999
11038 : 1
11038 : 0.455533 0.544467
11039 : 1
11039 : 0.3519 0.6481
11040 : 0
11040 : 0.999511 0.000489355
11041 : 1
11041 : 0.000221898 0.999778
11042 : 0
11042 : 0.557879 0.442121
11043 : 1
11043 : 5.0427e-07 1.0
11044 : 0
11044 : 0.999524 0.000476477
11045 : 1
11045 : 0.141543 0.858457
11046 : 1
11046 : 0.00073319 0.999267
11047 : 1
11047 : 1.0747e-06 0.999999
11048 : 0
11048 : 0.992779 0.00722069
11049 : 1
11049 : 0.00300388 0.996996
11050 : 1
11050 : 2.72917e-07 1.0
11051 : 1
11051 : 6.7954e-05 0.999932
11052 : 1
11052 : 0.418359 0.581641
11053 : 0
11053 : 0.984938 0.0150617
11054 : 1
11054 : 0.000138622 0.999861
11055 : 0
11055 : 0.997039 0.00296069
11056 : 0
11056 : 0.999997 3.21466e-06
11057 : 1
11057 : 0.00242445 0.997576
11058 : 1
11058 : 0.00931135 0.990689
11059 : 0
11059 : 0.999972 2.8295e-05
11060 : 0
11060 : 1.0 2.08989e-07
11061 : 1
11061 : 0.00186846 0.998132
11062 : 1
11062 : 3.10245e-10 1.0
11063 : 1
11063 : 0.000315681 0.999684
11064 : 0
11064 : 1.0 2.75069e-07
11065 : 1
11065 : 3.97519e-06 0.999996
11066 : 1
11066 : 1.06049e-05 0.999989
11067 : 1
11067 : 0.461903 0.538097
11068 : 0
11068 : 0.515036 0.484964
11069 : 1
11069 : 5.68509e-05 0.999943
11070 : 1
11070 : 0.0022575 0.997742
11071 : 1
11071 : 0.00089055 0.999109
11072 : 1
11072 : 0.0885092 0.911491
11073 : 1
11073 : 0.00542004 0.99458
11074 : 0
11074 : 0.999796 0.00020406
11075 : 0
11075 : 0.99927 0.00073
11076 : 0
11076 : 1.0 1.07555e-08
11077 : 0
11077 : 1.0 9.4881e-10
11078 : 0
11078 : 0.999958 4.20228e-05
11079 : 1
11079 : 0.00171618 0.998284
11080 : 1
11080 : 0.000165841 0.999834
11081 : 1
11081 : 7.51883e-07 0.999999
11082 : 0
11082 : 1.0 1.1151e-08
11083 : 0
11083 : 0.73179 0.26821
11084 : 1
11084 : 0.067131 0.932869
11085 : 1
11085 : 0.000146856 0.999853
11086 : 1
11086 : 0.29291 0.70709
11087 : 0
11087 : 1.0 4.10025e-10
11088 : 0
11088 : 0.614887 0.385113
11089 : 1
11089 : 9.20099e-08 1.0
11090 : 1
11090 : 1.10455e-06 0.999999
11091 : 0
11091 : 0.994122 0.00587842
11092 : 1
11092 : 1.90051e-06 0.999998
11093 : 1
11093 : 1.39163e-07 1.0
11094 : 0
11094 : 0.997461 0.00253913
11095 : 1
11095 : 0.0036191 0.996381
11096 : 0
11096 : 0.952748 0.0472523
11097 : 1
11097 : 0.471938 0.528062
11098 : 1
11098 : 1.0335e-07 1.0
11099 : 0
11099 : 1.0 4.85564e-07
11100 : 1
11100 : 0.00819459 0.991805
11101 : 1
11101 : 1.26855e-06 0.999999
11102 : 0
11102 : 0.999998 2.29051e-06
11103 : 0
11103 : 1.0 6.93312e-08
11104 : 1
11104 : 0.00306025 0.99694
11105 : 0
11105 : 0.981524 0.0184761
11106 : 0
11106 : 0.999609 0.000391443
11107 : 1
11107 : 2.95768e-06 0.999997
11108 : 0
11108 : 0.999807 0.00019261
11109 : 0
11109 : 0.999762 0.000237738
11110 : 0
11110 : 0.99629 0.00371033
11111 : 0
11111 : 0.93342 0.0665798
11112 : 1
11112 : 0.0720023 0.927998
11113 : 0
11113 : 0.966775 0.0332245
11114 : 1
11114 : 2.70755e-12 1.0
11115 : 0
11115 : 0.986031 0.0139687
11116 : 0
11116 : 0.989695 0.0103054
11117 : 1
11117 : 0.0020732 0.997927
11118 : 0
11118 : 0.996971 0.00302857
11119 : 0
11119 : 0.99261 0.00738955
11120 : 0
11120 : 0.960668 0.039332
11121 : 0
11121 : 0.934627 0.0653726
11122 : 0
11122 : 0.936225 0.0637752
11123 : 1
11123 : 6.03056e-08 1.0
11124 : 0
11124 : 1.0 1.65737e-11
11125 : 1
11125 : 8.58827e-08 1.0
11126 : 1
11126 : 8.93466e-10 1.0
11127 : 0
11127 : 0.965788 0.0342118
11128 : 1
11128 : 1.9245e-05 0.999981
11129 : 0
11129 : 0.999996 3.83138e-06
11130 : 1
11130 : 0.0300697 0.96993
11131 : 0
11131 : 0.999972 2.83911e-05
11132 : 1
11132 : 0.042886 0.957114
11133 : 1
11133 : 0.00270442 0.997296
11134 : 0
11134 : 0.909562 0.0904382
11135 : 0
11135 : 0.999992 8.20988e-06
11136 : 1
11136 : 2.80859e-05 0.999972
11137 : 1
11137 : 0.00300021 0.997
11138 : 1
11138 : 0.00098108 0.999019
11139 : 1
11139 : 0.0712478 0.928752
11140 : 1
11140 : 0.000923448 0.999077
11141 : 1
11141 : 0.000796644 0.999203
11142 : 1
11142 : 0.0151816 0.984818
11143 : 1
11143 : 1.03894e-05 0.99999
11144 : 0
11144 : 0.999999 6.97618e-07
11145 : 1
11145 : 0.0118477 0.988152
11146 : 0
11146 : 0.997387 0.00261262
11147 : 1
11147 : 0.00887323 0.991127
11148 : 1
11148 : 5.10662e-07 1.0
11149 : 1
11149 : 1.14009e-08 1.0
11150 : 0
11150 : 0.999994 6.29544e-06
11151 : 1
11151 : 2.21316e-12 1.0
11152 : 1
11152 : 0.00102183 0.998978
11153 : 1
11153 : 0.00742528 0.992575
11154 : 1
11154 : 5.65711e-10 1.0
11155 : 1
11155 : 6.89096e-06 0.999993
11156 : 0
11156 : 0.998847 0.00115287
11157 : 0
11157 : 0.595332 0.404668
11158 : 0
11158 : 0.972138 0.0278621
11159 : 1
11159 : 0.00020565 0.999794
11160 : 0
11160 : 0.999961 3.8953e-05
11161 : 1
11161 : 0.00108037 0.99892
11162 : 0
11162 : 1.0 1.4807e-08
11163 : 0
11163 : 0.972704 0.0272962
11164 : 1
11164 : 2.77842e-05 0.999972
11165 : 1
11165 : 1.56724e-05 0.999984
11166 : 0
11166 : 0.99997 3.01701e-05
11167 : 1
11167 : 0.0629461 0.937054
11168 : 0
11168 : 1.0 4.46366e-07
11169 : 1
11169 : 0.00320289 0.996797
11170 : 1
11170 : 1.10224e-05 0.999989
11171 : 0
11171 : 0.999996 4.19851e-06
11172 : 0
11172 : 1.0 6.7995e-08
11173 : 1
11173 : 0.00294846 0.997052
11174 : 0
11174 : 0.999936 6.43028e-05
11175 : 1
11175 : 1.75366e-05 0.999982
11176 : 1
11176 : 2.07635e-07 1.0
11177 : 0
11177 : 0.984425 0.0155752
11178 : 1
11178 : 6.70944e-08 1.0
11179 : 0
11179 : 0.999999 5.57134e-07
11180 : 1
11180 : 0.000420946 0.999579
11181 : 1
11181 : 0.49557 0.50443
11182 : 1
11182 : 3.72258e-06 0.999996
11183 : 0
11183 : 0.999999 1.04938e-06
11184 : 0
11184 : 1.0 1.89307e-07
11185 : 0
11185 : 0.999998 1.66565e-06
11186 : 1
11186 : 0.106301 0.893699
11187 : 0
11187 : 1.0 2.14733e-09
11188 : 1
11188 : 2.94024e-08 1.0
11189 : 1
11189 : 5.84533e-08 1.0
11190 : 0
11190 : 0.997155 0.00284479
11191 : 1
11191 : 0.00434761 0.995652
11192 : 0
11192 : 0.994059 0.00594054
11193 : 1
11193 : 0.000830973 0.999169
11194 : 1
11194 : 0.0309038 0.969096
11195 : 1
11195 : 0.00572148 0.994278
11196 : 0
11196 : 1.0 5.59748e-08
11197 : 0
11197 : 1.0 4.20825e-07
11198 : 0
11198 : 0.999498 0.000501864
11199 : 0
11199 : 0.999922 7.82156e-05
11200 : 1
11200 : 0.00174658 0.998253
11201 : 1
11201 : 1.20785e-10 1.0
11202 : 1
11202 : 0.0880735 0.911926
11203 : 0
11203 : 0.99995 4.97464e-05
11204 : 1
11204 : 0.00878513 0.991215
11205 : 1
11205 : 0.0151556 0.984844
11206 : 0
11206 : 1.0 1.63643e-08
11207 : 0
11207 : 0.999823 0.000177145
11208 : 1
11208 : 0.0201476 0.979852
11209 : 0
11209 : 0.995763 0.00423652
11210 : 1
11210 : 1.17402e-07 1.0
11211 : 0
11211 : 0.998745 0.00125546
11212 : 1
11212 : 3.57006e-06 0.999996
11213 : 1
11213 : 0.0397301 0.96027
11214 : 0
11214 : 1.0 2.72418e-10
11215 : 0
11215 : 1.0 2.39498e-08
11216 : 1
11216 : 0.299466 0.700534
11217 : 1
11217 : 0.00410792 0.995892
11218 : 0
11218 : 0.999819 0.00018141
11219 : 0
11219 : 0.99679 0.00320989
11220 : 1
11220 : 0.0010639 0.998936
11221 : 0
11221 : 0.999998 2.12505e-06
11222 : 1
11222 : 0.0310304 0.96897
11223 : 0
11223 : 0.98791 0.0120898
11224 : 1
11224 : 0.000762939 0.999237
11225 : 1
11225 : 0.0294662 0.970534
11226 : 1
11226 : 0.314907 0.685093
11227 : 1
11227 : 1.51899e-07 1.0
11228 : 0
11228 : 0.99369 0.00630987
11229 : 1
11229 : 0.0495066 0.950493
11230 : 1
11230 : 0.462 0.538
11231 : 0
11231 : 0.907777 0.0922226
11232 : 1
11232 : 0.00620047 0.9938
11233 : 0
11233 : 0.999825 0.000175199
11234 : 0
11234 : 0.999999 6.34167e-07
11235 : 1
11235 : 0.00128377 0.998716
11236 : 0
11236 : 0.999864 0.000135836
11237 : 1
11237 : 0.000672779 0.999327
11238 : 1
11238 : 1.96674e-07 1.0
11239 : 1
11239 : 0.0671358 0.932864
11240 : 0
11240 : 0.977397 0.0226033
11241 : 1
11241 : 0.0365346 0.963465
11242 : 1
11242 : 7.56525e-08 1.0
11243 : 1
11243 : 0.383907 0.616093
11244 : 1
11244 : 4.72757e-05 0.999953
11245 : 0
11245 : 0.990257 0.00974295
11246 : 0
11246 : 0.894754 0.105246
11247 : 1
11247 : 4.03533e-10 1.0
11248 : 1
11248 : 6.52534e-09 1.0
11249 : 1
11249 : 0.00110874 0.998891
11250 : 1
11250 : 0.10269 0.89731
11251 : 0
11251 : 0.999661 0.000339448
11252 : 0
11252 : 0.999383 0.000616861
11253 : 1
11253 : 0.341761 0.658239
11254 : 1
11254 : 1.90106e-06 0.999998
11255 : 1
11255 : 0.0876271 0.912373
11256 : 0
11256 : 0.999413 0.000586851
11257 : 1
11257 : 0.000126021 0.999874
11258 : 1
11258 : 4.61557e-08 1.0
11259 : 1
11259 : 0.00251051 0.997489
11260 : 0
11260 : 0.999999 1.49512e-06
11261 : 1
11261 : 0.101677 0.898323
11262 : 1
11262 : 1.62751e-10 1.0
11263 : 0
11263 : 0.90861 0.09139
11264 : 0
11264 : 0.629187 0.370813
11265 : 1
11265 : 0.00754958 0.99245
11266 : 1
11266 : 0.490591 0.509409
11267 : 1
11267 : 0.0280718 0.971928
11268 : 0
11268 : 0.986266 0.0137338
11269 : 1
11269 : 1.01162e-07 1.0
11270 : 0
11270 : 0.985089 0.0149112
11271 : 0
11271 : 0.998582 0.00141752
11272 : 1
11272 : 7.2513e-06 0.999993
11273 : 1
11273 : 0.0135563 0.986444
11274 : 1
11274 : 6.77521e-09 1.0
11275 : 1
11275 : 0.126507 0.873493
11276 : 0
11276 : 0.999899 0.000101325
11277 : 1
11277 : 3.55768e-05 0.999964
11278 : 0
11278 : 0.971781 0.0282189
11279 : 1
11279 : 5.05173e-09 1.0
11280 : 0
11280 : 0.778989 0.221011
11281 : 1
11281 : 1.01267e-05 0.99999
11282 : 1
11282 : 1.72781e-05 0.999983
11283 : 1
11283 : 0.00192549 0.998074
11284 : 1
11284 : 0.000153959 0.999846
11285 : 0
11285 : 0.999917 8.33732e-05
11286 : 1
11286 : 7.9851e-05 0.99992
11287 : 0
11287 : 0.893713 0.106287
11288 : 0
11288 : 0.998384 0.00161567
11289 : 0
11289 : 1.0 3.9531e-09
11290 : 1
11290 : 2.37962e-06 0.999998
11291 : 0
11291 : 0.999995 5.11231e-06
11292 : 1
11292 : 7.71928e-06 0.999992
11293 : 1
11293 : 6.90645e-05 0.999931
11294 : 1
11294 : 0.000415766 0.999584
11295 : 0
11295 : 0.999936 6.35914e-05
11296 : 1
11296 : 0.00027816 0.999722
11297 : 1
11297 : 0.000169543 0.99983
11298 : 0
11298 : 0.999815 0.000185197
11299 : 0
11299 : 0.988846 0.0111542
11300 : 1
11300 : 0.0145223 0.985478
11301 : 0
11301 : 0.999374 0.0006259
11302 : 0
11302 : 0.998187 0.0018132
11303 : 1
11303 : 0.000191166 0.999809
11304 : 1
11304 : 0.45334 0.54666
11305 : 1
11305 : 0.00222372 0.997776
11306 : 1
11306 : 2.57596e-06 0.999997
11307 : 1
11307 : 0.384157 0.615843
11308 : 1
11308 : 0.00122129 0.998779
11309 : 1
11309 : 0.00225812 0.997742
11310 : 1
11310 : 0.00105854 0.998941
11311 : 1
11311 : 0.00100245 0.998998
11312 : 1
11312 : 0.00132548 0.998675
11313 : 1
11313 : 0.239478 0.760522
11314 : 1
11314 : 0.00392202 0.996078
11315 : 1
11315 : 0.000207335 0.999793
11316 : 0
11316 : 0.945883 0.0541171
11317 : 0
11317 : 1.0 8.5207e-08
11318 : 0
11318 : 0.997967 0.00203287
11319 : 1
11319 : 0.0410558 0.958944
11320 : 0
11320 : 0.662183 0.337817
11321 : 1
11321 : 0.137802 0.862198
11322 : 1
11322 : 1.11323e-07 1.0
11323 : 0
11323 : 0.999994 5.82266e-06
11324 : 1
11324 : 0.00565534 0.994345
11325 : 1
11325 : 0.00900248 0.990998
11326 : 1
11326 : 6.05025e-09 1.0
11327 : 0
11327 : 0.995077 0.0049235
11328 : 0
11328 : 1.0 6.94942e-10
11329 : 1
11329 : 9.94974e-05 0.999901
11330 : 0
11330 : 1.0 1.39888e-07
11331 : 1
11331 : 1.16658e-08 1.0
11332 : 1
11332 : 5.18564e-09 1.0
11333 : 0
11333 : 0.998956 0.00104395
11334 : 1
11334 : 0.00277775 0.997222
11335 : 1
11335 : 0.0285817 0.971418
11336 : 0
11336 : 0.999885 0.000115446
11337 : 1
11337 : 1.14383e-05 0.999989
11338 : 1
11338 : 0.0110479 0.988952
11339 : 1
11339 : 0.000195459 0.999804
11340 : 1
11340 : 0.00838378 0.991616
11341 : 1
11341 : 0.00834408 0.991656
11342 : 0
11342 : 0.998425 0.00157532
11343 : 1
11343 : 0.196523 0.803477
11344 : 1
11344 : 0.0596568 0.940343
11345 : 0
11345 : 0.982991 0.0170095
11346 : 1
11346 : 0.0524762 0.947524
11347 : 1
11347 : 0.00042878 0.999571
11348 : 0
11348 : 0.999321 0.000678735
11349 : 0
11349 : 0.992171 0.00782938
11350 : 0
11350 : 0.999981 1.85472e-05
11351 : 0
11351 : 0.996129 0.0038714
11352 : 1
11352 : 8.54054e-05 0.999915
11353 : 0
11353 : 1.0 1.59676e-07
11354 : 0
11354 : 0.994108 0.00589192
11355 : 0
11355 : 0.999581 0.00041903
11356 : 1
11356 : 1.70358e-06 0.999998
11357 : 0
11357 : 0.999491 0.000509323
11358 : 1
11358 : 0.00436771 0.995632
11359 : 0
11359 : 1.0 2.64549e-08
11360 : 1
11360 : 0.419043 0.580957
11361 : 0
11361 : 0.703478 0.296522
11362 : 0
11362 : 1.0 1.78139e-08
11363 : 1
11363 : 0.000507572 0.999492
11364 : 0
11364 : 0.998807 0.00119339
11365 : 1
11365 : 0.0297018 0.970298
11366 : 1
11366 : 0.0084654 0.991535
11367 : 0
11367 : 0.999496 0.000503725
11368 : 0
11368 : 0.999999 7.40519e-07
11369 : 0
11369 : 0.99921 0.000790148
11370 : 1
11370 : 0.00077896 0.999221
11371 : 1
11371 : 0.0073845 0.992616
11372 : 0
11372 : 0.959506 0.0404937
11373 : 0
11373 : 0.999998 1.69432e-06
11374 : 0
11374 : 0.999523 0.000476787
11375 : 0
11375 : 0.99999 9.91676e-06
11376 : 0
11376 : 1.0 1.72186e-08
11377 : 0
11377 : 0.99996 3.99949e-05
11378 : 1
11378 : 0.0643217 0.935678
11379 : 0
11379 : 0.999269 0.00073079
11380 : 1
11380 : 0.397798 0.602202
11381 : 0
11381 : 0.999583 0.00041684
11382 : 1
11382 : 0.0060103 0.99399
11383 : 1
11383 : 7.19783e-06 0.999993
11384 : 0
11384 : 0.999382 0.000617702
11385 : 1
11385 : 2.87674e-08 1.0
11386 : 1
11386 : 3.0561e-05 0.999969
11387 : 1
11387 : 0.000119586 0.99988
11388 : 0
11388 : 1.0 1.5732e-13
11389 : 1
11389 : 0.00375093 0.996249
11390 : 0
11390 : 1.0 3.2314e-09
11391 : 0
11391 : 0.998084 0.00191622
11392 : 0
11392 : 1.0 2.5201e-07
11393 : 0
11393 : 0.99843 0.0015698
11394 : 1
11394 : 0.00128408 0.998716
11395 : 1
11395 : 0.000250963 0.999749
11396 : 1
11396 : 0.00727183 0.992728
11397 : 0
11397 : 0.999905 9.49673e-05
11398 : 0
11398 : 0.828312 0.171688
11399 : 1
11399 : 0.000636793 0.999363
11400 : 0
11400 : 0.999365 0.000634826
11401 : 0
11401 : 1.0 2.88554e-12
11402 : 0
11402 : 0.999172 0.000828444
11403 : 0
11403 : 0.99999 1.0487e-05
11404 : 1
11404 : 0.0338187 0.966181
11405 : 0
11405 : 1.0 1.96622e-07
11406 : 1
11406 : 5.74547e-07 0.999999
11407 : 1
11407 : 0.0061696 0.99383
11408 : 0
11408 : 0.65397 0.34603
11409 : 0
11409 : 0.99999 1.04444e-05
11410 : 0
11410 : 0.99952 0.000480338
11411 : 1
11411 : 0.371146 0.628854
11412 : 1
11412 : 0.000795252 0.999205
11413 : 0
11413 : 0.999996 3.95638e-06
11414 : 0
11414 : 0.799134 0.200866
11415 : 0
11415 : 1.0 3.06678e-07
11416 : 1
11416 : 2.71186e-07 1.0
11417 : 1
11417 : 0.00074251 0.999258
11418 : 0
11418 : 0.999999 5.31666e-07
11419 : 1
11419 : 0.000517074 0.999483
11420 : 1
11420 : 0.257086 0.742914
11421 : 0
11421 : 0.93473 0.0652697
11422 : 1
11422 : 1.60813e-07 1.0
11423 : 1
11423 : 0.000285824 0.999714
11424 : 1
11424 : 0.00243174 0.997568
11425 : 1
11425 : 0.176863 0.823137
11426 : 1
11426 : 7.78157e-06 0.999992
11427 : 1
11427 : 0.0194913 0.980509
11428 : 1
11428 : 0.000405403 0.999595
11429 : 1
11429 : 0.000123482 0.999876
11430 : 0
11430 : 0.675622 0.324378
11431 : 0
11431 : 1.0 2.26021e-08
11432 : 0
11432 : 0.999998 2.35742e-06
11433 : 0
11433 : 0.982537 0.0174628
11434 : 0
11434 : 0.999792 0.000207606
11435 : 1
11435 : 1.29821e-05 0.999987
11436 : 0
11436 : 0.568312 0.431688
11437 : 0
11437 : 0.820648 0.179352
11438 : 1
11438 : 0.00176936 0.998231
11439 : 1
11439 : 3.14098e-05 0.999969
11440 : 0
11440 : 0.777293 0.222707
11441 : 1
11441 : 0.0193728 0.980627
11442 : 1
11442 : 4.91547e-06 0.999995
11443 : 1
11443 : 1.67247e-06 0.999998
11444 : 0
11444 : 1.0 1.8325e-08
11445 : 1
11445 : 0.275508 0.724492
11446 : 0
11446 : 0.999853 0.00014654
11447 : 0
11447 : 0.999674 0.000325722
11448 : 1
11448 : 0.000390876 0.999609
11449 : 1
11449 : 1.51435e-05 0.999985
11450 : 0
11450 : 0.999015 0.000984488
11451 : 1
11451 : 2.69395e-07 1.0
11452 : 0
11452 : 0.570691 0.429309
11453 : 0
11453 : 0.634306 0.365694
11454 : 1
11454 : 4.94881e-05 0.99995
11455 : 1
11455 : 0.00285912 0.997141
11456 : 0
11456 : 0.999967 3.27618e-05
11457 : 0
11457 : 1.0 1.00247e-07
11458 : 1
11458 : 2.98e-05 0.99997
11459 : 1
11459 : 4.75489e-11 1.0
11460 : 0
11460 : 0.952972 0.0470276
11461 : 1
11461 : 9.12115e-07 0.999999
11462 : 1
11462 : 0.165708 0.834292
11463 : 0
11463 : 0.999962 3.75356e-05
11464 : 1
11464 : 0.000523363 0.999477
11465 : 1
11465 : 0.0649526 0.935047
11466 : 0
11466 : 0.899988 0.100012
11467 : 0
11467 : 1.0 1.89862e-09
11468 : 1
11468 : 0.00087789 0.999122
11469 : 1
11469 : 1.25754e-05 0.999987
11470 : 1
11470 : 7.63915e-08 1.0
11471 : 1
11471 : 0.0644205 0.93558
11472 : 1
11472 : 0.000587715 0.999412
11473 : 1
11473 : 0.159562 0.840438
11474 : 0
11474 : 0.993939 0.00606126
11475 : 0
11475 : 0.977815 0.0221851
11476 : 0
11476 : 0.999996 3.70009e-06
11477 : 0
11477 : 0.999998 1.66262e-06
11478 : 1
11478 : 0.00769322 0.992307
11479 : 1
11479 : 0.180029 0.819971
11480 : 0
11480 : 0.783008 0.216992
11481 : 0
11481 : 1.0 2.51636e-10
11482 : 1
11482 : 0.0115338 0.988466
11483 : 1
11483 : 9.09631e-09 1.0
11484 : 0
11484 : 0.996444 0.00355591
11485 : 0
11485 : 1.0 4.0633e-11
11486 : 1
11486 : 6.70927e-05 0.999933
11487 : 1
11487 : 0.000621088 0.999379
11488 : 1
11488 : 8.87285e-07 0.999999
11489 : 0
11489 : 1.0 3.80135e-13
11490 : 0
11490 : 0.803015 0.196985
11491 : 0
11491 : 0.998395 0.00160488
11492 : 0
11492 : 0.979407 0.0205932
11493 : 0
11493 : 0.99986 0.000139603
11494 : 0
11494 : 0.998718 0.00128199
11495 : 0
11495 : 0.999907 9.3452e-05
11496 : 1
11496 : 4.25313e-06 0.999996
11497 : 0
11497 : 0.967241 0.0327587
11498 : 0
11498 : 0.994487 0.00551252
11499 : 0
11499 : 0.999987 1.3506e-05
11500 : 0
11500 : 0.999977 2.33558e-05
11501 : 0
11501 : 0.991901 0.00809905
11502 : 0
11502 : 0.989559 0.0104415
11503 : 1
11503 : 0.0639202 0.93608
11504 : 0
11504 : 1.0 6.97027e-09
11505 : 0
11505 : 0.997211 0.00278925
11506 : 1
11506 : 1.59835e-06 0.999998
11507 : 0
11507 : 0.999859 0.000141353
11508 : 0
11508 : 1.0 1.41598e-10
11509 : 0
11509 : 0.847614 0.152386
11510 : 1
11510 : 4.63103e-05 0.999954
11511 : 0
11511 : 0.99862 0.00137977
11512 : 1
11512 : 0.105741 0.894259
11513 : 1
11513 : 1.22573e-05 0.999988
11514 : 0
11514 : 0.999995 4.92271e-06
11515 : 1
11515 : 2.75621e-08 1.0
11516 : 1
11516 : 7.15072e-06 0.999993
11517 : 0
11517 : 0.997945 0.00205476
11518 : 0
11518 : 0.999805 0.000195106
11519 : 1
11519 : 0.00133048 0.99867
11520 : 1
11520 : 0.00300428 0.996996
11521 : 1
11521 : 0.439263 0.560737
11522 : 0
11522 : 0.921777 0.0782232
11523 : 0
11523 : 1.0 2.3929e-12
11524 : 0
11524 : 0.989983 0.0100169
11525 : 1
11525 : 0.000324918 0.999675
11526 : 0
11526 : 0.999752 0.000248147
11527 : 1
11527 : 3.0752e-08 1.0
11528 : 0
11528 : 1.0 4.79271e-11
11529 : 0
11529 : 1.0 1.78991e-07
11530 : 1
11530 : 0.000780651 0.999219
11531 : 0
11531 : 1.0 1.38111e-11
11532 : 0
11532 : 1.0 1.85206e-07
11533 : 1
11533 : 3.05582e-06 0.999997
11534 : 0
11534 : 0.999505 0.000495058
11535 : 1
11535 : 7.04176e-06 0.999993
11536 : 1
11536 : 0.00648951 0.99351
11537 : 1
11537 : 0.294608 0.705392
11538 : 0
11538 : 0.999972 2.83383e-05
11539 : 1
11539 : 6.83227e-10 1.0
11540 : 0
11540 : 1.0 8.99343e-09
11541 : 0
11541 : 0.894006 0.105993
11542 : 1
11542 : 0.00183517 0.998165
11543 : 0
11543 : 0.999941 5.91132e-05
11544 : 0
11544 : 0.99998 2.02633e-05
11545 : 0
11545 : 0.999929 7.09639e-05
11546 : 0
11546 : 0.996683 0.00331738
11547 : 0
11547 : 1.0 6.50768e-13
11548 : 1
11548 : 1.19054e-05 0.999988
11549 : 0
11549 : 0.997512 0.00248806
11550 : 1
11550 : 4.69375e-05 0.999953
11551 : 1
11551 : 0.160567 0.839433
11552 : 1
11552 : 2.41337e-05 0.999976
11553 : 1
11553 : 0.141758 0.858243
11554 : 1
11554 : 0.0324605 0.96754
11555 : 1
11555 : 0.000113667 0.999886
11556 : 0
11556 : 1.0 4.17571e-07
11557 : 0
11557 : 1.0 6.92482e-10
11558 : 0
11558 : 0.999645 0.000355252
11559 : 0
11559 : 0.940509 0.0594913
11560 : 0
11560 : 1.0 3.57582e-11
11561 : 1
11561 : 0.00737994 0.99262
11562 : 1
11562 : 0.000248249 0.999752
11563 : 0
11563 : 0.998779 0.0012214
11564 : 0
11564 : 1.0 3.3717e-09
11565 : 0
11565 : 0.999961 3.90925e-05
11566 : 0
11566 : 0.99999 9.65595e-06
11567 : 1
11567 : 3.18492e-06 0.999997
11568 : 0
11568 : 0.99829 0.00171046
11569 : 1
11569 : 4.10889e-05 0.999959
11570 : 1
11570 : 0.0970541 0.902946
11571 : 1
11571 : 3.92694e-05 0.999961
11572 : 0
11572 : 0.999999 1.36029e-06
11573 : 0
11573 : 0.996012 0.00398788
11574 : 0
11574 : 1.0 1.68456e-10
11575 : 1
11575 : 0.000360796 0.999639
11576 : 1
11576 : 1.53956e-06 0.999999
11577 : 0
11577 : 0.986943 0.0130565
11578 : 0
11578 : 0.991667 0.00833297
11579 : 1
11579 : 0.000406253 0.999594
11580 : 1
11580 : 0.000239613 0.99976
11581 : 0
11581 : 0.984199 0.0158012
11582 : 0
11582 : 1.0 3.61171e-07
11583 : 0
11583 : 0.999955 4.48802e-05
11584 : 1
11584 : 3.64747e-07 1.0
11585 : 1
11585 : 0.000227572 0.999772
11586 : 1
11586 : 0.176891 0.823109
11587 : 0
11587 : 0.99962 0.000379621
11588 : 0
11588 : 0.999511 0.000489316
11589 : 1
11589 : 0.00781902 0.992181
11590 : 0
11590 : 0.999971 2.8797e-05
11591 : 0
11591 : 0.998963 0.00103693
11592 : 0
11592 : 1.0 3.24343e-10
11593 : 1
11593 : 0.00531184 0.994688
11594 : 1
11594 : 0.000494119 0.999506
11595 : 1
11595 : 4.11346e-10 1.0
11596 : 0
11596 : 0.99984 0.000159934
11597 : 0
11597 : 0.965441 0.0345592
11598 : 0
11598 : 0.886669 0.113331
11599 : 0
11599 : 0.999866 0.000133853
11600 : 1
11600 : 0.00329528 0.996705
11601 : 1
11601 : 4.90001e-05 0.999951
11602 : 0
11602 : 0.782008 0.217992
11603 : 1
11603 : 2.65353e-07 1.0
11604 : 1
11604 : 2.08134e-11 1.0
11605 : 1
11605 : 0.00960627 0.990394
11606 : 1
11606 : 0.001021 0.998979
11607 : 0
11607 : 0.998611 0.00138921
11608 : 0
11608 : 0.999998 1.91055e-06
11609 : 1
11609 : 0.274607 0.725393
11610 : 1
11610 : 0.0164698 0.98353
11611 : 0
11611 : 0.939823 0.0601768
11612 : 1
11612 : 0.0630066 0.936993
11613 : 0
11613 : 0.999999 1.19539e-06
11614 : 0
11614 : 0.999999 1.20384e-06
11615 : 0
11615 : 0.999996 3.56424e-06
11616 : 0
11616 : 0.757446 0.242554
11617 : 1
11617 : 0.000238151 0.999762
11618 : 0
11618 : 0.999984 1.56441e-05
11619 : 1
11619 : 0.00856088 0.991439
11620 : 0
11620 : 1.0 1.14148e-08
11621 : 0
11621 : 1.0 7.77362e-13
11622 : 0
11622 : 0.999431 0.0005686
11623 : 1
11623 : 7.53581e-05 0.999925
11624 : 0
11624 : 0.979644 0.020356
11625 : 1
11625 : 0.000205096 0.999795
11626 : 1
11626 : 0.0264423 0.973558
11627 : 1
11627 : 8.30352e-11 1.0
11628 : 1
11628 : 0.00320703 0.996793
11629 : 0
11629 : 0.978464 0.0215358
11630 : 1
11630 : 0.0442703 0.95573
11631 : 0
11631 : 0.852386 0.147614
11632 : 0
11632 : 0.999963 3.67745e-05
11633 : 0
11633 : 0.999999 6.7342e-07
11634 : 0
11634 : 0.993046 0.00695426
11635 : 1
11635 : 0.000211186 0.999789
11636 : 0
11636 : 0.999026 0.000973651
11637 : 0
11637 : 0.881779 0.118221
11638 : 0
11638 : 0.988417 0.0115831
11639 : 0
11639 : 0.999999 1.31298e-06
11640 : 1
11640 : 4.8877e-07 1.0
11641 : 0
11641 : 0.999993 7.41528e-06
11642 : 1
11642 : 2.04387e-05 0.99998
11643 : 1
11643 : 0.2384 0.7616
11644 : 0
11644 : 0.99937 0.000630419
11645 : 0
11645 : 0.65228 0.34772
11646 : 1
11646 : 0.000720733 0.999279
11647 : 1
11647 : 0.0184938 0.981506
11648 : 1
11648 : 7.77056e-06 0.999992
11649 : 1
11649 : 3.81252e-05 0.999962
11650 : 0
11650 : 0.628223 0.371777
11651 : 1
11651 : 5.83928e-07 0.999999
11652 : 1
11652 : 0.00256696 0.997433
11653 : 0
11653 : 0.889244 0.110756
11654 : 1
11654 : 2.26909e-06 0.999998
11655 : 1
11655 : 0.000452671 0.999547
11656 : 1
11656 : 0.000141622 0.999858
11657 : 0
11657 : 0.801731 0.198269
11658 : 0
11658 : 0.948664 0.0513363
11659 : 0
11659 : 0.988786 0.0112136
11660 : 1
11660 : 0.46368 0.53632
11661 : 0
11661 : 0.998682 0.00131831
11662 : 1
11662 : 0.0140525 0.985947
11663 : 1
11663 : 2.48494e-05 0.999975
11664 : 0
11664 : 0.759276 0.240724
11665 : 1
11665 : 0.0181549 0.981845
11666 : 1
11666 : 0.000763538 0.999236
11667 : 1
11667 : 0.00599983 0.994
11668 : 0
11668 : 1.0 1.92135e-08
11669 : 1
11669 : 1.73723e-06 0.999998
11670 : 1
11670 : 3.64469e-05 0.999964
11671 : 1
11671 : 0.00895515 0.991045
11672 : 0
11672 : 0.999926 7.36402e-05
11673 : 1
11673 : 1.75576e-09 1.0
11674 : 0
11674 : 0.864817 0.135183
11675 : 0
11675 : 0.990862 0.00913824
11676 : 0
11676 : 0.991268 0.00873199
11677 : 1
11677 : 1.34278e-07 1.0
11678 : 1
11678 : 2.24883e-06 0.999998
11679 : 0
11679 : 0.999997 2.55157e-06
11680 : 0
11680 : 0.720554 0.279446
11681 : 1
11681 : 8.59334e-06 0.999991
11682 : 0
11682 : 0.994587 0.0054134
11683 : 1
11683 : 0.0367127 0.963287
11684 : 0
11684 : 0.985316 0.0146841
11685 : 0
11685 : 0.847093 0.152907
11686 : 0
11686 : 0.999966 3.37154e-05
11687 : 0
11687 : 0.999973 2.66881e-05
11688 : 1
11688 : 1.03063e-05 0.99999
11689 : 1
11689 : 0.231126 0.768874
11690 : 1
11690 : 0.00867871 0.991321
11691 : 1
11691 : 0.411026 0.588974
11692 : 0
11692 : 0.985881 0.0141195
11693 : 0
11693 : 0.973229 0.026771
11694 : 0
11694 : 0.957073 0.0429267
11695 : 1
11695 : 0.0441157 0.955884
11696 : 1
11696 : 0.000816732 0.999183
11697 : 0
11697 : 0.722169 0.277831
11698 : 0
11698 : 0.964851 0.0351494
11699 : 1
11699 : 1.37428e-07 1.0
11700 : 0
11700 : 0.999995 5.17955e-06
11701 : 0
11701 : 1.0 3.95462e-07
11702 : 0
11702 : 0.999969 3.13612e-05
11703 : 0
11703 : 0.999915 8.5042e-05
11704 : 0
11704 : 0.995515 0.00448503
11705 : 1
11705 : 3.34264e-16 1.0
11706 : 1
11706 : 1.01879e-12 1.0
11707 : 1
11707 : 0.0022808 0.997719
11708 : 0
11708 : 1.0 1.60364e-07
11709 : 1
11709 : 3.92235e-05 0.999961
11710 : 0
11710 : 0.862751 0.137249
11711 : 0
11711 : 0.996819 0.0031809
11712 : 0
11712 : 0.999967 3.30794e-05
11713 : 1
11713 : 7.1288e-07 0.999999
11714 : 1
11714 : 0.144852 0.855148
11715 : 1
11715 : 1.05235e-07 1.0
11716 : 1
11716 : 0.172982 0.827018
11717 : 0
11717 : 0.853937 0.146063
11718 : 1
11718 : 5.57817e-05 0.999944
11719 : 0
11719 : 0.999869 0.000131407
11720 : 1
11720 : 2.02894e-05 0.99998
11721 : 0
11721 : 0.999969 3.10645e-05
11722 : 0
11722 : 0.756689 0.243311
11723 : 1
11723 : 1.70725e-05 0.999983
11724 : 0
11724 : 0.996423 0.00357676
11725 : 1
11725 : 0.237998 0.762002
11726 : 0
11726 : 0.999997 2.62519e-06
11727 : 0
11727 : 0.999745 0.000255071
11728 : 0
11728 : 1.0 6.20403e-08
11729 : 1
11729 : 9.45241e-08 1.0
11730 : 0
11730 : 0.999961 3.86097e-05
11731 : 1
11731 : 4.08858e-08 1.0
11732 : 1
11732 : 5.59763e-05 0.999944
11733 : 1
11733 : 2.34783e-06 0.999998
11734 : 1
11734 : 0.0120669 0.987933
11735 : 1
11735 : 0.00328277 0.996717
11736 : 1
11736 : 0.00132525 0.998675
11737 : 0
11737 : 0.512908 0.487092
11738 : 1
11738 : 0.0469004 0.9531
11739 : 1
11739 : 0.000756459 0.999244
11740 : 1
11740 : 0.000143224 0.999857
11741 : 0
11741 : 0.997667 0.00233323
11742 : 0
11742 : 1.0 1.5352e-09
11743 : 0
11743 : 0.998711 0.00128866
11744 : 0
11744 : 0.997944 0.00205637
11745 : 0
11745 : 0.608138 0.391862
11746 : 0
11746 : 0.999112 0.000887535
11747 : 0
11747 : 1.0 4.31965e-12
11748 : 0
11748 : 0.999829 0.000170651
11749 : 1
11749 : 0.000238391 0.999762
11750 : 0
11750 : 1.0 1.67575e-12
11751 : 0
11751 : 1.0 3.21778e-07
11752 : 1
11752 : 0.0185579 0.981442
11753 : 1
11753 : 4.91508e-08 1.0
11754 : 0
11754 : 0.999996 4.00262e-06
11755 : 0
11755 : 0.999997 3.06767e-06
11756 : 1
11756 : 0.000166887 0.999833
11757 : 1
11757 : 0.0029134 0.997087
11758 : 1
11758 : 0.00122184 0.998778
11759 : 1
11759 : 8.68366e-06 0.999991
11760 : 1
11760 : 0.33365 0.66635
11761 : 1
11761 : 1.70794e-05 0.999983
11762 : 1
11762 : 0.0115373 0.988463
11763 : 1
11763 : 0.000672504 0.999327
11764 : 1
11764 : 0.000512683 0.999487
11765 : 1
11765 : 3.51586e-05 0.999965
11766 : 1
11766 : 0.00933851 0.990661
11767 : 0
11767 : 0.94329 0.05671
11768 : 0
11768 : 0.999984 1.55533e-05
11769 : 1
11769 : 0.140669 0.859331
11770 : 1
11770 : 0.00287478 0.997125
11771 : 0
11771 : 1.0 5.59487e-08
11772 : 0
11772 : 0.997004 0.00299638
11773 : 1
11773 : 4.57444e-06 0.999995
11774 : 1
11774 : 6.59261e-06 0.999993
11775 : 1
11775 : 0.00511604 0.994884
11776 : 1
11776 : 0.000233177 0.999767
11777 : 0
11777 : 0.875799 0.124201
11778 : 1
11778 : 0.000279192 0.999721
11779 : 0
11779 : 0.999899 0.000101325
11780 : 1
11780 : 1.36289e-05 0.999986
11781 : 0
11781 : 0.904843 0.0951571
11782 : 1
11782 : 0.000562174 0.999438
11783 : 0
11783 : 1.0 6.75289e-10
11784 : 0
11784 : 0.83815 0.16185
11785 : 1
11785 : 3.99756e-05 0.99996
11786 : 0
11786 : 1.0 2.58498e-08
11787 : 1
11787 : 6.58612e-09 1.0
11788 : 0
11788 : 0.999879 0.00012065
11789 : 1
11789 : 0.00106126 0.998939
11790 : 1
11790 : 2.40432e-05 0.999976
11791 : 1
11791 : 1.44563e-19 1.0
11792 : 1
11792 : 7.21249e-05 0.999928
11793 : 0
11793 : 0.999789 0.000211489
11794 : 1
11794 : 0.00434543 0.995655
11795 : 1
11795 : 2.30512e-06 0.999998
11796 : 0
11796 : 0.99997 3.03995e-05
11797 : 0
11797 : 0.772937 0.227063
11798 : 0
11798 : 1.0 5.29533e-07
11799 : 0
11799 : 0.636709 0.363291
11800 : 0
11800 : 0.999959 4.0678e-05
11801 : 1
11801 : 2.76594e-05 0.999972
11802 : 0
11802 : 0.999845 0.000154826
11803 : 0
11803 : 0.718105 0.281895
11804 : 1
11804 : 0.196566 0.803434
11805 : 0
11805 : 0.94679 0.0532096
11806 : 1
11806 : 8.87416e-06 0.999991
11807 : 1
11807 : 0.499602 0.500398
11808 : 0
11808 : 0.997975 0.00202457
11809 : 1
11809 : 0.000355977 0.999644
11810 : 0
11810 : 0.629898 0.370102
11811 : 1
11811 : 0.290186 0.709814
11812 : 1
11812 : 1.73626e-07 1.0
11813 : 0
11813 : 1.0 1.74042e-07
11814 : 1
11814 : 4.75376e-05 0.999952
11815 : 0
11815 : 0.944593 0.055407
11816 : 1
11816 : 0.000110518 0.999889
11817 : 0
11817 : 0.999966 3.41887e-05
11818 : 1
11818 : 0.00110074 0.998899
11819 : 0
11819 : 0.999999 1.16718e-06
11820 : 0
11820 : 0.993691 0.00630936
11821 : 1
11821 : 5.19677e-06 0.999995
11822 : 1
11822 : 0.000903635 0.999096
11823 : 1
11823 : 1.4353e-05 0.999986
11824 : 1
11824 : 1.39464e-06 0.999999
11825 : 1
11825 : 0.196198 0.803802
11826 : 1
11826 : 0.000676994 0.999323
11827 : 1
11827 : 6.93532e-05 0.999931
11828 : 1
11828 : 0.0103259 0.989674
11829 : 1
11829 : 3.89261e-08 1.0
11830 : 0
11830 : 0.999997 2.91762e-06
11831 : 1
11831 : 1.25459e-07 1.0
11832 : 1
11832 : 0.00185597 0.998144
11833 : 0
11833 : 0.971719 0.0282813
11834 : 1
11834 : 0.000410084 0.99959
11835 : 0
11835 : 0.951629 0.0483706
11836 : 1
11836 : 0.0159042 0.984096
11837 : 0
11837 : 0.99187 0.00812959
11838 : 1
11838 : 0.0391065 0.960893
11839 : 1
11839 : 0.00112265 0.998877
11840 : 1
11840 : 0.000141449 0.999858
11841 : 1
11841 : 2.93729e-13 1.0
11842 : 0
11842 : 0.998613 0.00138736
11843 : 1
11843 : 0.00248375 0.997516
11844 : 1
11844 : 1.72584e-05 0.999983
11845 : 0
11845 : 0.999707 0.000293146
11846 : 0
11846 : 0.976062 0.023938
11847 : 1
11847 : 0.36637 0.63363
11848 : 0
11848 : 0.906819 0.0931812
11849 : 1
11849 : 0.0172775 0.982722
11850 : 1
11850 : 5.5233e-09 1.0
11851 : 0
11851 : 0.971888 0.0281118
11852 : 1
11852 : 6.39209e-11 1.0
11853 : 0
11853 : 0.999992 7.72093e-06
11854 : 0
11854 : 0.554075 0.445925
11855 : 1
11855 : 2.05966e-07 1.0
11856 : 1
11856 : 0.00127813 0.998722
11857 : 0
11857 : 0.99867 0.0013303
11858 : 0
11858 : 1.0 4.27316e-09
11859 : 1
11859 : 0.178226 0.821774
11860 : 0
11860 : 0.996081 0.00391898
11861 : 1
11861 : 0.00261857 0.997381
11862 : 1
11862 : 0.000364142 0.999636
11863 : 0
11863 : 0.983701 0.0162987
11864 : 0
11864 : 0.560648 0.439352
11865 : 0
11865 : 0.998821 0.00117932
11866 : 0
11866 : 0.798742 0.201258
11867 : 1
11867 : 0.125548 0.874452
11868 : 1
11868 : 0.0635422 0.936458
11869 : 0
11869 : 0.998898 0.0011018
11870 : 1
11870 : 9.7011e-06 0.99999
11871 : 0
11871 : 0.895149 0.104851
11872 : 1
11872 : 0.00170304 0.998297
11873 : 1
11873 : 0.436915 0.563085
11874 : 1
11874 : 1.25238e-08 1.0
11875 : 0
11875 : 1.0 2.65576e-07
11876 : 0
11876 : 1.0 1.27616e-09
11877 : 1
11877 : 3.31773e-09 1.0
11878 : 1
11878 : 3.4733e-05 0.999965
11879 : 1
11879 : 0.000139381 0.999861
11880 : 0
11880 : 0.99521 0.00478977
11881 : 1
11881 : 5.35622e-11 1.0
11882 : 1
11882 : 0.0242052 0.975795
11883 : 1
11883 : 0.000932664 0.999067
11884 : 1
11884 : 0.217152 0.782848
11885 : 0
11885 : 0.999986 1.41668e-05
11886 : 1
11886 : 2.70349e-05 0.999973
11887 : 0
11887 : 0.817296 0.182704
11888 : 0
11888 : 1.0 9.67034e-10
11889 : 1
11889 : 0.110117 0.889883
11890 : 0
11890 : 0.833062 0.166938
11891 : 0
11891 : 0.999889 0.000110531
11892 : 1
11892 : 4.10626e-05 0.999959
11893 : 0
11893 : 0.999569 0.000431515
11894 : 0
11894 : 0.777801 0.222199
11895 : 1
11895 : 1.45026e-13 1.0
11896 : 0
11896 : 0.999994 6.11632e-06
11897 : 1
11897 : 1.74178e-06 0.999998
11898 : 0
11898 : 0.998764 0.0012362
11899 : 0
11899 : 0.755215 0.244785
11900 : 0
11900 : 0.9993 0.00069999
11901 : 1
11901 : 0.000448855 0.999551
11902 : 1
11902 : 0.000224087 0.999776
11903 : 0
11903 : 0.999855 0.00014498
11904 : 1
11904 : 1.78382e-07 1.0
11905 : 1
11905 : 0.00642047 0.99358
11906 : 1
11906 : 0.0186382 0.981362
11907 : 1
11907 : 0.000256774 0.999743
11908 : 1
11908 : 0.00406289 0.995937
11909 : 0
11909 : 0.999995 5.42196e-06
11910 : 1
11910 : 9.63803e-06 0.99999
11911 : 0
11911 : 0.746627 0.253373
11912 : 1
11912 : 0.000289088 0.999711
11913 : 1
11913 : 0.347904 0.652096
11914 : 0
11914 : 0.710913 0.289087
11915 : 1
11915 : 0.00505524 0.994945
11916 : 0
11916 : 1.0 7.77641e-08
11917 : 1
11917 : 0.183099 0.816901
11918 : 1
11918 : 0.0533128 0.946687
11919 : 0
11919 : 0.986469 0.0135307
11920 : 1
11920 : 1.60271e-06 0.999998
11921 : 1
11921 : 9.87351e-11 1.0
11922 : 1
11922 : 0.00589242 0.994108
11923 : 1
11923 : 2.80845e-06 0.999997
11924 : 0
11924 : 0.999948 5.16267e-05
11925 : 0
11925 : 0.991849 0.00815082
11926 : 0
11926 : 0.63166 0.36834
11927 : 1
11927 : 0.176283 0.823717
11928 : 1
11928 : 4.8821e-06 0.999995
11929 : 1
11929 : 0.00289462 0.997105
11930 : 0
11930 : 0.998812 0.00118767
11931 : 0
11931 : 0.984979 0.0150214
11932 : 1
11932 : 3.20255e-09 1.0
11933 : 0
11933 : 0.999992 7.77325e-06
11934 : 1
11934 : 0.0152692 0.984731
11935 : 0
11935 : 0.568828 0.431172
11936 : 0
11936 : 0.996184 0.00381644
11937 : 0
11937 : 0.999781 0.000219333
11938 : 1
11938 : 0.00343972 0.99656
11939 : 0
11939 : 0.99949 0.000510446
11940 : 1
11940 : 0.000443924 0.999556
11941 : 1
11941 : 2.79622e-05 0.999972
11942 : 0
11942 : 1.0 1.29393e-08
11943 : 0
11943 : 0.999999 6.43332e-07
11944 : 1
11944 : 3.16851e-10 1.0
11945 : 1
11945 : 0.316531 0.683469
11946 : 1
11946 : 0.000137286 0.999863
11947 : 0
11947 : 0.999999 9.59974e-07
11948 : 0
11948 : 0.999843 0.000157427
11949 : 0
11949 : 0.999858 0.000142296
11950 : 0
11950 : 0.999818 0.000182064
11951 : 1
11951 : 0.000418163 0.999582
11952 : 1
11952 : 7.1046e-08 1.0
11953 : 1
11953 : 0.0144715 0.985528
11954 : 1
11954 : 5.57424e-10 1.0
11955 : 1
11955 : 1.80746e-05 0.999982
11956 : 0
11956 : 0.99881 0.0011902
11957 : 1
11957 : 1.71049e-07 1.0
11958 : 1
11958 : 9.62098e-08 1.0
11959 : 0
11959 : 0.99256 0.00743998
11960 : 1
11960 : 0.0016733 0.998327
11961 : 1
11961 : 0.000557575 0.999442
11962 : 0
11962 : 0.703787 0.296213
11963 : 0
11963 : 0.99809 0.00191024
11964 : 1
11964 : 0.00161842 0.998382
11965 : 0
11965 : 0.556795 0.443205
11966 : 0
11966 : 1.0 4.34405e-09
11967 : 0
11967 : 0.528282 0.471718
11968 : 0
11968 : 0.999998 2.01309e-06
11969 : 1
11969 : 3.9279e-08 1.0
11970 : 1
11970 : 0.24734 0.75266
11971 : 0
11971 : 0.999968 3.21914e-05
11972 : 1
11972 : 0.0447702 0.95523
11973 : 1
11973 : 0.39909 0.60091
11974 : 0
11974 : 0.991542 0.00845836
11975 : 1
11975 : 0.0056302 0.99437
11976 : 0
11976 : 0.999251 0.000749319
11977 : 1
11977 : 0.466476 0.533524
11978 : 0
11978 : 0.997383 0.0026171
11979 : 1
11979 : 3.1059e-06 0.999997
11980 : 1
11980 : 0.0215749 0.978425
11981 : 0
11981 : 0.99426 0.00573979
11982 : 1
11982 : 7.23811e-05 0.999928
11983 : 0
11983 : 0.969116 0.0308842
11984 : 1
11984 : 0.00444421 0.995556
11985 : 1
11985 : 0.0245876 0.975412
11986 : 1
11986 : 0.000457124 0.999543
11987 : 1
11987 : 5.00623e-10 1.0
11988 : 1
11988 : 8.04117e-05 0.99992
11989 : 0
11989 : 0.999246 0.000753913
11990 : 1
11990 : 0.0823537 0.917646
11991 : 0
11991 : 0.997627 0.00237344
11992 : 1
11992 : 0.152721 0.847279
11993 : 0
11993 : 0.581204 0.418796
11994 : 0
11994 : 0.90263 0.0973699
11995 : 0
11995 : 0.760198 0.239802
11996 : 0
11996 : 0.990651 0.00934871
11997 : 0
11997 : 0.88839 0.111609
11998 : 1
11998 : 1.54639e-05 0.999985
11999 : 1
11999 : 3.9043e-07 1.0
12000 : 0
12000 : 0.99844 0.00156024
12001 : 0
12001 : 0.969231 0.0307686
12002 : 1
12002 : 0.000315505 0.999685
12003 : 0
12003 : 0.99988 0.000119894
12004 : 0
12004 : 0.958771 0.0412288
12005 : 1
12005 : 8.56178e-07 0.999999
12006 : 1
12006 : 0.00625707 0.993743
12007 : 0
12007 : 0.999937 6.31354e-05
12008 : 1
12008 : 0.027827 0.972173
12009 : 1
12009 : 1.02066e-05 0.99999
12010 : 1
12010 : 0.00373677 0.996263
12011 : 1
12011 : 0.00791019 0.99209
12012 : 1
12012 : 1.00146e-08 1.0
12013 : 1
12013 : 3.55479e-15 1.0
12014 : 1
12014 : 0.000890611 0.999109
12015 : 0
12015 : 0.99402 0.00597973
12016 : 1
12016 : 0.0276253 0.972375
12017 : 1
12017 : 2.28783e-06 0.999998
12018 : 0
12018 : 0.999971 2.86871e-05
12019 : 0
12019 : 0.999981 1.8893e-05
12020 : 0
12020 : 0.978486 0.0215139
12021 : 1
12021 : 1.12247e-13 1.0
12022 : 1
12022 : 0.0129954 0.987005
12023 : 1
12023 : 0.0737731 0.926227
12024 : 1
12024 : 2.77263e-05 0.999972
12025 : 0
12025 : 0.693114 0.306886
12026 : 1
12026 : 0.00510784 0.994892
12027 : 0
12027 : 1.0 2.06874e-12
12028 : 1
12028 : 0.312721 0.687279
12029 : 0
12029 : 0.999999 7.69088e-07
12030 : 0
12030 : 0.989188 0.0108116
12031 : 0
12031 : 0.961954 0.0380464
12032 : 0
12032 : 0.999988 1.18784e-05
12033 : 1
12033 : 8.66278e-08 1.0
12034 : 1
12034 : 0.376219 0.623781
12035 : 0
12035 : 0.791992 0.208008
12036 : 0
12036 : 0.999907 9.27061e-05
12037 : 1
12037 : 0.0157787 0.984221
12038 : 1
12038 : 0.18444 0.81556
12039 : 1
12039 : 2.38442e-07 1.0
12040 : 1
12040 : 5.27045e-05 0.999947
12041 : 0
12041 : 0.683306 0.316694
12042 : 0
12042 : 0.988041 0.0119591
12043 : 1
12043 : 7.66005e-07 0.999999
12044 : 0
12044 : 0.993673 0.00632699
12045 : 0
12045 : 0.994719 0.00528059
12046 : 0
12046 : 0.999648 0.000351947
12047 : 0
12047 : 1.0 4.41353e-08
12048 : 1
12048 : 0.00550205 0.994498
12049 : 1
12049 : 0.164763 0.835237
12050 : 0
12050 : 0.977303 0.0226973
12051 : 1
12051 : 0.000183963 0.999816
12052 : 1
12052 : 9.6067e-07 0.999999
12053 : 0
12053 : 0.99936 0.000640289
12054 : 1
12054 : 6.40957e-06 0.999994
12055 : 1
12055 : 4.84809e-08 1.0
12056 : 1
12056 : 0.0519869 0.948013
12057 : 1
12057 : 1.71661e-07 1.0
12058 : 0
12058 : 1.0 1.50636e-08
12059 : 0
12059 : 1.0 2.52265e-08
12060 : 0
12060 : 0.505037 0.494963
12061 : 1
12061 : 0.129563 0.870437
12062 : 1
12062 : 0.000367453 0.999633
12063 : 1
12063 : 0.106735 0.893265
12064 : 1
12064 : 1.37297e-08 1.0
12065 : 0
12065 : 1.0 1.35548e-10
12066 : 0
12066 : 0.999477 0.000522603
12067 : 0
12067 : 0.996546 0.00345446
12068 : 0
12068 : 0.972175 0.0278247
12069 : 0
12069 : 0.999999 1.01545e-06
12070 : 0
12070 : 0.738766 0.261234
12071 : 0
12071 : 0.999502 0.000497679
12072 : 1
12072 : 0.0746639 0.925336
12073 : 0
12073 : 0.999951 4.94558e-05
12074 : 1
12074 : 0.0217263 0.978274
12075 : 1
12075 : 0.00434349 0.995657
12076 : 1
12076 : 0.000198558 0.999801
12077 : 0
12077 : 0.999652 0.000348453
12078 : 0
12078 : 0.962973 0.0370272
12079 : 1
12079 : 0.018271 0.981729
12080 : 1
12080 : 0.0317339 0.968266
12081 : 0
12081 : 0.999992 7.61567e-06
12082 : 1
12082 : 0.000126919 0.999873
12083 : 0
12083 : 0.9998 0.000199927
12084 : 1
12084 : 0.135143 0.864857
12085 : 0
12085 : 1.0 3.63935e-08
12086 : 1
12086 : 0.0147192 0.985281
12087 : 1
12087 : 9.92545e-08 1.0
12088 : 0
12088 : 0.999788 0.000211981
12089 : 1
12089 : 0.153633 0.846367
12090 : 1
12090 : 0.000421311 0.999579
12091 : 1
12091 : 0.00603975 0.99396
12092 : 1
12092 : 7.71088e-12 1.0
12093 : 0
12093 : 0.999917 8.27156e-05
12094 : 1
12094 : 0.000845104 0.999155
12095 : 0
12095 : 0.99998 1.97466e-05
12096 : 1
12096 : 8.45461e-06 0.999992
12097 : 0
12097 : 0.99967 0.000329588
12098 : 1
12098 : 0.0016852 0.998315
12099 : 1
12099 : 0.00100116 0.998999
12100 : 0
12100 : 0.999113 0.000886525
12101 : 0
12101 : 0.998694 0.00130635
12102 : 0
12102 : 0.99983 0.00016992
12103 : 0
12103 : 0.999198 0.000802101
12104 : 0
12104 : 0.997237 0.00276318
12105 : 0
12105 : 1.0 3.70984e-18
12106 : 0
12106 : 0.999697 0.000303452
12107 : 1
12107 : 0.00394939 0.996051
12108 : 1
12108 : 0.0094006 0.990599
12109 : 1
12109 : 0.218308 0.781692
12110 : 0
12110 : 0.887632 0.112368
12111 : 0
12111 : 0.985308 0.0146923
12112 : 1
12112 : 0.0314779 0.968522
12113 : 0
12113 : 0.934578 0.0654216
12114 : 1
12114 : 0.0367052 0.963295
12115 : 0
12115 : 0.997343 0.00265706
12116 : 0
12116 : 0.999977 2.30906e-05
12117 : 1
12117 : 1.50266e-08 1.0
12118 : 0
12118 : 0.999572 0.000427766
12119 : 0
12119 : 1.0 3.66498e-10
12120 : 1
12120 : 0.00154228 0.998458
12121 : 1
12121 : 1.75918e-05 0.999982
12122 : 1
12122 : 8.56682e-05 0.999914
12123 : 0
12123 : 0.999866 0.000133587
12124 : 0
12124 : 0.999958 4.16075e-05
12125 : 1
12125 : 0.0133415 0.986659
12126 : 1
12126 : 0.00175624 0.998244
12127 : 1
12127 : 0.271091 0.728909
12128 : 0
12128 : 0.994944 0.00505615
12129 : 0
12129 : 0.999962 3.7542e-05
12130 : 0
12130 : 0.999999 1.10518e-06
12131 : 1
12131 : 2.62136e-09 1.0
12132 : 0
12132 : 0.999989 1.05388e-05
12133 : 0
12133 : 0.999573 0.000427518
12134 : 0
12134 : 0.999923 7.72196e-05
12135 : 1
12135 : 0.0748589 0.925141
12136 : 0
12136 : 1.0 1.7216e-10
12137 : 0
12137 : 0.864721 0.135279
12138 : 0
12138 : 1.0 5.78361e-09
12139 : 1
12139 : 2.25754e-05 0.999977
12140 : 1
12140 : 0.0131232 0.986877
12141 : 0
12141 : 0.997054 0.00294616
12142 : 0
12142 : 0.999999 1.44697e-06
12143 : 0
12143 : 0.995684 0.00431576
12144 : 0
12144 : 0.999963 3.74763e-05
12145 : 1
12145 : 2.00147e-11 1.0
12146 : 1
12146 : 0.000209902 0.99979
12147 : 1
12147 : 2.1326e-08 1.0
12148 : 0
12148 : 0.998377 0.00162331
12149 : 1
12149 : 6.47138e-06 0.999994
12150 : 0
12150 : 0.716278 0.283722
12151 : 0
12151 : 0.882262 0.117738
12152 : 0
12152 : 0.99986 0.000140197
12153 : 1
12153 : 0.129927 0.870073
12154 : 0
12154 : 0.999556 0.000443608
12155 : 0
12155 : 0.999493 0.000506839
12156 : 1
12156 : 3.62204e-05 0.999964
12157 : 0
12157 : 0.549683 0.450317
12158 : 1
12158 : 0.0540688 0.945931
12159 : 0
12159 : 0.955887 0.0441134
12160 : 1
12160 : 0.267839 0.732161
12161 : 0
12161 : 0.999998 2.18044e-06
12162 : 0
12162 : 0.99997 3.04331e-05
12163 : 0
12163 : 0.775563 0.224437
12164 : 0
12164 : 1.0 2.51372e-10
12165 : 0
12165 : 0.88258 0.11742
12166 : 0
12166 : 0.9988 0.00120054
12167 : 1
12167 : 3.18697e-08 1.0
12168 : 0
12168 : 0.872098 0.127902
12169 : 0
12169 : 0.906971 0.0930289
12170 : 1
12170 : 1.72867e-06 0.999998
12171 : 0
12171 : 0.999928 7.23509e-05
12172 : 1
12172 : 1.96474e-05 0.99998
12173 : 0
12173 : 0.910772 0.0892277
12174 : 0
12174 : 0.506797 0.493203
12175 : 0
12175 : 0.982286 0.0177141
12176 : 0
12176 : 0.999991 8.71939e-06
12177 : 1
12177 : 9.84229e-11 1.0
12178 : 0
12178 : 0.929552 0.0704483
12179 : 1
12179 : 8.54131e-12 1.0
12180 : 1
12180 : 9.15063e-06 0.999991
12181 : 0
12181 : 0.999767 0.000233018
12182 : 0
12182 : 0.5643 0.4357
12183 : 0
12183 : 0.998986 0.00101448
12184 : 1
12184 : 0.0702036 0.929796
12185 : 0
12185 : 0.997267 0.002733
12186 : 1
12186 : 4.55474e-08 1.0
12187 : 1
12187 : 0.455283 0.544717
12188 : 1
12188 : 0.0029951 0.997005
12189 : 1
12189 : 0.00156087 0.998439
12190 : 1
12190 : 0.00015464 0.999845
12191 : 1
12191 : 3.99772e-05 0.99996
12192 : 1
12192 : 0.112474 0.887526
12193 : 0
12193 : 0.510895 0.489105
12194 : 0
12194 : 0.999995 4.65059e-06
12195 : 0
12195 : 0.996529 0.00347134
12196 : 1
12196 : 3.10867e-05 0.999969
12197 : 0
12197 : 0.999999 1.17866e-06
12198 : 0
12198 : 0.999876 0.000123875
12199 : 0
12199 : 0.8764 0.1236
12200 : 1
12200 : 2.89354e-08 1.0
12201 : 1
12201 : 0.150169 0.849831
12202 : 0
12202 : 1.0 1.2206e-07
12203 : 1
12203 : 0.0316928 0.968307
12204 : 0
12204 : 0.988715 0.0112848
12205 : 0
12205 : 0.999802 0.000198344
12206 : 1
12206 : 0.000399465 0.999601
12207 : 0
12207 : 0.712688 0.287312
12208 : 1
12208 : 7.61275e-06 0.999992
12209 : 0
12209 : 0.995706 0.00429368
12210 : 0
12210 : 0.774732 0.225268
12211 : 0
12211 : 0.999658 0.000342344
12212 : 0
12212 : 0.999964 3.64146e-05
12213 : 1
12213 : 0.0433226 0.956677
12214 : 0
12214 : 0.999693 0.000306665
12215 : 0
12215 : 0.994697 0.00530288
12216 : 0
12216 : 0.999293 0.000707362
12217 : 0
12217 : 0.999994 6.45473e-06
12218 : 0
12218 : 0.999985 1.49695e-05
12219 : 1
12219 : 0.00451105 0.995489
12220 : 0
12220 : 0.997468 0.00253199
12221 : 0
12221 : 0.999989 1.09764e-05
12222 : 1
12222 : 2.32397e-08 1.0
12223 : 0
12223 : 0.999889 0.000111308
12224 : 0
12224 : 0.994149 0.00585125
12225 : 1
12225 : 0.0922132 0.907787
12226 : 1
12226 : 1.56007e-08 1.0
12227 : 0
12227 : 0.999987 1.33607e-05
12228 : 1
12228 : 0.000363407 0.999637
12229 : 1
12229 : 0.278788 0.721212
12230 : 1
12230 : 0.0209604 0.97904
12231 : 1
12231 : 0.00173222 0.998268
12232 : 1
12232 : 0.218644 0.781356
12233 : 0
12233 : 0.997291 0.00270894
12234 : 0
12234 : 0.748257 0.251743
12235 : 0
12235 : 0.73864 0.26136
12236 : 0
12236 : 0.64715 0.35285
12237 : 1
12237 : 3.15943e-08 1.0
12238 : 1
12238 : 0.00591379 0.994086
12239 : 0
12239 : 0.999833 0.000166916
12240 : 0
12240 : 0.999179 0.000820793
12241 : 0
12241 : 0.999972 2.80977e-05
12242 : 1
12242 : 0.122398 0.877602
12243 : 0
12243 : 0.999911 8.88603e-05
12244 : 1
12244 : 0.000374181 0.999626
12245 : 0
12245 : 0.999768 0.000232408
12246 : 1
12246 : 0.000111257 0.999889
12247 : 0
12247 : 0.991584 0.00841565
12248 : 1
12248 : 1.24341e-07 1.0
12249 : 1
12249 : 2.82807e-08 1.0
12250 : 1
12250 : 0.0355559 0.964444
12251 : 1
12251 : 0.000156022 0.999844
12252 : 0
12252 : 0.999859 0.000141021
12253 : 0
12253 : 0.722578 0.277422
12254 : 1
12254 : 8.60336e-09 1.0
12255 : 0
12255 : 0.972227 0.0277733
12256 : 0
12256 : 0.936333 0.0636674
12257 : 0
12257 : 0.968428 0.0315722
12258 : 1
12258 : 0.0149211 0.985079
12259 : 1
12259 : 0.0261576 0.973842
12260 : 0
12260 : 0.811148 0.188853
12261 : 0
12261 : 0.998048 0.00195157
12262 : 1
12262 : 0.00642885 0.993571
12263 : 1
12263 : 1.5339e-06 0.999999
12264 : 1
12264 : 1.4767e-05 0.999985
12265 : 0
12265 : 0.999625 0.00037491
12266 : 1
12266 : 0.213088 0.786912
12267 : 1
12267 : 0.00324118 0.996759
12268 : 1
12268 : 3.31287e-08 1.0
12269 : 0
12269 : 0.912444 0.0875565
12270 : 0
12270 : 0.939011 0.0609888
12271 : 1
12271 : 0.0893528 0.910647
12272 : 0
12272 : 1.0 2.71117e-07
12273 : 1
12273 : 7.89223e-09 1.0
12274 : 1
12274 : 0.00153366 0.998466
12275 : 0
12275 : 0.995412 0.00458762
12276 : 0
12276 : 0.999999 7.00749e-07
12277 : 1
12277 : 0.0242907 0.975709
12278 : 1
12278 : 3.52925e-05 0.999965
12279 : 0
12279 : 0.999794 0.000205726
12280 : 0
12280 : 0.992671 0.00732908
12281 : 1
12281 : 0.00156177 0.998438
12282 : 1
12282 : 4.44979e-06 0.999996
12283 : 0
12283 : 0.997894 0.00210622
12284 : 1
12284 : 9.00063e-07 0.999999
12285 : 0
12285 : 0.999014 0.000985733
12286 : 0
12286 : 0.999992 7.78145e-06
12287 : 0
12287 : 0.754656 0.245344
12288 : 0
12288 : 0.999943 5.66134e-05
12289 : 0
12289 : 0.999019 0.000981045
12290 : 1
12290 : 0.212283 0.787717
12291 : 1
12291 : 1.06771e-05 0.999989
12292 : 1
12292 : 2.1622e-05 0.999978
12293 : 1
12293 : 0.0801942 0.919806
12294 : 1
12294 : 0.428719 0.571281
12295 : 0
12295 : 0.999997 2.89482e-06
12296 : 0
12296 : 1.0 1.82771e-09
12297 : 0
12297 : 0.999651 0.000349088
12298 : 0
12298 : 0.999973 2.66509e-05
12299 : 0
12299 : 0.999991 8.56363e-06
12300 : 1
12300 : 4.64304e-08 1.0
12301 : 0
12301 : 1.0 1.08367e-07
12302 : 0
12302 : 0.99995 5.03614e-05
12303 : 1
12303 : 5.76136e-09 1.0
12304 : 1
12304 : 4.51638e-10 1.0
12305 : 0
12305 : 0.950581 0.0494189
12306 : 0
12306 : 0.999928 7.17149e-05
12307 : 0
12307 : 0.960233 0.0397673
12308 : 0
12308 : 0.999966 3.44207e-05
12309 : 0
12309 : 0.999765 0.000235146
12310 : 0
12310 : 0.999487 0.000512855
12311 : 0
12311 : 0.802011 0.197989
12312 : 1
12312 : 5.98461e-05 0.99994
12313 : 1
12313 : 0.00239839 0.997602
12314 : 1
12314 : 3.71248e-09 1.0
12315 : 1
12315 : 0.000767178 0.999233
12316 : 0
12316 : 0.961181 0.0388187
12317 : 0
12317 : 0.999878 0.000121845
12318 : 1
12318 : 2.35284e-08 1.0
12319 : 0
12319 : 0.999999 5.45837e-07
12320 : 1
12320 : 0.000222829 0.999777
12321 : 0
12321 : 0.529799 0.470201
12322 : 0
12322 : 0.904209 0.0957907
12323 : 1
12323 : 0.00422877 0.995771
12324 : 0
12324 : 0.995481 0.00451931
12325 : 0
12325 : 0.999998 1.82142e-06
12326 : 0
12326 : 0.9623 0.0376997
12327 : 1
12327 : 0.357935 0.642065
12328 : 0
12328 : 0.892266 0.107734
12329 : 0
12329 : 0.998675 0.0013249
12330 : 0
12330 : 0.957737 0.0422626
12331 : 0
12331 : 0.999807 0.000192916
12332 : 1
12332 : 1.08184e-06 0.999999
12333 : 1
12333 : 0.0149166 0.985084
12334 : 0
12334 : 1.0 4.85869e-07
12335 : 1
12335 : 0.000802307 0.999198
12336 : 0
12336 : 0.982697 0.0173029
12337 : 0
12337 : 0.994266 0.00573407
12338 : 1
12338 : 0.181882 0.818118
12339 : 0
12339 : 0.996193 0.00380664
12340 : 0
12340 : 0.999998 2.05704e-06
12341 : 1
12341 : 8.65359e-11 1.0
12342 : 1
12342 : 0.00513018 0.99487
12343 : 0
12343 : 0.999888 0.000112246
12344 : 0
12344 : 0.999502 0.000498409
12345 : 0
12345 : 0.838877 0.161123
12346 : 0
12346 : 1.0 5.0512e-09
12347 : 0
12347 : 0.935786 0.0642141
12348 : 1
12348 : 0.0375142 0.962486
12349 : 0
12349 : 1.0 2.5683e-11
12350 : 1
12350 : 0.0005618 0.999438
12351 : 0
12351 : 0.999537 0.000462586
12352 : 1
12352 : 0.014888 0.985112
12353 : 1
12353 : 0.00057148 0.999429
12354 : 1
12354 : 0.00213071 0.997869
12355 : 1
12355 : 0.220177 0.779823
12356 : 0
12356 : 0.994058 0.0059423
12357 : 0
12357 : 0.916582 0.083418
12358 : 0
12358 : 0.999999 5.38108e-07
12359 : 1
12359 : 0.469418 0.530582
12360 : 0
12360 : 0.754675 0.245325
12361 : 1
12361 : 0.000306078 0.999694
12362 : 1
12362 : 0.00402505 0.995975
12363 : 0
12363 : 0.999912 8.83754e-05
12364 : 1
12364 : 0.00096184 0.999038
12365 : 1
12365 : 6.89095e-05 0.999931
12366 : 1
12366 : 1.05498e-10 1.0
12367 : 1
12367 : 0.0020062 0.997994
12368 : 0
12368 : 0.998995 0.00100533
12369 : 1
12369 : 6.94621e-05 0.999931
12370 : 0
12370 : 0.999393 0.000606515
12371 : 1
12371 : 0.00185367 0.998146
12372 : 1
12372 : 1.56136e-07 1.0
12373 : 0
12373 : 0.9965 0.00350023
12374 : 0
12374 : 1.0 5.3579e-09
12375 : 1
12375 : 0.00256533 0.997435
12376 : 0
12376 : 0.970842 0.0291582
12377 : 1
12377 : 4.12786e-05 0.999959
12378 : 1
12378 : 0.14747 0.85253
12379 : 1
12379 : 0.00028038 0.99972
12380 : 1
12380 : 0.00305208 0.996948
12381 : 1
12381 : 0.000339159 0.999661
12382 : 1
12382 : 0.0170463 0.982954
12383 : 0
12383 : 0.964791 0.0352095
12384 : 0
12384 : 0.999997 3.16649e-06
12385 : 1
12385 : 5.43328e-06 0.999995
12386 : 1
12386 : 0.0045635 0.995436
12387 : 0
12387 : 0.999994 5.69799e-06
12388 : 0
12388 : 0.876786 0.123214
12389 : 0
12389 : 0.999741 0.000258951
12390 : 0
12390 : 0.999978 2.15265e-05
12391 : 1
12391 : 0.000174435 0.999826
12392 : 1
12392 : 0.000689122 0.999311
12393 : 0
12393 : 0.999735 0.000265457
12394 : 0
12394 : 0.999996 3.83226e-06
12395 : 0
12395 : 0.999997 2.73835e-06
12396 : 0
12396 : 0.992167 0.00783281
12397 : 0
12397 : 1.0 2.58019e-07
12398 : 0
12398 : 0.766556 0.233444
12399 : 0
12399 : 0.996869 0.00313109
12400 : 1
12400 : 0.000288912 0.999711
12401 : 1
12401 : 0.35808 0.64192
12402 : 0
12402 : 0.999678 0.000321751
12403 : 1
12403 : 9.30114e-07 0.999999
12404 : 0
12404 : 0.547041 0.452959
12405 : 0
12405 : 0.999823 0.000177349
12406 : 0
12406 : 1.0 3.29386e-07
12407 : 0
12407 : 0.998754 0.00124587
12408 : 0
12408 : 0.999597 0.000403118
12409 : 1
12409 : 0.00337522 0.996625
12410 : 1
12410 : 0.0112185 0.988781
12411 : 0
12411 : 0.982886 0.0171137
12412 : 1
12412 : 0.000808888 0.999191
12413 : 1
12413 : 0.014609 0.985391
12414 : 1
12414 : 0.461323 0.538677
12415 : 0
12415 : 0.99988 0.000119533
12416 : 1
12416 : 0.0981001 0.9019
12417 : 0
12417 : 1.0 5.96565e-09
12418 : 0
12418 : 0.999991 9.16516e-06
12419 : 0
12419 : 0.999938 6.17922e-05
12420 : 0
12420 : 0.990331 0.00966859
12421 : 1
12421 : 0.00292795 0.997072
12422 : 1
12422 : 0.0682361 0.931764
12423 : 0
12423 : 0.992247 0.00775257
12424 : 1
12424 : 0.000510629 0.999489
12425 : 1
12425 : 4.62616e-08 1.0
12426 : 0
12426 : 0.998369 0.0016314
12427 : 1
12427 : 0.00221266 0.997787
12428 : 0
12428 : 0.986578 0.0134215
12429 : 1
12429 : 4.08177e-05 0.999959
12430 : 1
12430 : 3.65833e-10 1.0
12431 : 1
12431 : 5.52651e-07 0.999999
12432 : 1
12432 : 5.38302e-08 1.0
12433 : 1
12433 : 2.36033e-05 0.999976
12434 : 0
12434 : 0.999915 8.51048e-05
12435 : 1
12435 : 0.00397675 0.996023
12436 : 1
12436 : 0.000151574 0.999848
12437 : 0
12437 : 0.999745 0.000255096
12438 : 1
12438 : 0.00351962 0.99648
12439 : 1
12439 : 0.000134741 0.999865
12440 : 0
12440 : 0.877751 0.12225
12441 : 0
12441 : 0.999637 0.000362818
12442 : 1
12442 : 0.00448238 0.995518
12443 : 0
12443 : 0.993257 0.00674295
12444 : 1
12444 : 2.93027e-09 1.0
12445 : 1
12445 : 0.292188 0.707812
12446 : 0
12446 : 1.0 2.87251e-11
12447 : 1
12447 : 0.000106221 0.999894
12448 : 1
12448 : 0.000648055 0.999352
12449 : 1
12449 : 0.00935082 0.990649
12450 : 0
12450 : 0.992905 0.00709466
12451 : 1
12451 : 0.00464383 0.995356
12452 : 0
12452 : 0.951855 0.0481446
12453 : 0
12453 : 0.999412 0.000587909
12454 : 1
12454 : 0.00107199 0.998928
12455 : 0
12455 : 0.999994 5.66015e-06
12456 : 0
12456 : 0.911388 0.088612
12457 : 0
12457 : 0.999978 2.20122e-05
12458 : 0
12458 : 0.997723 0.00227684
12459 : 1
12459 : 5.32262e-10 1.0
12460 : 0
12460 : 0.608446 0.391554
12461 : 1
12461 : 0.440639 0.559361
12462 : 0
12462 : 0.994811 0.00518886
12463 : 1
12463 : 0.132974 0.867026
12464 : 0
12464 : 0.905016 0.0949843
12465 : 0
12465 : 0.889452 0.110548
12466 : 1
12466 : 0.267682 0.732318
12467 : 0
12467 : 0.885569 0.114431
12468 : 0
12468 : 0.999999 1.36408e-06
12469 : 0
12469 : 0.997212 0.00278795
12470 : 1
12470 : 3.09031e-05 0.999969
12471 : 1
12471 : 1.91655e-05 0.999981
12472 : 1
12472 : 0.000505374 0.999495
12473 : 1
12473 : 0.0621634 0.937837
12474 : 0
12474 : 0.978267 0.0217329
12475 : 0
12475 : 0.999996 4.07671e-06
12476 : 1
12476 : 2.32795e-06 0.999998
12477 : 1
12477 : 3.10974e-09 1.0
12478 : 0
12478 : 0.999964 3.64272e-05
12479 : 0
12479 : 1.0 9.40043e-15
12480 : 0
12480 : 0.987805 0.012195
12481 : 0
12481 : 0.988895 0.0111055
12482 : 0
12482 : 0.999528 0.000472148
12483 : 0
12483 : 0.999996 3.82317e-06
12484 : 0
12484 : 0.729496 0.270504
12485 : 1
12485 : 0.0740977 0.925902
12486 : 1
12486 : 2.38194e-09 1.0
12487 : 1
12487 : 0.323864 0.676136
12488 : 1
12488 : 9.76478e-05 0.999902
12489 : 0
12489 : 0.999987 1.32367e-05
12490 : 1
12490 : 4.75668e-05 0.999952
12491 : 1
12491 : 0.0209754 0.979025
12492 : 1
12492 : 3.01363e-11 1.0
12493 : 1
12493 : 1.58692e-07 1.0
12494 : 1
12494 : 0.0324134 0.967587
12495 : 0
12495 : 1.0 5.50934e-12
12496 : 0
12496 : 0.99999 9.62027e-06
12497 : 0
12497 : 0.999999 8.08446e-07
12498 : 1
12498 : 0.00022346 0.999777
12499 : 1
12499 : 1.66578e-06 0.999998
12500 : 0
12500 : 0.999999 1.20492e-06
